#! /usr/bin/vvp
:ivl_version "12.0 (stable)";
:ivl_delay_selection "TYPICAL";
:vpi_time_precision - 11;
:vpi_module "/usr/lib/x86_64-linux-gnu/ivl/system.vpi";
:vpi_module "/usr/lib/x86_64-linux-gnu/ivl/vhdl_sys.vpi";
:vpi_module "/usr/lib/x86_64-linux-gnu/ivl/vhdl_textio.vpi";
:vpi_module "/usr/lib/x86_64-linux-gnu/ivl/v2005_math.vpi";
:vpi_module "/usr/lib/x86_64-linux-gnu/ivl/va_math.vpi";
:vpi_module "/usr/lib/x86_64-linux-gnu/ivl/v2009.vpi";
S_0x5c7266048390 .scope package, "$unit" "$unit" 2 1;
 .timescale 0 0;
S_0x5c7266048520 .scope module, "tb_full_adder" "tb_full_adder" 3 3;
 .timescale -9 -11;
P_0x5c72660486b0 .param/l "TICKPERIOD" 1 3 43, +C4<00000000000000000000000000010100>;
v0x5c7266078140_0 .var "A", 0 0;
v0x5c7266078200_0 .var "B", 0 0;
v0x5c72660782c0_0 .var "CIN", 0 0;
v0x5c7266078360_0 .var "COMMENT", 71 0;
v0x5c7266078400_0 .var/i "COUNT", 31 0;
v0x5c7266078530_0 .var "COUT_EXPECTED", 0 0;
v0x5c72660785f0_0 .net "COUT_beh", 0 0, v0x5c72660762d0_0;  1 drivers
v0x5c7266078690_0 .net "COUT_data", 0 0, L_0x5c7266079990;  1 drivers
v0x5c7266078730_0 .net "COUT_gate", 0 0, L_0x5c7266079430;  1 drivers
v0x5c7266078860_0 .var "ERRORS", 31 0;
v0x5c7266078900_0 .var/i "FD", 31 0;
v0x5c72660789c0_0 .var "SUM_EXPECTED", 0 0;
v0x5c7266078a80_0 .net "SUM_beh", 0 0, v0x5c7266076390_0;  1 drivers
v0x5c7266078b50_0 .net "SUM_data", 0 0, L_0x5c7266079560;  1 drivers
v0x5c7266078c20_0 .net "SUM_gate", 0 0, L_0x5c72660791e0;  1 drivers
v0x5c7266078cf0_0 .var "TICK", 0 0;
v0x5c7266078d90_0 .var "VECTORCOUNT", 31 0;
v0x5c7266078e30_0 .var "eof", 0 0;
v0x5c7266078ef0_0 .var/2s "i", 31 0;
v0x5c7266078fd0 .array "input_coverage", 7 0, 31 0;
E_0x5c726604a660 .event anyedge, v0x5c7266078e30_0;
E_0x5c726604a890 .event posedge, v0x5c7266078cf0_0;
E_0x5c726604ae20 .event negedge, v0x5c7266078cf0_0;
S_0x5c7266045ef0 .scope task, "COUT_EXP" "COUT_EXP" 3 123, 3 123 0, S_0x5c7266048520;
 .timescale -9 -11;
TD_tb_full_adder.COUT_EXP ;
    %load/vec4 v0x5c7266078140_0;
    %load/vec4 v0x5c7266078200_0;
    %and;
    %load/vec4 v0x5c7266078140_0;
    %load/vec4 v0x5c7266078200_0;
    %xor;
    %load/vec4 v0x5c72660782c0_0;
    %and;
    %or;
    %store/vec4 v0x5c7266078530_0, 0, 1;
    %end;
S_0x5c72660460d0 .scope task, "SUM_EXP" "SUM_EXP" 3 113, 3 113 0, S_0x5c7266048520;
 .timescale -9 -11;
TD_tb_full_adder.SUM_EXP ;
    %load/vec4 v0x5c7266078140_0;
    %load/vec4 v0x5c7266078200_0;
    %xor;
    %load/vec4 v0x5c72660782c0_0;
    %xor;
    %store/vec4 v0x5c72660789c0_0, 0, 1;
    %end;
S_0x5c7266049d00 .scope task, "close" "close" 3 133, 3 133 0, S_0x5c7266048520;
 .timescale -9 -11;
TD_tb_full_adder.close ;
    %delay 1000, 0;
    %vpi_call/w 3 136 "$fclose", v0x5c7266078900_0 {0 0 0};
    %vpi_call/w 3 138 "$display" {0 0 0};
    %vpi_call/w 3 139 "$display", "COVERAGE_REPORT" {0 0 0};
    %pushi/vec4 0, 0, 32;
    %store/vec4 v0x5c7266078ef0_0, 0, 32;
T_2.0 ;
    %load/vec4 v0x5c7266078ef0_0;
    %cmpi/s 7, 0, 32;
    %jmp/0xz T_2.1, 5;
    %ix/getv/s 4, v0x5c7266078ef0_0;
    %load/vec4a v0x5c7266078fd0, 4;
    %cmpi/e 0, 0, 32;
    %jmp/0xz  T_2.2, 4;
    %vpi_call/w 3 145 "$display", "input A = %b & B = %b & Cin = %b has occured %d times (***ERROR***)", &PV<v0x5c7266078ef0_0, 2, 1>, &PV<v0x5c7266078ef0_0, 1, 1>, &PV<v0x5c7266078ef0_0, 0, 1>, &A<v0x5c7266078fd0, v0x5c7266078ef0_0 > {0 0 0};
    %load/vec4 v0x5c7266078860_0;
    %addi 1, 0, 32;
    %store/vec4 v0x5c7266078860_0, 0, 32;
    %jmp T_2.3;
T_2.2 ;
    %vpi_call/w 3 152 "$display", "input A = %b & B = %b & Cin = %b has occured %d times", &PV<v0x5c7266078ef0_0, 2, 1>, &PV<v0x5c7266078ef0_0, 1, 1>, &PV<v0x5c7266078ef0_0, 0, 1>, &A<v0x5c7266078fd0, v0x5c7266078ef0_0 > {0 0 0};
T_2.3 ;
    ; show_stmt_assign_vector: Get l-value for compressed += operand
    %load/vec4 v0x5c7266078ef0_0;
    %pushi/vec4 1, 0, 32;
    %add;
    %cast2;
    %store/vec4 v0x5c7266078ef0_0, 0, 32;
    %jmp T_2.0;
T_2.1 ;
    %vpi_call/w 3 158 "$display" {0 0 0};
    %vpi_call/w 3 159 "$display", "VECTORCOUNT = %d", v0x5c7266078d90_0 {0 0 0};
    %vpi_call/w 3 160 "$display", "ERRORS = %15d", v0x5c7266078860_0 {0 0 0};
    %vpi_call/w 3 161 "$display" {0 0 0};
    %vpi_call/w 3 162 "$display", "TEST_END--------------------------------------------------------------------------------------------------------------------------" {0 0 0};
    %vpi_call/w 3 163 "$display" {0 0 0};
    %vpi_call/w 3 165 "$finish" {0 0 0};
    %end;
S_0x5c7266049ee0 .scope task, "coverage_update" "coverage_update" 3 192, 3 192 0, S_0x5c7266048520;
 .timescale -9 -11;
TD_tb_full_adder.coverage_update ;
    ; show_stmt_assign_vector: Get l-value for compressed += operand
    %load/vec4 v0x5c7266078140_0;
    %load/vec4 v0x5c7266078200_0;
    %concat/vec4; draw_concat_vec4
    %load/vec4 v0x5c72660782c0_0;
    %concat/vec4; draw_concat_vec4
    %pad/u 5;
    %ix/vec4 4;
    %flag_mov 8, 4;
    %load/vec4a v0x5c7266078fd0, 4;
    %pushi/vec4 1, 0, 32;
    %add;
    %flag_mov 4, 8;
    %store/vec4a v0x5c7266078fd0, 4, 0;
    %end;
S_0x5c7265ff5490 .scope task, "display_file" "display_file" 3 183, 3 183 0, S_0x5c7266048520;
 .timescale -9 -11;
TD_tb_full_adder.display_file ;
    %vpi_call/w 3 185 "$display", "%10d %9s | %4d | %1d | %1d | %2d   | %5d     | %5d    | %5d     | %5d    | %4d     | %4d    | %7d       | %6d       |", v0x5c7266078d90_0, v0x5c7266078360_0, $time, v0x5c7266078140_0, v0x5c7266078200_0, v0x5c72660782c0_0, v0x5c7266078730_0, v0x5c7266078c20_0, v0x5c7266078690_0, v0x5c7266078b50_0, v0x5c72660785f0_0, v0x5c7266078a80_0, v0x5c7266078530_0, v0x5c72660789c0_0 {0 0 0};
    %end;
S_0x5c7265ff56c0 .scope module, "dut_full_adder_behavioral" "full_adder_behavioral" 3 28, 4 33 0, S_0x5c7266048520;
 .timescale -9 -11;
    .port_info 0 /INPUT 1 "a";
    .port_info 1 /INPUT 1 "b";
    .port_info 2 /INPUT 1 "cin";
    .port_info 3 /OUTPUT 1 "sum";
    .port_info 4 /OUTPUT 1 "cout";
v0x5c7265ff58a0_0 .net "a", 0 0, v0x5c7266078140_0;  1 drivers
v0x5c7266076170_0 .net "b", 0 0, v0x5c7266078200_0;  1 drivers
v0x5c7266076230_0 .net "cin", 0 0, v0x5c72660782c0_0;  1 drivers
v0x5c72660762d0_0 .var "cout", 0 0;
v0x5c7266076390_0 .var "sum", 0 0;
E_0x5c726604ab60 .event anyedge, v0x5c7266076230_0, v0x5c7266076170_0, v0x5c7265ff58a0_0;
S_0x5c7266076540 .scope module, "dut_full_adder_dataflow" "full_adder_dataflow" 3 27, 4 19 0, S_0x5c7266048520;
 .timescale -9 -11;
    .port_info 0 /INPUT 1 "a";
    .port_info 1 /INPUT 1 "b";
    .port_info 2 /INPUT 1 "cin";
    .port_info 3 /OUTPUT 1 "sum";
    .port_info 4 /OUTPUT 1 "cout";
L_0x5c72660794f0 .functor XOR 1, v0x5c7266078140_0, v0x5c7266078200_0, C4<0>, C4<0>;
L_0x5c7266079560 .functor XOR 1, L_0x5c72660794f0, v0x5c72660782c0_0, C4<0>, C4<0>;
L_0x5c7266079690 .functor AND 1, v0x5c7266078140_0, v0x5c7266078200_0, C4<1>, C4<1>;
L_0x5c7266079720 .functor XOR 1, v0x5c7266078140_0, v0x5c7266078200_0, C4<0>, C4<0>;
L_0x5c72660798d0 .functor AND 1, L_0x5c7266079720, v0x5c72660782c0_0, C4<1>, C4<1>;
L_0x5c7266079990 .functor OR 1, L_0x5c7266079690, L_0x5c72660798d0, C4<0>, C4<0>;
v0x5c7266076720_0 .net *"_ivl_0", 0 0, L_0x5c72660794f0;  1 drivers
v0x5c7266076820_0 .net *"_ivl_4", 0 0, L_0x5c7266079690;  1 drivers
v0x5c7266076900_0 .net *"_ivl_6", 0 0, L_0x5c7266079720;  1 drivers
v0x5c72660769c0_0 .net *"_ivl_8", 0 0, L_0x5c72660798d0;  1 drivers
v0x5c7266076aa0_0 .net "a", 0 0, v0x5c7266078140_0;  alias, 1 drivers
v0x5c7266076b90_0 .net "b", 0 0, v0x5c7266078200_0;  alias, 1 drivers
v0x5c7266076c60_0 .net "cin", 0 0, v0x5c72660782c0_0;  alias, 1 drivers
v0x5c7266076d30_0 .net "cout", 0 0, L_0x5c7266079990;  alias, 1 drivers
v0x5c7266076dd0_0 .net "sum", 0 0, L_0x5c7266079560;  alias, 1 drivers
S_0x5c7266076f20 .scope module, "dut_full_adder_gate" "full_adder_gate" 3 26, 4 1 0, S_0x5c7266048520;
 .timescale -9 -11;
    .port_info 0 /INPUT 1 "a";
    .port_info 1 /INPUT 1 "b";
    .port_info 2 /INPUT 1 "cin";
    .port_info 3 /OUTPUT 1 "sum";
    .port_info 4 /OUTPUT 1 "cout";
L_0x5c7266079090 .functor XOR 1, v0x5c7266078140_0, v0x5c7266078200_0, C4<0>, C4<0>;
L_0x5c72660791e0 .functor XOR 1, L_0x5c7266079090, v0x5c72660782c0_0, C4<0>, C4<0>;
L_0x5c7266079300 .functor AND 1, L_0x5c7266079090, v0x5c72660782c0_0, C4<1>, C4<1>;
L_0x5c7266079390 .functor AND 1, v0x5c7266078140_0, v0x5c7266078200_0, C4<1>, C4<1>;
L_0x5c7266079430 .functor OR 1, L_0x5c7266079300, L_0x5c7266079390, C4<0>, C4<0>;
v0x5c72660770b0_0 .net "a", 0 0, v0x5c7266078140_0;  alias, 1 drivers
v0x5c72660771c0_0 .net "b", 0 0, v0x5c7266078200_0;  alias, 1 drivers
v0x5c72660772d0_0 .net "cin", 0 0, v0x5c72660782c0_0;  alias, 1 drivers
v0x5c72660773c0_0 .net "cout", 0 0, L_0x5c7266079430;  alias, 1 drivers
v0x5c7266077460_0 .net "sum", 0 0, L_0x5c72660791e0;  alias, 1 drivers
v0x5c7266077550_0 .net "w1", 0 0, L_0x5c7266079090;  1 drivers
v0x5c7266077610_0 .net "w2", 0 0, L_0x5c7266079300;  1 drivers
v0x5c72660776d0_0 .net "w3", 0 0, L_0x5c7266079390;  1 drivers
S_0x5c7266077830 .scope task, "errors_warnings_check" "errors_warnings_check" 3 201, 3 201 0, S_0x5c7266048520;
 .timescale -9 -11;
TD_tb_full_adder.errors_warnings_check ;
    %load/vec4 v0x5c7266078730_0;
    %load/vec4 v0x5c7266078530_0;
    %cmp/ne;
    %jmp/0xz  T_5.4, 6;
    %vpi_call/w 3 207 "$display", "***ERROR: COUT_gate = %b, COUT_expected = %b", v0x5c7266078730_0, v0x5c7266078530_0 {0 0 0};
    %load/vec4 v0x5c7266078860_0;
    %addi 1, 0, 32;
    %store/vec4 v0x5c7266078860_0, 0, 32;
T_5.4 ;
    %load/vec4 v0x5c7266078c20_0;
    %load/vec4 v0x5c72660789c0_0;
    %cmp/ne;
    %jmp/0xz  T_5.6, 6;
    %vpi_call/w 3 214 "$display", "***ERROR: SUM_gate = %b, SUM_expected = %b", v0x5c7266078c20_0, v0x5c72660789c0_0 {0 0 0};
    %load/vec4 v0x5c7266078860_0;
    %addi 1, 0, 32;
    %store/vec4 v0x5c7266078860_0, 0, 32;
T_5.6 ;
    %load/vec4 v0x5c7266078690_0;
    %load/vec4 v0x5c7266078530_0;
    %cmp/ne;
    %jmp/0xz  T_5.8, 6;
    %vpi_call/w 3 222 "$display", "***ERROR: COUT_data = %b, COUT_expected = %b", v0x5c7266078690_0, v0x5c7266078530_0 {0 0 0};
    %load/vec4 v0x5c7266078860_0;
    %addi 1, 0, 32;
    %store/vec4 v0x5c7266078860_0, 0, 32;
T_5.8 ;
    %load/vec4 v0x5c7266078b50_0;
    %load/vec4 v0x5c72660789c0_0;
    %cmp/ne;
    %jmp/0xz  T_5.10, 6;
    %vpi_call/w 3 229 "$display", "***ERROR: SUM_data = %b, SUM_expected = %b", v0x5c7266078b50_0, v0x5c72660789c0_0 {0 0 0};
    %load/vec4 v0x5c7266078860_0;
    %addi 1, 0, 32;
    %store/vec4 v0x5c7266078860_0, 0, 32;
T_5.10 ;
    %load/vec4 v0x5c72660785f0_0;
    %load/vec4 v0x5c7266078530_0;
    %cmp/ne;
    %jmp/0xz  T_5.12, 6;
    %vpi_call/w 3 237 "$display", "***ERROR: COUT_beh = %b, COUT_expected = %b", v0x5c72660785f0_0, v0x5c7266078530_0 {0 0 0};
    %load/vec4 v0x5c7266078860_0;
    %addi 1, 0, 32;
    %store/vec4 v0x5c7266078860_0, 0, 32;
T_5.12 ;
    %load/vec4 v0x5c7266078a80_0;
    %load/vec4 v0x5c72660789c0_0;
    %cmp/ne;
    %jmp/0xz  T_5.14, 6;
    %vpi_call/w 3 244 "$display", "***ERROR: SUM_beh = %b, SUM_expected = %b", v0x5c7266078a80_0, v0x5c72660789c0_0 {0 0 0};
    %load/vec4 v0x5c7266078860_0;
    %addi 1, 0, 32;
    %store/vec4 v0x5c7266078860_0, 0, 32;
T_5.14 ;
    %end;
S_0x5c7266077a10 .scope task, "initialize" "initialize" 3 57, 3 57 0, S_0x5c7266048520;
 .timescale -9 -11;
TD_tb_full_adder.initialize ;
    %vpi_func 3 59 "$fopen" 32, "tb_full_adder.tv", "r" {0 0 0};
    %store/vec4 v0x5c7266078900_0, 0, 32;
    %vpi_func 3 60 "$fscanf" 32, v0x5c7266078900_0, "%s", v0x5c7266078360_0 {0 0 0};
    %store/vec4 v0x5c7266078400_0, 0, 32;
    %vpi_func 3 62 "$fscanf" 32, v0x5c7266078900_0, "%s %b %b %b %b %b", v0x5c7266078360_0, v0x5c7266078140_0, v0x5c7266078200_0, v0x5c72660782c0_0, v0x5c72660789c0_0, v0x5c7266078530_0 {0 0 0};
    %store/vec4 v0x5c7266078400_0, 0, 32;
    %pushi/vec4 0, 0, 1;
    %store/vec4 v0x5c7266078cf0_0, 0, 1;
    %pushi/vec4 0, 0, 32;
    %store/vec4 v0x5c7266078d90_0, 0, 32;
    %pushi/vec4 0, 0, 32;
    %store/vec4 v0x5c7266078860_0, 0, 32;
    %pushi/vec4 0, 0, 32;
    %store/vec4 v0x5c7266078ef0_0, 0, 32;
T_6.16 ;
    %load/vec4 v0x5c7266078ef0_0;
    %cmpi/s 7, 0, 32;
    %jmp/0xz T_6.17, 5;
    %pushi/vec4 0, 0, 32;
    %ix/getv/s 4, v0x5c7266078ef0_0;
    %store/vec4a v0x5c7266078fd0, 4, 0;
    ; show_stmt_assign_vector: Get l-value for compressed += operand
    %load/vec4 v0x5c7266078ef0_0;
    %pushi/vec4 1, 0, 32;
    %add;
    %cast2;
    %store/vec4 v0x5c7266078ef0_0, 0, 32;
    %jmp T_6.16;
T_6.17 ;
    %pushi/vec4 0, 0, 1;
    %store/vec4 v0x5c7266078e30_0, 0, 1;
    %vpi_call/w 3 73 "$display" {0 0 0};
    %vpi_call/w 3 74 "$display", "TEST_START-------------------------------------------------------------------------------------------------------------------------------------" {0 0 0};
    %vpi_call/w 3 75 "$display" {0 0 0};
    %vpi_call/w 3 76 "$display", "                     | TIME | A | B | CIN  | COUT_gate | SUM_gate | COUT_data | SUM_data | COUT_beh | SUM_beh | COUT_EXPECTED | SUM_EXPECTED |" {0 0 0};
    %vpi_call/w 3 77 "$display", "-----------------------------------------------------------------------------------------------------------------------------------------------" {0 0 0};
    %end;
S_0x5c7266077ba0 .scope task, "random_in" "random_in" 3 97, 3 97 0, S_0x5c7266048520;
 .timescale -9 -11;
TD_tb_full_adder.random_in ;
    %vpi_func 3 100 "$urandom" 32 {0 0 0};
    %pushi/vec4 2, 0, 32;
    %mod;
    %pad/u 1;
    %store/vec4 v0x5c7266078140_0, 0, 1;
    %vpi_func 3 101 "$urandom" 32 {0 0 0};
    %pushi/vec4 2, 0, 32;
    %mod;
    %pad/u 1;
    %store/vec4 v0x5c7266078200_0, 0, 1;
    %vpi_func 3 102 "$urandom" 32 {0 0 0};
    %pushi/vec4 2, 0, 32;
    %mod;
    %pad/u 1;
    %store/vec4 v0x5c72660782c0_0, 0, 1;
    %pushi/vec4 0, 0, 32; draw_string_vec4
    %pushi/vec4 0, 0, 32; draw_string_vec4
    %concat/vec4; draw_string_vec4
    %pushi/vec4 45, 0, 8; draw_string_vec4
    %concat/vec4; draw_string_vec4
    %store/vec4 v0x5c7266078360_0, 0, 72;
    %pushi/real 1717986918, 4062; load=0.100000
    %pushi/real 1677722, 4040; load=0.100000
    %add/wr;
    %vpi_func 3 106 "$urandom_range" 32, W<0,r>, 32'sb00000000000000000000000000001010 {0 1 0};
    %pad/u 64;
    %muli 100, 0, 64;
    %ix/vec4 4;
    %delayx 4;
    %end;
S_0x5c7266077d80 .scope task, "scan_file" "scan_file" 3 87, 3 87 0, S_0x5c7266048520;
 .timescale -9 -11;
TD_tb_full_adder.scan_file ;
    %vpi_func 3 89 "$fscanf" 32, v0x5c7266078900_0, "%s %b %b %b %b %b", v0x5c7266078360_0, v0x5c7266078140_0, v0x5c7266078200_0, v0x5c72660782c0_0, v0x5c72660789c0_0, v0x5c7266078530_0 {0 0 0};
    %store/vec4 v0x5c7266078400_0, 0, 32;
    %load/vec4 v0x5c7266078400_0;
    %pushi/vec4 4294967295, 0, 32;
    %cmp/e;
    %flag_get/vec4 4;
    %store/vec4 v0x5c7266078e30_0, 0, 1;
    %end;
S_0x5c7266077f60 .scope task, "vectorcount" "vectorcount" 3 173, 3 173 0, S_0x5c7266048520;
 .timescale -9 -11;
TD_tb_full_adder.vectorcount ;
    %load/vec4 v0x5c7266078d90_0;
    %addi 1, 0, 32;
    %store/vec4 v0x5c7266078d90_0, 0, 32;
    %end;
    .scope S_0x5c7265ff56c0;
T_10 ;
    %wait E_0x5c726604ab60;
    %load/vec4 v0x5c7265ff58a0_0;
    %pad/u 2;
    %load/vec4 v0x5c7266076170_0;
    %pad/u 2;
    %add;
    %load/vec4 v0x5c7266076230_0;
    %pad/u 2;
    %add;
    %split/vec4 1;
    %assign/vec4 v0x5c7266076390_0, 0;
    %assign/vec4 v0x5c72660762d0_0, 0;
    %jmp T_10;
    .thread T_10, $push;
    .scope S_0x5c7266048520;
T_11 ;
    %vpi_call/w 3 36 "$dumpfile", "tb_full_adder.vcd" {0 0 0};
    %vpi_call/w 3 37 "$dumpvars", 32'sb00000000000000000000000000000000, S_0x5c7266048520 {0 0 0};
    %end;
    .thread T_11;
    .scope S_0x5c7266048520;
T_12 ;
    %delay 1000, 0;
    %load/vec4 v0x5c7266078cf0_0;
    %inv;
    %store/vec4 v0x5c7266078cf0_0, 0, 1;
    %jmp T_12;
    .thread T_12;
    .scope S_0x5c7266048520;
T_13 ;
    %fork TD_tb_full_adder.initialize, S_0x5c7266077a10;
    %join;
    %end;
    .thread T_13;
    .scope S_0x5c7266048520;
T_14 ;
    %wait E_0x5c726604ae20;
    %delay 120, 0;
    %load/vec4 v0x5c7266078e30_0;
    %nor/r;
    %flag_set/vec4 8;
    %jmp/0xz  T_14.0, 8;
    %fork TD_tb_full_adder.scan_file, S_0x5c7266077d80;
    %join;
T_14.0 ;
    %jmp T_14;
    .thread T_14;
    .scope S_0x5c7266048520;
T_15 ;
    %wait E_0x5c726604a890;
    %fork TD_tb_full_adder.coverage_update, S_0x5c7266049ee0;
    %join;
    %delay 10, 0;
    %fork TD_tb_full_adder.COUT_EXP, S_0x5c7266045ef0;
    %join;
    %fork TD_tb_full_adder.SUM_EXP, S_0x5c72660460d0;
    %join;
    %fork TD_tb_full_adder.display_file, S_0x5c7265ff5490;
    %join;
    %fork TD_tb_full_adder.errors_warnings_check, S_0x5c7266077830;
    %join;
    %fork TD_tb_full_adder.vectorcount, S_0x5c7266077f60;
    %join;
    %jmp T_15;
    .thread T_15;
    .scope S_0x5c7266048520;
T_16 ;
T_16.0 ;
    %load/vec4 v0x5c7266078e30_0;
    %cmpi/ne 1, 0, 1;
    %jmp/0xz T_16.1, 6;
    %wait E_0x5c726604a660;
    %jmp T_16.0;
T_16.1 ;
    %vpi_call/w 3 306 "$display" {0 0 0};
    %vpi_call/w 3 307 "$display", "%13s ***time = %0d,eof ***", "\000", $time {0 0 0};
    %vpi_call/w 3 308 "$display" {0 0 0};
    %pushi/vec4 0, 0, 32;
    %store/vec4 v0x5c7266078ef0_0, 0, 32;
T_16.2 ;
    %load/vec4 v0x5c7266078ef0_0;
    %cmpi/s 50, 0, 32;
    %jmp/0xz T_16.3, 5;
    %load/vec4 v0x5c7266078140_0;
    %pad/u 32;
    %cmpi/e 1, 0, 32;
    %flag_get/vec4 4;
    %jmp/0 T_16.7, 4;
    %load/vec4 v0x5c7266078200_0;
    %pad/u 32;
    %pushi/vec4 2, 0, 32;
    %cmp/e;
    %flag_get/vec4 4;
    %and;
T_16.7;
    %flag_set/vec4 9;
    %flag_get/vec4 9;
    %jmp/0 T_16.6, 9;
    %load/vec4 v0x5c72660782c0_0;
    %pad/u 32;
    %pushi/vec4 1, 0, 32;
    %cmp/e;
    %flag_get/vec4 4;
    %and;
T_16.6;
    %flag_set/vec4 8;
    %jmp/0xz  T_16.4, 8;
    %fork TD_tb_full_adder.vectorcount, S_0x5c7266077f60;
    %join;
    %fork TD_tb_full_adder.close, S_0x5c7266049d00;
    %join;
    %jmp T_16.5;
T_16.4 ;
    %fork TD_tb_full_adder.random_in, S_0x5c7266077ba0;
    %join;
T_16.5 ;
    ; show_stmt_assign_vector: Get l-value for compressed += operand
    %load/vec4 v0x5c7266078ef0_0;
    %pushi/vec4 1, 0, 32;
    %add;
    %cast2;
    %store/vec4 v0x5c7266078ef0_0, 0, 32;
    %jmp T_16.2;
T_16.3 ;
    %fork TD_tb_full_adder.close, S_0x5c7266049d00;
    %join;
    %end;
    .thread T_16;
# The file index is used to find the file name in the following table.
:file_names 5;
    "N/A";
    "<interactive>";
    "-";
    "tb_full_adder.v";
    "full_adder.v";
