#! /usr/bin/vvp
:ivl_version "12.0 (stable)";
:ivl_delay_selection "TYPICAL";
:vpi_time_precision - 11;
:vpi_module "/usr/lib/x86_64-linux-gnu/ivl/system.vpi";
:vpi_module "/usr/lib/x86_64-linux-gnu/ivl/vhdl_sys.vpi";
:vpi_module "/usr/lib/x86_64-linux-gnu/ivl/vhdl_textio.vpi";
:vpi_module "/usr/lib/x86_64-linux-gnu/ivl/v2005_math.vpi";
:vpi_module "/usr/lib/x86_64-linux-gnu/ivl/va_math.vpi";
:vpi_module "/usr/lib/x86_64-linux-gnu/ivl/v2009.vpi";
S_0x5d5e8afe3880 .scope package, "$unit" "$unit" 2 1;
 .timescale 0 0;
S_0x5d5e8b01aaa0 .scope module, "tb_sr_flip_flop" "tb_sr_flip_flop" 3 3;
 .timescale -9 -11;
P_0x5d5e8b01ac30 .param/l "TICKPERIOD" 1 3 51, +C4<00000000000000000000000000010100>;
v0x5d5e8b059110_0 .var "COMMENT", 71 0;
v0x5d5e8b059210_0 .var "COMMENT1", 71 0;
v0x5d5e8b0592f0_0 .var "COMMENT2", 71 0;
v0x5d5e8b0593b0_0 .var/i "COUNT", 31 0;
v0x5d5e8b059490_0 .var "ERRORS", 31 0;
v0x5d5e8b0595c0_0 .var/i "FD", 31 0;
v0x5d5e8b0596a0_0 .var "QBAREXPECTED", 0 0;
v0x5d5e8b059760_0 .net "QBAR_beh", 0 0, L_0x5d5e8b05b690;  1 drivers
v0x5d5e8b059800_0 .net "QBAR_data", 0 0, L_0x5d5e8b05b510;  1 drivers
v0x5d5e8b059930_0 .net "QBAR_gate", 0 0, L_0x5d5e8b05ab00;  1 drivers
v0x5d5e8b0599d0_0 .var "QEXPECTED", 0 0;
v0x5d5e8b059a70_0 .net "Q_beh", 0 0, v0x5d5e8b037b70_0;  1 drivers
v0x5d5e8b059b40_0 .net "Q_data", 0 0, L_0x5d5e8b05b330;  1 drivers
v0x5d5e8b059c10_0 .net "Q_gate", 0 0, L_0x5d5e8b05aa90;  1 drivers
v0x5d5e8b059ce0_0 .var "R", 0 0;
v0x5d5e8b059d80_0 .var "S", 0 0;
v0x5d5e8b059e20_0 .var "TICK", 0 0;
v0x5d5e8b059ec0_0 .var "VECTORCOUNT", 31 0;
v0x5d5e8b059f60_0 .var "eof", 0 0;
v0x5d5e8b05a000_0 .var/2s "i", 31 0;
v0x5d5e8b05a0a0 .array "input_coverage", 15 0, 31 0;
v0x5d5e8b05a160_0 .var "prev_QEx", 0 0;
v0x5d5e8b05a220_0 .var "prev_QExbar", 0 0;
v0x5d5e8b05a2e0_0 .var "prev_Qbarbeh", 0 0;
v0x5d5e8b05a3a0_0 .var "prev_Qbardata", 0 0;
v0x5d5e8b05a460_0 .var "prev_Qbargate", 0 0;
v0x5d5e8b05a520_0 .var "prev_Qbeh", 0 0;
v0x5d5e8b05a5e0_0 .var "prev_Qdata", 0 0;
v0x5d5e8b05a6a0_0 .var "prev_Qgate", 0 0;
v0x5d5e8b05a760_0 .var "prev_SR", 1 0;
E_0x5d5e8b01f260 .event anyedge, v0x5d5e8b059f60_0;
E_0x5d5e8b01f4b0 .event negedge, v0x5d5e8b036a00_0;
S_0x5d5e8b01acd0 .scope task, "QEXP" "QEXP" 3 151, 3 151 0, S_0x5d5e8b01aaa0;
 .timescale -9 -11;
TD_tb_sr_flip_flop.QEXP ;
    %load/vec4 v0x5d5e8b05a6a0_0;
    %load/vec4 v0x5d5e8b05a460_0;
    %concat/vec4; draw_concat_vec4
    %cmpi/e 3, 0, 2;
    %jmp/1 T_0.5, 4;
    %flag_mov 9, 4;
    %load/vec4 v0x5d5e8b05a5e0_0;
    %load/vec4 v0x5d5e8b05a3a0_0;
    %concat/vec4; draw_concat_vec4
    %cmpi/e 3, 0, 2;
    %flag_or 4, 9;
T_0.5;
    %jmp/1 T_0.4, 4;
    %flag_mov 9, 4;
    %load/vec4 v0x5d5e8b05a520_0;
    %load/vec4 v0x5d5e8b05a2e0_0;
    %concat/vec4; draw_concat_vec4
    %cmpi/e 3, 0, 2;
    %flag_or 4, 9;
T_0.4;
    %jmp/1 T_0.3, 4;
    %flag_mov 9, 4;
    %load/vec4 v0x5d5e8b05a6a0_0;
    %load/vec4 v0x5d5e8b05a460_0;
    %concat/vec4; draw_concat_vec4
    %cmpi/e 0, 0, 2;
    %jmp/1 T_0.6, 4;
    %flag_mov 10, 4;
    %load/vec4 v0x5d5e8b05a5e0_0;
    %load/vec4 v0x5d5e8b05a3a0_0;
    %concat/vec4; draw_concat_vec4
    %cmpi/e 0, 0, 2;
    %jmp/1 T_0.7, 4;
    %flag_mov 11, 4;
    %load/vec4 v0x5d5e8b05a520_0;
    %load/vec4 v0x5d5e8b05a2e0_0;
    %concat/vec4; draw_concat_vec4
    %cmpi/e 0, 0, 2;
    %flag_or 4, 11;
T_0.7;
    %flag_or 4, 10;
T_0.6;
    %flag_or 4, 9;
T_0.3;
    %flag_get/vec4 4;
    %jmp/0 T_0.2, 4;
    %load/vec4 v0x5d5e8b059d80_0;
    %load/vec4 v0x5d5e8b059ce0_0;
    %concat/vec4; draw_concat_vec4
    %pushi/vec4 0, 0, 2;
    %cmp/e;
    %flag_get/vec4 4;
    %and;
T_0.2;
    %flag_set/vec4 8;
    %jmp/0xz  T_0.0, 8;
    %pushi/vec4 1, 1, 1;
    %store/vec4 v0x5d5e8b0599d0_0, 0, 1;
    %pushi/vec4 1, 1, 1;
    %store/vec4 v0x5d5e8b0596a0_0, 0, 1;
    %jmp T_0.1;
T_0.0 ;
    %load/vec4 v0x5d5e8b059d80_0;
    %load/vec4 v0x5d5e8b059ce0_0;
    %concat/vec4; draw_concat_vec4
    %dup/vec4;
    %pushi/vec4 0, 0, 2;
    %cmp/u;
    %jmp/1 T_0.8, 6;
    %dup/vec4;
    %pushi/vec4 1, 0, 2;
    %cmp/u;
    %jmp/1 T_0.9, 6;
    %dup/vec4;
    %pushi/vec4 2, 0, 2;
    %cmp/u;
    %jmp/1 T_0.10, 6;
    %dup/vec4;
    %pushi/vec4 3, 0, 2;
    %cmp/u;
    %jmp/1 T_0.11, 6;
    %jmp T_0.12;
T_0.8 ;
    %load/vec4 v0x5d5e8b05a160_0;
    %store/vec4 v0x5d5e8b0599d0_0, 0, 1;
    %load/vec4 v0x5d5e8b05a220_0;
    %store/vec4 v0x5d5e8b0596a0_0, 0, 1;
    %jmp T_0.12;
T_0.9 ;
    %pushi/vec4 0, 0, 1;
    %store/vec4 v0x5d5e8b0599d0_0, 0, 1;
    %pushi/vec4 1, 0, 1;
    %store/vec4 v0x5d5e8b0596a0_0, 0, 1;
    %jmp T_0.12;
T_0.10 ;
    %pushi/vec4 1, 0, 1;
    %store/vec4 v0x5d5e8b0599d0_0, 0, 1;
    %pushi/vec4 0, 0, 1;
    %store/vec4 v0x5d5e8b0596a0_0, 0, 1;
    %jmp T_0.12;
T_0.11 ;
    %pushi/vec4 1, 1, 1;
    %store/vec4 v0x5d5e8b0599d0_0, 0, 1;
    %pushi/vec4 1, 1, 1;
    %store/vec4 v0x5d5e8b0596a0_0, 0, 1;
    %jmp T_0.12;
T_0.12 ;
    %pop/vec4 1;
T_0.1 ;
    %end;
S_0x5d5e8b017370 .scope task, "close" "close" 3 194, 3 194 0, S_0x5d5e8b01aaa0;
 .timescale -9 -11;
TD_tb_sr_flip_flop.close ;
    %delay 1000, 0;
    %vpi_call/w 3 197 "$fclose", v0x5d5e8b0595c0_0 {0 0 0};
    %vpi_call/w 3 199 "$display" {0 0 0};
    %vpi_call/w 3 200 "$display", "COVERAGE_REPORT" {0 0 0};
    %pushi/vec4 0, 0, 32;
    %store/vec4 v0x5d5e8b05a000_0, 0, 32;
T_1.13 ;
    %load/vec4 v0x5d5e8b05a000_0;
    %cmpi/s 16, 0, 32;
    %jmp/0xz T_1.14, 5;
    %ix/getv/s 4, v0x5d5e8b05a000_0;
    %load/vec4a v0x5d5e8b05a0a0, 4;
    %cmpi/e 0, 0, 32;
    %jmp/0xz  T_1.15, 4;
    %vpi_call/w 3 206 "$display", "input %b to input %b has occured %d times (***ERROR***)", &PV<v0x5d5e8b05a000_0, 2, 2>, &PV<v0x5d5e8b05a000_0, 0, 2>, &A<v0x5d5e8b05a0a0, v0x5d5e8b05a000_0 > {0 0 0};
    %load/vec4 v0x5d5e8b059490_0;
    %addi 1, 0, 32;
    %store/vec4 v0x5d5e8b059490_0, 0, 32;
    %jmp T_1.16;
T_1.15 ;
    %vpi_call/w 3 213 "$display", "input %b to input %b has occured %d times", &PV<v0x5d5e8b05a000_0, 2, 2>, &PV<v0x5d5e8b05a000_0, 0, 2>, &A<v0x5d5e8b05a0a0, v0x5d5e8b05a000_0 > {0 0 0};
T_1.16 ;
    ; show_stmt_assign_vector: Get l-value for compressed += operand
    %load/vec4 v0x5d5e8b05a000_0;
    %pushi/vec4 1, 0, 32;
    %add;
    %cast2;
    %store/vec4 v0x5d5e8b05a000_0, 0, 32;
    %jmp T_1.13;
T_1.14 ;
    %vpi_call/w 3 219 "$display" {0 0 0};
    %vpi_call/w 3 220 "$display", "VECTORCOUNT = %d", v0x5d5e8b059ec0_0 {0 0 0};
    %vpi_call/w 3 221 "$display", "ERRORS = %15d", v0x5d5e8b059490_0 {0 0 0};
    %vpi_call/w 3 222 "$display" {0 0 0};
    %vpi_call/w 3 223 "$display", "TEST_END--------------------------------------------------------------------------------------------------------------------------" {0 0 0};
    %vpi_call/w 3 224 "$display" {0 0 0};
    %vpi_call/w 3 226 "$finish" {0 0 0};
    %end;
S_0x5d5e8b017550 .scope task, "coverage_update" "coverage_update" 3 252, 3 252 0, S_0x5d5e8b01aaa0;
 .timescale -9 -11;
TD_tb_sr_flip_flop.coverage_update ;
    ; show_stmt_assign_vector: Get l-value for compressed += operand
    %load/vec4 v0x5d5e8b05a760_0;
    %load/vec4 v0x5d5e8b059d80_0;
    %concat/vec4; draw_concat_vec4
    %load/vec4 v0x5d5e8b059ce0_0;
    %concat/vec4; draw_concat_vec4
    %pad/u 6;
    %ix/vec4 4;
    %flag_mov 8, 4;
    %load/vec4a v0x5d5e8b05a0a0, 4;
    %pushi/vec4 1, 0, 32;
    %add;
    %flag_mov 4, 8;
    %store/vec4a v0x5d5e8b05a0a0, 4, 0;
    %end;
S_0x5d5e8b01e460 .scope task, "display_file" "display_file" 3 243, 3 243 0, S_0x5d5e8b01aaa0;
 .timescale -9 -11;
TD_tb_sr_flip_flop.display_file ;
    %vpi_call/w 3 245 "$display", "%10d %9s | %4d | %1d | %1d | %4d     | %4d     | %4d    | %5d     | %5d     | %5d     | %5d     | %6d       |", v0x5d5e8b059ec0_0, v0x5d5e8b059110_0, $time, v0x5d5e8b059d80_0, v0x5d5e8b059ce0_0, v0x5d5e8b059c10_0, v0x5d5e8b059b40_0, v0x5d5e8b059a70_0, v0x5d5e8b059930_0, v0x5d5e8b059800_0, v0x5d5e8b059760_0, v0x5d5e8b0599d0_0, v0x5d5e8b0596a0_0 {0 0 0};
    %end;
S_0x5d5e8b01e640 .scope module, "dut_flip_flop_behavioral" "sr_flip_flop_behavioral" 3 36, 4 81 0, S_0x5d5e8b01aaa0;
 .timescale -9 -11;
    .port_info 0 /INPUT 1 "clk";
    .port_info 1 /INPUT 1 "s";
    .port_info 2 /INPUT 1 "r";
    .port_info 3 /OUTPUT 1 "q";
    .port_info 4 /OUTPUT 1 "qbar";
L_0x5d5e8b05b690 .functor NOT 1, v0x5d5e8b037b70_0, C4<0>, C4<0>, C4<0>;
v0x5d5e8b036a00_0 .net "clk", 0 0, v0x5d5e8b059e20_0;  1 drivers
v0x5d5e8b037b70_0 .var "q", 0 0;
v0x5d5e8b031570_0 .net "qbar", 0 0, L_0x5d5e8b05b690;  alias, 1 drivers
v0x5d5e8b034a90_0 .net "r", 0 0, v0x5d5e8b059ce0_0;  1 drivers
v0x5d5e8b056980_0 .net "s", 0 0, v0x5d5e8b059d80_0;  1 drivers
E_0x5d5e8b01ef90 .event posedge, v0x5d5e8b036a00_0;
S_0x5d5e8b056b30 .scope module, "dut_flip_flop_dataflow" "sr_flip_flop_dataflow" 3 35, 4 45 0, S_0x5d5e8b01aaa0;
 .timescale -9 -11;
    .port_info 0 /INPUT 1 "clk";
    .port_info 1 /INPUT 1 "s";
    .port_info 2 /INPUT 1 "r";
    .port_info 3 /OUTPUT 1 "q";
    .port_info 4 /OUTPUT 1 "qbar";
L_0x5d5e8b05ac50 .functor AND 1, v0x5d5e8b059d80_0, v0x5d5e8b059e20_0, C4<1>, C4<1>;
L_0x5d5e8b05acc0 .functor NOT 1, L_0x5d5e8b05ac50, C4<0>, C4<0>, C4<0>;
L_0x5d5e8b05ad80 .functor AND 1, v0x5d5e8b059ce0_0, v0x5d5e8b059e20_0, C4<1>, C4<1>;
L_0x5d5e8b05adf0 .functor NOT 1, L_0x5d5e8b05ad80, C4<0>, C4<0>, C4<0>;
L_0x5d5e8b05aee0 .functor AND 1, L_0x5d5e8b05acc0, v0x5d5e8b0573e0_0, C4<1>, C4<1>;
L_0x5d5e8b05afa0 .functor NOT 1, L_0x5d5e8b05aee0, C4<0>, C4<0>, C4<0>;
L_0x5d5e8b05b0a0 .functor AND 1, L_0x5d5e8b05adf0, v0x5d5e8b057340_0, C4<1>, C4<1>;
L_0x5d5e8b05b160 .functor NOT 1, L_0x5d5e8b05b0a0, C4<0>, C4<0>, C4<0>;
L_0x5d5e8b05b270 .functor AND 1, L_0x5d5e8b05acc0, L_0x5d5e8b05b160, C4<1>, C4<1>;
L_0x5d5e8b05b330 .functor NOT 1, L_0x5d5e8b05b270, C4<0>, C4<0>, C4<0>;
L_0x5d5e8b05b4a0 .functor AND 1, L_0x5d5e8b05adf0, L_0x5d5e8b05afa0, C4<1>, C4<1>;
L_0x5d5e8b05b510 .functor NOT 1, L_0x5d5e8b05b4a0, C4<0>, C4<0>, C4<0>;
v0x5d5e8b056d10_0 .net *"_ivl_0", 0 0, L_0x5d5e8b05ac50;  1 drivers
v0x5d5e8b056e10_0 .net *"_ivl_12", 0 0, L_0x5d5e8b05b0a0;  1 drivers
v0x5d5e8b056ef0_0 .net *"_ivl_16", 0 0, L_0x5d5e8b05b270;  1 drivers
v0x5d5e8b056fb0_0 .net *"_ivl_20", 0 0, L_0x5d5e8b05b4a0;  1 drivers
v0x5d5e8b057090_0 .net *"_ivl_4", 0 0, L_0x5d5e8b05ad80;  1 drivers
v0x5d5e8b0571c0_0 .net *"_ivl_8", 0 0, L_0x5d5e8b05aee0;  1 drivers
v0x5d5e8b0572a0_0 .net "clk", 0 0, v0x5d5e8b059e20_0;  alias, 1 drivers
v0x5d5e8b057340_0 .var "prev_q", 0 0;
v0x5d5e8b0573e0_0 .var "prev_qbar", 0 0;
v0x5d5e8b0574a0_0 .net "q", 0 0, L_0x5d5e8b05b330;  alias, 1 drivers
v0x5d5e8b057560_0 .net "q1", 0 0, L_0x5d5e8b05afa0;  1 drivers
v0x5d5e8b057620_0 .net "qbar", 0 0, L_0x5d5e8b05b510;  alias, 1 drivers
v0x5d5e8b0576e0_0 .net "qbar1", 0 0, L_0x5d5e8b05b160;  1 drivers
v0x5d5e8b0577a0_0 .net "r", 0 0, v0x5d5e8b059ce0_0;  alias, 1 drivers
v0x5d5e8b057840_0 .net "r1", 0 0, L_0x5d5e8b05adf0;  1 drivers
v0x5d5e8b0578e0_0 .net "s", 0 0, v0x5d5e8b059d80_0;  alias, 1 drivers
v0x5d5e8b0579b0_0 .net "s1", 0 0, L_0x5d5e8b05acc0;  1 drivers
S_0x5d5e8b057b20 .scope module, "dut_flip_flop_gate" "sr_flip_flop_gate" 3 34, 4 3 0, S_0x5d5e8b01aaa0;
 .timescale -9 -11;
    .port_info 0 /INPUT 1 "clk";
    .port_info 1 /INPUT 1 "s";
    .port_info 2 /INPUT 1 "r";
    .port_info 3 /OUTPUT 1 "q";
    .port_info 4 /OUTPUT 1 "qbar";
L_0x5d5e8b0368a0 .functor NAND 1, v0x5d5e8b059d80_0, v0x5d5e8b059e20_0, C4<1>, C4<1>;
L_0x5d5e8b037a50 .functor NAND 1, v0x5d5e8b059ce0_0, v0x5d5e8b059e20_0, C4<1>, C4<1>;
L_0x5d5e8b031450 .functor NAND 1, L_0x5d5e8b0368a0, v0x5d5e8b057e80_0, C4<1>, C4<1>;
L_0x5d5e8b034970 .functor NAND 1, L_0x5d5e8b037a50, v0x5d5e8b057dc0_0, C4<1>, C4<1>;
L_0x5d5e8b05aa90 .functor NAND 1, L_0x5d5e8b0368a0, L_0x5d5e8b034970, C4<1>, C4<1>;
L_0x5d5e8b05ab00 .functor NAND 1, L_0x5d5e8b037a50, L_0x5d5e8b031450, C4<1>, C4<1>;
v0x5d5e8b057cb0_0 .net "clk", 0 0, v0x5d5e8b059e20_0;  alias, 1 drivers
v0x5d5e8b057dc0_0 .var "prev_q", 0 0;
v0x5d5e8b057e80_0 .var "prev_qbar", 0 0;
v0x5d5e8b057f20_0 .net "q", 0 0, L_0x5d5e8b05aa90;  alias, 1 drivers
v0x5d5e8b057fe0_0 .net "q1", 0 0, L_0x5d5e8b031450;  1 drivers
v0x5d5e8b0580f0_0 .net "qbar", 0 0, L_0x5d5e8b05ab00;  alias, 1 drivers
v0x5d5e8b0581b0_0 .net "qbar1", 0 0, L_0x5d5e8b034970;  1 drivers
v0x5d5e8b058270_0 .net "r", 0 0, v0x5d5e8b059ce0_0;  alias, 1 drivers
v0x5d5e8b058360_0 .net "r1", 0 0, L_0x5d5e8b037a50;  1 drivers
v0x5d5e8b058420_0 .net "s", 0 0, v0x5d5e8b059d80_0;  alias, 1 drivers
v0x5d5e8b0584c0_0 .net "s1", 0 0, L_0x5d5e8b0368a0;  1 drivers
S_0x5d5e8b058620 .scope task, "errors_warnings_check" "errors_warnings_check" 3 261, 3 261 0, S_0x5d5e8b01aaa0;
 .timescale -9 -11;
TD_tb_sr_flip_flop.errors_warnings_check ;
    %load/vec4 v0x5d5e8b05a6a0_0;
    %load/vec4 v0x5d5e8b05a460_0;
    %concat/vec4; draw_concat_vec4
    %cmpi/e 3, 0, 2;
    %jmp/1 T_4.23, 4;
    %flag_mov 9, 4;
    %load/vec4 v0x5d5e8b05a5e0_0;
    %load/vec4 v0x5d5e8b05a3a0_0;
    %concat/vec4; draw_concat_vec4
    %cmpi/e 3, 0, 2;
    %flag_or 4, 9;
T_4.23;
    %jmp/1 T_4.22, 4;
    %flag_mov 9, 4;
    %load/vec4 v0x5d5e8b05a520_0;
    %load/vec4 v0x5d5e8b05a2e0_0;
    %concat/vec4; draw_concat_vec4
    %cmpi/e 3, 0, 2;
    %flag_or 4, 9;
T_4.22;
    %jmp/1 T_4.21, 4;
    %flag_mov 9, 4;
    %load/vec4 v0x5d5e8b05a6a0_0;
    %load/vec4 v0x5d5e8b05a460_0;
    %concat/vec4; draw_concat_vec4
    %cmpi/e 0, 0, 2;
    %jmp/1 T_4.24, 4;
    %flag_mov 10, 4;
    %load/vec4 v0x5d5e8b05a5e0_0;
    %load/vec4 v0x5d5e8b05a3a0_0;
    %concat/vec4; draw_concat_vec4
    %cmpi/e 0, 0, 2;
    %jmp/1 T_4.25, 4;
    %flag_mov 11, 4;
    %load/vec4 v0x5d5e8b05a520_0;
    %load/vec4 v0x5d5e8b05a2e0_0;
    %concat/vec4; draw_concat_vec4
    %cmpi/e 0, 0, 2;
    %flag_or 4, 11;
T_4.25;
    %flag_or 4, 10;
T_4.24;
    %flag_or 4, 9;
T_4.21;
    %flag_get/vec4 4;
    %jmp/0 T_4.20, 4;
    %load/vec4 v0x5d5e8b059d80_0;
    %load/vec4 v0x5d5e8b059ce0_0;
    %concat/vec4; draw_concat_vec4
    %pushi/vec4 0, 0, 2;
    %cmp/e;
    %flag_get/vec4 4;
    %and;
T_4.20;
    %flag_set/vec4 8;
    %jmp/1 T_4.19, 8;
    %load/vec4 v0x5d5e8b059d80_0;
    %load/vec4 v0x5d5e8b059ce0_0;
    %concat/vec4; draw_concat_vec4
    %cmpi/e 3, 0, 2;
    %flag_or 8, 4;
T_4.19;
    %jmp/0xz  T_4.17, 8;
    %load/vec4 v0x5d5e8b05a6a0_0;
    %load/vec4 v0x5d5e8b05a460_0;
    %concat/vec4; draw_concat_vec4
    %cmpi/e 0, 0, 2;
    %jmp/1 T_4.30, 4;
    %flag_mov 9, 4;
    %load/vec4 v0x5d5e8b05a5e0_0;
    %load/vec4 v0x5d5e8b05a3a0_0;
    %concat/vec4; draw_concat_vec4
    %cmpi/e 0, 0, 2;
    %flag_or 4, 9;
T_4.30;
    %jmp/1 T_4.29, 4;
    %flag_mov 9, 4;
    %load/vec4 v0x5d5e8b05a520_0;
    %load/vec4 v0x5d5e8b05a2e0_0;
    %concat/vec4; draw_concat_vec4
    %cmpi/e 0, 0, 2;
    %flag_or 4, 9;
T_4.29;
    %flag_get/vec4 4;
    %jmp/0 T_4.28, 4;
    %load/vec4 v0x5d5e8b059d80_0;
    %load/vec4 v0x5d5e8b059ce0_0;
    %concat/vec4; draw_concat_vec4
    %cmpi/e 3, 0, 2;
    %flag_get/vec4 4;
    %jmp/1 T_4.31, 4;
    %load/vec4 v0x5d5e8b059d80_0;
    %load/vec4 v0x5d5e8b059ce0_0;
    %concat/vec4; draw_concat_vec4
    %pushi/vec4 0, 0, 2;
    %cmp/e;
    %flag_get/vec4 4;
    %or;
T_4.31;
    %and;
T_4.28;
    %flag_set/vec4 8;
    %jmp/0xz  T_4.26, 8;
    %vpi_call/w 3 267 "$display", "***WARNING: ILLEGAL CONDITION,RACING CONDITION" {0 0 0};
T_4.26 ;
    %load/vec4 v0x5d5e8b05a6a0_0;
    %load/vec4 v0x5d5e8b05a460_0;
    %concat/vec4; draw_concat_vec4
    %cmpi/e 3, 0, 2;
    %jmp/1 T_4.40, 4;
    %flag_mov 9, 4;
    %load/vec4 v0x5d5e8b05a5e0_0;
    %load/vec4 v0x5d5e8b05a3a0_0;
    %concat/vec4; draw_concat_vec4
    %cmpi/e 3, 0, 2;
    %flag_or 4, 9;
T_4.40;
    %jmp/1 T_4.39, 4;
    %flag_mov 9, 4;
    %load/vec4 v0x5d5e8b05a520_0;
    %load/vec4 v0x5d5e8b05a2e0_0;
    %concat/vec4; draw_concat_vec4
    %cmpi/e 3, 0, 2;
    %flag_or 4, 9;
T_4.39;
    %jmp/1 T_4.38, 4;
    %flag_mov 9, 4;
    %load/vec4 v0x5d5e8b05a6a0_0;
    %load/vec4 v0x5d5e8b05a460_0;
    %concat/vec4; draw_concat_vec4
    %cmpi/e 3, 3, 2;
    %jmp/1 T_4.42, 6;
    %flag_mov 10, 6;
    %load/vec4 v0x5d5e8b05a5e0_0;
    %load/vec4 v0x5d5e8b05a3a0_0;
    %concat/vec4; draw_concat_vec4
    %cmpi/e 3, 3, 2;
    %flag_or 6, 10;
T_4.42;
    %jmp/1 T_4.41, 6;
    %flag_mov 10, 6;
    %load/vec4 v0x5d5e8b05a520_0;
    %load/vec4 v0x5d5e8b05a2e0_0;
    %concat/vec4; draw_concat_vec4
    %cmpi/e 3, 3, 2;
    %flag_or 6, 10;
T_4.41;
    %flag_or 6, 9;
    %flag_mov 4, 6;
T_4.38;
    %jmp/1 T_4.37, 4;
    %flag_mov 9, 4;
    %load/vec4 v0x5d5e8b05a6a0_0;
    %load/vec4 v0x5d5e8b05a460_0;
    %concat/vec4; draw_concat_vec4
    %cmpi/e 1, 0, 2;
    %jmp/1 T_4.44, 4;
    %flag_mov 10, 4;
    %load/vec4 v0x5d5e8b05a5e0_0;
    %load/vec4 v0x5d5e8b05a3a0_0;
    %concat/vec4; draw_concat_vec4
    %cmpi/e 1, 0, 2;
    %flag_or 4, 10;
T_4.44;
    %jmp/1 T_4.43, 4;
    %flag_mov 10, 4;
    %load/vec4 v0x5d5e8b05a520_0;
    %load/vec4 v0x5d5e8b05a2e0_0;
    %concat/vec4; draw_concat_vec4
    %cmpi/e 1, 0, 2;
    %flag_or 4, 10;
T_4.43;
    %flag_or 4, 9;
T_4.37;
    %jmp/1 T_4.36, 4;
    %flag_mov 9, 4;
    %load/vec4 v0x5d5e8b05a6a0_0;
    %load/vec4 v0x5d5e8b05a460_0;
    %concat/vec4; draw_concat_vec4
    %cmpi/e 2, 0, 2;
    %jmp/1 T_4.46, 4;
    %flag_mov 10, 4;
    %load/vec4 v0x5d5e8b05a5e0_0;
    %load/vec4 v0x5d5e8b05a3a0_0;
    %concat/vec4; draw_concat_vec4
    %cmpi/e 2, 0, 2;
    %flag_or 4, 10;
T_4.46;
    %jmp/1 T_4.45, 4;
    %flag_mov 10, 4;
    %load/vec4 v0x5d5e8b05a520_0;
    %load/vec4 v0x5d5e8b05a2e0_0;
    %concat/vec4; draw_concat_vec4
    %cmpi/e 2, 0, 2;
    %flag_or 4, 10;
T_4.45;
    %flag_or 4, 9;
T_4.36;
    %flag_get/vec4 4;
    %jmp/0 T_4.35, 4;
    %load/vec4 v0x5d5e8b059d80_0;
    %load/vec4 v0x5d5e8b059ce0_0;
    %concat/vec4; draw_concat_vec4
    %pushi/vec4 3, 0, 2;
    %cmp/e;
    %flag_get/vec4 4;
    %and;
T_4.35;
    %flag_set/vec4 8;
    %jmp/1 T_4.34, 8;
    %load/vec4 v0x5d5e8b05a6a0_0;
    %load/vec4 v0x5d5e8b05a460_0;
    %concat/vec4; draw_concat_vec4
    %cmpi/e 3, 0, 2;
    %jmp/1 T_4.49, 4;
    %flag_mov 10, 4;
    %load/vec4 v0x5d5e8b05a5e0_0;
    %load/vec4 v0x5d5e8b05a3a0_0;
    %concat/vec4; draw_concat_vec4
    %cmpi/e 3, 0, 2;
    %flag_or 4, 10;
T_4.49;
    %jmp/1 T_4.48, 4;
    %flag_mov 10, 4;
    %load/vec4 v0x5d5e8b05a520_0;
    %load/vec4 v0x5d5e8b05a2e0_0;
    %concat/vec4; draw_concat_vec4
    %cmpi/e 3, 0, 2;
    %flag_or 4, 10;
T_4.48;
    %flag_get/vec4 4;
    %jmp/0 T_4.47, 4;
    %load/vec4 v0x5d5e8b059d80_0;
    %load/vec4 v0x5d5e8b059ce0_0;
    %concat/vec4; draw_concat_vec4
    %pushi/vec4 0, 0, 2;
    %cmp/e;
    %flag_get/vec4 4;
    %and;
T_4.47;
    %flag_set/vec4 9;
    %flag_or 8, 9;
T_4.34;
    %jmp/0xz  T_4.32, 8;
    %vpi_call/w 3 280 "$display", "***WARNING: ILLEGAL CONDITION, q = qbar" {0 0 0};
T_4.32 ;
    %jmp T_4.18;
T_4.17 ;
    %load/vec4 v0x5d5e8b059c10_0;
    %load/vec4 v0x5d5e8b0599d0_0;
    %cmp/ne;
    %jmp/0xz  T_4.50, 6;
    %vpi_call/w 3 290 "$display", "***ERROR: Q_gate = %b, Q_expected = %b", v0x5d5e8b059c10_0, v0x5d5e8b0599d0_0 {0 0 0};
    %load/vec4 v0x5d5e8b059490_0;
    %addi 1, 0, 32;
    %store/vec4 v0x5d5e8b059490_0, 0, 32;
T_4.50 ;
    %load/vec4 v0x5d5e8b059b40_0;
    %load/vec4 v0x5d5e8b0599d0_0;
    %cmp/ne;
    %jmp/0xz  T_4.52, 6;
    %vpi_call/w 3 297 "$display", "***ERROR: Q_dataflow = %b, Q_expected = %b", v0x5d5e8b059b40_0, v0x5d5e8b0599d0_0 {0 0 0};
    %load/vec4 v0x5d5e8b059490_0;
    %addi 1, 0, 32;
    %store/vec4 v0x5d5e8b059490_0, 0, 32;
T_4.52 ;
    %load/vec4 v0x5d5e8b059a70_0;
    %load/vec4 v0x5d5e8b0599d0_0;
    %cmp/ne;
    %jmp/0xz  T_4.54, 6;
    %vpi_call/w 3 304 "$display", "***ERROR: Q_behavioral = %b, Q_expected = %b", v0x5d5e8b059a70_0, v0x5d5e8b0599d0_0 {0 0 0};
    %load/vec4 v0x5d5e8b059490_0;
    %addi 1, 0, 32;
    %store/vec4 v0x5d5e8b059490_0, 0, 32;
T_4.54 ;
    %load/vec4 v0x5d5e8b059930_0;
    %load/vec4 v0x5d5e8b0596a0_0;
    %cmp/ne;
    %jmp/0xz  T_4.56, 6;
    %vpi_call/w 3 311 "$display", "***ERROR: QBAR_gate = %b, QBAR_expected = %b", v0x5d5e8b059930_0, v0x5d5e8b0596a0_0 {0 0 0};
    %load/vec4 v0x5d5e8b059490_0;
    %addi 1, 0, 32;
    %store/vec4 v0x5d5e8b059490_0, 0, 32;
T_4.56 ;
    %load/vec4 v0x5d5e8b059800_0;
    %load/vec4 v0x5d5e8b0596a0_0;
    %cmp/ne;
    %jmp/0xz  T_4.58, 6;
    %vpi_call/w 3 318 "$display", "***ERROR: QBAR_dataflow = %b, QBAR_expected = %b", v0x5d5e8b059800_0, v0x5d5e8b0596a0_0 {0 0 0};
    %load/vec4 v0x5d5e8b059490_0;
    %addi 1, 0, 32;
    %store/vec4 v0x5d5e8b059490_0, 0, 32;
T_4.58 ;
    %load/vec4 v0x5d5e8b059d80_0;
    %load/vec4 v0x5d5e8b059ce0_0;
    %concat/vec4; draw_concat_vec4
    %load/vec4 v0x5d5e8b05a760_0;
    %cmp/ne;
    %jmp/0xz  T_4.60, 6;
    %vpi_call/w 3 325 "$display", "***ERROR: Racing Condition Occur" {0 0 0};
    %load/vec4 v0x5d5e8b059490_0;
    %addi 1, 0, 32;
    %store/vec4 v0x5d5e8b059490_0, 0, 32;
T_4.60 ;
T_4.18 ;
    %end;
S_0x5d5e8b058800 .scope task, "force_release" "force_release" 3 93, 3 93 0, S_0x5d5e8b01aaa0;
 .timescale -9 -11;
TD_tb_sr_flip_flop.force_release ;
    %delay 11, 0;
    %pushi/vec4 0, 0, 1;
    %force/vec4 v0x5d5e8b059c10_0;
    %pushi/vec4 1, 0, 1;
    %force/vec4 v0x5d5e8b059930_0;
    %pushi/vec4 0, 0, 1;
    %force/vec4 v0x5d5e8b059b40_0;
    %pushi/vec4 1, 0, 1;
    %force/vec4 v0x5d5e8b059800_0;
    %pushi/vec4 0, 0, 1;
    %force/vec4 v0x5d5e8b059a70_0;
    %pushi/vec4 1, 0, 1;
    %force/vec4 v0x5d5e8b059760_0;
    %delay 1000, 0;
    %release/net v0x5d5e8b059c10_0, 0, 1;
    %release/net v0x5d5e8b059930_0, 0, 1;
    %release/net v0x5d5e8b059b40_0, 0, 1;
    %release/net v0x5d5e8b059800_0, 0, 1;
    %release/net v0x5d5e8b059a70_0, 0, 1;
    %release/net v0x5d5e8b059760_0, 0, 1;
    %end;
S_0x5d5e8b0589e0 .scope task, "initialize" "initialize" 3 64, 3 64 0, S_0x5d5e8b01aaa0;
 .timescale -9 -11;
TD_tb_sr_flip_flop.initialize ;
    %vpi_func 3 66 "$fopen" 32, "tb_sr_flip_flop.tv", "r" {0 0 0};
    %store/vec4 v0x5d5e8b0595c0_0, 0, 32;
    %vpi_func 3 67 "$fscanf" 32, v0x5d5e8b0595c0_0, "%s", v0x5d5e8b059110_0 {0 0 0};
    %store/vec4 v0x5d5e8b0593b0_0, 0, 32;
    %vpi_func 3 69 "$fscanf" 32, v0x5d5e8b0595c0_0, "%s %b %b %s %s", v0x5d5e8b059110_0, v0x5d5e8b059d80_0, v0x5d5e8b059ce0_0, v0x5d5e8b059210_0, v0x5d5e8b0592f0_0 {0 0 0};
    %store/vec4 v0x5d5e8b0593b0_0, 0, 32;
    %pushi/vec4 0, 0, 1;
    %store/vec4 v0x5d5e8b059e20_0, 0, 1;
    %pushi/vec4 0, 0, 32;
    %store/vec4 v0x5d5e8b059ec0_0, 0, 32;
    %pushi/vec4 0, 0, 32;
    %store/vec4 v0x5d5e8b059490_0, 0, 32;
    %pushi/vec4 0, 0, 32;
    %store/vec4 v0x5d5e8b05a000_0, 0, 32;
T_6.62 ;
    %load/vec4 v0x5d5e8b05a000_0;
    %cmpi/s 16, 0, 32;
    %jmp/0xz T_6.63, 5;
    %pushi/vec4 0, 0, 32;
    %ix/getv/s 4, v0x5d5e8b05a000_0;
    %store/vec4a v0x5d5e8b05a0a0, 4, 0;
    ; show_stmt_assign_vector: Get l-value for compressed += operand
    %load/vec4 v0x5d5e8b05a000_0;
    %pushi/vec4 1, 0, 32;
    %add;
    %cast2;
    %store/vec4 v0x5d5e8b05a000_0, 0, 32;
    %jmp T_6.62;
T_6.63 ;
    %pushi/vec4 0, 0, 1;
    %store/vec4 v0x5d5e8b059f60_0, 0, 1;
    %vpi_call/w 3 80 "$display" {0 0 0};
    %vpi_call/w 3 81 "$display", "TEST_START------------------------------------------------------------------------------------------------------------------------" {0 0 0};
    %vpi_call/w 3 82 "$display" {0 0 0};
    %vpi_call/w 3 83 "$display", "                     | TIME | S | R |  Q_gate  |  Q_data  |  Q_beh  | QBAR_gate | QBAR_data | QBAR_beh | QEXPECTED | QBAREXPECTED |" {0 0 0};
    %vpi_call/w 3 84 "$display", "----------------------------------------------------------------------------------------------------------------------------------" {0 0 0};
    %end;
S_0x5d5e8b058b70 .scope task, "random_in" "random_in" 3 129, 3 129 0, S_0x5d5e8b01aaa0;
 .timescale -9 -11;
TD_tb_sr_flip_flop.random_in ;
    %vpi_func 3 131 "$urandom" 32 {0 0 0};
    %pushi/vec4 7, 0, 32;
    %mod;
    %pad/u 1;
    %store/vec4 v0x5d5e8b059d80_0, 0, 1;
    %vpi_func 3 132 "$urandom" 32 {0 0 0};
    %pushi/vec4 7, 0, 32;
    %mod;
    %pad/u 1;
    %store/vec4 v0x5d5e8b059ce0_0, 0, 1;
    %load/vec4 v0x5d5e8b059d80_0;
    %load/vec4 v0x5d5e8b059ce0_0;
    %concat/vec4; draw_concat_vec4
    %dup/vec4;
    %pushi/vec4 0, 0, 2;
    %cmp/u;
    %jmp/1 T_7.64, 6;
    %dup/vec4;
    %pushi/vec4 1, 0, 2;
    %cmp/u;
    %jmp/1 T_7.65, 6;
    %dup/vec4;
    %pushi/vec4 2, 0, 2;
    %cmp/u;
    %jmp/1 T_7.66, 6;
    %dup/vec4;
    %pushi/vec4 3, 0, 2;
    %cmp/u;
    %jmp/1 T_7.67, 6;
    %jmp T_7.68;
T_7.64 ;
    %load/vec4 v0x5d5e8b05a6a0_0;
    %load/vec4 v0x5d5e8b05a460_0;
    %concat/vec4; draw_concat_vec4
    %cmpi/e 3, 0, 2;
    %jmp/1 T_7.73, 4;
    %flag_mov 8, 4;
    %load/vec4 v0x5d5e8b05a5e0_0;
    %load/vec4 v0x5d5e8b05a3a0_0;
    %concat/vec4; draw_concat_vec4
    %cmpi/e 3, 0, 2;
    %flag_or 4, 8;
T_7.73;
    %jmp/1 T_7.72, 4;
    %flag_mov 8, 4;
    %load/vec4 v0x5d5e8b05a520_0;
    %load/vec4 v0x5d5e8b05a2e0_0;
    %concat/vec4; draw_concat_vec4
    %cmpi/e 3, 0, 2;
    %flag_or 4, 8;
T_7.72;
    %jmp/1 T_7.71, 4;
    %flag_mov 8, 4;
    %load/vec4 v0x5d5e8b05a6a0_0;
    %load/vec4 v0x5d5e8b05a460_0;
    %concat/vec4; draw_concat_vec4
    %cmpi/e 0, 0, 2;
    %jmp/1 T_7.75, 4;
    %flag_mov 9, 4;
    %load/vec4 v0x5d5e8b05a5e0_0;
    %load/vec4 v0x5d5e8b05a3a0_0;
    %concat/vec4; draw_concat_vec4
    %cmpi/e 0, 0, 2;
    %flag_or 4, 9;
T_7.75;
    %jmp/1 T_7.74, 4;
    %flag_mov 9, 4;
    %load/vec4 v0x5d5e8b05a520_0;
    %load/vec4 v0x5d5e8b05a2e0_0;
    %concat/vec4; draw_concat_vec4
    %cmpi/e 0, 0, 2;
    %flag_or 4, 9;
T_7.74;
    %flag_or 4, 8;
T_7.71;
    %flag_mov 8, 4;
    %jmp/0 T_7.69, 8;
    %pushi/vec4 18764, 0, 32; draw_string_vec4
    %pushi/vec4 1279608641, 0, 32; draw_string_vec4
    %concat/vec4; draw_string_vec4
    %pushi/vec4 76, 0, 8; draw_string_vec4
    %concat/vec4; draw_string_vec4
    %jmp/1 T_7.70, 8;
T_7.69 ; End of true expr.
    %pushi/vec4 0, 0, 32; draw_string_vec4
    %pushi/vec4 4738892, 0, 32; draw_string_vec4
    %concat/vec4; draw_string_vec4
    %pushi/vec4 68, 0, 8; draw_string_vec4
    %concat/vec4; draw_string_vec4
    %jmp/0 T_7.70, 8;
 ; End of false expr.
    %blend;
T_7.70;
    %store/vec4 v0x5d5e8b059110_0, 0, 72;
    %jmp T_7.68;
T_7.65 ;
    %pushi/vec4 0, 0, 32; draw_string_vec4
    %pushi/vec4 1380275013, 0, 32; draw_string_vec4
    %concat/vec4; draw_string_vec4
    %pushi/vec4 84, 0, 8; draw_string_vec4
    %concat/vec4; draw_string_vec4
    %store/vec4 v0x5d5e8b059110_0, 0, 72;
    %jmp T_7.68;
T_7.66 ;
    %pushi/vec4 0, 0, 32; draw_string_vec4
    %pushi/vec4 21317, 0, 32; draw_string_vec4
    %concat/vec4; draw_string_vec4
    %pushi/vec4 84, 0, 8; draw_string_vec4
    %concat/vec4; draw_string_vec4
    %store/vec4 v0x5d5e8b059110_0, 0, 72;
    %jmp T_7.68;
T_7.67 ;
    %pushi/vec4 18764, 0, 32; draw_string_vec4
    %pushi/vec4 1279608641, 0, 32; draw_string_vec4
    %concat/vec4; draw_string_vec4
    %pushi/vec4 76, 0, 8; draw_string_vec4
    %concat/vec4; draw_string_vec4
    %store/vec4 v0x5d5e8b059110_0, 0, 72;
    %jmp T_7.68;
T_7.68 ;
    %pop/vec4 1;
    %pushi/real 1717986918, 4062; load=0.100000
    %pushi/real 1677722, 4040; load=0.100000
    %add/wr;
    %vpi_func 3 144 "$urandom_range" 32, W<0,r>, 32'sb00000000000000000000000000001010 {0 1 0};
    %pad/u 64;
    %muli 100, 0, 64;
    %ix/vec4 4;
    %delayx 4;
    %end;
S_0x5d5e8b058d50 .scope task, "scan_file" "scan_file" 3 118, 3 118 0, S_0x5d5e8b01aaa0;
 .timescale -9 -11;
TD_tb_sr_flip_flop.scan_file ;
    %vpi_func 3 121 "$fscanf" 32, v0x5d5e8b0595c0_0, "%s %b %b %b %b", v0x5d5e8b059110_0, v0x5d5e8b059d80_0, v0x5d5e8b059ce0_0, v0x5d5e8b0599d0_0, v0x5d5e8b0596a0_0 {0 0 0};
    %store/vec4 v0x5d5e8b0593b0_0, 0, 32;
    %load/vec4 v0x5d5e8b0593b0_0;
    %pushi/vec4 4294967295, 0, 32;
    %cmp/e;
    %flag_get/vec4 4;
    %store/vec4 v0x5d5e8b059f60_0, 0, 1;
    %end;
S_0x5d5e8b058f30 .scope task, "vectorcount" "vectorcount" 3 233, 3 233 0, S_0x5d5e8b01aaa0;
 .timescale -9 -11;
TD_tb_sr_flip_flop.vectorcount ;
    %load/vec4 v0x5d5e8b059ec0_0;
    %addi 1, 0, 32;
    %store/vec4 v0x5d5e8b059ec0_0, 0, 32;
    %end;
    .scope S_0x5d5e8b057b20;
T_10 ;
    %wait E_0x5d5e8b01ef90;
    %delay 12, 0;
    %load/vec4 v0x5d5e8b057f20_0;
    %store/vec4 v0x5d5e8b057dc0_0, 0, 1;
    %load/vec4 v0x5d5e8b0580f0_0;
    %store/vec4 v0x5d5e8b057e80_0, 0, 1;
    %jmp T_10;
    .thread T_10;
    .scope S_0x5d5e8b056b30;
T_11 ;
    %wait E_0x5d5e8b01ef90;
    %delay 12, 0;
    %load/vec4 v0x5d5e8b0574a0_0;
    %store/vec4 v0x5d5e8b057340_0, 0, 1;
    %load/vec4 v0x5d5e8b057620_0;
    %store/vec4 v0x5d5e8b0573e0_0, 0, 1;
    %jmp T_11;
    .thread T_11;
    .scope S_0x5d5e8b01e640;
T_12 ;
    %wait E_0x5d5e8b01ef90;
    %load/vec4 v0x5d5e8b056980_0;
    %load/vec4 v0x5d5e8b034a90_0;
    %concat/vec4; draw_concat_vec4
    %dup/vec4;
    %pushi/vec4 0, 0, 2;
    %cmp/u;
    %jmp/1 T_12.0, 6;
    %dup/vec4;
    %pushi/vec4 1, 0, 2;
    %cmp/u;
    %jmp/1 T_12.1, 6;
    %dup/vec4;
    %pushi/vec4 2, 0, 2;
    %cmp/u;
    %jmp/1 T_12.2, 6;
    %dup/vec4;
    %pushi/vec4 3, 0, 2;
    %cmp/u;
    %jmp/1 T_12.3, 6;
    %jmp T_12.4;
T_12.0 ;
    %load/vec4 v0x5d5e8b037b70_0;
    %assign/vec4 v0x5d5e8b037b70_0, 0;
    %jmp T_12.4;
T_12.1 ;
    %pushi/vec4 0, 0, 1;
    %assign/vec4 v0x5d5e8b037b70_0, 0;
    %jmp T_12.4;
T_12.2 ;
    %pushi/vec4 1, 0, 1;
    %assign/vec4 v0x5d5e8b037b70_0, 0;
    %jmp T_12.4;
T_12.3 ;
    %pushi/vec4 1, 1, 1;
    %assign/vec4 v0x5d5e8b037b70_0, 0;
    %jmp T_12.4;
T_12.4 ;
    %pop/vec4 1;
    %jmp T_12;
    .thread T_12;
    .scope S_0x5d5e8b01aaa0;
T_13 ;
    %vpi_call/w 3 44 "$dumpfile", "tb_sr_flip_flop.vcd" {0 0 0};
    %vpi_call/w 3 45 "$dumpvars", 32'sb00000000000000000000000000000000, S_0x5d5e8b01aaa0 {0 0 0};
    %end;
    .thread T_13;
    .scope S_0x5d5e8b01aaa0;
T_14 ;
    %delay 1000, 0;
    %load/vec4 v0x5d5e8b059e20_0;
    %inv;
    %store/vec4 v0x5d5e8b059e20_0, 0, 1;
    %jmp T_14;
    .thread T_14;
    .scope S_0x5d5e8b01aaa0;
T_15 ;
    %fork TD_tb_sr_flip_flop.initialize, S_0x5d5e8b0589e0;
    %join;
    %wait E_0x5d5e8b01ef90;
    %fork TD_tb_sr_flip_flop.force_release, S_0x5d5e8b058800;
    %join;
    %end;
    .thread T_15;
    .scope S_0x5d5e8b01aaa0;
T_16 ;
    %wait E_0x5d5e8b01f4b0;
    %delay 120, 0;
    %load/vec4 v0x5d5e8b059f60_0;
    %nor/r;
    %flag_set/vec4 8;
    %jmp/0xz  T_16.0, 8;
    %fork TD_tb_sr_flip_flop.scan_file, S_0x5d5e8b058d50;
    %join;
T_16.0 ;
    %jmp T_16;
    .thread T_16;
    .scope S_0x5d5e8b01aaa0;
T_17 ;
    %wait E_0x5d5e8b01ef90;
    %fork TD_tb_sr_flip_flop.coverage_update, S_0x5d5e8b017550;
    %join;
    %load/vec4 v0x5d5e8b059d80_0;
    %load/vec4 v0x5d5e8b059ce0_0;
    %concat/vec4; draw_concat_vec4
    %store/vec4 v0x5d5e8b05a760_0, 0, 2;
    %delay 10, 0;
    %fork TD_tb_sr_flip_flop.QEXP, S_0x5d5e8b01acd0;
    %join;
    %fork TD_tb_sr_flip_flop.display_file, S_0x5d5e8b01e460;
    %join;
    %fork TD_tb_sr_flip_flop.errors_warnings_check, S_0x5d5e8b058620;
    %join;
    %fork TD_tb_sr_flip_flop.vectorcount, S_0x5d5e8b058f30;
    %join;
    %delay 2, 0;
    %load/vec4 v0x5d5e8b059c10_0;
    %store/vec4 v0x5d5e8b05a6a0_0, 0, 1;
    %load/vec4 v0x5d5e8b059930_0;
    %store/vec4 v0x5d5e8b05a460_0, 0, 1;
    %load/vec4 v0x5d5e8b059b40_0;
    %store/vec4 v0x5d5e8b05a5e0_0, 0, 1;
    %load/vec4 v0x5d5e8b059800_0;
    %store/vec4 v0x5d5e8b05a3a0_0, 0, 1;
    %load/vec4 v0x5d5e8b059c10_0;
    %store/vec4 v0x5d5e8b05a6a0_0, 0, 1;
    %load/vec4 v0x5d5e8b059760_0;
    %store/vec4 v0x5d5e8b05a2e0_0, 0, 1;
    %load/vec4 v0x5d5e8b0599d0_0;
    %store/vec4 v0x5d5e8b05a160_0, 0, 1;
    %load/vec4 v0x5d5e8b0596a0_0;
    %store/vec4 v0x5d5e8b05a220_0, 0, 1;
    %jmp T_17;
    .thread T_17;
    .scope S_0x5d5e8b01aaa0;
T_18 ;
T_18.0 ;
    %load/vec4 v0x5d5e8b059f60_0;
    %cmpi/ne 1, 0, 1;
    %jmp/0xz T_18.1, 6;
    %wait E_0x5d5e8b01f260;
    %jmp T_18.0;
T_18.1 ;
    %vpi_call/w 3 402 "$display" {0 0 0};
    %vpi_call/w 3 403 "$display", "%13s ***time = %0d,eof ***", "\000", $time {0 0 0};
    %vpi_call/w 3 404 "$display" {0 0 0};
    %pushi/vec4 0, 0, 32;
    %store/vec4 v0x5d5e8b05a000_0, 0, 32;
T_18.2 ;
    %load/vec4 v0x5d5e8b05a000_0;
    %cmpi/s 50, 0, 32;
    %jmp/0xz T_18.3, 5;
    %load/vec4 v0x5d5e8b059d80_0;
    %pad/u 32;
    %cmpi/e 1, 0, 32;
    %flag_get/vec4 4;
    %jmp/0 T_18.6, 4;
    %load/vec4 v0x5d5e8b059ce0_0;
    %pad/u 32;
    %pushi/vec4 2, 0, 32;
    %cmp/e;
    %flag_get/vec4 4;
    %and;
T_18.6;
    %flag_set/vec4 8;
    %jmp/0xz  T_18.4, 8;
    %fork TD_tb_sr_flip_flop.vectorcount, S_0x5d5e8b058f30;
    %join;
    %fork TD_tb_sr_flip_flop.close, S_0x5d5e8b017370;
    %join;
    %jmp T_18.5;
T_18.4 ;
    %fork TD_tb_sr_flip_flop.random_in, S_0x5d5e8b058b70;
    %join;
T_18.5 ;
    ; show_stmt_assign_vector: Get l-value for compressed += operand
    %load/vec4 v0x5d5e8b05a000_0;
    %pushi/vec4 1, 0, 32;
    %add;
    %cast2;
    %store/vec4 v0x5d5e8b05a000_0, 0, 32;
    %jmp T_18.2;
T_18.3 ;
    %fork TD_tb_sr_flip_flop.close, S_0x5d5e8b017370;
    %join;
    %end;
    .thread T_18;
# The file index is used to find the file name in the following table.
:file_names 5;
    "N/A";
    "<interactive>";
    "-";
    "tb_sr_flip_flop.v";
    "sr_flip_flop.v";
