#! /usr/bin/vvp
:ivl_version "12.0 (stable)";
:ivl_delay_selection "TYPICAL";
:vpi_time_precision - 11;
:vpi_module "/usr/lib/x86_64-linux-gnu/ivl/system.vpi";
:vpi_module "/usr/lib/x86_64-linux-gnu/ivl/vhdl_sys.vpi";
:vpi_module "/usr/lib/x86_64-linux-gnu/ivl/vhdl_textio.vpi";
:vpi_module "/usr/lib/x86_64-linux-gnu/ivl/v2005_math.vpi";
:vpi_module "/usr/lib/x86_64-linux-gnu/ivl/va_math.vpi";
:vpi_module "/usr/lib/x86_64-linux-gnu/ivl/v2009.vpi";
S_0x5733ee4d0530 .scope package, "$unit" "$unit" 2 1;
 .timescale 0 0;
S_0x5733ee4d06c0 .scope module, "tb_buttons" "tb_buttons" 3 3;
 .timescale -9 -11;
P_0x5733ee4d0850 .param/l "TICKPERIOD" 1 3 42, +C4<00000000000000000000000000010100>;
v0x5733ee502870_0 .var "COMMENT", 247 0;
v0x5733ee502950_0 .var/i "COUNT", 31 0;
v0x5733ee502a30_0 .var "ERRORS", 31 0;
v0x5733ee502af0_0 .var/i "FD", 31 0;
v0x5733ee502bd0_0 .var "LOCK", 0 0;
v0x5733ee502ce0_0 .net "OUT_LOCK", 0 0, v0x5733ee4df160_0;  1 drivers
v0x5733ee502d80_0 .var "OUT_LOCK_EXPECTED", 0 0;
v0x5733ee502e20_0 .net "OUT_PRESSED", 0 0, v0x5733ee5014e0_0;  1 drivers
v0x5733ee502ec0_0 .var "OUT_PRESSED_EXPECTED", 0 0;
v0x5733ee502f60_0 .net "OUT_TOGGLE", 0 0, L_0x5733ee4dfe50;  1 drivers
v0x5733ee503030_0 .var "OUT_TOGGLE_EXPECTED", 0 0;
v0x5733ee5030d0_0 .var "OUT_TOGGLE_EXPECTED1", 0 0;
v0x5733ee503190_0 .var "PRESSED", 0 0;
v0x5733ee503230_0 .var "TICK", 0 0;
v0x5733ee5032d0_0 .var "TOGGLE", 0 0;
v0x5733ee503390_0 .var "VECTORCOUNT", 31 0;
v0x5733ee503470_0 .var "eof", 0 0;
v0x5733ee503530_0 .var/2s "i", 31 0;
v0x5733ee503610 .array "input_coverage", 3 0, 31 0;
v0x5733ee5036d0_0 .var "prev_PRESSED", 0 0;
v0x5733ee503790_0 .var "prev_PRESSED_CHECK", 0 0;
E_0x5733ee4d20e0 .event anyedge, v0x5733ee503470_0;
E_0x5733ee4d2910 .event negedge, v0x5733ee4e0a10_0;
S_0x5733ee4d4240 .scope task, "OUT_EXP" "OUT_EXP" 3 119, 3 119 0, S_0x5733ee4d06c0;
 .timescale -9 -11;
TD_tb_buttons.OUT_EXP ;
    %load/vec4 v0x5733ee503190_0;
    %flag_set/vec4 8;
    %jmp/0xz  T_0.0, 8;
    %pushi/vec4 1, 0, 1;
    %store/vec4 v0x5733ee502ec0_0, 0, 1;
    %jmp T_0.1;
T_0.0 ;
    %pushi/vec4 0, 0, 1;
    %store/vec4 v0x5733ee502ec0_0, 0, 1;
T_0.1 ;
    %load/vec4 v0x5733ee503190_0;
    %load/vec4 v0x5733ee502bd0_0;
    %inv;
    %and;
    %flag_set/vec4 8;
    %jmp/0xz  T_0.2, 8;
    %pushi/vec4 1, 0, 1;
    %store/vec4 v0x5733ee502d80_0, 0, 1;
    %load/vec4 v0x5733ee503030_0;
    %inv;
    %store/vec4 v0x5733ee503030_0, 0, 1;
    %pushi/vec4 1, 0, 1;
    %store/vec4 v0x5733ee502bd0_0, 0, 1;
    %jmp T_0.3;
T_0.2 ;
    %load/vec4 v0x5733ee503190_0;
    %inv;
    %load/vec4 v0x5733ee502bd0_0;
    %and;
    %flag_set/vec4 8;
    %jmp/0xz  T_0.4, 8;
    %pushi/vec4 0, 0, 1;
    %store/vec4 v0x5733ee502d80_0, 0, 1;
    %pushi/vec4 0, 0, 1;
    %store/vec4 v0x5733ee502bd0_0, 0, 1;
    %jmp T_0.5;
T_0.4 ;
    %pushi/vec4 0, 0, 1;
    %store/vec4 v0x5733ee502d80_0, 0, 1;
    %load/vec4 v0x5733ee503030_0;
    %store/vec4 v0x5733ee503030_0, 0, 1;
T_0.5 ;
T_0.3 ;
    %end;
S_0x5733ee4d4420 .scope task, "close" "close" 3 157, 3 157 0, S_0x5733ee4d06c0;
 .timescale -9 -11;
TD_tb_buttons.close ;
    %delay 1000, 0;
    %vpi_call/w 3 161 "$fclose", v0x5733ee502af0_0 {0 0 0};
    %vpi_call/w 3 163 "$display" {0 0 0};
    %vpi_call/w 3 164 "$display", "COVERAGE_REPORT" {0 0 0};
    %fork t_1, S_0x5733ee47f490;
    %jmp t_0;
    .scope S_0x5733ee47f490;
t_1 ;
    %pushi/vec4 0, 0, 32;
    %store/vec4 v0x5733ee4dffb0_0, 0, 32;
T_1.6 ;
    %load/vec4 v0x5733ee4dffb0_0;
    %cmpi/s 4, 0, 32;
    %jmp/0xz T_1.7, 5;
    %ix/getv/s 4, v0x5733ee4dffb0_0;
    %load/vec4a v0x5733ee503610, 4;
    %cmpi/e 0, 0, 32;
    %jmp/0xz  T_1.8, 4;
    %vpi_call/w 3 170 "$display", "previous input PRESSED = %b and input PRESSED = %b has occured %d times ***ERROR***", &PV<v0x5733ee4dffb0_0, 1, 1>, &PV<v0x5733ee4dffb0_0, 0, 1>, &A<v0x5733ee503610, v0x5733ee4dffb0_0 > {0 0 0};
    %load/vec4 v0x5733ee502a30_0;
    %addi 1, 0, 32;
    %store/vec4 v0x5733ee502a30_0, 0, 32;
    %jmp T_1.9;
T_1.8 ;
    %vpi_call/w 3 177 "$display", "previous input PRESSED = %b and input PRESSED = %b has occured %d times", &PV<v0x5733ee4dffb0_0, 1, 1>, &PV<v0x5733ee4dffb0_0, 0, 1>, &A<v0x5733ee503610, v0x5733ee4dffb0_0 > {0 0 0};
T_1.9 ;
    ; show_stmt_assign_vector: Get l-value for compressed += operand
    %load/vec4 v0x5733ee4dffb0_0;
    %pushi/vec4 1, 0, 32;
    %add;
    %cast2;
    %store/vec4 v0x5733ee4dffb0_0, 0, 32;
    %jmp T_1.6;
T_1.7 ;
    %end;
    .scope S_0x5733ee4d4420;
t_0 %join;
    %vpi_call/w 3 183 "$display" {0 0 0};
    %vpi_call/w 3 184 "$display", "VECTORCOUNT = %d", v0x5733ee503390_0 {0 0 0};
    %vpi_call/w 3 185 "$display", "ERRORS = %15d", v0x5733ee502a30_0 {0 0 0};
    %vpi_call/w 3 186 "$display" {0 0 0};
    %vpi_call/w 3 187 "$display", "TEST_END--------------------------------------------------------------------------------------------------------------------------" {0 0 0};
    %vpi_call/w 3 188 "$display" {0 0 0};
    %vpi_call/w 3 190 "$finish" {0 0 0};
    %end;
S_0x5733ee47f490 .scope begin, "$ivl_for_loop0" "$ivl_for_loop0" 3 166, 3 166 0, S_0x5733ee4d4420;
 .timescale -9 -11;
v0x5733ee4dffb0_0 .var/2s "j", 31 0;
S_0x5733ee500a70 .scope task, "coverage_update" "coverage_update" 3 217, 3 217 0, S_0x5733ee4d06c0;
 .timescale -9 -11;
TD_tb_buttons.coverage_update ;
    ; show_stmt_assign_vector: Get l-value for compressed += operand
    %load/vec4 v0x5733ee503190_0;
    %load/vec4 v0x5733ee502bd0_0;
    %concat/vec4; draw_concat_vec4
    %pad/u 4;
    %ix/vec4 4;
    %flag_mov 8, 4;
    %load/vec4a v0x5733ee503610, 4;
    %pushi/vec4 1, 0, 32;
    %add;
    %flag_mov 4, 8;
    %store/vec4a v0x5733ee503610, 4, 0;
    %end;
S_0x5733ee500c50 .scope task, "display_file" "display_file" 3 208, 3 208 0, S_0x5733ee4d06c0;
 .timescale -9 -11;
TD_tb_buttons.display_file ;
    %vpi_call/w 3 210 "$display", "%10d %9s | %4d | %4b    | %6b      | %5b    | %5b      | %10b           | %9b         | %10b          |", v0x5733ee503390_0, v0x5733ee502870_0, $time, v0x5733ee503190_0, v0x5733ee502e20_0, v0x5733ee502ce0_0, v0x5733ee502f60_0, v0x5733ee502ec0_0, v0x5733ee502d80_0, v0x5733ee503030_0 {0 0 0};
    %end;
S_0x5733ee500e30 .scope module, "dut_buttons_lock" "buttons_lock" 3 27, 4 23 0, S_0x5733ee4d06c0;
 .timescale -9 -11;
    .port_info 0 /INPUT 1 "clk";
    .port_info 1 /INPUT 1 "pressed";
    .port_info 2 /OUTPUT 1 "out";
v0x5733ee4e0a10_0 .net "clk", 0 0, v0x5733ee503230_0;  1 drivers
v0x5733ee4d7e70_0 .var "lock", 0 0;
v0x5733ee4df160_0 .var "out", 0 0;
v0x5733ee4d7ab0_0 .net "pressed", 0 0, v0x5733ee503190_0;  1 drivers
E_0x5733ee4d2630 .event posedge, v0x5733ee4e0a10_0;
S_0x5733ee5011f0 .scope module, "dut_buttons_pressed" "buttons_pressed" 3 26, 4 2 0, S_0x5733ee4d06c0;
 .timescale -9 -11;
    .port_info 0 /INPUT 1 "clk";
    .port_info 1 /INPUT 1 "pressed";
    .port_info 2 /OUTPUT 1 "out";
v0x5733ee501420_0 .net "clk", 0 0, v0x5733ee503230_0;  alias, 1 drivers
v0x5733ee5014e0_0 .var "out", 0 0;
v0x5733ee501580_0 .net "pressed", 0 0, v0x5733ee503190_0;  alias, 1 drivers
S_0x5733ee501660 .scope module, "dut_buttons_toggle" "buttons_toggle" 3 28, 4 52 0, S_0x5733ee4d06c0;
 .timescale -9 -11;
    .port_info 0 /INPUT 1 "clk";
    .port_info 1 /INPUT 1 "pressed";
    .port_info 2 /OUTPUT 1 "out";
L_0x5733ee4dfe50 .functor BUFZ 1, v0x5733ee501bf0_0, C4<0>, C4<0>, C4<0>;
v0x5733ee501890_0 .net "clk", 0 0, v0x5733ee503230_0;  alias, 1 drivers
v0x5733ee5019a0_0 .var "lock", 0 0;
v0x5733ee501a60_0 .net "out", 0 0, L_0x5733ee4dfe50;  alias, 1 drivers
v0x5733ee501b00_0 .net "pressed", 0 0, v0x5733ee503190_0;  alias, 1 drivers
v0x5733ee501bf0_0 .var "toggle", 0 0;
S_0x5733ee501d80 .scope task, "errors_warnings_check" "errors_warnings_check" 3 229, 3 229 0, S_0x5733ee4d06c0;
 .timescale -9 -11;
TD_tb_buttons.errors_warnings_check ;
    %load/vec4 v0x5733ee502e20_0;
    %load/vec4 v0x5733ee502ec0_0;
    %cmp/ne;
    %jmp/0xz  T_4.10, 6;
    %vpi_call/w 3 234 "$display", "***ERROR: OUT_PRESSED = %b, OUT_PRESSED_expected = %b", v0x5733ee502e20_0, v0x5733ee502ec0_0 {0 0 0};
    %load/vec4 v0x5733ee502a30_0;
    %addi 1, 0, 32;
    %store/vec4 v0x5733ee502a30_0, 0, 32;
T_4.10 ;
    %load/vec4 v0x5733ee502ce0_0;
    %load/vec4 v0x5733ee502d80_0;
    %cmp/ne;
    %jmp/0xz  T_4.12, 6;
    %vpi_call/w 3 242 "$display", "***ERROR: OUT_LOCK = %b, OUT_LOCK_expected = %b", v0x5733ee502ce0_0, v0x5733ee502d80_0 {0 0 0};
    %load/vec4 v0x5733ee502a30_0;
    %addi 1, 0, 32;
    %store/vec4 v0x5733ee502a30_0, 0, 32;
T_4.12 ;
    %load/vec4 v0x5733ee502f60_0;
    %load/vec4 v0x5733ee503030_0;
    %cmp/ne;
    %jmp/0xz  T_4.14, 6;
    %vpi_call/w 3 250 "$display", "***ERROR: OUT_TOGGLE = %b, OUT_TOGGLE_expected = %b", v0x5733ee502f60_0, v0x5733ee503030_0 {0 0 0};
    %load/vec4 v0x5733ee502a30_0;
    %addi 1, 0, 32;
    %store/vec4 v0x5733ee502a30_0, 0, 32;
T_4.14 ;
    %load/vec4 v0x5733ee503190_0;
    %load/vec4 v0x5733ee503790_0;
    %cmp/ne;
    %jmp/0xz  T_4.16, 6;
    %vpi_call/w 3 257 "$display", "***ERROR: RACING CONDITION OCCUR" {0 0 0};
    %load/vec4 v0x5733ee502a30_0;
    %addi 1, 0, 32;
    %store/vec4 v0x5733ee502a30_0, 0, 32;
T_4.16 ;
    %end;
S_0x5733ee501f60 .scope task, "force_release" "force_release" 3 86, 3 86 0, S_0x5733ee4d06c0;
 .timescale -9 -11;
TD_tb_buttons.force_release ;
    %pushi/vec4 0, 0, 1;
    %force/vec4 v0x5733ee502f60_0;
    %delay 1000, 0;
    %release/net v0x5733ee502f60_0, 0, 1;
    %end;
S_0x5733ee502140 .scope task, "initialize" "initialize" 3 56, 3 56 0, S_0x5733ee4d06c0;
 .timescale -9 -11;
TD_tb_buttons.initialize ;
    %vpi_func 3 58 "$fopen" 32, "tb_buttons.tv", "r" {0 0 0};
    %store/vec4 v0x5733ee502af0_0, 0, 32;
    %vpi_func 3 59 "$fscanf" 32, v0x5733ee502af0_0, "%s", v0x5733ee502870_0 {0 0 0};
    %store/vec4 v0x5733ee502950_0, 0, 32;
    %vpi_func 3 61 "$fscanf" 32, v0x5733ee502af0_0, "%s %b %b %b %b", v0x5733ee502870_0, v0x5733ee503190_0, v0x5733ee502ec0_0, v0x5733ee502d80_0, v0x5733ee503030_0 {0 0 0};
    %store/vec4 v0x5733ee502950_0, 0, 32;
    %pushi/vec4 0, 0, 1;
    %store/vec4 v0x5733ee503230_0, 0, 1;
    %pushi/vec4 0, 0, 32;
    %store/vec4 v0x5733ee503390_0, 0, 32;
    %pushi/vec4 0, 0, 32;
    %store/vec4 v0x5733ee502a30_0, 0, 32;
    %pushi/vec4 0, 0, 32;
    %store/vec4 v0x5733ee503530_0, 0, 32;
T_6.18 ;
    %load/vec4 v0x5733ee503530_0;
    %cmpi/s 4, 0, 32;
    %jmp/0xz T_6.19, 5;
    %pushi/vec4 0, 0, 32;
    %ix/getv/s 4, v0x5733ee503530_0;
    %store/vec4a v0x5733ee503610, 4, 0;
    ; show_stmt_assign_vector: Get l-value for compressed += operand
    %load/vec4 v0x5733ee503530_0;
    %pushi/vec4 1, 0, 32;
    %add;
    %cast2;
    %store/vec4 v0x5733ee503530_0, 0, 32;
    %jmp T_6.18;
T_6.19 ;
    %pushi/vec4 0, 0, 1;
    %store/vec4 v0x5733ee503470_0, 0, 1;
    %pushi/vec4 0, 0, 1;
    %store/vec4 v0x5733ee502bd0_0, 0, 1;
    %pushi/vec4 0, 0, 1;
    %store/vec4 v0x5733ee5032d0_0, 0, 1;
    %vpi_call/w 3 74 "$display" {0 0 0};
    %vpi_call/w 3 75 "$display", "TEST_START-------------------------------------------------------------------------------------------------------------------------------------" {0 0 0};
    %vpi_call/w 3 76 "$display" {0 0 0};
    %vpi_call/w 3 77 "$display", "                     | TIME | PRESSED | OUT_PRESSED | OUT_LOCK | OUT_TOGGLE | OUT_PRESSED_EXPECTED | OUT_LOCK_EXPECTED | OUT_TOGGLE_EXPECTED |" {0 0 0};
    %vpi_call/w 3 78 "$display", "-----------------------------------------------------------------------------------------------------------------------------------------------" {0 0 0};
    %end;
S_0x5733ee5022d0 .scope task, "random_in" "random_in" 3 106, 3 106 0, S_0x5733ee4d06c0;
 .timescale -9 -11;
TD_tb_buttons.random_in ;
    %vpi_func 3 108 "$urandom" 32 {0 0 0};
    %pushi/vec4 2, 0, 32;
    %mod;
    %pad/u 1;
    %store/vec4 v0x5733ee503190_0, 0, 1;
    %pushi/vec4 0, 0, 32; draw_string_vec4
    %pushi/vec4 0, 0, 32; draw_string_vec4
    %concat/vec4; draw_string_vec4
    %pushi/vec4 0, 0, 32; draw_string_vec4
    %concat/vec4; draw_string_vec4
    %pushi/vec4 0, 0, 32; draw_string_vec4
    %concat/vec4; draw_string_vec4
    %pushi/vec4 0, 0, 32; draw_string_vec4
    %concat/vec4; draw_string_vec4
    %pushi/vec4 0, 0, 32; draw_string_vec4
    %concat/vec4; draw_string_vec4
    %pushi/vec4 0, 0, 32; draw_string_vec4
    %concat/vec4; draw_string_vec4
    %pushi/vec4 45, 0, 24; draw_string_vec4
    %concat/vec4; draw_string_vec4
    %store/vec4 v0x5733ee502870_0, 0, 248;
    %pushi/real 1717986918, 4062; load=0.100000
    %pushi/real 1677722, 4040; load=0.100000
    %add/wr;
    %vpi_func 3 112 "$urandom_range" 32, W<0,r>, 32'sb00000000000000000000000000001010 {0 1 0};
    %pad/u 64;
    %muli 100, 0, 64;
    %ix/vec4 4;
    %delayx 4;
    %end;
S_0x5733ee5024b0 .scope task, "scan_file" "scan_file" 3 97, 3 97 0, S_0x5733ee4d06c0;
 .timescale -9 -11;
TD_tb_buttons.scan_file ;
    %vpi_func 3 98 "$fscanf" 32, v0x5733ee502af0_0, "%s %b %b %b %b", v0x5733ee502870_0, v0x5733ee503190_0, v0x5733ee502ec0_0, v0x5733ee502d80_0, v0x5733ee5030d0_0 {0 0 0};
    %store/vec4 v0x5733ee502950_0, 0, 32;
    %load/vec4 v0x5733ee502950_0;
    %pushi/vec4 4294967295, 0, 32;
    %cmp/e;
    %flag_get/vec4 4;
    %store/vec4 v0x5733ee503470_0, 0, 1;
    %end;
S_0x5733ee502690 .scope task, "vectorcount" "vectorcount" 3 198, 3 198 0, S_0x5733ee4d06c0;
 .timescale -9 -11;
TD_tb_buttons.vectorcount ;
    %load/vec4 v0x5733ee503390_0;
    %addi 1, 0, 32;
    %store/vec4 v0x5733ee503390_0, 0, 32;
    %end;
    .scope S_0x5733ee5011f0;
T_10 ;
    %wait E_0x5733ee4d2630;
    %load/vec4 v0x5733ee501580_0;
    %flag_set/vec4 8;
    %jmp/0xz  T_10.0, 8;
    %pushi/vec4 1, 0, 1;
    %assign/vec4 v0x5733ee5014e0_0, 0;
    %jmp T_10.1;
T_10.0 ;
    %pushi/vec4 0, 0, 1;
    %assign/vec4 v0x5733ee5014e0_0, 0;
T_10.1 ;
    %jmp T_10;
    .thread T_10;
    .scope S_0x5733ee500e30;
T_11 ;
    %pushi/vec4 0, 0, 1;
    %store/vec4 v0x5733ee4d7e70_0, 0, 1;
    %end;
    .thread T_11, $init;
    .scope S_0x5733ee500e30;
T_12 ;
    %wait E_0x5733ee4d2630;
    %load/vec4 v0x5733ee4d7ab0_0;
    %load/vec4 v0x5733ee4d7e70_0;
    %inv;
    %and;
    %flag_set/vec4 8;
    %jmp/0xz  T_12.0, 8;
    %pushi/vec4 1, 0, 1;
    %assign/vec4 v0x5733ee4df160_0, 0;
    %pushi/vec4 1, 0, 1;
    %assign/vec4 v0x5733ee4d7e70_0, 0;
    %jmp T_12.1;
T_12.0 ;
    %load/vec4 v0x5733ee4d7ab0_0;
    %inv;
    %load/vec4 v0x5733ee4d7e70_0;
    %and;
    %flag_set/vec4 8;
    %jmp/0xz  T_12.2, 8;
    %pushi/vec4 0, 0, 1;
    %assign/vec4 v0x5733ee4df160_0, 0;
    %pushi/vec4 0, 0, 1;
    %assign/vec4 v0x5733ee4d7e70_0, 0;
    %jmp T_12.3;
T_12.2 ;
    %pushi/vec4 0, 0, 1;
    %assign/vec4 v0x5733ee4df160_0, 0;
T_12.3 ;
T_12.1 ;
    %jmp T_12;
    .thread T_12;
    .scope S_0x5733ee501660;
T_13 ;
    %pushi/vec4 0, 0, 1;
    %store/vec4 v0x5733ee5019a0_0, 0, 1;
    %end;
    .thread T_13, $init;
    .scope S_0x5733ee501660;
T_14 ;
    %wait E_0x5733ee4d2630;
    %delay 10, 0;
    %load/vec4 v0x5733ee501a60_0;
    %store/vec4 v0x5733ee501bf0_0, 0, 1;
    %jmp T_14;
    .thread T_14;
    .scope S_0x5733ee501660;
T_15 ;
    %wait E_0x5733ee4d2630;
    %load/vec4 v0x5733ee501b00_0;
    %flag_set/vec4 9;
    %flag_get/vec4 9;
    %jmp/0 T_15.2, 9;
    %load/vec4 v0x5733ee5019a0_0;
    %inv;
    %and;
T_15.2;
    %flag_set/vec4 8;
    %jmp/0xz  T_15.0, 8;
    %load/vec4 v0x5733ee501bf0_0;
    %inv;
    %assign/vec4 v0x5733ee501bf0_0, 0;
    %pushi/vec4 1, 0, 1;
    %assign/vec4 v0x5733ee5019a0_0, 0;
    %jmp T_15.1;
T_15.0 ;
    %load/vec4 v0x5733ee501b00_0;
    %inv;
    %load/vec4 v0x5733ee5019a0_0;
    %and;
    %flag_set/vec4 8;
    %jmp/0xz  T_15.3, 8;
    %pushi/vec4 0, 0, 1;
    %assign/vec4 v0x5733ee5019a0_0, 0;
T_15.3 ;
T_15.1 ;
    %jmp T_15;
    .thread T_15;
    .scope S_0x5733ee4d06c0;
T_16 ;
    %vpi_call/w 3 35 "$dumpfile", "tb_buttons.vcd" {0 0 0};
    %vpi_call/w 3 36 "$dumpvars", 32'sb00000000000000000000000000000000, S_0x5733ee4d06c0 {0 0 0};
    %end;
    .thread T_16;
    .scope S_0x5733ee4d06c0;
T_17 ;
    %delay 1000, 0;
    %load/vec4 v0x5733ee503230_0;
    %inv;
    %store/vec4 v0x5733ee503230_0, 0, 1;
    %jmp T_17;
    .thread T_17;
    .scope S_0x5733ee4d06c0;
T_18 ;
    %fork TD_tb_buttons.initialize, S_0x5733ee502140;
    %join;
    %wait E_0x5733ee4d2630;
    %fork TD_tb_buttons.force_release, S_0x5733ee501f60;
    %join;
    %end;
    .thread T_18;
    .scope S_0x5733ee4d06c0;
T_19 ;
    %wait E_0x5733ee4d2910;
    %delay 120, 0;
    %load/vec4 v0x5733ee503470_0;
    %nor/r;
    %flag_set/vec4 8;
    %jmp/0xz  T_19.0, 8;
    %fork TD_tb_buttons.scan_file, S_0x5733ee5024b0;
    %join;
T_19.0 ;
    %jmp T_19;
    .thread T_19;
    .scope S_0x5733ee4d06c0;
T_20 ;
    %wait E_0x5733ee4d2630;
    %fork TD_tb_buttons.coverage_update, S_0x5733ee500a70;
    %join;
    %load/vec4 v0x5733ee503190_0;
    %store/vec4 v0x5733ee503790_0, 0, 1;
    %delay 10, 0;
    %fork TD_tb_buttons.OUT_EXP, S_0x5733ee4d4240;
    %join;
    %fork TD_tb_buttons.display_file, S_0x5733ee500c50;
    %join;
    %fork TD_tb_buttons.errors_warnings_check, S_0x5733ee501d80;
    %join;
    %fork TD_tb_buttons.vectorcount, S_0x5733ee502690;
    %join;
    %delay 10, 0;
    %load/vec4 v0x5733ee503190_0;
    %store/vec4 v0x5733ee5036d0_0, 0, 1;
    %jmp T_20;
    .thread T_20;
    .scope S_0x5733ee4d06c0;
T_21 ;
T_21.0 ;
    %load/vec4 v0x5733ee503470_0;
    %cmpi/ne 1, 0, 1;
    %jmp/0xz T_21.1, 6;
    %wait E_0x5733ee4d20e0;
    %jmp T_21.0;
T_21.1 ;
    %vpi_call/w 3 324 "$display" {0 0 0};
    %vpi_call/w 3 325 "$display", "%13s ***time = %0d,eof ***", "\000", $time {0 0 0};
    %vpi_call/w 3 326 "$display" {0 0 0};
    %pushi/vec4 0, 0, 32;
    %store/vec4 v0x5733ee503530_0, 0, 32;
T_21.2 ;
    %load/vec4 v0x5733ee503530_0;
    %cmpi/s 50, 0, 32;
    %jmp/0xz T_21.3, 5;
    %load/vec4 v0x5733ee503190_0;
    %pad/u 2;
    %cmpi/e 2, 0, 2;
    %jmp/0xz  T_21.4, 4;
    %fork TD_tb_buttons.vectorcount, S_0x5733ee502690;
    %join;
    %fork TD_tb_buttons.close, S_0x5733ee4d4420;
    %join;
    %jmp T_21.5;
T_21.4 ;
    %fork TD_tb_buttons.random_in, S_0x5733ee5022d0;
    %join;
T_21.5 ;
    ; show_stmt_assign_vector: Get l-value for compressed += operand
    %load/vec4 v0x5733ee503530_0;
    %pushi/vec4 1, 0, 32;
    %add;
    %cast2;
    %store/vec4 v0x5733ee503530_0, 0, 32;
    %jmp T_21.2;
T_21.3 ;
    %fork TD_tb_buttons.close, S_0x5733ee4d4420;
    %join;
    %end;
    .thread T_21;
# The file index is used to find the file name in the following table.
:file_names 5;
    "N/A";
    "<interactive>";
    "-";
    "tb_buttons.v";
    "buttons.v";
