#! /usr/bin/vvp
:ivl_version "12.0 (stable)";
:ivl_delay_selection "TYPICAL";
:vpi_time_precision - 11;
:vpi_module "/usr/lib/x86_64-linux-gnu/ivl/system.vpi";
:vpi_module "/usr/lib/x86_64-linux-gnu/ivl/vhdl_sys.vpi";
:vpi_module "/usr/lib/x86_64-linux-gnu/ivl/vhdl_textio.vpi";
:vpi_module "/usr/lib/x86_64-linux-gnu/ivl/v2005_math.vpi";
:vpi_module "/usr/lib/x86_64-linux-gnu/ivl/va_math.vpi";
:vpi_module "/usr/lib/x86_64-linux-gnu/ivl/v2009.vpi";
S_0x5d6cdd123bd0 .scope package, "$unit" "$unit" 2 1;
 .timescale 0 0;
S_0x5d6cdd123d60 .scope module, "tb_encoder_to_decoder" "tb_encoder_to_decoder" 3 3;
 .timescale -9 -11;
P_0x5d6cdd123ef0 .param/l "TICKPERIOD" 1 3 38, +C4<00000000000000000000000000010100>;
v0x5d6cdd152320_0 .var "COMMENT", 247 0;
v0x5d6cdd152400_0 .var/i "COUNT", 31 0;
v0x5d6cdd1524e0_0 .var "ERRORS", 31 0;
v0x5d6cdd1525a0_0 .var/i "FD", 31 0;
v0x5d6cdd152680_0 .var "IN", 7 0;
v0x5d6cdd1527e0_0 .var "J", 7 0;
v0x5d6cdd1528c0_0 .net "OUT", 7 0, v0x5d6cdd151110_0;  1 drivers
v0x5d6cdd1529d0_0 .var "OUT_EXPECTED", 7 0;
v0x5d6cdd152ab0_0 .var "TICK", 0 0;
v0x5d6cdd152b70_0 .var "VECTORCOUNT", 31 0;
v0x5d6cdd152c50_0 .var "eof", 0 0;
v0x5d6cdd152d10_0 .var/2s "i", 31 0;
v0x5d6cdd152df0 .array "input_coverage", 7 0, 31 0;
E_0x5d6cdd126cb0 .event anyedge, v0x5d6cdd152c50_0;
E_0x5d6cdd127160 .event posedge, v0x5d6cdd152ab0_0;
E_0x5d6cdd126cf0 .event negedge, v0x5d6cdd152ab0_0;
S_0x5d6cdd1222c0 .scope task, "OUT_EXP" "OUT_EXP" 3 106, 3 106 0, S_0x5d6cdd123d60;
 .timescale -9 -11;
TD_tb_encoder_to_decoder.OUT_EXP ;
    %fork t_1, S_0x5d6cdd1224a0;
    %jmp t_0;
    .scope S_0x5d6cdd1224a0;
t_1 ;
    %pushi/vec4 0, 0, 1;
    %store/vec4 v0x5d6cdd14f8f0_0, 0, 1;
    %fork t_3, S_0x5d6cdd0d3490;
    %jmp t_2;
    .scope S_0x5d6cdd0d3490;
t_3 ;
    %pushi/vec4 0, 0, 32;
    %store/vec4 v0x5d6cdd0d3670_0, 0, 32;
T_0.0 ;
    %load/vec4 v0x5d6cdd0d3670_0;
    %cmpi/s 8, 0, 32;
    %jmp/0xz T_0.1, 5;
    %pushi/vec4 0, 0, 8;
    %store/vec4 v0x5d6cdd1527e0_0, 0, 8;
    %pushi/vec4 1, 0, 1;
    %ix/getv/s 4, v0x5d6cdd0d3670_0;
    %store/vec4 v0x5d6cdd1527e0_0, 4, 1;
    %load/vec4 v0x5d6cdd14f8f0_0;
    %nor/r;
    %flag_set/vec4 9;
    %flag_get/vec4 9;
    %jmp/0 T_0.4, 9;
    %load/vec4 v0x5d6cdd152680_0;
    %load/vec4 v0x5d6cdd0d3670_0;
    %part/s 1;
    %and;
T_0.4;
    %flag_set/vec4 8;
    %jmp/0xz  T_0.2, 8;
    %load/vec4 v0x5d6cdd1527e0_0;
    %store/vec4 v0x5d6cdd1529d0_0, 0, 8;
    %pushi/vec4 1, 0, 1;
    %store/vec4 v0x5d6cdd14f8f0_0, 0, 1;
T_0.2 ;
    ; show_stmt_assign_vector: Get l-value for compressed += operand
    %load/vec4 v0x5d6cdd0d3670_0;
    %pushi/vec4 1, 0, 32;
    %add;
    %cast2;
    %store/vec4 v0x5d6cdd0d3670_0, 0, 32;
    %jmp T_0.0;
T_0.1 ;
    %end;
    .scope S_0x5d6cdd1224a0;
t_2 %join;
    %load/vec4 v0x5d6cdd152680_0;
    %cmpi/e 0, 0, 8;
    %jmp/0xz  T_0.5, 4;
    %pushi/vec4 255, 255, 8;
    %store/vec4 v0x5d6cdd1529d0_0, 0, 8;
T_0.5 ;
    %end;
    .scope S_0x5d6cdd1222c0;
t_0 %join;
    %end;
S_0x5d6cdd1224a0 .scope begin, "$unm_blk_7" "$unm_blk_7" 3 106, 3 106 0, S_0x5d6cdd1222c0;
 .timescale -9 -11;
v0x5d6cdd14f8f0_0 .var "found", 0 0;
S_0x5d6cdd0d3490 .scope begin, "$ivl_for_loop0" "$ivl_for_loop0" 3 111, 3 111 0, S_0x5d6cdd1224a0;
 .timescale -9 -11;
v0x5d6cdd0d3670_0 .var/2s "j", 31 0;
S_0x5d6cdd14f9d0 .scope task, "close" "close" 3 132, 3 132 0, S_0x5d6cdd123d60;
 .timescale -9 -11;
TD_tb_encoder_to_decoder.close ;
    %delay 1000, 0;
    %vpi_call/w 3 136 "$fclose", v0x5d6cdd1525a0_0 {0 0 0};
    %vpi_call/w 3 138 "$display" {0 0 0};
    %vpi_call/w 3 139 "$display", "COVERAGE_REPORT" {0 0 0};
    %fork t_5, S_0x5d6cdd14fbd0;
    %jmp t_4;
    .scope S_0x5d6cdd14fbd0;
t_5 ;
    %pushi/vec4 0, 0, 32;
    %store/vec4 v0x5d6cdd1500b0_0, 0, 32;
T_1.7 ;
    %load/vec4 v0x5d6cdd1500b0_0;
    %cmpi/s 8, 0, 32;
    %jmp/0xz T_1.8, 5;
    %pushi/vec4 0, 0, 8;
    %store/vec4 v0x5d6cdd1527e0_0, 0, 8;
    %pushi/vec4 1, 0, 1;
    %ix/getv/s 4, v0x5d6cdd1500b0_0;
    %store/vec4 v0x5d6cdd1527e0_0, 4, 1;
    %fork t_7, S_0x5d6cdd14fdb0;
    %jmp t_6;
    .scope S_0x5d6cdd14fdb0;
t_7 ;
    %pushi/vec4 1, 0, 32;
    %load/vec4 v0x5d6cdd1500b0_0;
    %add;
    %cast2;
    %store/vec4 v0x5d6cdd14ffb0_0, 0, 32;
T_1.9 ;
    %load/vec4 v0x5d6cdd14ffb0_0;
    %cmpi/s 8, 0, 32;
    %jmp/0xz T_1.10, 5;
    %pushi/vec4 1, 1, 1;
    %ix/getv/s 4, v0x5d6cdd14ffb0_0;
    %store/vec4 v0x5d6cdd1527e0_0, 4, 1;
    ; show_stmt_assign_vector: Get l-value for compressed += operand
    %load/vec4 v0x5d6cdd14ffb0_0;
    %pushi/vec4 1, 0, 32;
    %add;
    %cast2;
    %store/vec4 v0x5d6cdd14ffb0_0, 0, 32;
    %jmp T_1.9;
T_1.10 ;
    %end;
    .scope S_0x5d6cdd14fbd0;
t_6 %join;
    %ix/getv/s 4, v0x5d6cdd1500b0_0;
    %load/vec4a v0x5d6cdd152df0, 4;
    %cmpi/e 0, 0, 32;
    %jmp/0xz  T_1.11, 4;
    %vpi_call/w 3 151 "$display", "input IN = %b has occured %d times ***ERROR***", v0x5d6cdd1527e0_0, &A<v0x5d6cdd152df0, v0x5d6cdd1500b0_0 > {0 0 0};
    %load/vec4 v0x5d6cdd1524e0_0;
    %addi 1, 0, 32;
    %store/vec4 v0x5d6cdd1524e0_0, 0, 32;
    %jmp T_1.12;
T_1.11 ;
    %vpi_call/w 3 156 "$display", "input IN = %b has occured %d times", v0x5d6cdd1527e0_0, &A<v0x5d6cdd152df0, v0x5d6cdd1500b0_0 > {0 0 0};
T_1.12 ;
    ; show_stmt_assign_vector: Get l-value for compressed += operand
    %load/vec4 v0x5d6cdd1500b0_0;
    %pushi/vec4 1, 0, 32;
    %add;
    %cast2;
    %store/vec4 v0x5d6cdd1500b0_0, 0, 32;
    %jmp T_1.7;
T_1.8 ;
    %end;
    .scope S_0x5d6cdd14f9d0;
t_4 %join;
    %vpi_call/w 3 162 "$display" {0 0 0};
    %vpi_call/w 3 163 "$display", "VECTORCOUNT = %d", v0x5d6cdd152b70_0 {0 0 0};
    %vpi_call/w 3 164 "$display", "ERRORS = %15d", v0x5d6cdd1524e0_0 {0 0 0};
    %vpi_call/w 3 165 "$display" {0 0 0};
    %vpi_call/w 3 166 "$display", "TEST_END--------------------------------------------------------------------------------------------------------------------------" {0 0 0};
    %vpi_call/w 3 167 "$display" {0 0 0};
    %vpi_call/w 3 169 "$finish" {0 0 0};
    %end;
S_0x5d6cdd14fbd0 .scope begin, "$ivl_for_loop1" "$ivl_for_loop1" 3 141, 3 141 0, S_0x5d6cdd14f9d0;
 .timescale -9 -11;
v0x5d6cdd1500b0_0 .var/2s "j", 31 0;
S_0x5d6cdd14fdb0 .scope begin, "$ivl_for_loop2" "$ivl_for_loop2" 3 146, 3 146 0, S_0x5d6cdd14fbd0;
 .timescale -9 -11;
v0x5d6cdd14ffb0_0 .var/2s "k", 31 0;
S_0x5d6cdd1501b0 .scope task, "coverage_update" "coverage_update" 3 196, 3 196 0, S_0x5d6cdd123d60;
 .timescale -9 -11;
TD_tb_encoder_to_decoder.coverage_update ;
    %fork t_9, S_0x5d6cdd1503c0;
    %jmp t_8;
    .scope S_0x5d6cdd1503c0;
t_9 ;
    %pushi/vec4 0, 0, 1;
    %store/vec4 v0x5d6cdd1508a0_0, 0, 1;
    %fork t_11, S_0x5d6cdd1505a0;
    %jmp t_10;
    .scope S_0x5d6cdd1505a0;
t_11 ;
    %pushi/vec4 0, 0, 32;
    %store/vec4 v0x5d6cdd1507a0_0, 0, 32;
T_2.13 ;
    %load/vec4 v0x5d6cdd1507a0_0;
    %cmpi/s 8, 0, 32;
    %jmp/0xz T_2.14, 5;
    %load/vec4 v0x5d6cdd1508a0_0;
    %nor/r;
    %flag_set/vec4 9;
    %flag_get/vec4 9;
    %jmp/0 T_2.17, 9;
    %load/vec4 v0x5d6cdd152680_0;
    %load/vec4 v0x5d6cdd1507a0_0;
    %part/s 1;
    %and;
T_2.17;
    %flag_set/vec4 8;
    %jmp/0xz  T_2.15, 8;
    %ix/getv/s 4, v0x5d6cdd1507a0_0;
    %load/vec4a v0x5d6cdd152df0, 4;
    %addi 1, 0, 32;
    %ix/getv/s 4, v0x5d6cdd1507a0_0;
    %store/vec4a v0x5d6cdd152df0, 4, 0;
    %pushi/vec4 1, 0, 1;
    %store/vec4 v0x5d6cdd1508a0_0, 0, 1;
T_2.15 ;
    ; show_stmt_assign_vector: Get l-value for compressed += operand
    %load/vec4 v0x5d6cdd1507a0_0;
    %pushi/vec4 1, 0, 32;
    %add;
    %cast2;
    %store/vec4 v0x5d6cdd1507a0_0, 0, 32;
    %jmp T_2.13;
T_2.14 ;
    %end;
    .scope S_0x5d6cdd1503c0;
t_10 %join;
    %end;
    .scope S_0x5d6cdd1501b0;
t_8 %join;
    %end;
S_0x5d6cdd1503c0 .scope begin, "$unm_blk_17" "$unm_blk_17" 3 196, 3 196 0, S_0x5d6cdd1501b0;
 .timescale -9 -11;
v0x5d6cdd1508a0_0 .var "found", 0 0;
S_0x5d6cdd1505a0 .scope begin, "$ivl_for_loop3" "$ivl_for_loop3" 3 201, 3 201 0, S_0x5d6cdd1503c0;
 .timescale -9 -11;
v0x5d6cdd1507a0_0 .var/2s "j", 31 0;
S_0x5d6cdd150980 .scope task, "display_file" "display_file" 3 187, 3 187 0, S_0x5d6cdd123d60;
 .timescale -9 -11;
TD_tb_encoder_to_decoder.display_file ;
    %vpi_call/w 3 189 "$display", "%10d %9s | %4d | %8b | %8b |   %8b   |", v0x5d6cdd152b70_0, v0x5d6cdd152320_0, $time, v0x5d6cdd152680_0, v0x5d6cdd1528c0_0, v0x5d6cdd1529d0_0 {0 0 0};
    %end;
S_0x5d6cdd150b60 .scope module, "dut_encoder_to_decoder" "encoder_to_decoder" 3 23, 4 1 0, S_0x5d6cdd123d60;
 .timescale -9 -11;
    .port_info 0 /INPUT 8 "in";
    .port_info 1 /OUTPUT 8 "out";
v0x5d6cdd1516f0_0 .net "in", 7 0, v0x5d6cdd152680_0;  1 drivers
v0x5d6cdd1517e0_0 .net "out", 7 0, v0x5d6cdd151110_0;  alias, 1 drivers
v0x5d6cdd1518b0_0 .net "out_en", 2 0, v0x5d6cdd1515f0_0;  1 drivers
S_0x5d6cdd150db0 .scope module, "dut_decoder" "decoder" 4 8, 4 39 0, S_0x5d6cdd150b60;
 .timescale -9 -11;
    .port_info 0 /INPUT 3 "in";
    .port_info 1 /OUTPUT 8 "out";
v0x5d6cdd151010_0 .net "in", 2 0, v0x5d6cdd1515f0_0;  alias, 1 drivers
v0x5d6cdd151110_0 .var "out", 7 0;
E_0x5d6cdd130420 .event anyedge, v0x5d6cdd151010_0;
S_0x5d6cdd151250 .scope module, "dut_encoder" "encoder" 4 7, 4 15 0, S_0x5d6cdd150b60;
 .timescale -9 -11;
    .port_info 0 /INPUT 8 "in";
    .port_info 1 /OUTPUT 3 "out";
v0x5d6cdd1514f0_0 .net "in", 7 0, v0x5d6cdd152680_0;  alias, 1 drivers
v0x5d6cdd1515f0_0 .var "out", 2 0;
E_0x5d6cdd151470 .event anyedge, v0x5d6cdd1514f0_0;
S_0x5d6cdd151a10 .scope task, "errors_warnings_check" "errors_warnings_check" 3 217, 3 217 0, S_0x5d6cdd123d60;
 .timescale -9 -11;
TD_tb_encoder_to_decoder.errors_warnings_check ;
    %load/vec4 v0x5d6cdd1528c0_0;
    %load/vec4 v0x5d6cdd1529d0_0;
    %cmp/ne;
    %jmp/0xz  T_4.18, 6;
    %vpi_call/w 3 222 "$display", "***ERROR: OUT = %b, OUT_expected = %b", v0x5d6cdd1528c0_0, v0x5d6cdd1529d0_0 {0 0 0};
    %load/vec4 v0x5d6cdd1524e0_0;
    %addi 1, 0, 32;
    %store/vec4 v0x5d6cdd1524e0_0, 0, 32;
T_4.18 ;
    %end;
S_0x5d6cdd151bf0 .scope task, "initialize" "initialize" 3 52, 3 52 0, S_0x5d6cdd123d60;
 .timescale -9 -11;
TD_tb_encoder_to_decoder.initialize ;
    %vpi_func 3 54 "$fopen" 32, "tb_encoder_to_decoder.tv", "r" {0 0 0};
    %store/vec4 v0x5d6cdd1525a0_0, 0, 32;
    %vpi_func 3 55 "$fscanf" 32, v0x5d6cdd1525a0_0, "%s", v0x5d6cdd152320_0 {0 0 0};
    %store/vec4 v0x5d6cdd152400_0, 0, 32;
    %vpi_func 3 57 "$fscanf" 32, v0x5d6cdd1525a0_0, "%s %b %b", v0x5d6cdd152320_0, v0x5d6cdd152680_0, v0x5d6cdd1529d0_0 {0 0 0};
    %store/vec4 v0x5d6cdd152400_0, 0, 32;
    %pushi/vec4 0, 0, 1;
    %store/vec4 v0x5d6cdd152ab0_0, 0, 1;
    %pushi/vec4 0, 0, 32;
    %store/vec4 v0x5d6cdd152b70_0, 0, 32;
    %pushi/vec4 0, 0, 32;
    %store/vec4 v0x5d6cdd1524e0_0, 0, 32;
    %pushi/vec4 0, 0, 32;
    %store/vec4 v0x5d6cdd152d10_0, 0, 32;
T_5.20 ;
    %load/vec4 v0x5d6cdd152d10_0;
    %cmpi/s 8, 0, 32;
    %jmp/0xz T_5.21, 5;
    %pushi/vec4 0, 0, 32;
    %ix/getv/s 4, v0x5d6cdd152d10_0;
    %store/vec4a v0x5d6cdd152df0, 4, 0;
    ; show_stmt_assign_vector: Get l-value for compressed += operand
    %load/vec4 v0x5d6cdd152d10_0;
    %pushi/vec4 1, 0, 32;
    %add;
    %cast2;
    %store/vec4 v0x5d6cdd152d10_0, 0, 32;
    %jmp T_5.20;
T_5.21 ;
    %pushi/vec4 0, 0, 1;
    %store/vec4 v0x5d6cdd152c50_0, 0, 1;
    %vpi_call/w 3 69 "$display" {0 0 0};
    %vpi_call/w 3 70 "$display", "TEST_START-------------------------------------------------------------------------------------------------------------------------------------" {0 0 0};
    %vpi_call/w 3 71 "$display" {0 0 0};
    %vpi_call/w 3 72 "$display", "                     | TIME |    IN    |   OUT    | OUT_EXPECTED |" {0 0 0};
    %vpi_call/w 3 73 "$display", "-----------------------------------------------------------------------------------------------------------------------------------------------" {0 0 0};
    %end;
S_0x5d6cdd151dd0 .scope task, "random_in" "random_in" 3 93, 3 93 0, S_0x5d6cdd123d60;
 .timescale -9 -11;
TD_tb_encoder_to_decoder.random_in ;
    %vpi_func 3 96 "$urandom" 32 {0 0 0};
    %pushi/vec4 128, 0, 32;
    %mod;
    %pad/u 8;
    %store/vec4 v0x5d6cdd152680_0, 0, 8;
    %pushi/vec4 0, 0, 32; draw_string_vec4
    %pushi/vec4 0, 0, 32; draw_string_vec4
    %concat/vec4; draw_string_vec4
    %pushi/vec4 0, 0, 32; draw_string_vec4
    %concat/vec4; draw_string_vec4
    %pushi/vec4 0, 0, 32; draw_string_vec4
    %concat/vec4; draw_string_vec4
    %pushi/vec4 0, 0, 32; draw_string_vec4
    %concat/vec4; draw_string_vec4
    %pushi/vec4 0, 0, 32; draw_string_vec4
    %concat/vec4; draw_string_vec4
    %pushi/vec4 0, 0, 32; draw_string_vec4
    %concat/vec4; draw_string_vec4
    %pushi/vec4 45, 0, 24; draw_string_vec4
    %concat/vec4; draw_string_vec4
    %store/vec4 v0x5d6cdd152320_0, 0, 248;
    %pushi/real 1717986918, 4062; load=0.100000
    %pushi/real 1677722, 4040; load=0.100000
    %add/wr;
    %vpi_func 3 99 "$urandom_range" 32, W<0,r>, 32'sb00000000000000000000000000001010 {0 1 0};
    %pad/u 64;
    %muli 100, 0, 64;
    %ix/vec4 4;
    %delayx 4;
    %end;
S_0x5d6cdd151fb0 .scope task, "scan_file" "scan_file" 3 83, 3 83 0, S_0x5d6cdd123d60;
 .timescale -9 -11;
TD_tb_encoder_to_decoder.scan_file ;
    %vpi_func 3 85 "$fscanf" 32, v0x5d6cdd1525a0_0, "%s %b %b", v0x5d6cdd152320_0, v0x5d6cdd152680_0, v0x5d6cdd1529d0_0 {0 0 0};
    %store/vec4 v0x5d6cdd152400_0, 0, 32;
    %load/vec4 v0x5d6cdd152400_0;
    %pushi/vec4 4294967295, 0, 32;
    %cmp/e;
    %flag_get/vec4 4;
    %store/vec4 v0x5d6cdd152c50_0, 0, 1;
    %end;
S_0x5d6cdd152190 .scope task, "vectorcount" "vectorcount" 3 177, 3 177 0, S_0x5d6cdd123d60;
 .timescale -9 -11;
TD_tb_encoder_to_decoder.vectorcount ;
    %load/vec4 v0x5d6cdd152b70_0;
    %addi 1, 0, 32;
    %store/vec4 v0x5d6cdd152b70_0, 0, 32;
    %end;
    .scope S_0x5d6cdd151250;
T_9 ;
    %wait E_0x5d6cdd151470;
    %load/vec4 v0x5d6cdd1514f0_0;
    %dup/vec4;
    %pushi/vec4 1, 254, 8;
    %cmp/z;
    %jmp/1 T_9.0, 4;
    %dup/vec4;
    %pushi/vec4 2, 252, 8;
    %cmp/z;
    %jmp/1 T_9.1, 4;
    %dup/vec4;
    %pushi/vec4 4, 248, 8;
    %cmp/z;
    %jmp/1 T_9.2, 4;
    %dup/vec4;
    %pushi/vec4 8, 240, 8;
    %cmp/z;
    %jmp/1 T_9.3, 4;
    %dup/vec4;
    %pushi/vec4 16, 224, 8;
    %cmp/z;
    %jmp/1 T_9.4, 4;
    %dup/vec4;
    %pushi/vec4 32, 192, 8;
    %cmp/z;
    %jmp/1 T_9.5, 4;
    %dup/vec4;
    %pushi/vec4 64, 128, 8;
    %cmp/z;
    %jmp/1 T_9.6, 4;
    %dup/vec4;
    %pushi/vec4 128, 0, 8;
    %cmp/z;
    %jmp/1 T_9.7, 4;
    %pushi/vec4 7, 7, 3;
    %store/vec4 v0x5d6cdd1515f0_0, 0, 3;
    %jmp T_9.9;
T_9.0 ;
    %pushi/vec4 0, 0, 3;
    %store/vec4 v0x5d6cdd1515f0_0, 0, 3;
    %jmp T_9.9;
T_9.1 ;
    %pushi/vec4 1, 0, 3;
    %store/vec4 v0x5d6cdd1515f0_0, 0, 3;
    %jmp T_9.9;
T_9.2 ;
    %pushi/vec4 2, 0, 3;
    %store/vec4 v0x5d6cdd1515f0_0, 0, 3;
    %jmp T_9.9;
T_9.3 ;
    %pushi/vec4 3, 0, 3;
    %store/vec4 v0x5d6cdd1515f0_0, 0, 3;
    %jmp T_9.9;
T_9.4 ;
    %pushi/vec4 4, 0, 3;
    %store/vec4 v0x5d6cdd1515f0_0, 0, 3;
    %jmp T_9.9;
T_9.5 ;
    %pushi/vec4 5, 0, 3;
    %store/vec4 v0x5d6cdd1515f0_0, 0, 3;
    %jmp T_9.9;
T_9.6 ;
    %pushi/vec4 6, 0, 3;
    %store/vec4 v0x5d6cdd1515f0_0, 0, 3;
    %jmp T_9.9;
T_9.7 ;
    %pushi/vec4 7, 0, 3;
    %store/vec4 v0x5d6cdd1515f0_0, 0, 3;
    %jmp T_9.9;
T_9.9 ;
    %pop/vec4 1;
    %jmp T_9;
    .thread T_9, $push;
    .scope S_0x5d6cdd150db0;
T_10 ;
    %wait E_0x5d6cdd130420;
    %load/vec4 v0x5d6cdd151010_0;
    %dup/vec4;
    %pushi/vec4 0, 0, 3;
    %cmp/u;
    %jmp/1 T_10.0, 6;
    %dup/vec4;
    %pushi/vec4 1, 0, 3;
    %cmp/u;
    %jmp/1 T_10.1, 6;
    %dup/vec4;
    %pushi/vec4 2, 0, 3;
    %cmp/u;
    %jmp/1 T_10.2, 6;
    %dup/vec4;
    %pushi/vec4 3, 0, 3;
    %cmp/u;
    %jmp/1 T_10.3, 6;
    %dup/vec4;
    %pushi/vec4 4, 0, 3;
    %cmp/u;
    %jmp/1 T_10.4, 6;
    %dup/vec4;
    %pushi/vec4 5, 0, 3;
    %cmp/u;
    %jmp/1 T_10.5, 6;
    %dup/vec4;
    %pushi/vec4 6, 0, 3;
    %cmp/u;
    %jmp/1 T_10.6, 6;
    %dup/vec4;
    %pushi/vec4 7, 0, 3;
    %cmp/u;
    %jmp/1 T_10.7, 6;
    %pushi/vec4 255, 255, 8;
    %store/vec4 v0x5d6cdd151110_0, 0, 8;
    %jmp T_10.9;
T_10.0 ;
    %pushi/vec4 1, 0, 8;
    %store/vec4 v0x5d6cdd151110_0, 0, 8;
    %jmp T_10.9;
T_10.1 ;
    %pushi/vec4 2, 0, 8;
    %store/vec4 v0x5d6cdd151110_0, 0, 8;
    %jmp T_10.9;
T_10.2 ;
    %pushi/vec4 4, 0, 8;
    %store/vec4 v0x5d6cdd151110_0, 0, 8;
    %jmp T_10.9;
T_10.3 ;
    %pushi/vec4 8, 0, 8;
    %store/vec4 v0x5d6cdd151110_0, 0, 8;
    %jmp T_10.9;
T_10.4 ;
    %pushi/vec4 16, 0, 8;
    %store/vec4 v0x5d6cdd151110_0, 0, 8;
    %jmp T_10.9;
T_10.5 ;
    %pushi/vec4 32, 0, 8;
    %store/vec4 v0x5d6cdd151110_0, 0, 8;
    %jmp T_10.9;
T_10.6 ;
    %pushi/vec4 64, 0, 8;
    %store/vec4 v0x5d6cdd151110_0, 0, 8;
    %jmp T_10.9;
T_10.7 ;
    %pushi/vec4 128, 0, 8;
    %store/vec4 v0x5d6cdd151110_0, 0, 8;
    %jmp T_10.9;
T_10.9 ;
    %pop/vec4 1;
    %jmp T_10;
    .thread T_10, $push;
    .scope S_0x5d6cdd123d60;
T_11 ;
    %vpi_call/w 3 31 "$dumpfile", "tb_encoder_to_decoder.vcd" {0 0 0};
    %vpi_call/w 3 32 "$dumpvars", 32'sb00000000000000000000000000000000, S_0x5d6cdd123d60 {0 0 0};
    %end;
    .thread T_11;
    .scope S_0x5d6cdd123d60;
T_12 ;
    %delay 1000, 0;
    %load/vec4 v0x5d6cdd152ab0_0;
    %inv;
    %store/vec4 v0x5d6cdd152ab0_0, 0, 1;
    %jmp T_12;
    .thread T_12;
    .scope S_0x5d6cdd123d60;
T_13 ;
    %fork TD_tb_encoder_to_decoder.initialize, S_0x5d6cdd151bf0;
    %join;
    %end;
    .thread T_13;
    .scope S_0x5d6cdd123d60;
T_14 ;
    %wait E_0x5d6cdd126cf0;
    %delay 120, 0;
    %load/vec4 v0x5d6cdd152c50_0;
    %nor/r;
    %flag_set/vec4 8;
    %jmp/0xz  T_14.0, 8;
    %fork TD_tb_encoder_to_decoder.scan_file, S_0x5d6cdd151fb0;
    %join;
T_14.0 ;
    %jmp T_14;
    .thread T_14;
    .scope S_0x5d6cdd123d60;
T_15 ;
    %wait E_0x5d6cdd127160;
    %fork TD_tb_encoder_to_decoder.coverage_update, S_0x5d6cdd1501b0;
    %join;
    %delay 10, 0;
    %fork TD_tb_encoder_to_decoder.OUT_EXP, S_0x5d6cdd1222c0;
    %join;
    %fork TD_tb_encoder_to_decoder.display_file, S_0x5d6cdd150980;
    %join;
    %fork TD_tb_encoder_to_decoder.errors_warnings_check, S_0x5d6cdd151a10;
    %join;
    %fork TD_tb_encoder_to_decoder.vectorcount, S_0x5d6cdd152190;
    %join;
    %jmp T_15;
    .thread T_15;
    .scope S_0x5d6cdd123d60;
T_16 ;
T_16.0 ;
    %load/vec4 v0x5d6cdd152c50_0;
    %cmpi/ne 1, 0, 1;
    %jmp/0xz T_16.1, 6;
    %wait E_0x5d6cdd126cb0;
    %jmp T_16.0;
T_16.1 ;
    %vpi_call/w 3 281 "$display" {0 0 0};
    %vpi_call/w 3 282 "$display", "%13s ***time = %0d,eof ***", "\000", $time {0 0 0};
    %vpi_call/w 3 283 "$display" {0 0 0};
    %pushi/vec4 0, 0, 32;
    %store/vec4 v0x5d6cdd152d10_0, 0, 32;
T_16.2 ;
    %load/vec4 v0x5d6cdd152d10_0;
    %cmpi/s 50, 0, 32;
    %jmp/0xz T_16.3, 5;
    %load/vec4 v0x5d6cdd152680_0;
    %pad/u 9;
    %cmpi/e 256, 0, 9;
    %jmp/0xz  T_16.4, 4;
    %fork TD_tb_encoder_to_decoder.vectorcount, S_0x5d6cdd152190;
    %join;
    %fork TD_tb_encoder_to_decoder.close, S_0x5d6cdd14f9d0;
    %join;
    %jmp T_16.5;
T_16.4 ;
    %fork TD_tb_encoder_to_decoder.random_in, S_0x5d6cdd151dd0;
    %join;
T_16.5 ;
    ; show_stmt_assign_vector: Get l-value for compressed += operand
    %load/vec4 v0x5d6cdd152d10_0;
    %pushi/vec4 1, 0, 32;
    %add;
    %cast2;
    %store/vec4 v0x5d6cdd152d10_0, 0, 32;
    %jmp T_16.2;
T_16.3 ;
    %fork TD_tb_encoder_to_decoder.close, S_0x5d6cdd14f9d0;
    %join;
    %end;
    .thread T_16;
# The file index is used to find the file name in the following table.
:file_names 5;
    "N/A";
    "<interactive>";
    "-";
    "tb_encoder_to_decoder.v";
    "encoder_to_decoder.v";
