#! /usr/bin/vvp
:ivl_version "12.0 (stable)";
:ivl_delay_selection "TYPICAL";
:vpi_time_precision - 11;
:vpi_module "/usr/lib/x86_64-linux-gnu/ivl/system.vpi";
:vpi_module "/usr/lib/x86_64-linux-gnu/ivl/vhdl_sys.vpi";
:vpi_module "/usr/lib/x86_64-linux-gnu/ivl/vhdl_textio.vpi";
:vpi_module "/usr/lib/x86_64-linux-gnu/ivl/v2005_math.vpi";
:vpi_module "/usr/lib/x86_64-linux-gnu/ivl/va_math.vpi";
:vpi_module "/usr/lib/x86_64-linux-gnu/ivl/v2009.vpi";
S_0x5fcf789fb4f0 .scope package, "$unit" "$unit" 2 1;
 .timescale 0 0;
S_0x5fcf789f27a0 .scope module, "tb_d_flip_flop" "tb_d_flip_flop" 3 3;
 .timescale -9 -11;
P_0x5fcf789f2930 .param/l "TICKPERIOD" 1 3 45, +C4<00000000000000000000000000010100>;
v0x5fcf78a23680_0 .var "COMMENT", 71 0;
v0x5fcf78a23780_0 .var "COMMENT1", 71 0;
v0x5fcf78a23860_0 .var "COMMENT2", 71 0;
v0x5fcf78a23920_0 .var/i "COUNT", 31 0;
v0x5fcf78a23a00_0 .var "D", 0 0;
v0x5fcf78a23af0_0 .var "ERRORS", 31 0;
v0x5fcf78a23bd0_0 .var/i "FD", 31 0;
v0x5fcf78a23cb0_0 .var "QBAREXPECTED", 0 0;
v0x5fcf78a23d70_0 .net "QBAR_beh", 0 0, L_0x5fcf78a256e0;  1 drivers
v0x5fcf78a23ea0_0 .net "QBAR_data", 0 0, L_0x5fcf78a255c0;  1 drivers
v0x5fcf78a23f40_0 .net "QBAR_gate", 0 0, L_0x5fcf78a24d00;  1 drivers
v0x5fcf78a24010_0 .var "QEXPECTED", 0 0;
v0x5fcf78a240b0_0 .net "Q_beh", 0 0, v0x5fcf78a215c0_0;  1 drivers
v0x5fcf78a24180_0 .net "Q_data", 0 0, L_0x5fcf78a253a0;  1 drivers
v0x5fcf78a24250_0 .net "Q_gate", 0 0, L_0x5fcf78a24bf0;  1 drivers
v0x5fcf78a24320_0 .var "TICK", 0 0;
v0x5fcf78a243c0_0 .var "VECTORCOUNT", 31 0;
v0x5fcf78a24460_0 .var "eof", 0 0;
v0x5fcf78a24500_0 .var/2s "i", 31 0;
v0x5fcf78a245a0 .array "input_coverage", 3 0, 31 0;
v0x5fcf78a24660_0 .var "prev_D", 0 0;
v0x5fcf78a24720_0 .var "prev_QEx", 0 0;
v0x5fcf78a247e0_0 .var "prev_QExbar", 0 0;
E_0x5fcf789f5420 .event anyedge, v0x5fcf78a24460_0;
E_0x5fcf789f56b0 .event negedge, v0x5fcf78a01d10_0;
S_0x5fcf789f29d0 .scope task, "QEXP" "QEXP" 3 118, 3 118 0, S_0x5fcf789f27a0;
 .timescale -9 -11;
TD_tb_d_flip_flop.QEXP ;
    %load/vec4 v0x5fcf78a23a00_0;
    %dup/vec4;
    %pushi/vec4 0, 0, 1;
    %cmp/u;
    %jmp/1 T_0.0, 6;
    %dup/vec4;
    %pushi/vec4 1, 0, 1;
    %cmp/u;
    %jmp/1 T_0.1, 6;
    %jmp T_0.2;
T_0.0 ;
    %pushi/vec4 0, 0, 1;
    %store/vec4 v0x5fcf78a24010_0, 0, 1;
    %pushi/vec4 1, 0, 1;
    %store/vec4 v0x5fcf78a23cb0_0, 0, 1;
    %jmp T_0.2;
T_0.1 ;
    %pushi/vec4 1, 0, 1;
    %store/vec4 v0x5fcf78a24010_0, 0, 1;
    %pushi/vec4 0, 0, 1;
    %store/vec4 v0x5fcf78a23cb0_0, 0, 1;
    %jmp T_0.2;
T_0.2 ;
    %pop/vec4 1;
    %end;
S_0x5fcf789f00d0 .scope task, "close" "close" 3 144, 3 144 0, S_0x5fcf789f27a0;
 .timescale -9 -11;
TD_tb_d_flip_flop.close ;
    %delay 1000, 0;
    %vpi_call/w 3 147 "$fclose", v0x5fcf78a23bd0_0 {0 0 0};
    %vpi_call/w 3 149 "$display" {0 0 0};
    %vpi_call/w 3 150 "$display", "COVERAGE_REPORT" {0 0 0};
    %pushi/vec4 0, 0, 32;
    %store/vec4 v0x5fcf78a24500_0, 0, 32;
T_1.3 ;
    %load/vec4 v0x5fcf78a24500_0;
    %cmpi/s 4, 0, 32;
    %jmp/0xz T_1.4, 5;
    %ix/getv/s 4, v0x5fcf78a24500_0;
    %load/vec4a v0x5fcf78a245a0, 4;
    %cmpi/e 0, 0, 32;
    %jmp/0xz  T_1.5, 4;
    %vpi_call/w 3 156 "$display", "input %b to input %b has occured %d times (***ERROR***)", &PV<v0x5fcf78a24500_0, 1, 1>, &PV<v0x5fcf78a24500_0, 0, 1>, &A<v0x5fcf78a245a0, v0x5fcf78a24500_0 > {0 0 0};
    %load/vec4 v0x5fcf78a23af0_0;
    %addi 1, 0, 32;
    %store/vec4 v0x5fcf78a23af0_0, 0, 32;
    %jmp T_1.6;
T_1.5 ;
    %vpi_call/w 3 163 "$display", "input %b to input %b has occured %d times", &PV<v0x5fcf78a24500_0, 1, 1>, &PV<v0x5fcf78a24500_0, 0, 1>, &A<v0x5fcf78a245a0, v0x5fcf78a24500_0 > {0 0 0};
T_1.6 ;
    ; show_stmt_assign_vector: Get l-value for compressed += operand
    %load/vec4 v0x5fcf78a24500_0;
    %pushi/vec4 1, 0, 32;
    %add;
    %cast2;
    %store/vec4 v0x5fcf78a24500_0, 0, 32;
    %jmp T_1.3;
T_1.4 ;
    %vpi_call/w 3 169 "$display" {0 0 0};
    %vpi_call/w 3 170 "$display", "VECTORCOUNT = %d", v0x5fcf78a243c0_0 {0 0 0};
    %vpi_call/w 3 171 "$display", "ERRORS = %15d", v0x5fcf78a23af0_0 {0 0 0};
    %vpi_call/w 3 172 "$display" {0 0 0};
    %vpi_call/w 3 173 "$display", "TEST_END--------------------------------------------------------------------------------------------------------------------------" {0 0 0};
    %vpi_call/w 3 174 "$display" {0 0 0};
    %vpi_call/w 3 176 "$finish" {0 0 0};
    %end;
S_0x5fcf789f02b0 .scope task, "coverage_update" "coverage_update" 3 201, 3 201 0, S_0x5fcf789f27a0;
 .timescale -9 -11;
TD_tb_d_flip_flop.coverage_update ;
    ; show_stmt_assign_vector: Get l-value for compressed += operand
    %load/vec4 v0x5fcf78a24660_0;
    %load/vec4 v0x5fcf78a23a00_0;
    %concat/vec4; draw_concat_vec4
    %pad/u 4;
    %ix/vec4 4;
    %flag_mov 8, 4;
    %load/vec4a v0x5fcf78a245a0, 4;
    %pushi/vec4 1, 0, 32;
    %add;
    %flag_mov 4, 8;
    %store/vec4a v0x5fcf78a245a0, 4, 0;
    %end;
S_0x5fcf7899f490 .scope task, "display_file" "display_file" 3 192, 3 192 0, S_0x5fcf789f27a0;
 .timescale -9 -11;
TD_tb_d_flip_flop.display_file ;
    %vpi_call/w 3 194 "$display", "%10d %9s | %4d | %1d | %4d     | %4d     | %4d    | %5d     | %5d     | %5d     | %6d       |", v0x5fcf78a243c0_0, v0x5fcf78a23680_0, $time, v0x5fcf78a23a00_0, v0x5fcf78a24250_0, v0x5fcf78a24180_0, v0x5fcf78a240b0_0, v0x5fcf78a23f40_0, v0x5fcf78a23ea0_0, v0x5fcf78a24010_0, v0x5fcf78a23cb0_0 {0 0 0};
    %end;
S_0x5fcf7899f670 .scope module, "dut_d_flip_flop_behavioral" "d_flip_flop_behavioral" 3 30, 4 70 0, S_0x5fcf789f27a0;
 .timescale -9 -11;
    .port_info 0 /INPUT 1 "clk";
    .port_info 1 /INPUT 1 "d";
    .port_info 2 /OUTPUT 1 "q";
    .port_info 3 /OUTPUT 1 "qbar";
L_0x5fcf78a256e0 .functor NOT 1, v0x5fcf78a215c0_0, C4<0>, C4<0>, C4<0>;
v0x5fcf78a01d10_0 .net "clk", 0 0, v0x5fcf78a24320_0;  1 drivers
v0x5fcf78a21500_0 .net "d", 0 0, v0x5fcf78a23a00_0;  1 drivers
v0x5fcf78a215c0_0 .var "q", 0 0;
v0x5fcf78a21660_0 .net "qbar", 0 0, L_0x5fcf78a256e0;  alias, 1 drivers
E_0x5fcf789f5970 .event posedge, v0x5fcf78a01d10_0;
S_0x5fcf78a217a0 .scope module, "dut_d_flip_flop_dataflow" "d_flip_flop_dataflow" 3 29, 4 40 0, S_0x5fcf789f27a0;
 .timescale -9 -11;
    .port_info 0 /INPUT 1 "clk";
    .port_info 1 /INPUT 1 "d";
    .port_info 2 /OUTPUT 1 "q";
    .port_info 3 /OUTPUT 1 "qbar";
L_0x5fcf78a24e00 .functor BUFZ 1, v0x5fcf78a23a00_0, C4<0>, C4<0>, C4<0>;
L_0x5fcf78a24e90 .functor NOT 1, v0x5fcf78a23a00_0, C4<0>, C4<0>, C4<0>;
L_0x5fcf78a24f20 .functor AND 1, L_0x5fcf78a24e00, v0x5fcf78a24320_0, C4<1>, C4<1>;
L_0x5fcf78a24fe0 .functor NOT 1, L_0x5fcf78a24f20, C4<0>, C4<0>, C4<0>;
L_0x5fcf78a250d0 .functor AND 1, L_0x5fcf78a24e90, v0x5fcf78a24320_0, C4<1>, C4<1>;
L_0x5fcf78a25190 .functor NOT 1, L_0x5fcf78a250d0, C4<0>, C4<0>, C4<0>;
L_0x5fcf78a25290 .functor AND 1, L_0x5fcf78a24fe0, L_0x5fcf78a255c0, C4<1>, C4<1>;
L_0x5fcf78a253a0 .functor NOT 1, L_0x5fcf78a25290, C4<0>, C4<0>, C4<0>;
L_0x5fcf78a25500 .functor AND 1, L_0x5fcf78a25190, L_0x5fcf78a253a0, C4<1>, C4<1>;
L_0x5fcf78a255c0 .functor NOT 1, L_0x5fcf78a25500, C4<0>, C4<0>, C4<0>;
v0x5fcf78a219f0_0 .net *"_ivl_12", 0 0, L_0x5fcf78a25290;  1 drivers
v0x5fcf78a21af0_0 .net *"_ivl_16", 0 0, L_0x5fcf78a25500;  1 drivers
v0x5fcf78a21bd0_0 .net *"_ivl_4", 0 0, L_0x5fcf78a24f20;  1 drivers
v0x5fcf78a21c90_0 .net *"_ivl_8", 0 0, L_0x5fcf78a250d0;  1 drivers
v0x5fcf78a21d70_0 .net "clk", 0 0, v0x5fcf78a24320_0;  alias, 1 drivers
v0x5fcf78a21e60_0 .net "d", 0 0, v0x5fcf78a23a00_0;  alias, 1 drivers
v0x5fcf78a21f30_0 .net "q", 0 0, L_0x5fcf78a253a0;  alias, 1 drivers
v0x5fcf78a21fd0_0 .net "qbar", 0 0, L_0x5fcf78a255c0;  alias, 1 drivers
v0x5fcf78a22070_0 .net "r", 0 0, L_0x5fcf78a24e90;  1 drivers
v0x5fcf78a22130_0 .net "r1", 0 0, L_0x5fcf78a25190;  1 drivers
v0x5fcf78a221f0_0 .net "s", 0 0, L_0x5fcf78a24e00;  1 drivers
v0x5fcf78a222b0_0 .net "s1", 0 0, L_0x5fcf78a24fe0;  1 drivers
S_0x5fcf78a22420 .scope module, "dut_d_flip_flop_gate" "d_flip_flop_gate" 3 28, 4 3 0, S_0x5fcf789f27a0;
 .timescale -9 -11;
    .port_info 0 /INPUT 1 "clk";
    .port_info 1 /INPUT 1 "clk1";
    .port_info 2 /INPUT 1 "d";
    .port_info 3 /OUTPUT 1 "q";
    .port_info 4 /OUTPUT 1 "qbar";
L_0x5fcf78a248a0 .functor BUFZ 1, v0x5fcf78a23a00_0, C4<0>, C4<0>, C4<0>;
L_0x5fcf78a24960 .functor NOT 1, v0x5fcf78a23a00_0, C4<0>, C4<0>, C4<0>;
L_0x5fcf78a24a20 .functor NAND 1, L_0x5fcf78a248a0, v0x5fcf78a24320_0, C4<1>, C4<1>;
L_0x5fcf78a24b50 .functor NAND 1, L_0x5fcf78a24960, v0x5fcf78a24320_0, C4<1>, C4<1>;
L_0x5fcf78a24bf0 .functor NAND 1, L_0x5fcf78a24a20, L_0x5fcf78a24d00, C4<1>, C4<1>;
L_0x5fcf78a24d00 .functor NAND 1, L_0x5fcf78a24b50, L_0x5fcf78a24bf0, C4<1>, C4<1>;
v0x5fcf78a225b0_0 .net "clk", 0 0, v0x5fcf78a24320_0;  alias, 1 drivers
o0x711167372438 .functor BUFZ 1, C4<z>; HiZ drive
v0x5fcf78a226c0_0 .net "clk1", 0 0, o0x711167372438;  0 drivers
v0x5fcf78a22780_0 .net "d", 0 0, v0x5fcf78a23a00_0;  alias, 1 drivers
v0x5fcf78a22870_0 .net "q", 0 0, L_0x5fcf78a24bf0;  alias, 1 drivers
v0x5fcf78a22910_0 .net "qbar", 0 0, L_0x5fcf78a24d00;  alias, 1 drivers
v0x5fcf78a22a20_0 .net "r", 0 0, L_0x5fcf78a24960;  1 drivers
v0x5fcf78a22ae0_0 .net "r1", 0 0, L_0x5fcf78a24b50;  1 drivers
v0x5fcf78a22ba0_0 .net "s", 0 0, L_0x5fcf78a248a0;  1 drivers
v0x5fcf78a22c60_0 .net "s1", 0 0, L_0x5fcf78a24a20;  1 drivers
S_0x5fcf78a22dc0 .scope task, "errors_check" "errors_check" 3 210, 3 210 0, S_0x5fcf789f27a0;
 .timescale -9 -11;
TD_tb_d_flip_flop.errors_check ;
    %load/vec4 v0x5fcf78a24250_0;
    %load/vec4 v0x5fcf78a24010_0;
    %cmp/ne;
    %jmp/0xz  T_4.7, 6;
    %vpi_call/w 3 215 "$display", "***ERROR: Q_gate = %b, Q_expected = %b", v0x5fcf78a24250_0, v0x5fcf78a24010_0 {0 0 0};
    %load/vec4 v0x5fcf78a23af0_0;
    %addi 1, 0, 32;
    %store/vec4 v0x5fcf78a23af0_0, 0, 32;
T_4.7 ;
    %load/vec4 v0x5fcf78a24180_0;
    %load/vec4 v0x5fcf78a24010_0;
    %cmp/ne;
    %jmp/0xz  T_4.9, 6;
    %vpi_call/w 3 222 "$display", "***ERROR: Q_dataflow = %b, Q_expected = %b", v0x5fcf78a24180_0, v0x5fcf78a24010_0 {0 0 0};
    %load/vec4 v0x5fcf78a23af0_0;
    %addi 1, 0, 32;
    %store/vec4 v0x5fcf78a23af0_0, 0, 32;
T_4.9 ;
    %load/vec4 v0x5fcf78a240b0_0;
    %load/vec4 v0x5fcf78a24010_0;
    %cmp/ne;
    %jmp/0xz  T_4.11, 6;
    %vpi_call/w 3 229 "$display", "***ERROR: Q_behavioral = %b, Q_expected = %b", v0x5fcf78a240b0_0, v0x5fcf78a24010_0 {0 0 0};
    %load/vec4 v0x5fcf78a23af0_0;
    %addi 1, 0, 32;
    %store/vec4 v0x5fcf78a23af0_0, 0, 32;
T_4.11 ;
    %load/vec4 v0x5fcf78a23f40_0;
    %load/vec4 v0x5fcf78a23cb0_0;
    %cmp/ne;
    %jmp/0xz  T_4.13, 6;
    %vpi_call/w 3 236 "$display", "***ERROR: QBAR_gate = %b, QBAR_expected = %b", v0x5fcf78a23f40_0, v0x5fcf78a23cb0_0 {0 0 0};
    %load/vec4 v0x5fcf78a23af0_0;
    %addi 1, 0, 32;
    %store/vec4 v0x5fcf78a23af0_0, 0, 32;
T_4.13 ;
    %load/vec4 v0x5fcf78a23ea0_0;
    %load/vec4 v0x5fcf78a23cb0_0;
    %cmp/ne;
    %jmp/0xz  T_4.15, 6;
    %vpi_call/w 3 243 "$display", "***ERROR: QBAR_dataflow = %b, QBAR_expected = %b", v0x5fcf78a23ea0_0, v0x5fcf78a23cb0_0 {0 0 0};
    %load/vec4 v0x5fcf78a23af0_0;
    %addi 1, 0, 32;
    %store/vec4 v0x5fcf78a23af0_0, 0, 32;
T_4.15 ;
    %load/vec4 v0x5fcf78a23a00_0;
    %load/vec4 v0x5fcf78a24660_0;
    %cmp/ne;
    %jmp/0xz  T_4.17, 6;
    %vpi_call/w 3 250 "$display", "***ERROR: Racing Condition Occur" {0 0 0};
    %load/vec4 v0x5fcf78a23af0_0;
    %addi 1, 0, 32;
    %store/vec4 v0x5fcf78a23af0_0, 0, 32;
T_4.17 ;
    %end;
S_0x5fcf78a22f50 .scope task, "initialize" "initialize" 3 59, 3 59 0, S_0x5fcf789f27a0;
 .timescale -9 -11;
TD_tb_d_flip_flop.initialize ;
    %vpi_func 3 61 "$fopen" 32, "tb_d_flip_flop.tv", "r" {0 0 0};
    %store/vec4 v0x5fcf78a23bd0_0, 0, 32;
    %vpi_func 3 62 "$fscanf" 32, v0x5fcf78a23bd0_0, "%s", v0x5fcf78a23680_0 {0 0 0};
    %store/vec4 v0x5fcf78a23920_0, 0, 32;
    %vpi_func 3 64 "$fscanf" 32, v0x5fcf78a23bd0_0, "%s %b %s %s", v0x5fcf78a23680_0, v0x5fcf78a23a00_0, v0x5fcf78a23780_0, v0x5fcf78a23860_0 {0 0 0};
    %store/vec4 v0x5fcf78a23920_0, 0, 32;
    %pushi/vec4 0, 0, 1;
    %store/vec4 v0x5fcf78a24320_0, 0, 1;
    %pushi/vec4 0, 0, 32;
    %store/vec4 v0x5fcf78a243c0_0, 0, 32;
    %pushi/vec4 0, 0, 32;
    %store/vec4 v0x5fcf78a23af0_0, 0, 32;
    %pushi/vec4 0, 0, 32;
    %store/vec4 v0x5fcf78a24500_0, 0, 32;
T_5.19 ;
    %load/vec4 v0x5fcf78a24500_0;
    %cmpi/s 4, 0, 32;
    %jmp/0xz T_5.20, 5;
    %pushi/vec4 0, 0, 32;
    %ix/getv/s 4, v0x5fcf78a24500_0;
    %store/vec4a v0x5fcf78a245a0, 4, 0;
    ; show_stmt_assign_vector: Get l-value for compressed += operand
    %load/vec4 v0x5fcf78a24500_0;
    %pushi/vec4 1, 0, 32;
    %add;
    %cast2;
    %store/vec4 v0x5fcf78a24500_0, 0, 32;
    %jmp T_5.19;
T_5.20 ;
    %pushi/vec4 0, 0, 1;
    %store/vec4 v0x5fcf78a24460_0, 0, 1;
    %vpi_call/w 3 75 "$display" {0 0 0};
    %vpi_call/w 3 76 "$display", "TEST_START------------------------------------------------------------------------------------------------------------------------" {0 0 0};
    %vpi_call/w 3 77 "$display" {0 0 0};
    %vpi_call/w 3 78 "$display", "                     | TIME | D |  Q_gate  |  Q_data  |  Q_beh  | QBAR_gate | QBAR_data | QEXPECTED | QBAREXPECTED |" {0 0 0};
    %vpi_call/w 3 79 "$display", "----------------------------------------------------------------------------------------------------------------------------------" {0 0 0};
    %end;
S_0x5fcf78a23130 .scope task, "random_in" "random_in" 3 101, 3 101 0, S_0x5fcf789f27a0;
 .timescale -9 -11;
TD_tb_d_flip_flop.random_in ;
    %vpi_func 3 103 "$urandom" 32 {0 0 0};
    %pushi/vec4 2, 0, 32;
    %mod;
    %pad/u 1;
    %store/vec4 v0x5fcf78a23a00_0, 0, 1;
    %load/vec4 v0x5fcf78a23a00_0;
    %dup/vec4;
    %pushi/vec4 0, 0, 1;
    %cmp/u;
    %jmp/1 T_6.21, 6;
    %dup/vec4;
    %pushi/vec4 1, 0, 1;
    %cmp/u;
    %jmp/1 T_6.22, 6;
    %jmp T_6.23;
T_6.21 ;
    %pushi/vec4 0, 0, 32; draw_string_vec4
    %pushi/vec4 1380275013, 0, 32; draw_string_vec4
    %concat/vec4; draw_string_vec4
    %pushi/vec4 84, 0, 8; draw_string_vec4
    %concat/vec4; draw_string_vec4
    %store/vec4 v0x5fcf78a23680_0, 0, 72;
    %jmp T_6.23;
T_6.22 ;
    %pushi/vec4 0, 0, 32; draw_string_vec4
    %pushi/vec4 21317, 0, 32; draw_string_vec4
    %concat/vec4; draw_string_vec4
    %pushi/vec4 84, 0, 8; draw_string_vec4
    %concat/vec4; draw_string_vec4
    %store/vec4 v0x5fcf78a23680_0, 0, 72;
    %jmp T_6.23;
T_6.23 ;
    %pop/vec4 1;
    %pushi/real 1717986918, 4062; load=0.100000
    %pushi/real 1677722, 4040; load=0.100000
    %add/wr;
    %vpi_func 3 111 "$urandom_range" 32, W<0,r>, 32'sb00000000000000000000000000001010 {0 1 0};
    %pad/u 64;
    %muli 100, 0, 64;
    %ix/vec4 4;
    %delayx 4;
    %end;
S_0x5fcf78a232c0 .scope task, "scan_file" "scan_file" 3 90, 3 90 0, S_0x5fcf789f27a0;
 .timescale -9 -11;
TD_tb_d_flip_flop.scan_file ;
    %vpi_func 3 93 "$fscanf" 32, v0x5fcf78a23bd0_0, "%s %b %b %b", v0x5fcf78a23680_0, v0x5fcf78a23a00_0, v0x5fcf78a24010_0, v0x5fcf78a23cb0_0 {0 0 0};
    %store/vec4 v0x5fcf78a23920_0, 0, 32;
    %load/vec4 v0x5fcf78a23920_0;
    %pushi/vec4 4294967295, 0, 32;
    %cmp/e;
    %flag_get/vec4 4;
    %store/vec4 v0x5fcf78a24460_0, 0, 1;
    %end;
S_0x5fcf78a234a0 .scope task, "vectorcount" "vectorcount" 3 183, 3 183 0, S_0x5fcf789f27a0;
 .timescale -9 -11;
TD_tb_d_flip_flop.vectorcount ;
    %load/vec4 v0x5fcf78a243c0_0;
    %addi 1, 0, 32;
    %store/vec4 v0x5fcf78a243c0_0, 0, 32;
    %end;
    .scope S_0x5fcf7899f670;
T_9 ;
    %wait E_0x5fcf789f5970;
    %load/vec4 v0x5fcf78a21500_0;
    %dup/vec4;
    %pushi/vec4 0, 0, 1;
    %cmp/u;
    %jmp/1 T_9.0, 6;
    %dup/vec4;
    %pushi/vec4 1, 0, 1;
    %cmp/u;
    %jmp/1 T_9.1, 6;
    %jmp T_9.2;
T_9.0 ;
    %pushi/vec4 0, 0, 1;
    %store/vec4 v0x5fcf78a215c0_0, 0, 1;
    %jmp T_9.2;
T_9.1 ;
    %pushi/vec4 1, 0, 1;
    %store/vec4 v0x5fcf78a215c0_0, 0, 1;
    %jmp T_9.2;
T_9.2 ;
    %pop/vec4 1;
    %jmp T_9;
    .thread T_9;
    .scope S_0x5fcf789f27a0;
T_10 ;
    %vpi_call/w 3 38 "$dumpfile", "tb_d_flip_flop.vcd" {0 0 0};
    %vpi_call/w 3 39 "$dumpvars", 32'sb00000000000000000000000000000000, S_0x5fcf789f27a0 {0 0 0};
    %end;
    .thread T_10;
    .scope S_0x5fcf789f27a0;
T_11 ;
    %delay 1000, 0;
    %load/vec4 v0x5fcf78a24320_0;
    %inv;
    %store/vec4 v0x5fcf78a24320_0, 0, 1;
    %jmp T_11;
    .thread T_11;
    .scope S_0x5fcf789f27a0;
T_12 ;
    %fork TD_tb_d_flip_flop.initialize, S_0x5fcf78a22f50;
    %join;
    %end;
    .thread T_12;
    .scope S_0x5fcf789f27a0;
T_13 ;
    %wait E_0x5fcf789f56b0;
    %delay 120, 0;
    %load/vec4 v0x5fcf78a24460_0;
    %nor/r;
    %flag_set/vec4 8;
    %jmp/0xz  T_13.0, 8;
    %fork TD_tb_d_flip_flop.scan_file, S_0x5fcf78a232c0;
    %join;
T_13.0 ;
    %jmp T_13;
    .thread T_13;
    .scope S_0x5fcf789f27a0;
T_14 ;
    %wait E_0x5fcf789f5970;
    %fork TD_tb_d_flip_flop.coverage_update, S_0x5fcf789f02b0;
    %join;
    %load/vec4 v0x5fcf78a23a00_0;
    %store/vec4 v0x5fcf78a24660_0, 0, 1;
    %delay 10, 0;
    %fork TD_tb_d_flip_flop.QEXP, S_0x5fcf789f29d0;
    %join;
    %fork TD_tb_d_flip_flop.display_file, S_0x5fcf7899f490;
    %join;
    %fork TD_tb_d_flip_flop.errors_check, S_0x5fcf78a22dc0;
    %join;
    %fork TD_tb_d_flip_flop.vectorcount, S_0x5fcf78a234a0;
    %join;
    %delay 10, 0;
    %load/vec4 v0x5fcf78a24010_0;
    %store/vec4 v0x5fcf78a24720_0, 0, 1;
    %load/vec4 v0x5fcf78a23cb0_0;
    %store/vec4 v0x5fcf78a247e0_0, 0, 1;
    %jmp T_14;
    .thread T_14;
    .scope S_0x5fcf789f27a0;
T_15 ;
T_15.0 ;
    %load/vec4 v0x5fcf78a24460_0;
    %cmpi/ne 1, 0, 1;
    %jmp/0xz T_15.1, 6;
    %wait E_0x5fcf789f5420;
    %jmp T_15.0;
T_15.1 ;
    %vpi_call/w 3 321 "$display" {0 0 0};
    %vpi_call/w 3 322 "$display", "%13s ***time = %0d,eof ***", "\000", $time {0 0 0};
    %vpi_call/w 3 323 "$display" {0 0 0};
    %pushi/vec4 0, 0, 32;
    %store/vec4 v0x5fcf78a24500_0, 0, 32;
T_15.2 ;
    %load/vec4 v0x5fcf78a24500_0;
    %cmpi/s 50, 0, 32;
    %jmp/0xz T_15.3, 5;
    %load/vec4 v0x5fcf78a23a00_0;
    %pad/u 32;
    %cmpi/e 2, 0, 32;
    %jmp/0xz  T_15.4, 4;
    %fork TD_tb_d_flip_flop.vectorcount, S_0x5fcf78a234a0;
    %join;
    %fork TD_tb_d_flip_flop.close, S_0x5fcf789f00d0;
    %join;
    %jmp T_15.5;
T_15.4 ;
    %fork TD_tb_d_flip_flop.random_in, S_0x5fcf78a23130;
    %join;
T_15.5 ;
    ; show_stmt_assign_vector: Get l-value for compressed += operand
    %load/vec4 v0x5fcf78a24500_0;
    %pushi/vec4 1, 0, 32;
    %add;
    %cast2;
    %store/vec4 v0x5fcf78a24500_0, 0, 32;
    %jmp T_15.2;
T_15.3 ;
    %fork TD_tb_d_flip_flop.close, S_0x5fcf789f00d0;
    %join;
    %end;
    .thread T_15;
# The file index is used to find the file name in the following table.
:file_names 5;
    "N/A";
    "<interactive>";
    "-";
    "tb_d_flip_flop.v";
    "d_flip_flop.v";
