#! /usr/bin/vvp
:ivl_version "12.0 (stable)";
:ivl_delay_selection "TYPICAL";
:vpi_time_precision - 11;
:vpi_module "/usr/lib/x86_64-linux-gnu/ivl/system.vpi";
:vpi_module "/usr/lib/x86_64-linux-gnu/ivl/vhdl_sys.vpi";
:vpi_module "/usr/lib/x86_64-linux-gnu/ivl/vhdl_textio.vpi";
:vpi_module "/usr/lib/x86_64-linux-gnu/ivl/v2005_math.vpi";
:vpi_module "/usr/lib/x86_64-linux-gnu/ivl/va_math.vpi";
:vpi_module "/usr/lib/x86_64-linux-gnu/ivl/v2009.vpi";
S_0x5bdd1bf2c4c0 .scope package, "$unit" "$unit" 2 1;
 .timescale 0 0;
S_0x5bdd1bf2c650 .scope module, "tb_demultiplexer" "tb_demultiplexer" 3 3;
 .timescale -9 -11;
P_0x5bdd1bf2c7e0 .param/l "TICKPERIOD" 1 3 39, +C4<00000000000000000000000000010100>;
v0x5bdd1bfae8b0_0 .net "A", 0 0, v0x5bdd1bfad9f0_0;  1 drivers
v0x5bdd1bfae970_0 .var "A_EXPECTED", 0 0;
v0x5bdd1bfaea10_0 .net "B", 0 0, v0x5bdd1bfadad0_0;  1 drivers
v0x5bdd1bfaeb10_0 .var "B_EXPECTED", 0 0;
v0x5bdd1bfaebb0_0 .net "C", 0 0, v0x5bdd1bfadb90_0;  1 drivers
v0x5bdd1bfaeca0_0 .var "COMMENT", 247 0;
v0x5bdd1bfaed40_0 .var/i "COUNT", 31 0;
v0x5bdd1bfaee20_0 .var "C_EXPECTED", 0 0;
v0x5bdd1bfaeee0_0 .net "D", 0 0, v0x5bdd1bfadc30_0;  1 drivers
v0x5bdd1bfaefb0_0 .var "D_EXPECTED", 0 0;
v0x5bdd1bfaf050_0 .var "ERRORS", 31 0;
v0x5bdd1bfaf130_0 .var/i "FD", 31 0;
v0x5bdd1bfaf210_0 .var "SEL", 1 0;
v0x5bdd1bfaf300_0 .var "TICK", 0 0;
v0x5bdd1bfaf3a0_0 .var "VECTORCOUNT", 31 0;
v0x5bdd1bfaf480_0 .var "Y", 0 0;
v0x5bdd1bfaf550_0 .var "eof", 0 0;
v0x5bdd1bfaf5f0_0 .var/2s "i", 31 0;
v0x5bdd1bfaf6d0 .array "input_coverage", 7 0, 31 0;
E_0x5bdd1bf803b0 .event anyedge, v0x5bdd1bfaf550_0;
E_0x5bdd1bf7f9c0 .event posedge, v0x5bdd1bfaf300_0;
E_0x5bdd1bf7f5c0 .event negedge, v0x5bdd1bfaf300_0;
S_0x5bdd1bf7ef40 .scope task, "OUT_EXP" "OUT_EXP" 3 109, 3 109 0, S_0x5bdd1bf2c650;
 .timescale -9 -11;
TD_tb_demultiplexer.OUT_EXP ;
    %load/vec4 v0x5bdd1bfaf210_0;
    %dup/vec4;
    %pushi/vec4 0, 0, 2;
    %cmp/u;
    %jmp/1 T_0.0, 6;
    %dup/vec4;
    %pushi/vec4 1, 0, 2;
    %cmp/u;
    %jmp/1 T_0.1, 6;
    %dup/vec4;
    %pushi/vec4 2, 0, 2;
    %cmp/u;
    %jmp/1 T_0.2, 6;
    %dup/vec4;
    %pushi/vec4 3, 0, 2;
    %cmp/u;
    %jmp/1 T_0.3, 6;
    %jmp T_0.4;
T_0.0 ;
    %load/vec4 v0x5bdd1bfaf480_0;
    %store/vec4 v0x5bdd1bfae970_0, 0, 1;
    %pushi/vec4 0, 0, 1;
    %store/vec4 v0x5bdd1bfaeb10_0, 0, 1;
    %pushi/vec4 0, 0, 1;
    %store/vec4 v0x5bdd1bfaee20_0, 0, 1;
    %pushi/vec4 0, 0, 1;
    %store/vec4 v0x5bdd1bfaefb0_0, 0, 1;
    %jmp T_0.4;
T_0.1 ;
    %pushi/vec4 0, 0, 1;
    %store/vec4 v0x5bdd1bfae970_0, 0, 1;
    %load/vec4 v0x5bdd1bfaf480_0;
    %store/vec4 v0x5bdd1bfaeb10_0, 0, 1;
    %pushi/vec4 0, 0, 1;
    %store/vec4 v0x5bdd1bfaee20_0, 0, 1;
    %pushi/vec4 0, 0, 1;
    %store/vec4 v0x5bdd1bfaefb0_0, 0, 1;
    %jmp T_0.4;
T_0.2 ;
    %pushi/vec4 0, 0, 1;
    %store/vec4 v0x5bdd1bfae970_0, 0, 1;
    %pushi/vec4 0, 0, 1;
    %store/vec4 v0x5bdd1bfaeb10_0, 0, 1;
    %load/vec4 v0x5bdd1bfaf480_0;
    %store/vec4 v0x5bdd1bfaee20_0, 0, 1;
    %pushi/vec4 0, 0, 1;
    %store/vec4 v0x5bdd1bfaefb0_0, 0, 1;
    %jmp T_0.4;
T_0.3 ;
    %pushi/vec4 0, 0, 1;
    %store/vec4 v0x5bdd1bfae970_0, 0, 1;
    %pushi/vec4 0, 0, 1;
    %store/vec4 v0x5bdd1bfaeb10_0, 0, 1;
    %pushi/vec4 0, 0, 1;
    %store/vec4 v0x5bdd1bfaee20_0, 0, 1;
    %load/vec4 v0x5bdd1bfaf480_0;
    %store/vec4 v0x5bdd1bfaefb0_0, 0, 1;
    %jmp T_0.4;
T_0.4 ;
    %pop/vec4 1;
    %end;
S_0x5bdd1bf7f0d0 .scope task, "close" "close" 3 134, 3 134 0, S_0x5bdd1bf2c650;
 .timescale -9 -11;
TD_tb_demultiplexer.close ;
    %delay 1000, 0;
    %vpi_call/w 3 138 "$fclose", v0x5bdd1bfaf130_0 {0 0 0};
    %vpi_call/w 3 140 "$display" {0 0 0};
    %vpi_call/w 3 141 "$display", "COVERAGE_REPORT" {0 0 0};
    %fork t_1, S_0x5bdd1bf8dd80;
    %jmp t_0;
    .scope S_0x5bdd1bf8dd80;
t_1 ;
    %pushi/vec4 0, 0, 32;
    %store/vec4 v0x5bdd1bf2d000_0, 0, 32;
T_1.5 ;
    %load/vec4 v0x5bdd1bf2d000_0;
    %cmpi/s 8, 0, 32;
    %jmp/0xz T_1.6, 5;
    %ix/getv/s 4, v0x5bdd1bf2d000_0;
    %load/vec4a v0x5bdd1bfaf6d0, 4;
    %cmpi/e 0, 0, 32;
    %jmp/0xz  T_1.7, 4;
    %vpi_call/w 3 147 "$display", "input Y = %b with SEL = %b has occured %d times ***ERROR***", &PV<v0x5bdd1bf2d000_0, 2, 1>, &PV<v0x5bdd1bf2d000_0, 0, 2>, &A<v0x5bdd1bfaf6d0, v0x5bdd1bf2d000_0 > {0 0 0};
    %load/vec4 v0x5bdd1bfaf050_0;
    %addi 1, 0, 32;
    %store/vec4 v0x5bdd1bfaf050_0, 0, 32;
    %jmp T_1.8;
T_1.7 ;
    %load/vec4 v0x5bdd1bf2d000_0;
    %cmpi/s 0, 0, 32;
    %flag_or 5, 4; GT is !LE
    %flag_inv 5;
    %flag_get/vec4 5;
    %jmp/0 T_1.11, 5;
    %load/vec4 v0x5bdd1bf2d000_0;
    %cmpi/s 4, 0, 32;
    %flag_get/vec4 5;
    %and;
T_1.11;
    %flag_set/vec4 8;
    %jmp/0xz  T_1.9, 8;
    %vpi_call/w 3 152 "$display", "input Y = %b with SEL = %b has occured %d times ***SAME LOGIC AS Y=1'b0 with SEL=2'b00*** ", &PV<v0x5bdd1bf2d000_0, 2, 1>, &PV<v0x5bdd1bf2d000_0, 0, 2>, &A<v0x5bdd1bfaf6d0, v0x5bdd1bf2d000_0 > {0 0 0};
    %jmp T_1.10;
T_1.9 ;
    %vpi_call/w 3 157 "$display", "input Y = %b with SEL = %b has occured %d times ", &PV<v0x5bdd1bf2d000_0, 2, 1>, &PV<v0x5bdd1bf2d000_0, 0, 2>, &A<v0x5bdd1bfaf6d0, v0x5bdd1bf2d000_0 > {0 0 0};
T_1.10 ;
T_1.8 ;
    ; show_stmt_assign_vector: Get l-value for compressed += operand
    %load/vec4 v0x5bdd1bf2d000_0;
    %pushi/vec4 1, 0, 32;
    %add;
    %cast2;
    %store/vec4 v0x5bdd1bf2d000_0, 0, 32;
    %jmp T_1.5;
T_1.6 ;
    %end;
    .scope S_0x5bdd1bf7f0d0;
t_0 %join;
    %vpi_call/w 3 163 "$display" {0 0 0};
    %vpi_call/w 3 164 "$display", "VECTORCOUNT = %d", v0x5bdd1bfaf3a0_0 {0 0 0};
    %vpi_call/w 3 165 "$display", "ERRORS = %15d", v0x5bdd1bfaf050_0 {0 0 0};
    %vpi_call/w 3 166 "$display" {0 0 0};
    %vpi_call/w 3 167 "$display", "TEST_END--------------------------------------------------------------------------------------------------------------------------" {0 0 0};
    %vpi_call/w 3 168 "$display" {0 0 0};
    %vpi_call/w 3 170 "$finish" {0 0 0};
    %end;
S_0x5bdd1bf8dd80 .scope begin, "$ivl_for_loop0" "$ivl_for_loop0" 3 143, 3 143 0, S_0x5bdd1bf7f0d0;
 .timescale -9 -11;
v0x5bdd1bf2d000_0 .var/2s "j", 31 0;
S_0x5bdd1bfad010 .scope task, "coverage_update" "coverage_update" 3 197, 3 197 0, S_0x5bdd1bf2c650;
 .timescale -9 -11;
TD_tb_demultiplexer.coverage_update ;
    ; show_stmt_assign_vector: Get l-value for compressed += operand
    %load/vec4 v0x5bdd1bfaf480_0;
    %load/vec4 v0x5bdd1bfaf210_0;
    %concat/vec4; draw_concat_vec4
    %pad/u 5;
    %ix/vec4 4;
    %flag_mov 8, 4;
    %load/vec4a v0x5bdd1bfaf6d0, 4;
    %pushi/vec4 1, 0, 32;
    %add;
    %flag_mov 4, 8;
    %store/vec4a v0x5bdd1bfaf6d0, 4, 0;
    %load/vec4 v0x5bdd1bfaf480_0;
    %cmpi/e 0, 0, 1;
    %flag_get/vec4 4;
    %jmp/0 T_2.14, 4;
    %load/vec4 v0x5bdd1bfaf210_0;
    %pushi/vec4 0, 0, 2;
    %cmp/e;
    %flag_get/vec4 4;
    %and;
T_2.14;
    %flag_set/vec4 8;
    %jmp/0xz  T_2.12, 8;
    %fork t_3, S_0x5bdd1bfad220;
    %jmp t_2;
    .scope S_0x5bdd1bfad220;
t_3 ;
    %pushi/vec4 1, 0, 32;
    %store/vec4 v0x5bdd1bfad400_0, 0, 32;
T_2.15 ;
    %load/vec4 v0x5bdd1bfad400_0;
    %cmpi/s 4, 0, 32;
    %jmp/0xz T_2.16, 5;
    ; show_stmt_assign_vector: Get l-value for compressed += operand
    %ix/getv/s 4, v0x5bdd1bfad400_0;
    %flag_mov 8, 4;
    %load/vec4a v0x5bdd1bfaf6d0, 4;
    %pushi/vec4 1, 0, 32;
    %add;
    %flag_mov 4, 8;
    %store/vec4a v0x5bdd1bfaf6d0, 4, 0;
    ; show_stmt_assign_vector: Get l-value for compressed += operand
    %load/vec4 v0x5bdd1bfad400_0;
    %pushi/vec4 1, 0, 32;
    %add;
    %cast2;
    %store/vec4 v0x5bdd1bfad400_0, 0, 32;
    %jmp T_2.15;
T_2.16 ;
    %end;
    .scope S_0x5bdd1bfad010;
t_2 %join;
T_2.12 ;
    %end;
S_0x5bdd1bfad220 .scope begin, "$ivl_for_loop1" "$ivl_for_loop1" 3 202, 3 202 0, S_0x5bdd1bfad010;
 .timescale -9 -11;
v0x5bdd1bfad400_0 .var/2s "j", 31 0;
S_0x5bdd1bfad500 .scope task, "display_file" "display_file" 3 188, 3 188 0, S_0x5bdd1bf2c650;
 .timescale -9 -11;
TD_tb_demultiplexer.display_file ;
    %vpi_call/w 3 190 "$display", "%10d %9s | %4d | %1b | %1b  | %1b | %1b | %1b | %1b | %5b      | %5b      | %5b      | %5b      |", v0x5bdd1bfaf3a0_0, v0x5bdd1bfaeca0_0, $time, v0x5bdd1bfaf480_0, v0x5bdd1bfaf210_0, v0x5bdd1bfae8b0_0, v0x5bdd1bfaea10_0, v0x5bdd1bfaebb0_0, v0x5bdd1bfaeee0_0, v0x5bdd1bfae970_0, v0x5bdd1bfaeb10_0, v0x5bdd1bfaee20_0, v0x5bdd1bfaefb0_0 {0 0 0};
    %end;
S_0x5bdd1bfad6e0 .scope module, "dut_demultiplexer" "demultiplexer" 3 24, 4 1 0, S_0x5bdd1bf2c650;
 .timescale -9 -11;
    .port_info 0 /INPUT 1 "y";
    .port_info 1 /INPUT 2 "sel";
    .port_info 2 /OUTPUT 1 "a";
    .port_info 3 /OUTPUT 1 "b";
    .port_info 4 /OUTPUT 1 "c";
    .port_info 5 /OUTPUT 1 "d";
v0x5bdd1bfad9f0_0 .var "a", 0 0;
v0x5bdd1bfadad0_0 .var "b", 0 0;
v0x5bdd1bfadb90_0 .var "c", 0 0;
v0x5bdd1bfadc30_0 .var "d", 0 0;
v0x5bdd1bfadcf0_0 .net "sel", 1 0, v0x5bdd1bfaf210_0;  1 drivers
v0x5bdd1bfade20_0 .net "y", 0 0, v0x5bdd1bfaf480_0;  1 drivers
E_0x5bdd1bf50780 .event anyedge, v0x5bdd1bfadcf0_0, v0x5bdd1bfade20_0;
S_0x5bdd1bfadfa0 .scope task, "errors_warnings_check" "errors_warnings_check" 3 214, 3 214 0, S_0x5bdd1bf2c650;
 .timescale -9 -11;
TD_tb_demultiplexer.errors_warnings_check ;
    %load/vec4 v0x5bdd1bfae8b0_0;
    %load/vec4 v0x5bdd1bfae970_0;
    %cmp/ne;
    %jmp/0xz  T_4.17, 6;
    %vpi_call/w 3 219 "$display", "***ERROR: A = %b, A_expected = %b", v0x5bdd1bfae8b0_0, v0x5bdd1bfae970_0 {0 0 0};
    %load/vec4 v0x5bdd1bfaf050_0;
    %addi 1, 0, 32;
    %store/vec4 v0x5bdd1bfaf050_0, 0, 32;
T_4.17 ;
    %load/vec4 v0x5bdd1bfaea10_0;
    %load/vec4 v0x5bdd1bfaeb10_0;
    %cmp/ne;
    %jmp/0xz  T_4.19, 6;
    %vpi_call/w 3 227 "$display", "***ERROR: B = %b, B_expected = %b", v0x5bdd1bfaea10_0, v0x5bdd1bfaeb10_0 {0 0 0};
    %load/vec4 v0x5bdd1bfaf050_0;
    %addi 1, 0, 32;
    %store/vec4 v0x5bdd1bfaf050_0, 0, 32;
T_4.19 ;
    %load/vec4 v0x5bdd1bfaebb0_0;
    %load/vec4 v0x5bdd1bfaee20_0;
    %cmp/ne;
    %jmp/0xz  T_4.21, 6;
    %vpi_call/w 3 235 "$display", "***ERROR: C = %b, C_expected = %b", v0x5bdd1bfaebb0_0, v0x5bdd1bfaee20_0 {0 0 0};
    %load/vec4 v0x5bdd1bfaf050_0;
    %addi 1, 0, 32;
    %store/vec4 v0x5bdd1bfaf050_0, 0, 32;
T_4.21 ;
    %load/vec4 v0x5bdd1bfaeee0_0;
    %load/vec4 v0x5bdd1bfaefb0_0;
    %cmp/ne;
    %jmp/0xz  T_4.23, 6;
    %vpi_call/w 3 243 "$display", "***ERROR: D = %b, D_expected = %b", v0x5bdd1bfaeee0_0, v0x5bdd1bfaefb0_0 {0 0 0};
    %load/vec4 v0x5bdd1bfaf050_0;
    %addi 1, 0, 32;
    %store/vec4 v0x5bdd1bfaf050_0, 0, 32;
T_4.23 ;
    %end;
S_0x5bdd1bfae180 .scope task, "initialize" "initialize" 3 53, 3 53 0, S_0x5bdd1bf2c650;
 .timescale -9 -11;
TD_tb_demultiplexer.initialize ;
    %vpi_func 3 55 "$fopen" 32, "tb_demultiplexer.tv", "r" {0 0 0};
    %store/vec4 v0x5bdd1bfaf130_0, 0, 32;
    %vpi_func 3 56 "$fscanf" 32, v0x5bdd1bfaf130_0, "%s", v0x5bdd1bfaeca0_0 {0 0 0};
    %store/vec4 v0x5bdd1bfaed40_0, 0, 32;
    %vpi_func 3 58 "$fscanf" 32, v0x5bdd1bfaf130_0, "%s %b %b %b %b %b %b", v0x5bdd1bfaeca0_0, v0x5bdd1bfaf480_0, v0x5bdd1bfaf210_0, v0x5bdd1bfae970_0, v0x5bdd1bfaeb10_0, v0x5bdd1bfaee20_0, v0x5bdd1bfaefb0_0 {0 0 0};
    %store/vec4 v0x5bdd1bfaed40_0, 0, 32;
    %pushi/vec4 0, 0, 1;
    %store/vec4 v0x5bdd1bfaf300_0, 0, 1;
    %pushi/vec4 0, 0, 32;
    %store/vec4 v0x5bdd1bfaf3a0_0, 0, 32;
    %pushi/vec4 0, 0, 32;
    %store/vec4 v0x5bdd1bfaf050_0, 0, 32;
    %pushi/vec4 0, 0, 32;
    %store/vec4 v0x5bdd1bfaf5f0_0, 0, 32;
T_5.25 ;
    %load/vec4 v0x5bdd1bfaf5f0_0;
    %cmpi/s 8, 0, 32;
    %jmp/0xz T_5.26, 5;
    %pushi/vec4 0, 0, 32;
    %ix/getv/s 4, v0x5bdd1bfaf5f0_0;
    %store/vec4a v0x5bdd1bfaf6d0, 4, 0;
    ; show_stmt_assign_vector: Get l-value for compressed += operand
    %load/vec4 v0x5bdd1bfaf5f0_0;
    %pushi/vec4 1, 0, 32;
    %add;
    %cast2;
    %store/vec4 v0x5bdd1bfaf5f0_0, 0, 32;
    %jmp T_5.25;
T_5.26 ;
    %pushi/vec4 0, 0, 1;
    %store/vec4 v0x5bdd1bfaf550_0, 0, 1;
    %vpi_call/w 3 70 "$display" {0 0 0};
    %vpi_call/w 3 71 "$display", "TEST_START-------------------------------------------------------------------------------------------------------------------------------------" {0 0 0};
    %vpi_call/w 3 72 "$display" {0 0 0};
    %vpi_call/w 3 73 "$display", "                     | TIME | Y | SEL | A | B | C | D | A_EXPECTED | B_EXPECTED | C_EXPECTED | D_EXPECTED |" {0 0 0};
    %vpi_call/w 3 74 "$display", "-----------------------------------------------------------------------------------------------------------------------------------------------" {0 0 0};
    %end;
S_0x5bdd1bfae360 .scope task, "random_in" "random_in" 3 94, 3 94 0, S_0x5bdd1bf2c650;
 .timescale -9 -11;
TD_tb_demultiplexer.random_in ;
    %vpi_func 3 97 "$urandom" 32 {0 0 0};
    %pushi/vec4 2, 0, 32;
    %mod;
    %pad/u 1;
    %store/vec4 v0x5bdd1bfaf480_0, 0, 1;
    %load/vec4 v0x5bdd1bfaf480_0;
    %pad/u 32;
    %cmpi/e 0, 0, 32;
    %flag_mov 8, 4;
    %jmp/0 T_6.27, 8;
    %pushi/vec4 0, 0, 32;
    %jmp/1 T_6.28, 8;
T_6.27 ; End of true expr.
    %vpi_func 3 98 "$urandom" 32 {0 0 0};
    %pushi/vec4 4, 0, 32;
    %mod;
    %jmp/0 T_6.28, 8;
 ; End of false expr.
    %blend;
T_6.28;
    %pad/u 2;
    %store/vec4 v0x5bdd1bfaf210_0, 0, 2;
    %pushi/vec4 0, 0, 32; draw_string_vec4
    %pushi/vec4 0, 0, 32; draw_string_vec4
    %concat/vec4; draw_string_vec4
    %pushi/vec4 0, 0, 32; draw_string_vec4
    %concat/vec4; draw_string_vec4
    %pushi/vec4 0, 0, 32; draw_string_vec4
    %concat/vec4; draw_string_vec4
    %pushi/vec4 0, 0, 32; draw_string_vec4
    %concat/vec4; draw_string_vec4
    %pushi/vec4 0, 0, 32; draw_string_vec4
    %concat/vec4; draw_string_vec4
    %pushi/vec4 0, 0, 32; draw_string_vec4
    %concat/vec4; draw_string_vec4
    %pushi/vec4 45, 0, 24; draw_string_vec4
    %concat/vec4; draw_string_vec4
    %store/vec4 v0x5bdd1bfaeca0_0, 0, 248;
    %pushi/real 1717986918, 4062; load=0.100000
    %pushi/real 1677722, 4040; load=0.100000
    %add/wr;
    %vpi_func 3 102 "$urandom_range" 32, W<0,r>, 32'sb00000000000000000000000000001010 {0 1 0};
    %pad/u 64;
    %muli 100, 0, 64;
    %ix/vec4 4;
    %delayx 4;
    %end;
S_0x5bdd1bfae540 .scope task, "scan_file" "scan_file" 3 84, 3 84 0, S_0x5bdd1bf2c650;
 .timescale -9 -11;
TD_tb_demultiplexer.scan_file ;
    %vpi_func 3 86 "$fscanf" 32, v0x5bdd1bfaf130_0, "%s %b %b %b %b %b %b", v0x5bdd1bfaeca0_0, v0x5bdd1bfaf480_0, v0x5bdd1bfaf210_0, v0x5bdd1bfae970_0, v0x5bdd1bfaeb10_0, v0x5bdd1bfaee20_0, v0x5bdd1bfaefb0_0 {0 0 0};
    %store/vec4 v0x5bdd1bfaed40_0, 0, 32;
    %load/vec4 v0x5bdd1bfaed40_0;
    %pushi/vec4 4294967295, 0, 32;
    %cmp/e;
    %flag_get/vec4 4;
    %store/vec4 v0x5bdd1bfaf550_0, 0, 1;
    %end;
S_0x5bdd1bfae720 .scope task, "vectorcount" "vectorcount" 3 178, 3 178 0, S_0x5bdd1bf2c650;
 .timescale -9 -11;
TD_tb_demultiplexer.vectorcount ;
    %load/vec4 v0x5bdd1bfaf3a0_0;
    %addi 1, 0, 32;
    %store/vec4 v0x5bdd1bfaf3a0_0, 0, 32;
    %end;
    .scope S_0x5bdd1bfad6e0;
T_9 ;
    %wait E_0x5bdd1bf50780;
    %load/vec4 v0x5bdd1bfadcf0_0;
    %dup/vec4;
    %pushi/vec4 0, 0, 2;
    %cmp/u;
    %jmp/1 T_9.0, 6;
    %dup/vec4;
    %pushi/vec4 1, 0, 2;
    %cmp/u;
    %jmp/1 T_9.1, 6;
    %dup/vec4;
    %pushi/vec4 2, 0, 2;
    %cmp/u;
    %jmp/1 T_9.2, 6;
    %dup/vec4;
    %pushi/vec4 3, 0, 2;
    %cmp/u;
    %jmp/1 T_9.3, 6;
    %jmp T_9.4;
T_9.0 ;
    %load/vec4 v0x5bdd1bfade20_0;
    %store/vec4 v0x5bdd1bfad9f0_0, 0, 1;
    %pushi/vec4 0, 0, 1;
    %store/vec4 v0x5bdd1bfadad0_0, 0, 1;
    %pushi/vec4 0, 0, 1;
    %store/vec4 v0x5bdd1bfadb90_0, 0, 1;
    %pushi/vec4 0, 0, 1;
    %store/vec4 v0x5bdd1bfadc30_0, 0, 1;
    %jmp T_9.4;
T_9.1 ;
    %pushi/vec4 0, 0, 1;
    %store/vec4 v0x5bdd1bfad9f0_0, 0, 1;
    %load/vec4 v0x5bdd1bfade20_0;
    %store/vec4 v0x5bdd1bfadad0_0, 0, 1;
    %pushi/vec4 0, 0, 1;
    %store/vec4 v0x5bdd1bfadb90_0, 0, 1;
    %pushi/vec4 0, 0, 1;
    %store/vec4 v0x5bdd1bfadc30_0, 0, 1;
    %jmp T_9.4;
T_9.2 ;
    %pushi/vec4 0, 0, 1;
    %store/vec4 v0x5bdd1bfad9f0_0, 0, 1;
    %pushi/vec4 0, 0, 1;
    %store/vec4 v0x5bdd1bfadad0_0, 0, 1;
    %load/vec4 v0x5bdd1bfade20_0;
    %store/vec4 v0x5bdd1bfadb90_0, 0, 1;
    %pushi/vec4 0, 0, 1;
    %store/vec4 v0x5bdd1bfadc30_0, 0, 1;
    %jmp T_9.4;
T_9.3 ;
    %pushi/vec4 0, 0, 1;
    %store/vec4 v0x5bdd1bfad9f0_0, 0, 1;
    %pushi/vec4 0, 0, 1;
    %store/vec4 v0x5bdd1bfadad0_0, 0, 1;
    %pushi/vec4 0, 0, 1;
    %store/vec4 v0x5bdd1bfadb90_0, 0, 1;
    %load/vec4 v0x5bdd1bfade20_0;
    %store/vec4 v0x5bdd1bfadc30_0, 0, 1;
    %jmp T_9.4;
T_9.4 ;
    %pop/vec4 1;
    %jmp T_9;
    .thread T_9, $push;
    .scope S_0x5bdd1bf2c650;
T_10 ;
    %vpi_call/w 3 32 "$dumpfile", "tb_demultiplexer.vcd" {0 0 0};
    %vpi_call/w 3 33 "$dumpvars", 32'sb00000000000000000000000000000000, S_0x5bdd1bf2c650 {0 0 0};
    %end;
    .thread T_10;
    .scope S_0x5bdd1bf2c650;
T_11 ;
    %delay 1000, 0;
    %load/vec4 v0x5bdd1bfaf300_0;
    %inv;
    %store/vec4 v0x5bdd1bfaf300_0, 0, 1;
    %jmp T_11;
    .thread T_11;
    .scope S_0x5bdd1bf2c650;
T_12 ;
    %fork TD_tb_demultiplexer.initialize, S_0x5bdd1bfae180;
    %join;
    %end;
    .thread T_12;
    .scope S_0x5bdd1bf2c650;
T_13 ;
    %wait E_0x5bdd1bf7f5c0;
    %delay 120, 0;
    %load/vec4 v0x5bdd1bfaf550_0;
    %nor/r;
    %flag_set/vec4 8;
    %jmp/0xz  T_13.0, 8;
    %fork TD_tb_demultiplexer.scan_file, S_0x5bdd1bfae540;
    %join;
T_13.0 ;
    %jmp T_13;
    .thread T_13;
    .scope S_0x5bdd1bf2c650;
T_14 ;
    %wait E_0x5bdd1bf7f9c0;
    %fork TD_tb_demultiplexer.coverage_update, S_0x5bdd1bfad010;
    %join;
    %delay 10, 0;
    %fork TD_tb_demultiplexer.OUT_EXP, S_0x5bdd1bf7ef40;
    %join;
    %fork TD_tb_demultiplexer.display_file, S_0x5bdd1bfad500;
    %join;
    %fork TD_tb_demultiplexer.errors_warnings_check, S_0x5bdd1bfadfa0;
    %join;
    %fork TD_tb_demultiplexer.vectorcount, S_0x5bdd1bfae720;
    %join;
    %jmp T_14;
    .thread T_14;
    .scope S_0x5bdd1bf2c650;
T_15 ;
T_15.0 ;
    %load/vec4 v0x5bdd1bfaf550_0;
    %cmpi/ne 1, 0, 1;
    %jmp/0xz T_15.1, 6;
    %wait E_0x5bdd1bf803b0;
    %jmp T_15.0;
T_15.1 ;
    %vpi_call/w 3 301 "$display" {0 0 0};
    %vpi_call/w 3 302 "$display", "%13s ***time = %0d,eof ***", "\000", $time {0 0 0};
    %vpi_call/w 3 303 "$display" {0 0 0};
    %pushi/vec4 0, 0, 32;
    %store/vec4 v0x5bdd1bfaf5f0_0, 0, 32;
T_15.2 ;
    %load/vec4 v0x5bdd1bfaf5f0_0;
    %cmpi/s 50, 0, 32;
    %jmp/0xz T_15.3, 5;
    %load/vec4 v0x5bdd1bfaf480_0;
    %cmpi/e 1, 0, 1;
    %flag_get/vec4 4;
    %jmp/0 T_15.6, 4;
    %load/vec4 v0x5bdd1bfaf210_0;
    %pad/u 3;
    %pushi/vec4 4, 0, 3;
    %cmp/e;
    %flag_get/vec4 4;
    %and;
T_15.6;
    %flag_set/vec4 8;
    %jmp/0xz  T_15.4, 8;
    %fork TD_tb_demultiplexer.vectorcount, S_0x5bdd1bfae720;
    %join;
    %fork TD_tb_demultiplexer.close, S_0x5bdd1bf7f0d0;
    %join;
    %jmp T_15.5;
T_15.4 ;
    %fork TD_tb_demultiplexer.random_in, S_0x5bdd1bfae360;
    %join;
T_15.5 ;
    ; show_stmt_assign_vector: Get l-value for compressed += operand
    %load/vec4 v0x5bdd1bfaf5f0_0;
    %pushi/vec4 1, 0, 32;
    %add;
    %cast2;
    %store/vec4 v0x5bdd1bfaf5f0_0, 0, 32;
    %jmp T_15.2;
T_15.3 ;
    %fork TD_tb_demultiplexer.close, S_0x5bdd1bf7f0d0;
    %join;
    %end;
    .thread T_15;
# The file index is used to find the file name in the following table.
:file_names 5;
    "N/A";
    "<interactive>";
    "-";
    "tb_demultiplexer.v";
    "demultiplexer.v";
