#! /usr/bin/vvp
:ivl_version "12.0 (stable)";
:ivl_delay_selection "TYPICAL";
:vpi_time_precision - 11;
:vpi_module "/usr/lib/x86_64-linux-gnu/ivl/system.vpi";
:vpi_module "/usr/lib/x86_64-linux-gnu/ivl/vhdl_sys.vpi";
:vpi_module "/usr/lib/x86_64-linux-gnu/ivl/vhdl_textio.vpi";
:vpi_module "/usr/lib/x86_64-linux-gnu/ivl/v2005_math.vpi";
:vpi_module "/usr/lib/x86_64-linux-gnu/ivl/va_math.vpi";
:vpi_module "/usr/lib/x86_64-linux-gnu/ivl/v2009.vpi";
S_0x5e6996ffeb20 .scope package, "$unit" "$unit" 2 1;
 .timescale 0 0;
S_0x5e6997003650 .scope module, "tb_dff_pulse_triggered" "tb_dff_pulse_triggered" 3 3;
 .timescale -9 -11;
P_0x5e6996fd2d70 .param/l "TICKPERIOD" 1 3 56, +C4<00000000000000000000000000010100>;
v0x5e699702d460_0 .var "COMMENT", 71 0;
v0x5e699702d560_0 .var "COMMENT1", 71 0;
v0x5e699702d640_0 .var "COMMENT2", 71 0;
v0x5e699702d700_0 .var/i "COUNT", 31 0;
v0x5e699702d7e0_0 .var "D", 0 0;
v0x5e699702d8d0_0 .var "ERRORS", 31 0;
v0x5e699702d9b0_0 .var/i "FD", 31 0;
v0x5e699702da90_0 .var "QBAREXPECTED", 0 0;
v0x5e699702db50_0 .net "QBAR_beh", 0 0, L_0x5e6997030ea0;  1 drivers
v0x5e699702dbf0_0 .net "QBAR_data", 0 0, L_0x5e6997030cb0;  1 drivers
v0x5e699702dc90_0 .net "QBAR_gate", 0 0, L_0x5e699702f400;  1 drivers
v0x5e699702dd30_0 .var "QEXPECTED", 0 0;
v0x5e699702ddd0_0 .net "Q_beh", 0 0, v0x5e69970299b0_0;  1 drivers
v0x5e699702dea0_0 .net "Q_data", 0 0, L_0x5e6997030a10;  1 drivers
v0x5e699702df70_0 .net "Q_gate", 0 0, L_0x5e699702f2f0;  1 drivers
v0x5e699702e040_0 .var "TICK", 0 0;
v0x5e699702e0e0_0 .var "TICK2", 0 0;
v0x5e699702e180_0 .var "VECTORCOUNT", 31 0;
v0x5e699702e220_0 .var "eof", 0 0;
v0x5e699702e2c0_0 .var/2s "i", 31 0;
v0x5e699702e360 .array "input_coverage", 3 0, 31 0;
v0x5e699702e420_0 .var "prev_D", 0 0;
v0x5e699702e4e0_0 .var "prev_QEx", 0 0;
v0x5e699702e5a0_0 .var "prev_QExbar", 0 0;
v0x5e699702e660_0 .var "prev_Qbarbeh", 0 0;
v0x5e699702e720_0 .var "prev_Qbardata", 0 0;
v0x5e699702e7e0_0 .var "prev_Qbargate", 0 0;
v0x5e699702e8a0_0 .var "prev_Qdata", 0 0;
v0x5e699702e960_0 .var "prev_Qgate", 0 0;
E_0x5e6996ff5350 .event anyedge, v0x5e699702e220_0;
E_0x5e6996ff5570 .event negedge, v0x5e699700c500_0;
S_0x5e6997008d40 .scope task, "QEXP" "QEXP" 3 138, 3 138 0, S_0x5e6997003650;
 .timescale -9 -11;
TD_tb_dff_pulse_triggered.QEXP ;
    %load/vec4 v0x5e699702d7e0_0;
    %load/vec4 v0x5e699702e0e0_0;
    %concat/vec4; draw_concat_vec4
    %dup/vec4;
    %pushi/vec4 1, 0, 2;
    %cmp/u;
    %jmp/1 T_0.0, 6;
    %dup/vec4;
    %pushi/vec4 3, 0, 2;
    %cmp/u;
    %jmp/1 T_0.1, 6;
    %load/vec4 v0x5e699702e4e0_0;
    %store/vec4 v0x5e699702dd30_0, 0, 1;
    %load/vec4 v0x5e699702e5a0_0;
    %store/vec4 v0x5e699702da90_0, 0, 1;
    %jmp T_0.3;
T_0.0 ;
    %pushi/vec4 0, 0, 1;
    %store/vec4 v0x5e699702dd30_0, 0, 1;
    %pushi/vec4 1, 0, 1;
    %store/vec4 v0x5e699702da90_0, 0, 1;
    %jmp T_0.3;
T_0.1 ;
    %pushi/vec4 1, 0, 1;
    %store/vec4 v0x5e699702dd30_0, 0, 1;
    %pushi/vec4 0, 0, 1;
    %store/vec4 v0x5e699702da90_0, 0, 1;
    %jmp T_0.3;
T_0.3 ;
    %pop/vec4 1;
    %end;
S_0x5e6997008580 .scope task, "close" "close" 3 167, 3 167 0, S_0x5e6997003650;
 .timescale -9 -11;
TD_tb_dff_pulse_triggered.close ;
    %delay 1000, 0;
    %vpi_call/w 3 170 "$fclose", v0x5e699702d9b0_0 {0 0 0};
    %vpi_call/w 3 172 "$display" {0 0 0};
    %vpi_call/w 3 173 "$display", "COVERAGE_REPORT" {0 0 0};
    %pushi/vec4 0, 0, 32;
    %store/vec4 v0x5e699702e2c0_0, 0, 32;
T_1.4 ;
    %load/vec4 v0x5e699702e2c0_0;
    %cmpi/s 4, 0, 32;
    %jmp/0xz T_1.5, 5;
    %ix/getv/s 4, v0x5e699702e2c0_0;
    %load/vec4a v0x5e699702e360, 4;
    %cmpi/e 0, 0, 32;
    %jmp/0xz  T_1.6, 4;
    %vpi_call/w 3 179 "$display", "input %b to input %b has occured %d times (***ERROR***)", &PV<v0x5e699702e2c0_0, 1, 1>, &PV<v0x5e699702e2c0_0, 0, 1>, &A<v0x5e699702e360, v0x5e699702e2c0_0 > {0 0 0};
    %load/vec4 v0x5e699702d8d0_0;
    %addi 1, 0, 32;
    %store/vec4 v0x5e699702d8d0_0, 0, 32;
    %jmp T_1.7;
T_1.6 ;
    %vpi_call/w 3 186 "$display", "input %b to input %b has occured %d times", &PV<v0x5e699702e2c0_0, 1, 1>, &PV<v0x5e699702e2c0_0, 0, 1>, &A<v0x5e699702e360, v0x5e699702e2c0_0 > {0 0 0};
T_1.7 ;
    ; show_stmt_assign_vector: Get l-value for compressed += operand
    %load/vec4 v0x5e699702e2c0_0;
    %pushi/vec4 1, 0, 32;
    %add;
    %cast2;
    %store/vec4 v0x5e699702e2c0_0, 0, 32;
    %jmp T_1.4;
T_1.5 ;
    %vpi_call/w 3 192 "$display" {0 0 0};
    %vpi_call/w 3 193 "$display", "VECTORCOUNT = %d", v0x5e699702e180_0 {0 0 0};
    %vpi_call/w 3 194 "$display", "ERRORS = %15d", v0x5e699702d8d0_0 {0 0 0};
    %vpi_call/w 3 195 "$display" {0 0 0};
    %vpi_call/w 3 196 "$display", "TEST_END--------------------------------------------------------------------------------------------------------------------------" {0 0 0};
    %vpi_call/w 3 197 "$display" {0 0 0};
    %vpi_call/w 3 199 "$finish" {0 0 0};
    %end;
S_0x5e6997007dc0 .scope task, "coverage_update" "coverage_update" 3 224, 3 224 0, S_0x5e6997003650;
 .timescale -9 -11;
TD_tb_dff_pulse_triggered.coverage_update ;
    ; show_stmt_assign_vector: Get l-value for compressed += operand
    %load/vec4 v0x5e699702e420_0;
    %load/vec4 v0x5e699702d7e0_0;
    %concat/vec4; draw_concat_vec4
    %pad/u 4;
    %ix/vec4 4;
    %flag_mov 8, 4;
    %load/vec4a v0x5e699702e360, 4;
    %pushi/vec4 1, 0, 32;
    %add;
    %flag_mov 4, 8;
    %store/vec4a v0x5e699702e360, 4, 0;
    %end;
S_0x5e69970075a0 .scope task, "display_file" "display_file" 3 215, 3 215 0, S_0x5e6997003650;
 .timescale -9 -11;
TD_tb_dff_pulse_triggered.display_file ;
    %vpi_call/w 3 217 "$display", "%10d %9s | %4d | %1d | %4d     | %4d     | %4d    | %5d     | %5d     | %5d     | %6d       | %3d   | ", v0x5e699702e180_0, v0x5e699702d460_0, $time, v0x5e699702d7e0_0, v0x5e699702df70_0, v0x5e699702dea0_0, v0x5e699702ddd0_0, v0x5e699702dc90_0, v0x5e699702dbf0_0, v0x5e699702dd30_0, v0x5e699702da90_0, v0x5e699702e0e0_0 {0 0 0};
    %end;
S_0x5e6997006d80 .scope module, "dut_dff_pulse_triggered_behavioral" "dff_pulse_triggered_behavioral" 3 41, 4 130 0, S_0x5e6997003650;
 .timescale -9 -11;
    .port_info 0 /INPUT 1 "clk";
    .port_info 1 /INPUT 1 "clk2";
    .port_info 2 /INPUT 1 "d";
    .port_info 3 /OUTPUT 1 "q";
    .port_info 4 /OUTPUT 1 "qbar";
L_0x5e6997030ea0 .functor NOT 1, v0x5e69970299b0_0, C4<0>, C4<0>, C4<0>;
v0x5e699700c500_0 .net "clk", 0 0, v0x5e699702e040_0;  1 drivers
v0x5e69970028b0_0 .net "clk2", 0 0, v0x5e699702e0e0_0;  1 drivers
v0x5e6997009630_0 .net "d", 0 0, v0x5e699702d7e0_0;  1 drivers
v0x5e69970299b0_0 .var "q", 0 0;
v0x5e6997029a70_0 .net "qbar", 0 0, L_0x5e6997030ea0;  alias, 1 drivers
E_0x5e6996ff5810 .event posedge, v0x5e699700c500_0;
S_0x5e6997029c20 .scope module, "dut_dff_pulse_triggered_dataflow" "dff_pulse_triggered_dataflow" 3 40, 4 66 0, S_0x5e6997003650;
 .timescale -9 -11;
    .port_info 0 /INPUT 1 "clk";
    .port_info 1 /INPUT 1 "clk2";
    .port_info 2 /INPUT 1 "d";
    .port_info 3 /OUTPUT 1 "q";
    .port_info 4 /OUTPUT 1 "qbar";
L_0x5e699702f280 .functor BUFZ 1, v0x5e699702d7e0_0, C4<0>, C4<0>, C4<0>;
L_0x5e699702f590 .functor NOT 1, v0x5e699702d7e0_0, C4<0>, C4<0>, C4<0>;
L_0x5e699702f600 .functor AND 1, L_0x5e699702f280, v0x5e699702e040_0, C4<1>, C4<1>;
L_0x5e699702f6c0 .functor NOT 1, L_0x5e699702f600, C4<0>, C4<0>, C4<0>;
L_0x5e699702f7b0 .functor AND 1, L_0x5e699702f590, v0x5e699702e040_0, C4<1>, C4<1>;
L_0x5e699702f870 .functor NOT 1, L_0x5e699702f7b0, C4<0>, C4<0>, C4<0>;
L_0x5e699702f970 .functor AND 1, L_0x5e699702f6c0, v0x5e699702acc0_0, C4<1>, C4<1>;
L_0x5e699702fa30 .functor NOT 1, L_0x5e699702f970, C4<0>, C4<0>, C4<0>;
L_0x5e699702fb40 .functor AND 1, L_0x5e699702f870, v0x5e699702ab80_0, C4<1>, C4<1>;
L_0x5e699702fc00 .functor NOT 1, L_0x5e699702fb40, C4<0>, C4<0>, C4<0>;
L_0x5e699702fd20 .functor AND 1, L_0x5e699702f6c0, L_0x5e699702fc00, C4<1>, C4<1>;
L_0x5e699702fd90 .functor NOT 1, L_0x5e699702fd20, C4<0>, C4<0>, C4<0>;
L_0x5e699702fec0 .functor AND 1, L_0x5e699702f870, L_0x5e699702fa30, C4<1>, C4<1>;
L_0x5e699702ff80 .functor NOT 1, L_0x5e699702fec0, C4<0>, C4<0>, C4<0>;
L_0x5e699702fe50 .functor AND 1, L_0x5e699702fd90, v0x5e699702e0e0_0, C4<1>, C4<1>;
L_0x5e6997030110 .functor NOT 1, L_0x5e699702fe50, C4<0>, C4<0>, C4<0>;
L_0x5e6997030260 .functor AND 1, L_0x5e699702ff80, v0x5e699702e0e0_0, C4<1>, C4<1>;
L_0x5e6997030320 .functor NOT 1, L_0x5e6997030260, C4<0>, C4<0>, C4<0>;
L_0x5e6997030480 .functor AND 1, L_0x5e6997030110, v0x5e699702ac20_0, C4<1>, C4<1>;
L_0x5e6997030540 .functor NOT 1, L_0x5e6997030480, C4<0>, C4<0>, C4<0>;
L_0x5e69970306e0 .functor AND 1, L_0x5e6997030320, v0x5e699702aae0_0, C4<1>, C4<1>;
L_0x5e69970307a0 .functor NOT 1, L_0x5e69970306e0, C4<0>, C4<0>, C4<0>;
L_0x5e6997030950 .functor AND 1, L_0x5e6997030110, L_0x5e69970307a0, C4<1>, C4<1>;
L_0x5e6997030a10 .functor NOT 1, L_0x5e6997030950, C4<0>, C4<0>, C4<0>;
L_0x5e6997030bf0 .functor AND 1, L_0x5e6997030320, L_0x5e6997030540, C4<1>, C4<1>;
L_0x5e6997030cb0 .functor NOT 1, L_0x5e6997030bf0, C4<0>, C4<0>, C4<0>;
v0x5e6997029e00_0 .net *"_ivl_12", 0 0, L_0x5e699702f970;  1 drivers
v0x5e6997029f00_0 .net *"_ivl_16", 0 0, L_0x5e699702fb40;  1 drivers
v0x5e6997029fe0_0 .net *"_ivl_20", 0 0, L_0x5e699702fd20;  1 drivers
v0x5e699702a0a0_0 .net *"_ivl_24", 0 0, L_0x5e699702fec0;  1 drivers
v0x5e699702a180_0 .net *"_ivl_28", 0 0, L_0x5e699702fe50;  1 drivers
v0x5e699702a2b0_0 .net *"_ivl_32", 0 0, L_0x5e6997030260;  1 drivers
v0x5e699702a390_0 .net *"_ivl_36", 0 0, L_0x5e6997030480;  1 drivers
v0x5e699702a470_0 .net *"_ivl_4", 0 0, L_0x5e699702f600;  1 drivers
v0x5e699702a550_0 .net *"_ivl_40", 0 0, L_0x5e69970306e0;  1 drivers
v0x5e699702a630_0 .net *"_ivl_44", 0 0, L_0x5e6997030950;  1 drivers
v0x5e699702a710_0 .net *"_ivl_48", 0 0, L_0x5e6997030bf0;  1 drivers
v0x5e699702a7f0_0 .net *"_ivl_8", 0 0, L_0x5e699702f7b0;  1 drivers
v0x5e699702a8d0_0 .net "clk", 0 0, v0x5e699702e040_0;  alias, 1 drivers
v0x5e699702a970_0 .net "clk2", 0 0, v0x5e699702e0e0_0;  alias, 1 drivers
v0x5e699702aa10_0 .net "d", 0 0, v0x5e699702d7e0_0;  alias, 1 drivers
v0x5e699702aae0_0 .var "prev_q", 0 0;
v0x5e699702ab80_0 .var "prev_q2", 0 0;
v0x5e699702ac20_0 .var "prev_qbar", 0 0;
v0x5e699702acc0_0 .var "prev_qbar2", 0 0;
v0x5e699702ad80_0 .net "q", 0 0, L_0x5e6997030a10;  alias, 1 drivers
v0x5e699702ae40_0 .net "q1", 0 0, L_0x5e699702fa30;  1 drivers
v0x5e699702af00_0 .net "q2", 0 0, L_0x5e699702fd90;  1 drivers
v0x5e699702afc0_0 .net "q3", 0 0, L_0x5e6997030540;  1 drivers
v0x5e699702b080_0 .net "qbar", 0 0, L_0x5e6997030cb0;  alias, 1 drivers
v0x5e699702b140_0 .net "qbar1", 0 0, L_0x5e699702fc00;  1 drivers
v0x5e699702b200_0 .net "qbar2", 0 0, L_0x5e699702ff80;  1 drivers
v0x5e699702b2c0_0 .net "qbar3", 0 0, L_0x5e69970307a0;  1 drivers
v0x5e699702b380_0 .net "r", 0 0, L_0x5e699702f590;  1 drivers
v0x5e699702b440_0 .net "r1", 0 0, L_0x5e699702f870;  1 drivers
v0x5e699702b500_0 .net "r2", 0 0, L_0x5e6997030320;  1 drivers
v0x5e699702b5c0_0 .net "s", 0 0, L_0x5e699702f280;  1 drivers
v0x5e699702b680_0 .net "s1", 0 0, L_0x5e699702f6c0;  1 drivers
v0x5e699702b740_0 .net "s2", 0 0, L_0x5e6997030110;  1 drivers
S_0x5e699702b8d0 .scope module, "dut_dff_pulse_triggered_gate" "dff_pulse_triggered_gate" 3 39, 4 3 0, S_0x5e6997003650;
 .timescale -9 -11;
    .port_info 0 /INPUT 1 "clk";
    .port_info 1 /INPUT 1 "clk2";
    .port_info 2 /INPUT 1 "d";
    .port_info 3 /OUTPUT 1 "q";
    .port_info 4 /OUTPUT 1 "qbar";
L_0x5e699700c3e0 .functor BUFZ 1, v0x5e699702d7e0_0, C4<0>, C4<0>, C4<0>;
L_0x5e6997002790 .functor NOT 1, v0x5e699702d7e0_0, C4<0>, C4<0>, C4<0>;
L_0x5e6997009510 .functor NAND 1, L_0x5e699700c3e0, v0x5e699702e040_0, C4<1>, C4<1>;
L_0x5e699702eaf0 .functor NAND 1, L_0x5e6997002790, v0x5e699702e040_0, C4<1>, C4<1>;
L_0x5e699702eb90 .functor NAND 1, L_0x5e6997009510, v0x5e699702bfc0_0, C4<1>, C4<1>;
L_0x5e699702ec00 .functor NAND 1, L_0x5e699702eaf0, v0x5e699702be10_0, C4<1>, C4<1>;
L_0x5e699702ed30 .functor NAND 1, L_0x5e6997009510, L_0x5e699702ec00, C4<1>, C4<1>;
L_0x5e699702edf0 .functor NAND 1, L_0x5e699702eaf0, L_0x5e699702eb90, C4<1>, C4<1>;
L_0x5e699702ef00 .functor NAND 1, L_0x5e699702ed30, v0x5e699702e0e0_0, C4<1>, C4<1>;
L_0x5e699702f050 .functor NAND 1, L_0x5e699702edf0, v0x5e699702e0e0_0, C4<1>, C4<1>;
L_0x5e699702f120 .functor NAND 1, L_0x5e699702ef00, v0x5e699702bf00_0, C4<1>, C4<1>;
L_0x5e699702f190 .functor NAND 1, L_0x5e699702f050, v0x5e699702bd70_0, C4<1>, C4<1>;
L_0x5e699702f2f0 .functor NAND 1, L_0x5e699702ef00, L_0x5e699702f190, C4<1>, C4<1>;
L_0x5e699702f400 .functor NAND 1, L_0x5e699702f050, L_0x5e699702f120, C4<1>, C4<1>;
v0x5e699702ba60_0 .net "clk", 0 0, v0x5e699702e040_0;  alias, 1 drivers
v0x5e699702bb70_0 .net "clk2", 0 0, v0x5e699702e0e0_0;  alias, 1 drivers
v0x5e699702bc80_0 .net "d", 0 0, v0x5e699702d7e0_0;  alias, 1 drivers
v0x5e699702bd70_0 .var "prev_q", 0 0;
v0x5e699702be10_0 .var "prev_q2", 0 0;
v0x5e699702bf00_0 .var "prev_qbar", 0 0;
v0x5e699702bfc0_0 .var "prev_qbar2", 0 0;
v0x5e699702c080_0 .net "q", 0 0, L_0x5e699702f2f0;  alias, 1 drivers
v0x5e699702c140_0 .net "q1", 0 0, L_0x5e699702eb90;  1 drivers
v0x5e699702c200_0 .net "q2", 0 0, L_0x5e699702ed30;  1 drivers
v0x5e699702c2c0_0 .net "q3", 0 0, L_0x5e699702f120;  1 drivers
v0x5e699702c380_0 .net "qbar", 0 0, L_0x5e699702f400;  alias, 1 drivers
v0x5e699702c440_0 .net "qbar1", 0 0, L_0x5e699702ec00;  1 drivers
v0x5e699702c500_0 .net "qbar2", 0 0, L_0x5e699702edf0;  1 drivers
v0x5e699702c5c0_0 .net "qbar3", 0 0, L_0x5e699702f190;  1 drivers
v0x5e699702c680_0 .net "r", 0 0, L_0x5e6997002790;  1 drivers
v0x5e699702c740_0 .net "r1", 0 0, L_0x5e699702eaf0;  1 drivers
v0x5e699702c800_0 .net "r2", 0 0, L_0x5e699702f050;  1 drivers
v0x5e699702c8c0_0 .net "s", 0 0, L_0x5e699700c3e0;  1 drivers
v0x5e699702c980_0 .net "s1", 0 0, L_0x5e6997009510;  1 drivers
v0x5e699702ca40_0 .net "s2", 0 0, L_0x5e699702ef00;  1 drivers
S_0x5e699702cba0 .scope task, "errors_check" "errors_check" 3 233, 3 233 0, S_0x5e6997003650;
 .timescale -9 -11;
TD_tb_dff_pulse_triggered.errors_check ;
    %load/vec4 v0x5e699702df70_0;
    %load/vec4 v0x5e699702dd30_0;
    %cmp/ne;
    %jmp/0xz  T_4.8, 6;
    %vpi_call/w 3 239 "$display", "***ERROR: Q_gate = %b, Q_expected = %b", v0x5e699702df70_0, v0x5e699702dd30_0 {0 0 0};
    %load/vec4 v0x5e699702d8d0_0;
    %addi 1, 0, 32;
    %store/vec4 v0x5e699702d8d0_0, 0, 32;
T_4.8 ;
    %load/vec4 v0x5e699702dea0_0;
    %load/vec4 v0x5e699702dd30_0;
    %cmp/ne;
    %jmp/0xz  T_4.10, 6;
    %vpi_call/w 3 246 "$display", "***ERROR: Q_dataflow = %b, Q_expected = %b", v0x5e699702dea0_0, v0x5e699702dd30_0 {0 0 0};
    %load/vec4 v0x5e699702d8d0_0;
    %addi 1, 0, 32;
    %store/vec4 v0x5e699702d8d0_0, 0, 32;
T_4.10 ;
    %load/vec4 v0x5e699702ddd0_0;
    %load/vec4 v0x5e699702dd30_0;
    %cmp/ne;
    %jmp/0xz  T_4.12, 6;
    %vpi_call/w 3 253 "$display", "***ERROR: Q_behavioral = %b, Q_expected = %b", v0x5e699702ddd0_0, v0x5e699702dd30_0 {0 0 0};
    %load/vec4 v0x5e699702d8d0_0;
    %addi 1, 0, 32;
    %store/vec4 v0x5e699702d8d0_0, 0, 32;
T_4.12 ;
    %load/vec4 v0x5e699702dc90_0;
    %load/vec4 v0x5e699702da90_0;
    %cmp/ne;
    %jmp/0xz  T_4.14, 6;
    %vpi_call/w 3 260 "$display", "***ERROR: QBAR_gate = %b, QBAR_expected = %b", v0x5e699702dc90_0, v0x5e699702da90_0 {0 0 0};
    %load/vec4 v0x5e699702d8d0_0;
    %addi 1, 0, 32;
    %store/vec4 v0x5e699702d8d0_0, 0, 32;
T_4.14 ;
    %load/vec4 v0x5e699702dbf0_0;
    %load/vec4 v0x5e699702da90_0;
    %cmp/ne;
    %jmp/0xz  T_4.16, 6;
    %vpi_call/w 3 267 "$display", "***ERROR: QBAR_dataflow = %b, QBAR_expected = %b", v0x5e699702dbf0_0, v0x5e699702da90_0 {0 0 0};
    %load/vec4 v0x5e699702d8d0_0;
    %addi 1, 0, 32;
    %store/vec4 v0x5e699702d8d0_0, 0, 32;
T_4.16 ;
    %load/vec4 v0x5e699702d7e0_0;
    %load/vec4 v0x5e699702e420_0;
    %cmp/ne;
    %jmp/0xz  T_4.18, 6;
    %vpi_call/w 3 274 "$display", "***ERROR: Racing Condition Occur" {0 0 0};
    %load/vec4 v0x5e699702d8d0_0;
    %addi 1, 0, 32;
    %store/vec4 v0x5e699702d8d0_0, 0, 32;
T_4.18 ;
    %end;
S_0x5e699702cd30 .scope task, "initialize" "initialize" 3 79, 3 79 0, S_0x5e6997003650;
 .timescale -9 -11;
TD_tb_dff_pulse_triggered.initialize ;
    %vpi_func 3 81 "$fopen" 32, "tb_dff_pulse_triggered.tv", "r" {0 0 0};
    %store/vec4 v0x5e699702d9b0_0, 0, 32;
    %vpi_func 3 82 "$fscanf" 32, v0x5e699702d9b0_0, "%s", v0x5e699702d460_0 {0 0 0};
    %store/vec4 v0x5e699702d700_0, 0, 32;
    %vpi_func 3 84 "$fscanf" 32, v0x5e699702d9b0_0, "%s %b %s %s", v0x5e699702d460_0, v0x5e699702d7e0_0, v0x5e699702d560_0, v0x5e699702d640_0 {0 0 0};
    %store/vec4 v0x5e699702d700_0, 0, 32;
    %pushi/vec4 0, 0, 1;
    %store/vec4 v0x5e699702e040_0, 0, 1;
    %pushi/vec4 0, 0, 1;
    %store/vec4 v0x5e699702e0e0_0, 0, 1;
    %pushi/vec4 0, 0, 32;
    %store/vec4 v0x5e699702e180_0, 0, 32;
    %pushi/vec4 0, 0, 32;
    %store/vec4 v0x5e699702d8d0_0, 0, 32;
    %pushi/vec4 0, 0, 32;
    %store/vec4 v0x5e699702e2c0_0, 0, 32;
T_5.20 ;
    %load/vec4 v0x5e699702e2c0_0;
    %cmpi/s 4, 0, 32;
    %jmp/0xz T_5.21, 5;
    %pushi/vec4 0, 0, 32;
    %ix/getv/s 4, v0x5e699702e2c0_0;
    %store/vec4a v0x5e699702e360, 4, 0;
    ; show_stmt_assign_vector: Get l-value for compressed += operand
    %load/vec4 v0x5e699702e2c0_0;
    %pushi/vec4 1, 0, 32;
    %add;
    %cast2;
    %store/vec4 v0x5e699702e2c0_0, 0, 32;
    %jmp T_5.20;
T_5.21 ;
    %pushi/vec4 0, 0, 1;
    %store/vec4 v0x5e699702e220_0, 0, 1;
    %vpi_call/w 3 96 "$display" {0 0 0};
    %vpi_call/w 3 97 "$display", "TEST_START------------------------------------------------------------------------------------------------------------------------" {0 0 0};
    %vpi_call/w 3 98 "$display" {0 0 0};
    %vpi_call/w 3 99 "$display", "                     | TIME | D |  Q_gate  |  Q_data  |  Q_beh  | QBAR_gate | QBAR_data | QEXPECTED | QBAREXPECTED | TICK2 |" {0 0 0};
    %vpi_call/w 3 100 "$display", "----------------------------------------------------------------------------------------------------------------------------------" {0 0 0};
    %end;
S_0x5e699702cf10 .scope task, "random_in" "random_in" 3 121, 3 121 0, S_0x5e6997003650;
 .timescale -9 -11;
TD_tb_dff_pulse_triggered.random_in ;
    %vpi_func 3 123 "$urandom" 32 {0 0 0};
    %pushi/vec4 5, 0, 32;
    %mod;
    %pad/u 1;
    %store/vec4 v0x5e699702d7e0_0, 0, 1;
    %load/vec4 v0x5e699702d7e0_0;
    %dup/vec4;
    %pushi/vec4 0, 0, 1;
    %cmp/u;
    %jmp/1 T_6.22, 6;
    %dup/vec4;
    %pushi/vec4 1, 0, 1;
    %cmp/u;
    %jmp/1 T_6.23, 6;
    %jmp T_6.24;
T_6.22 ;
    %pushi/vec4 0, 0, 32; draw_string_vec4
    %pushi/vec4 1380275013, 0, 32; draw_string_vec4
    %concat/vec4; draw_string_vec4
    %pushi/vec4 84, 0, 8; draw_string_vec4
    %concat/vec4; draw_string_vec4
    %store/vec4 v0x5e699702d460_0, 0, 72;
    %jmp T_6.24;
T_6.23 ;
    %pushi/vec4 0, 0, 32; draw_string_vec4
    %pushi/vec4 21317, 0, 32; draw_string_vec4
    %concat/vec4; draw_string_vec4
    %pushi/vec4 84, 0, 8; draw_string_vec4
    %concat/vec4; draw_string_vec4
    %store/vec4 v0x5e699702d460_0, 0, 72;
    %jmp T_6.24;
T_6.24 ;
    %pop/vec4 1;
    %pushi/real 1717986918, 4062; load=0.100000
    %pushi/real 1677722, 4040; load=0.100000
    %add/wr;
    %vpi_func 3 131 "$urandom_range" 32, W<0,r>, 32'sb00000000000000000000000000001010 {0 1 0};
    %pad/u 64;
    %muli 100, 0, 64;
    %ix/vec4 4;
    %delayx 4;
    %end;
S_0x5e699702d0a0 .scope task, "scan_file" "scan_file" 3 110, 3 110 0, S_0x5e6997003650;
 .timescale -9 -11;
TD_tb_dff_pulse_triggered.scan_file ;
    %vpi_func 3 113 "$fscanf" 32, v0x5e699702d9b0_0, "%s %b %b %b", v0x5e699702d460_0, v0x5e699702d7e0_0, v0x5e699702dd30_0, v0x5e699702da90_0 {0 0 0};
    %store/vec4 v0x5e699702d700_0, 0, 32;
    %load/vec4 v0x5e699702d700_0;
    %pushi/vec4 4294967295, 0, 32;
    %cmp/e;
    %flag_get/vec4 4;
    %store/vec4 v0x5e699702e220_0, 0, 1;
    %end;
S_0x5e699702d280 .scope task, "vectorcount" "vectorcount" 3 206, 3 206 0, S_0x5e6997003650;
 .timescale -9 -11;
TD_tb_dff_pulse_triggered.vectorcount ;
    %load/vec4 v0x5e699702e180_0;
    %addi 1, 0, 32;
    %store/vec4 v0x5e699702e180_0, 0, 32;
    %end;
    .scope S_0x5e699702b8d0;
T_9 ;
    %wait E_0x5e6996ff5810;
    %delay 12, 0;
    %load/vec4 v0x5e699702c080_0;
    %store/vec4 v0x5e699702bd70_0, 0, 1;
    %load/vec4 v0x5e699702c380_0;
    %store/vec4 v0x5e699702bf00_0, 0, 1;
    %load/vec4 v0x5e699702c200_0;
    %store/vec4 v0x5e699702be10_0, 0, 1;
    %load/vec4 v0x5e699702c500_0;
    %store/vec4 v0x5e699702bfc0_0, 0, 1;
    %jmp T_9;
    .thread T_9;
    .scope S_0x5e6997029c20;
T_10 ;
    %wait E_0x5e6996ff5810;
    %delay 12, 0;
    %load/vec4 v0x5e699702ad80_0;
    %store/vec4 v0x5e699702aae0_0, 0, 1;
    %load/vec4 v0x5e699702b080_0;
    %store/vec4 v0x5e699702ac20_0, 0, 1;
    %load/vec4 v0x5e699702af00_0;
    %store/vec4 v0x5e699702ab80_0, 0, 1;
    %load/vec4 v0x5e699702b200_0;
    %store/vec4 v0x5e699702acc0_0, 0, 1;
    %jmp T_10;
    .thread T_10;
    .scope S_0x5e6997006d80;
T_11 ;
    %wait E_0x5e6996ff5810;
    %load/vec4 v0x5e69970028b0_0;
    %flag_set/vec4 8;
    %jmp/0xz  T_11.0, 8;
    %load/vec4 v0x5e6997009630_0;
    %assign/vec4 v0x5e69970299b0_0, 0;
    %jmp T_11.1;
T_11.0 ;
    %load/vec4 v0x5e69970299b0_0;
    %assign/vec4 v0x5e69970299b0_0, 0;
T_11.1 ;
    %jmp T_11;
    .thread T_11;
    .scope S_0x5e6997003650;
T_12 ;
    %vpi_call/w 3 49 "$dumpfile", "tb_dff_pulse_triggered.vcd" {0 0 0};
    %vpi_call/w 3 50 "$dumpvars", 32'sb00000000000000000000000000000000, S_0x5e6997003650 {0 0 0};
    %end;
    .thread T_12;
    .scope S_0x5e6997003650;
T_13 ;
    %delay 1000, 0;
    %load/vec4 v0x5e699702e040_0;
    %inv;
    %store/vec4 v0x5e699702e040_0, 0, 1;
    %jmp T_13;
    .thread T_13;
    .scope S_0x5e6997003650;
T_14 ;
    %delay 2000, 0;
    %load/vec4 v0x5e699702e0e0_0;
    %inv;
    %store/vec4 v0x5e699702e0e0_0, 0, 1;
    %jmp T_14;
    .thread T_14;
    .scope S_0x5e6997003650;
T_15 ;
    %fork TD_tb_dff_pulse_triggered.initialize, S_0x5e699702cd30;
    %join;
    %end;
    .thread T_15;
    .scope S_0x5e6997003650;
T_16 ;
    %wait E_0x5e6996ff5570;
    %delay 120, 0;
    %load/vec4 v0x5e699702e220_0;
    %nor/r;
    %flag_set/vec4 8;
    %jmp/0xz  T_16.0, 8;
    %fork TD_tb_dff_pulse_triggered.scan_file, S_0x5e699702d0a0;
    %join;
T_16.0 ;
    %jmp T_16;
    .thread T_16;
    .scope S_0x5e6997003650;
T_17 ;
    %wait E_0x5e6996ff5810;
    %fork TD_tb_dff_pulse_triggered.coverage_update, S_0x5e6997007dc0;
    %join;
    %load/vec4 v0x5e699702d7e0_0;
    %store/vec4 v0x5e699702e420_0, 0, 1;
    %delay 10, 0;
    %fork TD_tb_dff_pulse_triggered.QEXP, S_0x5e6997008d40;
    %join;
    %fork TD_tb_dff_pulse_triggered.display_file, S_0x5e69970075a0;
    %join;
    %fork TD_tb_dff_pulse_triggered.errors_check, S_0x5e699702cba0;
    %join;
    %fork TD_tb_dff_pulse_triggered.vectorcount, S_0x5e699702d280;
    %join;
    %delay 2, 0;
    %load/vec4 v0x5e699702df70_0;
    %store/vec4 v0x5e699702e960_0, 0, 1;
    %load/vec4 v0x5e699702dc90_0;
    %store/vec4 v0x5e699702e7e0_0, 0, 1;
    %load/vec4 v0x5e699702dea0_0;
    %store/vec4 v0x5e699702e8a0_0, 0, 1;
    %load/vec4 v0x5e699702dbf0_0;
    %store/vec4 v0x5e699702e720_0, 0, 1;
    %load/vec4 v0x5e699702df70_0;
    %store/vec4 v0x5e699702e960_0, 0, 1;
    %load/vec4 v0x5e699702db50_0;
    %store/vec4 v0x5e699702e660_0, 0, 1;
    %load/vec4 v0x5e699702dd30_0;
    %store/vec4 v0x5e699702e4e0_0, 0, 1;
    %load/vec4 v0x5e699702da90_0;
    %store/vec4 v0x5e699702e5a0_0, 0, 1;
    %jmp T_17;
    .thread T_17;
    .scope S_0x5e6997003650;
T_18 ;
T_18.0 ;
    %load/vec4 v0x5e699702e220_0;
    %cmpi/ne 1, 0, 1;
    %jmp/0xz T_18.1, 6;
    %wait E_0x5e6996ff5350;
    %jmp T_18.0;
T_18.1 ;
    %vpi_call/w 3 352 "$display" {0 0 0};
    %vpi_call/w 3 353 "$display", "%13s ***time = %0d,eof ***", "\000", $time {0 0 0};
    %vpi_call/w 3 354 "$display" {0 0 0};
    %pushi/vec4 0, 0, 32;
    %store/vec4 v0x5e699702e2c0_0, 0, 32;
T_18.2 ;
    %load/vec4 v0x5e699702e2c0_0;
    %cmpi/s 50, 0, 32;
    %jmp/0xz T_18.3, 5;
    %load/vec4 v0x5e699702d7e0_0;
    %pad/u 32;
    %cmpi/e 2, 0, 32;
    %jmp/0xz  T_18.4, 4;
    %fork TD_tb_dff_pulse_triggered.vectorcount, S_0x5e699702d280;
    %join;
    %fork TD_tb_dff_pulse_triggered.close, S_0x5e6997008580;
    %join;
    %jmp T_18.5;
T_18.4 ;
    %fork TD_tb_dff_pulse_triggered.random_in, S_0x5e699702cf10;
    %join;
T_18.5 ;
    ; show_stmt_assign_vector: Get l-value for compressed += operand
    %load/vec4 v0x5e699702e2c0_0;
    %pushi/vec4 1, 0, 32;
    %add;
    %cast2;
    %store/vec4 v0x5e699702e2c0_0, 0, 32;
    %jmp T_18.2;
T_18.3 ;
    %fork TD_tb_dff_pulse_triggered.close, S_0x5e6997008580;
    %join;
    %end;
    .thread T_18;
# The file index is used to find the file name in the following table.
:file_names 5;
    "N/A";
    "<interactive>";
    "-";
    "tb_dff_pulse_triggered.v";
    "dff_pulse_triggered.v";
