#! /usr/bin/vvp
:ivl_version "12.0 (stable)";
:ivl_delay_selection "TYPICAL";
:vpi_time_precision - 11;
:vpi_module "/usr/lib/x86_64-linux-gnu/ivl/system.vpi";
:vpi_module "/usr/lib/x86_64-linux-gnu/ivl/vhdl_sys.vpi";
:vpi_module "/usr/lib/x86_64-linux-gnu/ivl/vhdl_textio.vpi";
:vpi_module "/usr/lib/x86_64-linux-gnu/ivl/v2005_math.vpi";
:vpi_module "/usr/lib/x86_64-linux-gnu/ivl/va_math.vpi";
:vpi_module "/usr/lib/x86_64-linux-gnu/ivl/v2009.vpi";
S_0x5c916b3d0280 .scope package, "$unit" "$unit" 2 1;
 .timescale 0 0;
S_0x5c916b3cde50 .scope module, "tb_fifo_synchronous" "tb_fifo_synchronous" 3 4;
 .timescale -9 -11;
P_0x5c916b3dcc30 .param/l "ADDR_WIDTH" 0 3 41, +C4<00000000000000000000000000000100>;
P_0x5c916b3dcc70 .param/l "DATA_WIDTH" 0 3 41, +C4<00000000000000000000000000001000>;
P_0x5c916b3dccb0 .param/l "MEM_DEPTH" 0 3 41, +C4<00000000000000000000000000010000>;
P_0x5c916b3dccf0 .param/l "TICKPERIOD" 1 3 65, +C4<00000000000000000000000000010100>;
v0x5c916b3ffce0_0 .var "ADDRA_EXPECTED", 4 0;
v0x5c916b3ffde0_0 .net "ADDRA_ram", 4 0, v0x5c916b3fd720_0;  1 drivers
v0x5c916b3ffea0_0 .var "ADDRB_EXPECTED", 4 0;
v0x5c916b3fff40_0 .net "ADDRB_ram", 4 0, v0x5c916b3fd830_0;  1 drivers
v0x5c916b400030_0 .var "ADDR_A", 3 0;
v0x5c916b4000d0_0 .var "ADDR_B", 3 0;
v0x5c916b4001a0_0 .var "COMMENT", 247 0;
v0x5c916b400260_0 .var/i "COUNT", 31 0;
v0x5c916b400340_0 .var "DATA_IN", 7 0;
v0x5c916b400490_0 .net "DATA_OUT", 7 0, v0x5c916b3fc390_0;  1 drivers
v0x5c916b400550_0 .net "DATA_OUT_EXPECTED", 7 0, v0x5c916b3ff4d0_0;  1 drivers
v0x5c916b400610_0 .net "EMPTY", 0 0, L_0x5c916b402260;  1 drivers
v0x5c916b400700_0 .var "EMPTY_EXPECTED", 0 0;
v0x5c916b4007a0_0 .var "ERRORS", 31 0;
v0x5c916b400880_0 .var/i "FD", 31 0;
v0x5c916b400960_0 .net "FULL", 0 0, L_0x5c916b402830;  1 drivers
v0x5c916b400a50_0 .var "FULL_EXPECTED", 0 0;
v0x5c916b400c20_0 .net "NEXTW", 0 0, L_0x5c916b39e3a0;  1 drivers
v0x5c916b400cc0_0 .var "NEXT_R", 0 0;
v0x5c916b400d60_0 .var "NEXT_W", 0 0;
v0x5c916b400e00_0 .var "POP", 0 0;
v0x5c916b400ed0_0 .var "PUSH", 0 0;
v0x5c916b400fa0_0 .var "RST", 0 0;
v0x5c916b401040_0 .net "R_PTR", 4 0, v0x5c916b3fcbe0_0;  1 drivers
v0x5c916b4010e0_0 .var "R_PTR_EXPECTED", 4 0;
v0x5c916b401180_0 .var "TICK", 0 0;
v0x5c916b401220_0 .var "VECTORCOUNT", 31 0;
v0x5c916b401300_0 .var "WRAP_WR", 0 0;
v0x5c916b4013c0_0 .net "W_PTR", 4 0, v0x5c916b3fd2f0_0;  1 drivers
v0x5c916b401480_0 .var "W_PTR_EXPECTED", 4 0;
v0x5c916b401560_0 .var "eof", 0 0;
v0x5c916b401620_0 .var/2s "i", 31 0;
v0x5c916b401700_0 .var "prev_ADDRA_EXPECTED", 4 0;
v0x5c916b4017e0_0 .var "prev_ADDRB_EXPECTED", 4 0;
v0x5c916b4018c0_0 .var "prev_INPUT", 10 0;
v0x5c916b4019a0_0 .var "prev_state", 1 0;
v0x5c916b401a80 .array "state_input_coverage", 23 0, 31 0;
v0x5c916b401b40_0 .var "wrap_coverage", 31 0;
E_0x5c916b3a3040 .event anyedge, v0x5c916b401560_0;
E_0x5c916b3a32a0 .event negedge, v0x5c916b3fbfd0_0;
S_0x5c916b367800 .scope task, "ADDRAB_ram" "ADDRAB_ram" 3 143, 3 143 0, S_0x5c916b3cde50;
 .timescale -9 -11;
TD_tb_fifo_synchronous.ADDRAB_ram ;
    %load/vec4 v0x5c916b401480_0;
    %store/vec4 v0x5c916b3ffce0_0, 0, 5;
    %load/vec4 v0x5c916b4010e0_0;
    %store/vec4 v0x5c916b3ffea0_0, 0, 5;
    %end;
S_0x5c916b3ae720 .scope task, "NEXTWR_EXP" "NEXTWR_EXP" 3 154, 3 154 0, S_0x5c916b3cde50;
 .timescale -9 -11;
TD_tb_fifo_synchronous.NEXTWR_EXP ;
    %load/vec4 v0x5c916b400ed0_0;
    %load/vec4 v0x5c916b400a50_0;
    %nor/r;
    %and;
    %store/vec4 v0x5c916b400d60_0, 0, 1;
    %load/vec4 v0x5c916b400e00_0;
    %load/vec4 v0x5c916b400700_0;
    %nor/r;
    %and;
    %store/vec4 v0x5c916b400cc0_0, 0, 1;
    %end;
S_0x5c916b3ae900 .scope task, "OUT_EXP" "OUT_EXP" 3 166, 3 166 0, S_0x5c916b3cde50;
 .timescale -9 -11;
TD_tb_fifo_synchronous.OUT_EXP ;
    %load/vec4 v0x5c916b400fa0_0;
    %flag_set/vec4 8;
    %jmp/0xz  T_2.0, 8;
    %pushi/vec4 0, 0, 5;
    %store/vec4 v0x5c916b401480_0, 0, 5;
    %jmp T_2.1;
T_2.0 ;
    %load/vec4 v0x5c916b400d60_0;
    %flag_set/vec4 8;
    %jmp/0xz  T_2.2, 8;
    %load/vec4 v0x5c916b401480_0;
    %addi 1, 0, 5;
    %store/vec4 v0x5c916b401480_0, 0, 5;
T_2.2 ;
T_2.1 ;
    %load/vec4 v0x5c916b400fa0_0;
    %flag_set/vec4 8;
    %jmp/0xz  T_2.4, 8;
    %pushi/vec4 0, 0, 5;
    %store/vec4 v0x5c916b4010e0_0, 0, 5;
    %jmp T_2.5;
T_2.4 ;
    %load/vec4 v0x5c916b400cc0_0;
    %flag_set/vec4 8;
    %jmp/0xz  T_2.6, 8;
    %load/vec4 v0x5c916b4010e0_0;
    %addi 1, 0, 5;
    %store/vec4 v0x5c916b4010e0_0, 0, 5;
T_2.6 ;
T_2.5 ;
    %load/vec4 v0x5c916b401480_0;
    %parti/s 4, 0, 2;
    %store/vec4 v0x5c916b400030_0, 0, 4;
    %load/vec4 v0x5c916b4010e0_0;
    %parti/s 4, 0, 2;
    %store/vec4 v0x5c916b4000d0_0, 0, 4;
    %load/vec4 v0x5c916b401480_0;
    %load/vec4 v0x5c916b4010e0_0;
    %cmp/e;
    %flag_get/vec4 4;
    %store/vec4 v0x5c916b400700_0, 0, 1;
    %load/vec4 v0x5c916b401480_0;
    %parti/s 1, 4, 4;
    %load/vec4 v0x5c916b4010e0_0;
    %parti/s 1, 4, 4;
    %cmp/ne;
    %flag_get/vec4 4;
    %jmp/0 T_2.8, 4;
    %load/vec4 v0x5c916b401480_0;
    %parti/s 4, 0, 2;
    %load/vec4 v0x5c916b4010e0_0;
    %parti/s 4, 0, 2;
    %cmp/e;
    %flag_get/vec4 4;
    %and;
T_2.8;
    %store/vec4 v0x5c916b400a50_0, 0, 1;
    %load/vec4 v0x5c916b3ffce0_0;
    %parti/s 1, 4, 4;
    %load/vec4 v0x5c916b401700_0;
    %parti/s 1, 4, 4;
    %cmp/ne;
    %flag_get/vec4 4;
    %jmp/0 T_2.10, 4;
    %load/vec4 v0x5c916b401700_0;
    %parti/s 4, 0, 2;
    %pushi/vec4 15, 0, 4;
    %cmp/e;
    %flag_get/vec4 4;
    %and;
T_2.10;
    %flag_set/vec4 8;
    %flag_get/vec4 8;
    %jmp/1 T_2.9, 8;
    %load/vec4 v0x5c916b3ffea0_0;
    %parti/s 1, 4, 4;
    %load/vec4 v0x5c916b4017e0_0;
    %parti/s 1, 4, 4;
    %cmp/ne;
    %flag_get/vec4 4;
    %jmp/0 T_2.11, 4;
    %load/vec4 v0x5c916b4017e0_0;
    %parti/s 4, 0, 2;
    %pushi/vec4 15, 0, 4;
    %cmp/e;
    %flag_get/vec4 4;
    %and;
T_2.11;
    %or;
T_2.9;
    %store/vec4 v0x5c916b401300_0, 0, 1;
    %load/vec4 v0x5c916b400ed0_0;
    %load/vec4 v0x5c916b400a50_0;
    %nor/r;
    %and;
    %store/vec4 v0x5c916b400d60_0, 0, 1;
    %load/vec4 v0x5c916b400e00_0;
    %load/vec4 v0x5c916b400700_0;
    %nor/r;
    %and;
    %store/vec4 v0x5c916b400cc0_0, 0, 1;
    %end;
S_0x5c916b3a7aa0 .scope task, "close" "close" 3 202, 3 202 0, S_0x5c916b3cde50;
 .timescale -9 -11;
TD_tb_fifo_synchronous.close ;
    %delay 1000, 0;
    %vpi_call/w 3 206 "$fclose", v0x5c916b400880_0 {0 0 0};
    %vpi_call/w 3 208 "$display" {0 0 0};
    %vpi_call/w 3 209 "$display", "COVERAGE_REPORT" {0 0 0};
    %vpi_call/w 3 210 "$display" {0 0 0};
    %vpi_call/w 3 211 "$display" {0 0 0};
    %vpi_call/w 3 212 "$display" {0 0 0};
    %load/vec4 v0x5c916b401b40_0;
    %cmpi/e 0, 0, 32;
    %jmp/0xz  T_3.12, 4;
    %vpi_call/w 3 217 "$display", "wrap around has occured %58d times ***ERROR***", v0x5c916b401b40_0 {0 0 0};
    %load/vec4 v0x5c916b4007a0_0;
    %addi 1, 0, 32;
    %store/vec4 v0x5c916b4007a0_0, 0, 32;
    %jmp T_3.13;
T_3.12 ;
    %vpi_call/w 3 223 "$display", "wrap around has occured %58d times", v0x5c916b401b40_0 {0 0 0};
T_3.13 ;
    %fork t_1, S_0x5c916b3a7c80;
    %jmp t_0;
    .scope S_0x5c916b3a7c80;
t_1 ;
    %pushi/vec4 0, 0, 32;
    %store/vec4 v0x5c916b3ddf10_0, 0, 32;
T_3.14 ;
    %load/vec4 v0x5c916b3ddf10_0;
    %cmpi/s 24, 0, 32;
    %jmp/0xz T_3.15, 5;
    %ix/getv/s 4, v0x5c916b3ddf10_0;
    %load/vec4a v0x5c916b401a80, 4;
    %cmpi/e 0, 0, 32;
    %jmp/0xz  T_3.16, 4;
    %vpi_call/w 3 230 "$display", "state FULL = %b, EMPTY = %b, input RST = %b, PUSH = %b, POP = %b has occured %d times ***ERROR***", &PV<v0x5c916b3ddf10_0, 4, 1>, &PV<v0x5c916b3ddf10_0, 3, 1>, &PV<v0x5c916b3ddf10_0, 2, 1>, &PV<v0x5c916b3ddf10_0, 1, 1>, &PV<v0x5c916b3ddf10_0, 0, 1>, &A<v0x5c916b401a80, v0x5c916b3ddf10_0 > {0 0 0};
    %load/vec4 v0x5c916b4007a0_0;
    %addi 1, 0, 32;
    %store/vec4 v0x5c916b4007a0_0, 0, 32;
    %jmp T_3.17;
T_3.16 ;
    %vpi_call/w 3 236 "$display", "state FULL = %b, EMPTY = %b, input RST = %b, PUSH = %b, POP = %b has occured %d times", &PV<v0x5c916b3ddf10_0, 4, 1>, &PV<v0x5c916b3ddf10_0, 3, 1>, &PV<v0x5c916b3ddf10_0, 2, 1>, &PV<v0x5c916b3ddf10_0, 1, 1>, &PV<v0x5c916b3ddf10_0, 0, 1>, &A<v0x5c916b401a80, v0x5c916b3ddf10_0 > {0 0 0};
T_3.17 ;
    ; show_stmt_assign_vector: Get l-value for compressed += operand
    %load/vec4 v0x5c916b3ddf10_0;
    %pushi/vec4 1, 0, 32;
    %add;
    %cast2;
    %store/vec4 v0x5c916b3ddf10_0, 0, 32;
    %jmp T_3.14;
T_3.15 ;
    %end;
    .scope S_0x5c916b3a7aa0;
t_0 %join;
    %vpi_call/w 3 243 "$display" {0 0 0};
    %vpi_call/w 3 244 "$display", "VECTORCOUNT = %d", v0x5c916b401220_0 {0 0 0};
    %vpi_call/w 3 245 "$display", "ERRORS = %15d", v0x5c916b4007a0_0 {0 0 0};
    %vpi_call/w 3 246 "$display" {0 0 0};
    %vpi_call/w 3 247 "$display", "TEST_END--------------------------------------------------------------------------------------------------------------------------" {0 0 0};
    %vpi_call/w 3 248 "$display" {0 0 0};
    %vpi_call/w 3 250 "$finish" {0 0 0};
    %end;
S_0x5c916b3a7c80 .scope begin, "$ivl_for_loop0" "$ivl_for_loop0" 3 227, 3 227 0, S_0x5c916b3a7aa0;
 .timescale -9 -11;
v0x5c916b3ddf10_0 .var/2s "j", 31 0;
S_0x5c916b3fa1a0 .scope task, "comment" "comment" 3 130, 3 130 0, S_0x5c916b3cde50;
 .timescale -9 -11;
TD_tb_fifo_synchronous.comment ;
    %load/vec4 v0x5c916b400a50_0;
    %load/vec4 v0x5c916b400700_0;
    %concat/vec4; draw_concat_vec4
    %dup/vec4;
    %pushi/vec4 0, 0, 2;
    %cmp/u;
    %jmp/1 T_4.18, 6;
    %dup/vec4;
    %pushi/vec4 1, 0, 2;
    %cmp/u;
    %jmp/1 T_4.19, 6;
    %dup/vec4;
    %pushi/vec4 2, 0, 2;
    %cmp/u;
    %jmp/1 T_4.20, 6;
    %pushi/vec4 0, 0, 32; draw_string_vec4
    %pushi/vec4 0, 0, 32; draw_string_vec4
    %concat/vec4; draw_string_vec4
    %pushi/vec4 0, 0, 32; draw_string_vec4
    %concat/vec4; draw_string_vec4
    %pushi/vec4 0, 0, 32; draw_string_vec4
    %concat/vec4; draw_string_vec4
    %pushi/vec4 0, 0, 32; draw_string_vec4
    %concat/vec4; draw_string_vec4
    %pushi/vec4 0, 0, 32; draw_string_vec4
    %concat/vec4; draw_string_vec4
    %pushi/vec4 1229737029, 0, 32; draw_string_vec4
    %concat/vec4; draw_string_vec4
    %pushi/vec4 4669772, 0, 24; draw_string_vec4
    %concat/vec4; draw_string_vec4
    %store/vec4 v0x5c916b4001a0_0, 0, 248;
    %jmp T_4.22;
T_4.18 ;
    %pushi/vec4 0, 0, 32; draw_string_vec4
    %pushi/vec4 0, 0, 32; draw_string_vec4
    %concat/vec4; draw_string_vec4
    %pushi/vec4 0, 0, 32; draw_string_vec4
    %concat/vec4; draw_string_vec4
    %pushi/vec4 0, 0, 32; draw_string_vec4
    %concat/vec4; draw_string_vec4
    %pushi/vec4 0, 0, 32; draw_string_vec4
    %concat/vec4; draw_string_vec4
    %pushi/vec4 78, 0, 32; draw_string_vec4
    %concat/vec4; draw_string_vec4
    %pushi/vec4 1330929478, 0, 32; draw_string_vec4
    %concat/vec4; draw_string_vec4
    %pushi/vec4 5590092, 0, 24; draw_string_vec4
    %concat/vec4; draw_string_vec4
    %store/vec4 v0x5c916b4001a0_0, 0, 248;
    %jmp T_4.22;
T_4.19 ;
    %pushi/vec4 0, 0, 32; draw_string_vec4
    %pushi/vec4 0, 0, 32; draw_string_vec4
    %concat/vec4; draw_string_vec4
    %pushi/vec4 0, 0, 32; draw_string_vec4
    %concat/vec4; draw_string_vec4
    %pushi/vec4 0, 0, 32; draw_string_vec4
    %concat/vec4; draw_string_vec4
    %pushi/vec4 0, 0, 32; draw_string_vec4
    %concat/vec4; draw_string_vec4
    %pushi/vec4 0, 0, 32; draw_string_vec4
    %concat/vec4; draw_string_vec4
    %pushi/vec4 17741, 0, 32; draw_string_vec4
    %concat/vec4; draw_string_vec4
    %pushi/vec4 5264473, 0, 24; draw_string_vec4
    %concat/vec4; draw_string_vec4
    %store/vec4 v0x5c916b4001a0_0, 0, 248;
    %jmp T_4.22;
T_4.20 ;
    %pushi/vec4 0, 0, 32; draw_string_vec4
    %pushi/vec4 0, 0, 32; draw_string_vec4
    %concat/vec4; draw_string_vec4
    %pushi/vec4 0, 0, 32; draw_string_vec4
    %concat/vec4; draw_string_vec4
    %pushi/vec4 0, 0, 32; draw_string_vec4
    %concat/vec4; draw_string_vec4
    %pushi/vec4 0, 0, 32; draw_string_vec4
    %concat/vec4; draw_string_vec4
    %pushi/vec4 0, 0, 32; draw_string_vec4
    %concat/vec4; draw_string_vec4
    %pushi/vec4 70, 0, 32; draw_string_vec4
    %concat/vec4; draw_string_vec4
    %pushi/vec4 5590092, 0, 24; draw_string_vec4
    %concat/vec4; draw_string_vec4
    %store/vec4 v0x5c916b4001a0_0, 0, 248;
    %jmp T_4.22;
T_4.22 ;
    %pop/vec4 1;
    %end;
S_0x5c916b3fa3d0 .scope task, "coverage_update" "coverage_update" 3 279, 3 279 0, S_0x5c916b3cde50;
 .timescale -9 -11;
TD_tb_fifo_synchronous.coverage_update ;
    ; show_stmt_assign_vector: Get l-value for compressed += operand
    %load/vec4 v0x5c916b4019a0_0;
    %load/vec4 v0x5c916b400fa0_0;
    %concat/vec4; draw_concat_vec4
    %load/vec4 v0x5c916b400ed0_0;
    %concat/vec4; draw_concat_vec4
    %load/vec4 v0x5c916b400e00_0;
    %concat/vec4; draw_concat_vec4
    %pad/u 6;
    %ix/vec4 4;
    %flag_mov 8, 4;
    %load/vec4a v0x5c916b401a80, 4;
    %pushi/vec4 1, 0, 32;
    %add;
    %flag_mov 4, 8;
    %store/vec4a v0x5c916b401a80, 4, 0;
    %fork t_3, S_0x5c916b3fa5b0;
    %jmp t_2;
    .scope S_0x5c916b3fa5b0;
t_3 ;
    %pushi/vec4 0, 0, 32;
    %store/vec4 v0x5c916b3db840_0, 0, 32;
T_5.23 ;
    %load/vec4 v0x5c916b3db840_0;
    %cmpi/s 3, 0, 32;
    %jmp/0xz T_5.24, 5;
    %load/vec4 v0x5c916b4019a0_0;
    %load/vec4 v0x5c916b3db840_0;
    %parti/s 2, 0, 2;
    %cmp/e;
    %flag_get/vec4 4;
    %jmp/0 T_5.27, 4;
    %load/vec4 v0x5c916b400fa0_0;
    %load/vec4 v0x5c916b400ed0_0;
    %concat/vec4; draw_concat_vec4
    %load/vec4 v0x5c916b400e00_0;
    %concat/vec4; draw_concat_vec4
    %pushi/vec4 7, 0, 3;
    %cmp/e;
    %flag_get/vec4 4;
    %and;
T_5.27;
    %flag_set/vec4 8;
    %jmp/0xz  T_5.25, 8;
    %fork t_5, S_0x5c916b3fa7b0;
    %jmp t_4;
    .scope S_0x5c916b3fa7b0;
t_5 ;
    %pushi/vec4 6, 0, 32;
    %store/vec4 v0x5c916b3dad90_0, 0, 32;
T_5.28 ;
    %load/vec4 v0x5c916b3dad90_0;
    %cmpi/s 3, 0, 32;
    %flag_or 5, 4; GT is !LE
    %flag_inv 5;
    %jmp/0xz T_5.29, 5;
    ; show_stmt_assign_vector: Get l-value for compressed += operand
    %load/vec4 v0x5c916b3db840_0;
    %parti/s 2, 0, 2;
    %load/vec4 v0x5c916b3dad90_0;
    %parti/s 3, 0, 2;
    %concat/vec4; draw_concat_vec4
    %pad/u 6;
    %ix/vec4 4;
    %flag_mov 8, 4;
    %load/vec4a v0x5c916b401a80, 4;
    %pushi/vec4 1, 0, 32;
    %add;
    %flag_mov 4, 8;
    %store/vec4a v0x5c916b401a80, 4, 0;
    ; show_stmt_assign_vector: Get l-value for compressed -= operand
    %load/vec4 v0x5c916b3dad90_0;
    %pushi/vec4 1, 0, 32;
    %sub;
    %cast2;
    %store/vec4 v0x5c916b3dad90_0, 0, 32;
    %jmp T_5.28;
T_5.29 ;
    %end;
    .scope S_0x5c916b3fa5b0;
t_4 %join;
T_5.25 ;
    ; show_stmt_assign_vector: Get l-value for compressed += operand
    %load/vec4 v0x5c916b3db840_0;
    %pushi/vec4 1, 0, 32;
    %add;
    %cast2;
    %store/vec4 v0x5c916b3db840_0, 0, 32;
    %jmp T_5.23;
T_5.24 ;
    %end;
    .scope S_0x5c916b3fa3d0;
t_2 %join;
    %load/vec4 v0x5c916b401300_0;
    %flag_set/vec4 8;
    %jmp/0xz  T_5.30, 8;
    ; show_stmt_assign_vector: Get l-value for compressed += operand
    %load/vec4 v0x5c916b401b40_0;
    %pushi/vec4 1, 0, 32;
    %add;
    %store/vec4 v0x5c916b401b40_0, 0, 32;
T_5.30 ;
    %end;
S_0x5c916b3fa5b0 .scope begin, "$ivl_for_loop1" "$ivl_for_loop1" 3 283, 3 283 0, S_0x5c916b3fa3d0;
 .timescale -9 -11;
v0x5c916b3db840_0 .var/2s "j", 31 0;
S_0x5c916b3fa7b0 .scope begin, "$ivl_for_loop2" "$ivl_for_loop2" 3 287, 3 287 0, S_0x5c916b3fa5b0;
 .timescale -9 -11;
v0x5c916b3dad90_0 .var/2s "k", 31 0;
S_0x5c916b3faa70 .scope task, "display_file" "display_file" 3 268, 3 268 0, S_0x5c916b3cde50;
 .timescale -9 -11;
TD_tb_fifo_synchronous.display_file ;
    %vpi_call/w 3 270 "$display", "%10d %9s | %4d | %2b  | %2b   | %2b  | %4c    | %5b  | %10b      | %5b  | %10b      | %4b    | %2b   | %7b       | %3b   | %7b        | %5b | %9b      | %5b | %9b      | %4c     | %9c         |", v0x5c916b401220_0, v0x5c916b4001a0_0, $time, v0x5c916b400fa0_0, v0x5c916b400ed0_0, v0x5c916b400e00_0, v0x5c916b400340_0, &PV<v0x5c916b3ffde0_0, 0, 4>, &PV<v0x5c916b3ffce0_0, 0, 4>, &PV<v0x5c916b3fff40_0, 0, 4>, &PV<v0x5c916b3ffea0_0, 0, 4>, v0x5c916b401300_0, v0x5c916b400960_0, v0x5c916b400a50_0, v0x5c916b400610_0, v0x5c916b400700_0, v0x5c916b4013c0_0, v0x5c916b401480_0, v0x5c916b401040_0, v0x5c916b4010e0_0, v0x5c916b400490_0, v0x5c916b400550_0 {0 0 0};
    %end;
S_0x5c916b3fac50 .scope module, "dut_fifo" "fifo" 3 46, 4 1 0, S_0x5c916b3cde50;
 .timescale -9 -11;
    .port_info 0 /INPUT 1 "clk";
    .port_info 1 /INPUT 1 "rst";
    .port_info 2 /INPUT 1 "push";
    .port_info 3 /INPUT 1 "pop";
    .port_info 4 /INPUT 8 "data_in";
    .port_info 5 /OUTPUT 1 "full";
    .port_info 6 /OUTPUT 1 "empty";
    .port_info 7 /OUTPUT 5 "w_ptr";
    .port_info 8 /OUTPUT 5 "r_ptr";
    .port_info 9 /OUTPUT 8 "data_out";
    .port_info 10 /OUTPUT 5 "addra";
    .port_info 11 /OUTPUT 5 "addrb";
    .port_info 12 /OUTPUT 1 "nextw";
P_0x5c916b3fae30 .param/l "addr_width" 0 4 14, +C4<00000000000000000000000000000100>;
L_0x5c916b3cd320 .functor AND 1, v0x5c916b400ed0_0, L_0x5c916b401c20, C4<1>, C4<1>;
L_0x5c916b3d8900 .functor AND 1, v0x5c916b400e00_0, L_0x5c916b401dd0, C4<1>, C4<1>;
L_0x5c916b39e3a0 .functor BUFZ 1, L_0x5c916b3cd320, C4<0>, C4<0>, C4<0>;
v0x5c916b3fd3e0_0 .net *"_ivl_1", 0 0, L_0x5c916b401c20;  1 drivers
v0x5c916b3fd4c0_0 .net *"_ivl_5", 0 0, L_0x5c916b401dd0;  1 drivers
v0x5c916b3fd580_0 .net "addr_a", 3 0, L_0x5c916b401fd0;  1 drivers
v0x5c916b3fd650_0 .net "addr_b", 3 0, L_0x5c916b402100;  1 drivers
v0x5c916b3fd720_0 .var "addra", 4 0;
v0x5c916b3fd830_0 .var "addrb", 4 0;
v0x5c916b3fd910_0 .net "clk", 0 0, v0x5c916b401180_0;  1 drivers
v0x5c916b3fd9b0_0 .net "data_in", 7 0, v0x5c916b400340_0;  1 drivers
v0x5c916b3fda70_0 .net "data_out", 7 0, v0x5c916b3fc390_0;  alias, 1 drivers
v0x5c916b3fdb40_0 .net "empty", 0 0, L_0x5c916b402260;  alias, 1 drivers
v0x5c916b3fdc10_0 .net "full", 0 0, L_0x5c916b402830;  alias, 1 drivers
v0x5c916b3fdce0_0 .net "next_r", 0 0, L_0x5c916b3d8900;  1 drivers
v0x5c916b3fddb0_0 .net "next_w", 0 0, L_0x5c916b3cd320;  1 drivers
v0x5c916b3fde50_0 .net "nextw", 0 0, L_0x5c916b39e3a0;  alias, 1 drivers
v0x5c916b3fdef0_0 .net "pop", 0 0, v0x5c916b400e00_0;  1 drivers
v0x5c916b3fdf90_0 .net "push", 0 0, v0x5c916b400ed0_0;  1 drivers
v0x5c916b3fe030_0 .net "r_ptr", 4 0, v0x5c916b3fcbe0_0;  alias, 1 drivers
v0x5c916b3fe120_0 .net "rst", 0 0, v0x5c916b400fa0_0;  1 drivers
v0x5c916b3fe1c0_0 .net "w_ptr", 4 0, v0x5c916b3fd2f0_0;  alias, 1 drivers
L_0x5c916b401c20 .reduce/nor L_0x5c916b402830;
L_0x5c916b401dd0 .reduce/nor L_0x5c916b402260;
L_0x5c916b401fd0 .part v0x5c916b3fd2f0_0, 0, 4;
L_0x5c916b402100 .part v0x5c916b3fcbe0_0, 0, 4;
S_0x5c916b3fb010 .scope module, "dut_compare_and_status_section" "compare_and_status_section" 4 47, 4 62 0, S_0x5c916b3fac50;
 .timescale -9 -11;
    .port_info 0 /INPUT 5 "w_ptr";
    .port_info 1 /INPUT 5 "r_ptr";
    .port_info 2 /OUTPUT 1 "empty";
    .port_info 3 /OUTPUT 1 "full";
P_0x5c916b3fb210 .param/l "addr_width" 0 4 70, +C4<00000000000000000000000000000100>;
L_0x5c916b4024d0 .functor XOR 1, L_0x5c916b402390, L_0x5c916b402430, C4<0>, C4<0>;
L_0x5c916b402830 .functor AND 1, L_0x5c916b4024d0, L_0x5c916b4026b0, C4<1>, C4<1>;
v0x5c916b3d9f20_0 .net *"_ivl_11", 3 0, L_0x5c916b402610;  1 drivers
v0x5c916b3d17c0_0 .net *"_ivl_12", 0 0, L_0x5c916b4026b0;  1 drivers
v0x5c916b3d5de0_0 .net *"_ivl_3", 0 0, L_0x5c916b402390;  1 drivers
v0x5c916b3d8a20_0 .net *"_ivl_5", 0 0, L_0x5c916b402430;  1 drivers
v0x5c916b3fb420_0 .net *"_ivl_6", 0 0, L_0x5c916b4024d0;  1 drivers
v0x5c916b3fb530_0 .net *"_ivl_9", 3 0, L_0x5c916b402540;  1 drivers
v0x5c916b3fb610_0 .net "empty", 0 0, L_0x5c916b402260;  alias, 1 drivers
v0x5c916b3fb6d0_0 .net "full", 0 0, L_0x5c916b402830;  alias, 1 drivers
v0x5c916b3fb790_0 .net "r_ptr", 4 0, v0x5c916b3fcbe0_0;  alias, 1 drivers
v0x5c916b3fb870_0 .net "w_ptr", 4 0, v0x5c916b3fd2f0_0;  alias, 1 drivers
L_0x5c916b402260 .cmp/eq 5, v0x5c916b3fd2f0_0, v0x5c916b3fcbe0_0;
L_0x5c916b402390 .part v0x5c916b3fd2f0_0, 4, 1;
L_0x5c916b402430 .part v0x5c916b3fcbe0_0, 4, 1;
L_0x5c916b402540 .part v0x5c916b3fd2f0_0, 0, 4;
L_0x5c916b402610 .part v0x5c916b3fcbe0_0, 0, 4;
L_0x5c916b4026b0 .cmp/eq 4, L_0x5c916b402540, L_0x5c916b402610;
S_0x5c916b3fb9d0 .scope module, "dut_dual_port_ram_synchronous" "dual_port_ram_synchronous" 4 53, 5 1 0, S_0x5c916b3fac50;
 .timescale -9 -11;
    .port_info 0 /INPUT 1 "clk";
    .port_info 1 /INPUT 1 "rst";
    .port_info 2 /INPUT 1 "we_a";
    .port_info 3 /INPUT 4 "addr_a";
    .port_info 4 /INPUT 8 "data_in_a";
    .port_info 5 /OUTPUT 8 "data_out_a";
    .port_info 6 /INPUT 1 "we_b";
    .port_info 7 /INPUT 4 "addr_b";
    .port_info 8 /INPUT 8 "data_in_b";
    .port_info 9 /OUTPUT 8 "data_out_b";
P_0x5c916b3c09a0 .param/l "ADDR_WIDTH" 0 5 15, +C4<00000000000000000000000000000100>;
P_0x5c916b3c09e0 .param/l "DATA_WIDTH" 0 5 15, +C4<00000000000000000000000000001000>;
P_0x5c916b3c0a20 .param/l "MEM_DEPTH" 0 5 15, +C4<00000000000000000000000000010000>;
v0x5c916b3fbdf0_0 .net "addr_a", 3 0, L_0x5c916b401fd0;  alias, 1 drivers
v0x5c916b3fbef0_0 .net "addr_b", 3 0, L_0x5c916b402100;  alias, 1 drivers
v0x5c916b3fbfd0_0 .net "clk", 0 0, v0x5c916b401180_0;  alias, 1 drivers
v0x5c916b3fc0a0_0 .net "data_in_a", 7 0, v0x5c916b400340_0;  alias, 1 drivers
L_0x7787f0e93060 .functor BUFT 1, C4<00000000>, C4<0>, C4<0>, C4<0>;
v0x5c916b3fc180_0 .net "data_in_b", 7 0, L_0x7787f0e93060;  1 drivers
v0x5c916b3fc2b0_0 .var "data_out_a", 7 0;
v0x5c916b3fc390_0 .var "data_out_b", 7 0;
v0x5c916b3fc470 .array "mem", 0 15, 7 0;
v0x5c916b3fc530_0 .net "rst", 0 0, v0x5c916b400fa0_0;  alias, 1 drivers
v0x5c916b3fc5f0_0 .net "we_a", 0 0, L_0x5c916b3cd320;  alias, 1 drivers
L_0x7787f0e93018 .functor BUFT 1, C4<0>, C4<0>, C4<0>, C4<0>;
v0x5c916b3fc6b0_0 .net "we_b", 0 0, L_0x7787f0e93018;  1 drivers
E_0x5c916b3a2d90 .event posedge, v0x5c916b3fbfd0_0;
S_0x5c916b3fc8b0 .scope module, "dut_r_ptr_section" "r_ptr_section" 4 43, 4 107 0, S_0x5c916b3fac50;
 .timescale -9 -11;
    .port_info 0 /INPUT 1 "clk";
    .port_info 1 /INPUT 1 "rst";
    .port_info 2 /INPUT 1 "next";
    .port_info 3 /OUTPUT 5 "r_ptr";
v0x5c916b3fca70_0 .net "clk", 0 0, v0x5c916b401180_0;  alias, 1 drivers
v0x5c916b3fcb40_0 .net "next", 0 0, L_0x5c916b3d8900;  alias, 1 drivers
v0x5c916b3fcbe0_0 .var "r_ptr", 4 0;
v0x5c916b3fcce0_0 .net "rst", 0 0, v0x5c916b400fa0_0;  alias, 1 drivers
S_0x5c916b3fce20 .scope module, "dut_w_ptr_section" "w_ptr_section" 4 38, 4 83 0, S_0x5c916b3fac50;
 .timescale -9 -11;
    .port_info 0 /INPUT 1 "clk";
    .port_info 1 /INPUT 1 "rst";
    .port_info 2 /INPUT 1 "next";
    .port_info 3 /OUTPUT 5 "w_ptr";
v0x5c916b3fd000_0 .net "clk", 0 0, v0x5c916b401180_0;  alias, 1 drivers
v0x5c916b3fd110_0 .net "next", 0 0, L_0x5c916b3cd320;  alias, 1 drivers
v0x5c916b3fd1d0_0 .net "rst", 0 0, v0x5c916b400fa0_0;  alias, 1 drivers
v0x5c916b3fd2f0_0 .var "w_ptr", 4 0;
S_0x5c916b3fe470 .scope task, "errors_warnings_check" "errors_warnings_check" 3 307, 3 307 0, S_0x5c916b3cde50;
 .timescale -9 -11;
TD_tb_fifo_synchronous.errors_warnings_check ;
    %load/vec4 v0x5c916b3ffde0_0;
    %load/vec4 v0x5c916b3ffce0_0;
    %cmp/ne;
    %jmp/0xz  T_7.32, 6;
    %vpi_call/w 3 311 "$display", "***ERROR: ADDR_A = %b, ADDR_A_expected = %b", v0x5c916b400030_0, v0x5c916b3ffce0_0 {0 0 0};
    %load/vec4 v0x5c916b4007a0_0;
    %addi 1, 0, 32;
    %store/vec4 v0x5c916b4007a0_0, 0, 32;
T_7.32 ;
    %load/vec4 v0x5c916b3fff40_0;
    %load/vec4 v0x5c916b3ffea0_0;
    %cmp/ne;
    %jmp/0xz  T_7.34, 6;
    %vpi_call/w 3 318 "$display", "***ERROR: ADDR_B = %b, ADDR_B_expected = %b", v0x5c916b4000d0_0, v0x5c916b3ffea0_0 {0 0 0};
    %load/vec4 v0x5c916b4007a0_0;
    %addi 1, 0, 32;
    %store/vec4 v0x5c916b4007a0_0, 0, 32;
T_7.34 ;
    %load/vec4 v0x5c916b400960_0;
    %load/vec4 v0x5c916b400a50_0;
    %cmp/ne;
    %jmp/0xz  T_7.36, 6;
    %vpi_call/w 3 327 "$display", "***ERROR: FULL = %b, FULL_expected = %b", v0x5c916b400960_0, v0x5c916b400a50_0 {0 0 0};
    %load/vec4 v0x5c916b4007a0_0;
    %addi 1, 0, 32;
    %store/vec4 v0x5c916b4007a0_0, 0, 32;
T_7.36 ;
    %load/vec4 v0x5c916b400610_0;
    %load/vec4 v0x5c916b400700_0;
    %cmp/ne;
    %jmp/0xz  T_7.38, 6;
    %vpi_call/w 3 335 "$display", "***ERROR: EMPTY = %b, EMPTY_expected = %b", v0x5c916b400610_0, v0x5c916b400700_0 {0 0 0};
    %load/vec4 v0x5c916b4007a0_0;
    %addi 1, 0, 32;
    %store/vec4 v0x5c916b4007a0_0, 0, 32;
T_7.38 ;
    %load/vec4 v0x5c916b4013c0_0;
    %load/vec4 v0x5c916b401480_0;
    %cmp/ne;
    %jmp/0xz  T_7.40, 6;
    %vpi_call/w 3 343 "$display", "***ERROR: W_PTR = %b, W_PTR_expected = %b", v0x5c916b4013c0_0, v0x5c916b401480_0 {0 0 0};
    %load/vec4 v0x5c916b4007a0_0;
    %addi 1, 0, 32;
    %store/vec4 v0x5c916b4007a0_0, 0, 32;
T_7.40 ;
    %load/vec4 v0x5c916b401040_0;
    %load/vec4 v0x5c916b4010e0_0;
    %cmp/ne;
    %jmp/0xz  T_7.42, 6;
    %vpi_call/w 3 351 "$display", "***ERROR: R_PTR = %b, R_PTR_expected = %b", v0x5c916b401040_0, v0x5c916b4010e0_0 {0 0 0};
    %load/vec4 v0x5c916b4007a0_0;
    %addi 1, 0, 32;
    %store/vec4 v0x5c916b4007a0_0, 0, 32;
T_7.42 ;
    %load/vec4 v0x5c916b400490_0;
    %load/vec4 v0x5c916b400550_0;
    %cmp/ne;
    %jmp/0xz  T_7.44, 6;
    %vpi_call/w 3 359 "$display", "***ERROR: DATA_OUT = %b, DATA_OUT_expected = %b", v0x5c916b400490_0, v0x5c916b400550_0 {0 0 0};
    %load/vec4 v0x5c916b4007a0_0;
    %addi 1, 0, 32;
    %store/vec4 v0x5c916b4007a0_0, 0, 32;
T_7.44 ;
    %load/vec4 v0x5c916b400fa0_0;
    %load/vec4 v0x5c916b400ed0_0;
    %concat/vec4; draw_concat_vec4
    %load/vec4 v0x5c916b400e00_0;
    %concat/vec4; draw_concat_vec4
    %load/vec4 v0x5c916b400340_0;
    %concat/vec4; draw_concat_vec4
    %load/vec4 v0x5c916b4018c0_0;
    %cmp/ne;
    %jmp/0xz  T_7.46, 4;
    %load/vec4 v0x5c916b400fa0_0;
    %load/vec4 v0x5c916b400ed0_0;
    %concat/vec4; draw_concat_vec4
    %load/vec4 v0x5c916b400e00_0;
    %concat/vec4; draw_concat_vec4
    %load/vec4 v0x5c916b400340_0;
    %concat/vec4; draw_concat_vec4
    %vpi_call/w 3 365 "$display", "prev_INPUT = %b,INPUT=%b", v0x5c916b4018c0_0, S<0,vec4,u11> {1 0 0};
    %vpi_call/w 3 366 "$display", "***ERROR: INPUT_B - RACING CONDITION OCCUR" {0 0 0};
    %load/vec4 v0x5c916b4007a0_0;
    %addi 1, 0, 32;
    %store/vec4 v0x5c916b4007a0_0, 0, 32;
T_7.46 ;
    %end;
S_0x5c916b3fe650 .scope task, "initialize" "initialize" 3 77, 3 77 0, S_0x5c916b3cde50;
 .timescale -9 -11;
TD_tb_fifo_synchronous.initialize ;
    %vpi_func 3 79 "$fopen" 32, "tb_fifo_synchronous.tv", "r" {0 0 0};
    %store/vec4 v0x5c916b400880_0, 0, 32;
    %vpi_func 3 80 "$fscanf" 32, v0x5c916b400880_0, "%s", v0x5c916b4001a0_0 {0 0 0};
    %store/vec4 v0x5c916b400260_0, 0, 32;
    %vpi_func 3 81 "$fscanf" 32, v0x5c916b400880_0, "%s %b %b %b %s", v0x5c916b4001a0_0, v0x5c916b400fa0_0, v0x5c916b400ed0_0, v0x5c916b400e00_0, v0x5c916b400340_0 {0 0 0};
    %store/vec4 v0x5c916b400260_0, 0, 32;
    %pushi/vec4 0, 0, 1;
    %store/vec4 v0x5c916b401180_0, 0, 1;
    %pushi/vec4 0, 0, 32;
    %store/vec4 v0x5c916b401220_0, 0, 32;
    %pushi/vec4 0, 0, 32;
    %store/vec4 v0x5c916b4007a0_0, 0, 32;
    %pushi/vec4 0, 0, 32;
    %store/vec4 v0x5c916b401620_0, 0, 32;
T_8.48 ;
    %load/vec4 v0x5c916b401620_0;
    %cmpi/s 48, 0, 32;
    %jmp/0xz T_8.49, 5;
    %pushi/vec4 0, 0, 32;
    %ix/getv/s 4, v0x5c916b401620_0;
    %store/vec4a v0x5c916b401a80, 4, 0;
    ; show_stmt_assign_vector: Get l-value for compressed += operand
    %load/vec4 v0x5c916b401620_0;
    %pushi/vec4 1, 0, 32;
    %add;
    %cast2;
    %store/vec4 v0x5c916b401620_0, 0, 32;
    %jmp T_8.48;
T_8.49 ;
    %pushi/vec4 0, 0, 32;
    %store/vec4 v0x5c916b401b40_0, 0, 32;
    %pushi/vec4 0, 0, 1;
    %store/vec4 v0x5c916b401560_0, 0, 1;
    %vpi_call/w 3 94 "$display" {0 0 0};
    %vpi_call/w 3 95 "$display", "TEST_START-------------------------------------------------------------------------------------------------------------------------------------------------------------------------------------------------------------------------------------------------" {0 0 0};
    %vpi_call/w 3 96 "$display" {0 0 0};
    %vpi_call/w 3 97 "$display", "                     | TIME | RST | PUSH | POP | DATA_IN | ADDR_A | ADDR_A_EXPECTED | ADDR_B | ADDR_B_EXPECTED | WRAP_WR | FULL | FULL_EXPECTED | EMPTY | EMPTY_EXPECTED | W_PTR | W_PTR_EXPECTED | R_PTR | R_PTR_EXPECTED | DATA_OUT | DATA_OUT_EXPECTED |" {0 0 0};
    %vpi_call/w 3 98 "$display", "-----------------------------------------------------------------------------------------------------------------------------------------------------------------------------------------------------------------------------------------------------------" {0 0 0};
    %end;
S_0x5c916b3fe7e0 .scope task, "random_in" "random_in" 3 117, 3 117 0, S_0x5c916b3cde50;
 .timescale -9 -11;
TD_tb_fifo_synchronous.random_in ;
    %vpi_func 3 119 "$urandom" 32 {0 0 0};
    %pushi/vec4 2, 0, 32;
    %mod;
    %pad/u 1;
    %store/vec4 v0x5c916b400fa0_0, 0, 1;
    %vpi_func 3 120 "$urandom" 32 {0 0 0};
    %pushi/vec4 2, 0, 32;
    %mod;
    %pad/u 1;
    %store/vec4 v0x5c916b400e00_0, 0, 1;
    %vpi_func 3 121 "$urandom" 32 {0 0 0};
    %pushi/vec4 2, 0, 32;
    %mod;
    %pad/u 1;
    %store/vec4 v0x5c916b400ed0_0, 0, 1;
    %pushi/real 1717986918, 4062; load=0.100000
    %pushi/real 1677722, 4040; load=0.100000
    %add/wr;
    %vpi_func 3 124 "$urandom_range" 32, W<0,r>, 32'sb00000000000000000000000000001010 {0 1 0};
    %pad/u 64;
    %muli 100, 0, 64;
    %ix/vec4 4;
    %delayx 4;
    %end;
S_0x5c916b3fe9c0 .scope task, "scan_file" "scan_file" 3 107, 3 107 0, S_0x5c916b3cde50;
 .timescale -9 -11;
TD_tb_fifo_synchronous.scan_file ;
    %vpi_func 3 109 "$fscanf" 32, v0x5c916b400880_0, "%s %b %b %b %s", v0x5c916b4001a0_0, v0x5c916b400fa0_0, v0x5c916b400ed0_0, v0x5c916b400e00_0, v0x5c916b400340_0 {0 0 0};
    %store/vec4 v0x5c916b400260_0, 0, 32;
    %load/vec4 v0x5c916b400260_0;
    %pushi/vec4 4294967295, 0, 32;
    %cmp/e;
    %flag_get/vec4 4;
    %store/vec4 v0x5c916b401560_0, 0, 1;
    %end;
S_0x5c916b3feba0 .scope module, "test_dual_port_ram_synchronous1" "dual_port_ram_synchronous1" 3 47, 6 1 0, S_0x5c916b3cde50;
 .timescale -9 -11;
    .port_info 0 /INPUT 1 "clk";
    .port_info 1 /INPUT 1 "rst";
    .port_info 2 /INPUT 1 "we_a";
    .port_info 3 /INPUT 4 "addr_a";
    .port_info 4 /INPUT 8 "data_in_a";
    .port_info 5 /OUTPUT 8 "data_out_a";
    .port_info 6 /INPUT 1 "we_b";
    .port_info 7 /INPUT 4 "addr_b";
    .port_info 8 /INPUT 8 "data_in_b";
    .port_info 9 /OUTPUT 8 "data_out_b";
P_0x5c916b3c0f70 .param/l "ADDR_WIDTH" 0 6 15, +C4<00000000000000000000000000000100>;
P_0x5c916b3c0fb0 .param/l "DATA_WIDTH" 0 6 15, +C4<00000000000000000000000000001000>;
P_0x5c916b3c0ff0 .param/l "MEM_DEPTH" 0 6 15, +C4<00000000000000000000000000010000>;
v0x5c916b3fef70_0 .net "addr_a", 3 0, v0x5c916b400030_0;  1 drivers
v0x5c916b3ff070_0 .net "addr_b", 3 0, v0x5c916b4000d0_0;  1 drivers
v0x5c916b3ff150_0 .net "clk", 0 0, v0x5c916b401180_0;  alias, 1 drivers
v0x5c916b3ff220_0 .net "data_in_a", 7 0, v0x5c916b400340_0;  alias, 1 drivers
L_0x7787f0e930f0 .functor BUFT 1, C4<00000000>, C4<0>, C4<0>, C4<0>;
v0x5c916b3ff2c0_0 .net "data_in_b", 7 0, L_0x7787f0e930f0;  1 drivers
v0x5c916b3ff3f0_0 .var "data_out_a", 7 0;
v0x5c916b3ff4d0_0 .var "data_out_b", 7 0;
v0x5c916b3ff5b0 .array "mem", 0 15, 7 0;
v0x5c916b3ff670_0 .net "rst", 0 0, v0x5c916b400fa0_0;  alias, 1 drivers
v0x5c916b3ff830_0 .net "we_a", 0 0, v0x5c916b400d60_0;  1 drivers
L_0x7787f0e930a8 .functor BUFT 1, C4<0>, C4<0>, C4<0>, C4<0>;
v0x5c916b3ff8f0_0 .net "we_b", 0 0, L_0x7787f0e930a8;  1 drivers
S_0x5c916b3ffb50 .scope task, "vectorcount" "vectorcount" 3 258, 3 258 0, S_0x5c916b3cde50;
 .timescale -9 -11;
TD_tb_fifo_synchronous.vectorcount ;
    %load/vec4 v0x5c916b401220_0;
    %addi 1, 0, 32;
    %store/vec4 v0x5c916b401220_0, 0, 32;
    %end;
    .scope S_0x5c916b3fce20;
T_12 ;
    %wait E_0x5c916b3a2d90;
    %load/vec4 v0x5c916b3fd1d0_0;
    %flag_set/vec4 8;
    %jmp/0xz  T_12.0, 8;
    %pushi/vec4 0, 0, 5;
    %assign/vec4 v0x5c916b3fd2f0_0, 0;
    %jmp T_12.1;
T_12.0 ;
    %load/vec4 v0x5c916b3fd110_0;
    %flag_set/vec4 8;
    %jmp/0xz  T_12.2, 8;
    %load/vec4 v0x5c916b3fd2f0_0;
    %addi 1, 0, 5;
    %assign/vec4 v0x5c916b3fd2f0_0, 0;
T_12.2 ;
T_12.1 ;
    %jmp T_12;
    .thread T_12;
    .scope S_0x5c916b3fc8b0;
T_13 ;
    %wait E_0x5c916b3a2d90;
    %load/vec4 v0x5c916b3fcce0_0;
    %flag_set/vec4 8;
    %jmp/0xz  T_13.0, 8;
    %pushi/vec4 0, 0, 5;
    %assign/vec4 v0x5c916b3fcbe0_0, 0;
    %jmp T_13.1;
T_13.0 ;
    %load/vec4 v0x5c916b3fcb40_0;
    %flag_set/vec4 8;
    %jmp/0xz  T_13.2, 8;
    %load/vec4 v0x5c916b3fcbe0_0;
    %addi 1, 0, 5;
    %assign/vec4 v0x5c916b3fcbe0_0, 0;
T_13.2 ;
T_13.1 ;
    %jmp T_13;
    .thread T_13;
    .scope S_0x5c916b3fb9d0;
T_14 ;
    %wait E_0x5c916b3a2d90;
    %load/vec4 v0x5c916b3fc530_0;
    %flag_set/vec4 8;
    %jmp/0xz  T_14.0, 8;
    %pushi/vec4 0, 0, 8;
    %assign/vec4 v0x5c916b3fc2b0_0, 0;
    %jmp T_14.1;
T_14.0 ;
    %load/vec4 v0x5c916b3fc5f0_0;
    %flag_set/vec4 8;
    %jmp/0xz  T_14.2, 8;
    %load/vec4 v0x5c916b3fc0a0_0;
    %load/vec4 v0x5c916b3fbdf0_0;
    %pad/u 6;
    %ix/vec4 3;
    %ix/load 4, 0, 0; Constant delay
    %assign/vec4/a/d v0x5c916b3fc470, 0, 4;
    %load/vec4 v0x5c916b3fbdf0_0;
    %pad/u 6;
    %ix/vec4 4;
    %load/vec4a v0x5c916b3fc470, 4;
    %assign/vec4 v0x5c916b3fc2b0_0, 0;
    %jmp T_14.3;
T_14.2 ;
    %load/vec4 v0x5c916b3fbdf0_0;
    %pad/u 6;
    %ix/vec4 4;
    %load/vec4a v0x5c916b3fc470, 4;
    %assign/vec4 v0x5c916b3fc2b0_0, 0;
T_14.3 ;
T_14.1 ;
    %jmp T_14;
    .thread T_14;
    .scope S_0x5c916b3fb9d0;
T_15 ;
    %wait E_0x5c916b3a2d90;
    %load/vec4 v0x5c916b3fc530_0;
    %flag_set/vec4 8;
    %jmp/0xz  T_15.0, 8;
    %pushi/vec4 0, 0, 8;
    %assign/vec4 v0x5c916b3fc390_0, 0;
    %jmp T_15.1;
T_15.0 ;
    %load/vec4 v0x5c916b3fc6b0_0;
    %flag_set/vec4 8;
    %jmp/0xz  T_15.2, 8;
    %load/vec4 v0x5c916b3fc180_0;
    %load/vec4 v0x5c916b3fbef0_0;
    %pad/u 6;
    %ix/vec4 3;
    %ix/load 4, 0, 0; Constant delay
    %assign/vec4/a/d v0x5c916b3fc470, 0, 4;
    %load/vec4 v0x5c916b3fbef0_0;
    %pad/u 6;
    %ix/vec4 4;
    %load/vec4a v0x5c916b3fc470, 4;
    %assign/vec4 v0x5c916b3fc390_0, 0;
    %jmp T_15.3;
T_15.2 ;
    %load/vec4 v0x5c916b3fbef0_0;
    %pad/u 6;
    %ix/vec4 4;
    %load/vec4a v0x5c916b3fc470, 4;
    %assign/vec4 v0x5c916b3fc390_0, 0;
T_15.3 ;
T_15.1 ;
    %jmp T_15;
    .thread T_15;
    .scope S_0x5c916b3fac50;
T_16 ;
    %wait E_0x5c916b3a2d90;
    %load/vec4 v0x5c916b3fe1c0_0;
    %assign/vec4 v0x5c916b3fd720_0, 0;
    %load/vec4 v0x5c916b3fe030_0;
    %assign/vec4 v0x5c916b3fd830_0, 0;
    %jmp T_16;
    .thread T_16;
    .scope S_0x5c916b3feba0;
T_17 ;
    %wait E_0x5c916b3a2d90;
    %load/vec4 v0x5c916b3ff670_0;
    %flag_set/vec4 8;
    %jmp/0xz  T_17.0, 8;
    %pushi/vec4 0, 0, 8;
    %assign/vec4 v0x5c916b3ff3f0_0, 0;
    %jmp T_17.1;
T_17.0 ;
    %load/vec4 v0x5c916b3ff830_0;
    %flag_set/vec4 8;
    %jmp/0xz  T_17.2, 8;
    %load/vec4 v0x5c916b3ff220_0;
    %load/vec4 v0x5c916b3fef70_0;
    %pad/u 6;
    %ix/vec4 3;
    %ix/load 4, 0, 0; Constant delay
    %assign/vec4/a/d v0x5c916b3ff5b0, 0, 4;
    %load/vec4 v0x5c916b3fef70_0;
    %pad/u 6;
    %ix/vec4 4;
    %load/vec4a v0x5c916b3ff5b0, 4;
    %assign/vec4 v0x5c916b3ff3f0_0, 0;
    %jmp T_17.3;
T_17.2 ;
    %load/vec4 v0x5c916b3fef70_0;
    %pad/u 6;
    %ix/vec4 4;
    %load/vec4a v0x5c916b3ff5b0, 4;
    %assign/vec4 v0x5c916b3ff3f0_0, 0;
T_17.3 ;
T_17.1 ;
    %jmp T_17;
    .thread T_17;
    .scope S_0x5c916b3feba0;
T_18 ;
    %wait E_0x5c916b3a2d90;
    %load/vec4 v0x5c916b3ff670_0;
    %flag_set/vec4 8;
    %jmp/0xz  T_18.0, 8;
    %pushi/vec4 0, 0, 8;
    %assign/vec4 v0x5c916b3ff4d0_0, 0;
    %jmp T_18.1;
T_18.0 ;
    %load/vec4 v0x5c916b3ff8f0_0;
    %flag_set/vec4 8;
    %jmp/0xz  T_18.2, 8;
    %load/vec4 v0x5c916b3ff2c0_0;
    %load/vec4 v0x5c916b3ff070_0;
    %pad/u 6;
    %ix/vec4 3;
    %ix/load 4, 0, 0; Constant delay
    %assign/vec4/a/d v0x5c916b3ff5b0, 0, 4;
    %load/vec4 v0x5c916b3ff070_0;
    %pad/u 6;
    %ix/vec4 4;
    %load/vec4a v0x5c916b3ff5b0, 4;
    %assign/vec4 v0x5c916b3ff4d0_0, 0;
    %jmp T_18.3;
T_18.2 ;
    %load/vec4 v0x5c916b3ff070_0;
    %pad/u 6;
    %ix/vec4 4;
    %load/vec4a v0x5c916b3ff5b0, 4;
    %assign/vec4 v0x5c916b3ff4d0_0, 0;
T_18.3 ;
T_18.1 ;
    %jmp T_18;
    .thread T_18;
    .scope S_0x5c916b3cde50;
T_19 ;
    %vpi_call/w 3 57 "$dumpfile", "tb_fifo_synchronous.vcd" {0 0 0};
    %vpi_call/w 3 58 "$dumpvars", 32'sb00000000000000000000000000000000, S_0x5c916b3cde50 {0 0 0};
    %end;
    .thread T_19;
    .scope S_0x5c916b3cde50;
T_20 ;
    %delay 1000, 0;
    %load/vec4 v0x5c916b401180_0;
    %inv;
    %assign/vec4 v0x5c916b401180_0, 0;
    %jmp T_20;
    .thread T_20;
    .scope S_0x5c916b3cde50;
T_21 ;
    %fork TD_tb_fifo_synchronous.initialize, S_0x5c916b3fe650;
    %join;
    %end;
    .thread T_21;
    .scope S_0x5c916b3cde50;
T_22 ;
    %wait E_0x5c916b3a32a0;
    %delay 990, 0;
    %load/vec4 v0x5c916b401560_0;
    %nor/r;
    %flag_set/vec4 8;
    %jmp/0xz  T_22.0, 8;
    %fork TD_tb_fifo_synchronous.scan_file, S_0x5c916b3fe9c0;
    %join;
    %fork TD_tb_fifo_synchronous.NEXTWR_EXP, S_0x5c916b3ae720;
    %join;
T_22.0 ;
    %jmp T_22;
    .thread T_22;
    .scope S_0x5c916b3cde50;
T_23 ;
    %wait E_0x5c916b3a2d90;
    %fork TD_tb_fifo_synchronous.NEXTWR_EXP, S_0x5c916b3ae720;
    %join;
    %fork TD_tb_fifo_synchronous.ADDRAB_ram, S_0x5c916b367800;
    %join;
    %load/vec4 v0x5c916b400fa0_0;
    %load/vec4 v0x5c916b400ed0_0;
    %concat/vec4; draw_concat_vec4
    %load/vec4 v0x5c916b400e00_0;
    %concat/vec4; draw_concat_vec4
    %load/vec4 v0x5c916b400340_0;
    %concat/vec4; draw_concat_vec4
    %assign/vec4 v0x5c916b4018c0_0, 0;
    %fork TD_tb_fifo_synchronous.coverage_update, S_0x5c916b3fa3d0;
    %join;
    %fork TD_tb_fifo_synchronous.OUT_EXP, S_0x5c916b3ae900;
    %join;
    %delay 10, 0;
    %fork TD_tb_fifo_synchronous.comment, S_0x5c916b3fa1a0;
    %join;
    %fork TD_tb_fifo_synchronous.display_file, S_0x5c916b3faa70;
    %join;
    %fork TD_tb_fifo_synchronous.errors_warnings_check, S_0x5c916b3fe470;
    %join;
    %fork TD_tb_fifo_synchronous.vectorcount, S_0x5c916b3ffb50;
    %join;
    %delay 10, 0;
    %load/vec4 v0x5c916b3ffce0_0;
    %assign/vec4 v0x5c916b401700_0, 0;
    %load/vec4 v0x5c916b3ffea0_0;
    %assign/vec4 v0x5c916b4017e0_0, 0;
    %load/vec4 v0x5c916b400a50_0;
    %load/vec4 v0x5c916b400700_0;
    %concat/vec4; draw_concat_vec4
    %store/vec4 v0x5c916b4019a0_0, 0, 2;
    %jmp T_23;
    .thread T_23;
    .scope S_0x5c916b3cde50;
T_24 ;
T_24.0 ;
    %load/vec4 v0x5c916b401560_0;
    %cmpi/ne 1, 0, 1;
    %jmp/0xz T_24.1, 6;
    %wait E_0x5c916b3a3040;
    %jmp T_24.0;
T_24.1 ;
    %vpi_call/w 3 429 "$display" {0 0 0};
    %vpi_call/w 3 430 "$display", "%13s ***time = %0d,eof ***", "\000", $time {0 0 0};
    %vpi_call/w 3 431 "$display" {0 0 0};
    %pushi/vec4 0, 0, 32;
    %store/vec4 v0x5c916b401620_0, 0, 32;
T_24.2 ;
    %load/vec4 v0x5c916b401620_0;
    %cmpi/s 50, 0, 32;
    %jmp/0xz T_24.3, 5;
    %load/vec4 v0x5c916b400960_0;
    %load/vec4 v0x5c916b400610_0;
    %concat/vec4; draw_concat_vec4
    %load/vec4 v0x5c916b401300_0;
    %concat/vec4; draw_concat_vec4
    %load/vec4 v0x5c916b400fa0_0;
    %concat/vec4; draw_concat_vec4
    %load/vec4 v0x5c916b400ed0_0;
    %concat/vec4; draw_concat_vec4
    %load/vec4 v0x5c916b400e00_0;
    %concat/vec4; draw_concat_vec4
    %pad/u 7;
    %cmpi/e 64, 0, 7;
    %jmp/0xz  T_24.4, 4;
    %fork TD_tb_fifo_synchronous.vectorcount, S_0x5c916b3ffb50;
    %join;
    %fork TD_tb_fifo_synchronous.close, S_0x5c916b3a7aa0;
    %join;
    %jmp T_24.5;
T_24.4 ;
    %fork TD_tb_fifo_synchronous.random_in, S_0x5c916b3fe7e0;
    %join;
    %fork TD_tb_fifo_synchronous.NEXTWR_EXP, S_0x5c916b3ae720;
    %join;
T_24.5 ;
    ; show_stmt_assign_vector: Get l-value for compressed += operand
    %load/vec4 v0x5c916b401620_0;
    %pushi/vec4 1, 0, 32;
    %add;
    %cast2;
    %store/vec4 v0x5c916b401620_0, 0, 32;
    %jmp T_24.2;
T_24.3 ;
    %fork TD_tb_fifo_synchronous.close, S_0x5c916b3a7aa0;
    %join;
    %end;
    .thread T_24;
# The file index is used to find the file name in the following table.
:file_names 7;
    "N/A";
    "<interactive>";
    "-";
    "tb_fifo_synchronous.v";
    "fifo_synchronous.v";
    "dual_port_ram_synchronous.v";
    "dual_port_ram_synchronous1.v";
