#! /usr/bin/vvp
:ivl_version "12.0 (stable)";
:ivl_delay_selection "TYPICAL";
:vpi_time_precision + 0;
:vpi_module "/usr/lib/x86_64-linux-gnu/ivl/system.vpi";
:vpi_module "/usr/lib/x86_64-linux-gnu/ivl/vhdl_sys.vpi";
:vpi_module "/usr/lib/x86_64-linux-gnu/ivl/vhdl_textio.vpi";
:vpi_module "/usr/lib/x86_64-linux-gnu/ivl/v2005_math.vpi";
:vpi_module "/usr/lib/x86_64-linux-gnu/ivl/va_math.vpi";
:vpi_module "/usr/lib/x86_64-linux-gnu/ivl/v2009.vpi";
S_0x56a4c11af4c0 .scope package, "$unit" "$unit" 2 1;
 .timescale 0 0;
S_0x56a4c11af650 .scope module, "tb_multiplexer_1bit_4to1" "tb_multiplexer_1bit_4to1" 3 1;
 .timescale 0 0;
P_0x56a4c11c3680 .param/l "TICKPERIOD" 1 3 37, +C4<00000000000000000000000000010100>;
v0x56a4c12230b0_0 .var "A", 0 0;
v0x56a4c1223170_0 .var "B", 0 0;
v0x56a4c1223240_0 .var "C", 0 0;
v0x56a4c1223340_0 .var "COMMENT", 247 0;
v0x56a4c12233e0_0 .var/i "COUNT", 31 0;
v0x56a4c12234d0_0 .var "D", 0 0;
v0x56a4c1223570_0 .var "ERRORS", 31 0;
v0x56a4c1223630_0 .var/i "FD", 31 0;
v0x56a4c1223710_0 .var "SEL", 1 0;
v0x56a4c1223800_0 .var "TICK", 0 0;
v0x56a4c12238a0_0 .var "VECTORCOUNT", 31 0;
v0x56a4c1223980_0 .net "Y", 0 0, v0x56a4c1222620_0;  1 drivers
v0x56a4c1223a50_0 .var "Y_EXPECTED", 0 0;
v0x56a4c1223af0_0 .var "eof", 0 0;
v0x56a4c1223bb0_0 .var/2s "i", 31 0;
v0x56a4c1223c90 .array "input_coverage", 3 0, 31 0;
E_0x56a4c11fc7c0 .event anyedge, v0x56a4c1223af0_0;
E_0x56a4c11fcbd0 .event posedge, v0x56a4c1223800_0;
E_0x56a4c11fcec0 .event negedge, v0x56a4c1223800_0;
S_0x56a4c11fba60 .scope task, "OUT_EXP" "OUT_EXP" 3 109, 3 109 0, S_0x56a4c11af650;
 .timescale 0 0;
TD_tb_multiplexer_1bit_4to1.OUT_EXP ;
    %load/vec4 v0x56a4c1223710_0;
    %dup/vec4;
    %pushi/vec4 0, 0, 2;
    %cmp/u;
    %jmp/1 T_0.0, 6;
    %dup/vec4;
    %pushi/vec4 1, 0, 2;
    %cmp/u;
    %jmp/1 T_0.1, 6;
    %dup/vec4;
    %pushi/vec4 2, 0, 2;
    %cmp/u;
    %jmp/1 T_0.2, 6;
    %dup/vec4;
    %pushi/vec4 3, 0, 2;
    %cmp/u;
    %jmp/1 T_0.3, 6;
    %jmp T_0.4;
T_0.0 ;
    %load/vec4 v0x56a4c12230b0_0;
    %store/vec4 v0x56a4c1223a50_0, 0, 1;
    %jmp T_0.4;
T_0.1 ;
    %load/vec4 v0x56a4c1223170_0;
    %store/vec4 v0x56a4c1223a50_0, 0, 1;
    %jmp T_0.4;
T_0.2 ;
    %load/vec4 v0x56a4c1223240_0;
    %store/vec4 v0x56a4c1223a50_0, 0, 1;
    %jmp T_0.4;
T_0.3 ;
    %load/vec4 v0x56a4c12234d0_0;
    %store/vec4 v0x56a4c1223a50_0, 0, 1;
    %jmp T_0.4;
T_0.4 ;
    %pop/vec4 1;
    %end;
S_0x56a4c11fbc40 .scope task, "close" "close" 3 126, 3 126 0, S_0x56a4c11af650;
 .timescale 0 0;
TD_tb_multiplexer_1bit_4to1.close ;
    %delay 10, 0;
    %vpi_call/w 3 130 "$fclose", v0x56a4c1223630_0 {0 0 0};
    %vpi_call/w 3 132 "$display" {0 0 0};
    %vpi_call/w 3 133 "$display", "COVERAGE_REPORT" {0 0 0};
    %fork t_1, S_0x56a4c1202710;
    %jmp t_0;
    .scope S_0x56a4c1202710;
t_1 ;
    %pushi/vec4 0, 0, 32;
    %store/vec4 v0x56a4c11af870_0, 0, 32;
T_1.5 ;
    %load/vec4 v0x56a4c11af870_0;
    %cmpi/s 4, 0, 32;
    %jmp/0xz T_1.6, 5;
    %ix/getv/s 4, v0x56a4c11af870_0;
    %load/vec4a v0x56a4c1223c90, 4;
    %cmpi/e 0, 0, 32;
    %jmp/0xz  T_1.7, 4;
    %vpi_call/w 3 139 "$display", "input SEL = %b has occured %d times ***ERROR***", &PV<v0x56a4c11af870_0, 0, 2>, &A<v0x56a4c1223c90, v0x56a4c11af870_0 > {0 0 0};
    %load/vec4 v0x56a4c1223570_0;
    %addi 1, 0, 32;
    %store/vec4 v0x56a4c1223570_0, 0, 32;
    %jmp T_1.8;
T_1.7 ;
    %vpi_call/w 3 144 "$display", "input SEL = %b has occured %d times", &PV<v0x56a4c11af870_0, 0, 2>, &A<v0x56a4c1223c90, v0x56a4c11af870_0 > {0 0 0};
T_1.8 ;
    ; show_stmt_assign_vector: Get l-value for compressed += operand
    %load/vec4 v0x56a4c11af870_0;
    %pushi/vec4 1, 0, 32;
    %add;
    %cast2;
    %store/vec4 v0x56a4c11af870_0, 0, 32;
    %jmp T_1.5;
T_1.6 ;
    %end;
    .scope S_0x56a4c11fbc40;
t_0 %join;
    %vpi_call/w 3 150 "$display" {0 0 0};
    %vpi_call/w 3 151 "$display", "VECTORCOUNT = %d", v0x56a4c12238a0_0 {0 0 0};
    %vpi_call/w 3 152 "$display", "ERRORS = %15d", v0x56a4c1223570_0 {0 0 0};
    %vpi_call/w 3 153 "$display" {0 0 0};
    %vpi_call/w 3 154 "$display", "TEST_END--------------------------------------------------------------------------------------------------------------------------" {0 0 0};
    %vpi_call/w 3 155 "$display" {0 0 0};
    %vpi_call/w 3 157 "$finish" {0 0 0};
    %end;
S_0x56a4c1202710 .scope begin, "$ivl_for_loop0" "$ivl_for_loop0" 3 135, 3 135 0, S_0x56a4c11fbc40;
 .timescale 0 0;
v0x56a4c11af870_0 .var/2s "j", 31 0;
S_0x56a4c1221b00 .scope task, "coverage_update" "coverage_update" 3 184, 3 184 0, S_0x56a4c11af650;
 .timescale 0 0;
TD_tb_multiplexer_1bit_4to1.coverage_update ;
    ; show_stmt_assign_vector: Get l-value for compressed += operand
    %load/vec4 v0x56a4c1223710_0;
    %pad/u 4;
    %ix/vec4 4;
    %flag_mov 8, 4;
    %load/vec4a v0x56a4c1223c90, 4;
    %pushi/vec4 1, 0, 32;
    %add;
    %flag_mov 4, 8;
    %store/vec4a v0x56a4c1223c90, 4, 0;
    %end;
S_0x56a4c1221d10 .scope task, "display_file" "display_file" 3 175, 3 175 0, S_0x56a4c11af650;
 .timescale 0 0;
TD_tb_multiplexer_1bit_4to1.display_file ;
    %vpi_call/w 3 177 "$display", "%10d %9s | %4d | %2b  | %1b | %1b | %1b | %1b | %1b | %5b      |", v0x56a4c12238a0_0, v0x56a4c1223340_0, $time, v0x56a4c1223710_0, v0x56a4c12230b0_0, v0x56a4c1223170_0, v0x56a4c1223240_0, v0x56a4c12234d0_0, v0x56a4c1223980_0, v0x56a4c1223a50_0 {0 0 0};
    %end;
S_0x56a4c1221ef0 .scope module, "dut_multiplexer_1bit_4to1" "multiplexer_1bit_4to1" 3 22, 4 1 0, S_0x56a4c11af650;
 .timescale 0 0;
    .port_info 0 /INPUT 1 "a";
    .port_info 1 /INPUT 1 "b";
    .port_info 2 /INPUT 1 "c";
    .port_info 3 /INPUT 1 "d";
    .port_info 4 /INPUT 2 "sel";
    .port_info 5 /OUTPUT 1 "y";
v0x56a4c12221f0_0 .net "a", 0 0, v0x56a4c12230b0_0;  1 drivers
v0x56a4c12222d0_0 .net "b", 0 0, v0x56a4c1223170_0;  1 drivers
v0x56a4c1222390_0 .net "c", 0 0, v0x56a4c1223240_0;  1 drivers
v0x56a4c1222430_0 .net "d", 0 0, v0x56a4c12234d0_0;  1 drivers
v0x56a4c12224f0_0 .net "sel", 1 0, v0x56a4c1223710_0;  1 drivers
v0x56a4c1222620_0 .var "y", 0 0;
E_0x56a4c11d3780/0 .event anyedge, v0x56a4c12224f0_0, v0x56a4c1222430_0, v0x56a4c1222390_0, v0x56a4c12222d0_0;
E_0x56a4c11d3780/1 .event anyedge, v0x56a4c12221f0_0;
E_0x56a4c11d3780 .event/or E_0x56a4c11d3780/0, E_0x56a4c11d3780/1;
S_0x56a4c12227a0 .scope task, "errors_warnings_check" "errors_warnings_check" 3 197, 3 197 0, S_0x56a4c11af650;
 .timescale 0 0;
TD_tb_multiplexer_1bit_4to1.errors_warnings_check ;
    %load/vec4 v0x56a4c1223980_0;
    %load/vec4 v0x56a4c1223a50_0;
    %cmp/ne;
    %jmp/0xz  T_4.9, 6;
    %vpi_call/w 3 202 "$display", "***ERROR: Y = %b, Y_expected = %b", v0x56a4c1223980_0, v0x56a4c1223a50_0 {0 0 0};
    %load/vec4 v0x56a4c1223570_0;
    %addi 1, 0, 32;
    %store/vec4 v0x56a4c1223570_0, 0, 32;
T_4.9 ;
    %end;
S_0x56a4c1222980 .scope task, "initialize" "initialize" 3 51, 3 51 0, S_0x56a4c11af650;
 .timescale 0 0;
TD_tb_multiplexer_1bit_4to1.initialize ;
    %vpi_func 3 53 "$fopen" 32, "tb_multiplexer_1bit_4to1.tv", "r" {0 0 0};
    %store/vec4 v0x56a4c1223630_0, 0, 32;
    %vpi_func 3 54 "$fscanf" 32, v0x56a4c1223630_0, "%s", v0x56a4c1223340_0 {0 0 0};
    %store/vec4 v0x56a4c12233e0_0, 0, 32;
    %vpi_func 3 56 "$fscanf" 32, v0x56a4c1223630_0, "%s %b %b %b %b %b %b", v0x56a4c1223340_0, v0x56a4c1223710_0, v0x56a4c12230b0_0, v0x56a4c1223170_0, v0x56a4c1223240_0, v0x56a4c12234d0_0, v0x56a4c1223a50_0 {0 0 0};
    %store/vec4 v0x56a4c12233e0_0, 0, 32;
    %pushi/vec4 0, 0, 1;
    %store/vec4 v0x56a4c1223800_0, 0, 1;
    %pushi/vec4 0, 0, 32;
    %store/vec4 v0x56a4c12238a0_0, 0, 32;
    %pushi/vec4 0, 0, 32;
    %store/vec4 v0x56a4c1223570_0, 0, 32;
    %pushi/vec4 0, 0, 32;
    %store/vec4 v0x56a4c1223bb0_0, 0, 32;
T_5.11 ;
    %load/vec4 v0x56a4c1223bb0_0;
    %cmpi/s 4, 0, 32;
    %jmp/0xz T_5.12, 5;
    %pushi/vec4 0, 0, 32;
    %ix/getv/s 4, v0x56a4c1223bb0_0;
    %store/vec4a v0x56a4c1223c90, 4, 0;
    ; show_stmt_assign_vector: Get l-value for compressed += operand
    %load/vec4 v0x56a4c1223bb0_0;
    %pushi/vec4 1, 0, 32;
    %add;
    %cast2;
    %store/vec4 v0x56a4c1223bb0_0, 0, 32;
    %jmp T_5.11;
T_5.12 ;
    %pushi/vec4 0, 0, 1;
    %store/vec4 v0x56a4c1223af0_0, 0, 1;
    %vpi_call/w 3 68 "$display" {0 0 0};
    %vpi_call/w 3 69 "$display", "TEST_START-------------------------------------------------------------------------------------------------------------------------------------" {0 0 0};
    %vpi_call/w 3 70 "$display" {0 0 0};
    %vpi_call/w 3 71 "$display", "                     | TIME | SEL | A | B | C | D | Y | Y_EXPECTED |" {0 0 0};
    %vpi_call/w 3 72 "$display", "-----------------------------------------------------------------------------------------------------------------------------------------------" {0 0 0};
    %end;
S_0x56a4c1222b60 .scope task, "random_in" "random_in" 3 92, 3 92 0, S_0x56a4c11af650;
 .timescale 0 0;
TD_tb_multiplexer_1bit_4to1.random_in ;
    %vpi_func 3 94 "$urandom" 32 {0 0 0};
    %pushi/vec4 4, 0, 32;
    %mod;
    %pad/u 2;
    %store/vec4 v0x56a4c1223710_0, 0, 2;
    %vpi_func 3 95 "$urandom" 32 {0 0 0};
    %pushi/vec4 2, 0, 32;
    %mod;
    %pad/u 1;
    %store/vec4 v0x56a4c12230b0_0, 0, 1;
    %vpi_func 3 96 "$urandom" 32 {0 0 0};
    %pushi/vec4 2, 0, 32;
    %mod;
    %pad/u 1;
    %store/vec4 v0x56a4c1223170_0, 0, 1;
    %vpi_func 3 97 "$urandom" 32 {0 0 0};
    %pushi/vec4 2, 0, 32;
    %mod;
    %pad/u 1;
    %store/vec4 v0x56a4c1223240_0, 0, 1;
    %vpi_func 3 98 "$urandom" 32 {0 0 0};
    %pushi/vec4 2, 0, 32;
    %mod;
    %pad/u 1;
    %store/vec4 v0x56a4c12234d0_0, 0, 1;
    %pushi/vec4 0, 0, 32; draw_string_vec4
    %pushi/vec4 0, 0, 32; draw_string_vec4
    %concat/vec4; draw_string_vec4
    %pushi/vec4 0, 0, 32; draw_string_vec4
    %concat/vec4; draw_string_vec4
    %pushi/vec4 0, 0, 32; draw_string_vec4
    %concat/vec4; draw_string_vec4
    %pushi/vec4 0, 0, 32; draw_string_vec4
    %concat/vec4; draw_string_vec4
    %pushi/vec4 0, 0, 32; draw_string_vec4
    %concat/vec4; draw_string_vec4
    %pushi/vec4 0, 0, 32; draw_string_vec4
    %concat/vec4; draw_string_vec4
    %pushi/vec4 45, 0, 24; draw_string_vec4
    %concat/vec4; draw_string_vec4
    %store/vec4 v0x56a4c1223340_0, 0, 248;
    %pushi/real 1717986918, 4062; load=0.100000
    %pushi/real 1677722, 4040; load=0.100000
    %add/wr;
    %vpi_func 3 102 "$urandom_range" 32, W<0,r>, 32'sb00000000000000000000000000001010 {0 1 0};
    %pad/u 64;
    %muli 1, 0, 64;
    %ix/vec4 4;
    %delayx 4;
    %end;
S_0x56a4c1222d40 .scope task, "scan_file" "scan_file" 3 82, 3 82 0, S_0x56a4c11af650;
 .timescale 0 0;
TD_tb_multiplexer_1bit_4to1.scan_file ;
    %vpi_func 3 84 "$fscanf" 32, v0x56a4c1223630_0, "%s %b %b %b %b %b %b", v0x56a4c1223340_0, v0x56a4c1223710_0, v0x56a4c12230b0_0, v0x56a4c1223170_0, v0x56a4c1223240_0, v0x56a4c12234d0_0, v0x56a4c1223a50_0 {0 0 0};
    %store/vec4 v0x56a4c12233e0_0, 0, 32;
    %load/vec4 v0x56a4c12233e0_0;
    %pushi/vec4 4294967295, 0, 32;
    %cmp/e;
    %flag_get/vec4 4;
    %store/vec4 v0x56a4c1223af0_0, 0, 1;
    %end;
S_0x56a4c1222f20 .scope task, "vectorcount" "vectorcount" 3 165, 3 165 0, S_0x56a4c11af650;
 .timescale 0 0;
TD_tb_multiplexer_1bit_4to1.vectorcount ;
    %load/vec4 v0x56a4c12238a0_0;
    %addi 1, 0, 32;
    %store/vec4 v0x56a4c12238a0_0, 0, 32;
    %end;
    .scope S_0x56a4c1221ef0;
T_9 ;
    %wait E_0x56a4c11d3780;
    %load/vec4 v0x56a4c12224f0_0;
    %dup/vec4;
    %pushi/vec4 0, 0, 2;
    %cmp/u;
    %jmp/1 T_9.0, 6;
    %dup/vec4;
    %pushi/vec4 1, 0, 2;
    %cmp/u;
    %jmp/1 T_9.1, 6;
    %dup/vec4;
    %pushi/vec4 2, 0, 2;
    %cmp/u;
    %jmp/1 T_9.2, 6;
    %dup/vec4;
    %pushi/vec4 3, 0, 2;
    %cmp/u;
    %jmp/1 T_9.3, 6;
    %jmp T_9.4;
T_9.0 ;
    %load/vec4 v0x56a4c12221f0_0;
    %store/vec4 v0x56a4c1222620_0, 0, 1;
    %jmp T_9.4;
T_9.1 ;
    %load/vec4 v0x56a4c12222d0_0;
    %store/vec4 v0x56a4c1222620_0, 0, 1;
    %jmp T_9.4;
T_9.2 ;
    %load/vec4 v0x56a4c1222390_0;
    %store/vec4 v0x56a4c1222620_0, 0, 1;
    %jmp T_9.4;
T_9.3 ;
    %load/vec4 v0x56a4c1222430_0;
    %store/vec4 v0x56a4c1222620_0, 0, 1;
    %jmp T_9.4;
T_9.4 ;
    %pop/vec4 1;
    %jmp T_9;
    .thread T_9, $push;
    .scope S_0x56a4c11af650;
T_10 ;
    %vpi_call/w 3 30 "$dumpfile", "tb_multiplexer_1bit_4to1.vcd" {0 0 0};
    %vpi_call/w 3 31 "$dumpvars", 32'sb00000000000000000000000000000000, S_0x56a4c11af650 {0 0 0};
    %end;
    .thread T_10;
    .scope S_0x56a4c11af650;
T_11 ;
    %delay 10, 0;
    %load/vec4 v0x56a4c1223800_0;
    %inv;
    %store/vec4 v0x56a4c1223800_0, 0, 1;
    %jmp T_11;
    .thread T_11;
    .scope S_0x56a4c11af650;
T_12 ;
    %fork TD_tb_multiplexer_1bit_4to1.initialize, S_0x56a4c1222980;
    %join;
    %end;
    .thread T_12;
    .scope S_0x56a4c11af650;
T_13 ;
    %wait E_0x56a4c11fcec0;
    %delay 1, 0;
    %load/vec4 v0x56a4c1223af0_0;
    %nor/r;
    %flag_set/vec4 8;
    %jmp/0xz  T_13.0, 8;
    %fork TD_tb_multiplexer_1bit_4to1.scan_file, S_0x56a4c1222d40;
    %join;
T_13.0 ;
    %jmp T_13;
    .thread T_13;
    .scope S_0x56a4c11af650;
T_14 ;
    %wait E_0x56a4c11fcbd0;
    %fork TD_tb_multiplexer_1bit_4to1.coverage_update, S_0x56a4c1221b00;
    %join;
    %delay 0, 0;
    %fork TD_tb_multiplexer_1bit_4to1.OUT_EXP, S_0x56a4c11fba60;
    %join;
    %fork TD_tb_multiplexer_1bit_4to1.display_file, S_0x56a4c1221d10;
    %join;
    %fork TD_tb_multiplexer_1bit_4to1.errors_warnings_check, S_0x56a4c12227a0;
    %join;
    %fork TD_tb_multiplexer_1bit_4to1.vectorcount, S_0x56a4c1222f20;
    %join;
    %jmp T_14;
    .thread T_14;
    .scope S_0x56a4c11af650;
T_15 ;
T_15.0 ;
    %load/vec4 v0x56a4c1223af0_0;
    %cmpi/ne 1, 0, 1;
    %jmp/0xz T_15.1, 6;
    %wait E_0x56a4c11fc7c0;
    %jmp T_15.0;
T_15.1 ;
    %vpi_call/w 3 260 "$display" {0 0 0};
    %vpi_call/w 3 261 "$display", "%13s ***time = %0d,eof ***", "\000", $time {0 0 0};
    %vpi_call/w 3 262 "$display" {0 0 0};
    %pushi/vec4 0, 0, 32;
    %store/vec4 v0x56a4c1223bb0_0, 0, 32;
T_15.2 ;
    %load/vec4 v0x56a4c1223bb0_0;
    %cmpi/s 50, 0, 32;
    %jmp/0xz T_15.3, 5;
    %load/vec4 v0x56a4c1223710_0;
    %pad/u 3;
    %cmpi/e 4, 0, 3;
    %jmp/0xz  T_15.4, 4;
    %fork TD_tb_multiplexer_1bit_4to1.vectorcount, S_0x56a4c1222f20;
    %join;
    %fork TD_tb_multiplexer_1bit_4to1.close, S_0x56a4c11fbc40;
    %join;
    %jmp T_15.5;
T_15.4 ;
    %fork TD_tb_multiplexer_1bit_4to1.random_in, S_0x56a4c1222b60;
    %join;
T_15.5 ;
    ; show_stmt_assign_vector: Get l-value for compressed += operand
    %load/vec4 v0x56a4c1223bb0_0;
    %pushi/vec4 1, 0, 32;
    %add;
    %cast2;
    %store/vec4 v0x56a4c1223bb0_0, 0, 32;
    %jmp T_15.2;
T_15.3 ;
    %fork TD_tb_multiplexer_1bit_4to1.close, S_0x56a4c11fbc40;
    %join;
    %end;
    .thread T_15;
# The file index is used to find the file name in the following table.
:file_names 5;
    "N/A";
    "<interactive>";
    "-";
    "tb_multiplexer_1bit_4to1.v";
    "multiplexer_1bit_4to1.v";
