#! /usr/bin/vvp
:ivl_version "12.0 (stable)";
:ivl_delay_selection "TYPICAL";
:vpi_time_precision - 12;
:vpi_module "/usr/lib/x86_64-linux-gnu/ivl/system.vpi";
:vpi_module "/usr/lib/x86_64-linux-gnu/ivl/vhdl_sys.vpi";
:vpi_module "/usr/lib/x86_64-linux-gnu/ivl/vhdl_textio.vpi";
:vpi_module "/usr/lib/x86_64-linux-gnu/ivl/v2005_math.vpi";
:vpi_module "/usr/lib/x86_64-linux-gnu/ivl/va_math.vpi";
:vpi_module "/usr/lib/x86_64-linux-gnu/ivl/v2009.vpi";
S_0x62a0abc861b0 .scope package, "$unit" "$unit" 2 1;
 .timescale 0 0;
S_0x62a0abcb9f60 .scope module, "tb_shift_register" "tb_shift_register" 3 2;
 .timescale -9 -12;
P_0x62a0abcd3f10 .param/l "DATA_WIDTH" 0 3 23, +C4<00000000000000000000000000001000>;
P_0x62a0abcd3f50 .param/l "TICKPERIOD" 0 3 23, +C4<00000000000000000000000000010100>;
v0x62a0abcf8d00_0 .var "COMMENT", 247 0;
v0x62a0abcf8e00_0 .net "DATA_IN", 0 0, v0x62a0abcf6c10_0;  1 drivers
v0x62a0abcf8ec0_0 .net "DATA_OUT", 7 0, v0x62a0abcf8370_0;  1 drivers
v0x62a0abcf8f60_0 .var "DATA_OUT_EXPECTED", 7 0;
v0x62a0abcf9000_0 .var "ERRORS", 31 0;
v0x62a0abcf9130_0 .net "RST", 0 0, v0x62a0abcf6dd0_0;  1 drivers
v0x62a0abcf9220_0 .var "TICK", 0 0;
v0x62a0abcf9310_0 .var "VECTORCOUNT", 31 0;
v0x62a0abcf93f0_0 .net "done", 0 0, v0x62a0abcf7230_0;  1 drivers
v0x62a0abcf9490_0 .net "eof", 0 0, v0x62a0abcf72f0_0;  1 drivers
v0x62a0abcf9530_0 .net "flag_general", 0 0, v0x62a0abcf7530_0;  1 drivers
v0x62a0abcf95d0_0 .net "flag_init", 0 0, v0x62a0abcf76b0_0;  1 drivers
v0x62a0abcf96a0_0 .net "flag_lsb_to_msb", 0 0, v0x62a0abcf7770_0;  1 drivers
v0x62a0abcf9770_0 .var/2s "i", 31 0;
v0x62a0abcf9810 .array "input_coverage", 1 0, 31 0;
v0x62a0abcf98b0_0 .net "start_test", 3 0, v0x62a0abcf7ad0_0;  1 drivers
v0x62a0abcf9980 .array "state_input_coverage", 1 0, 31 0;
S_0x62a0abcba190 .scope task, "close" "close" 3 115, 3 115 0, S_0x62a0abcb9f60;
 .timescale -9 -12;
TD_tb_shift_register.close ;
    %delay 10000, 0;
    %vpi_call/w 3 119 "$display" {0 0 0};
    %vpi_call/w 3 120 "$display", "COVERAGE_REPORT" {0 0 0};
    %vpi_call/w 3 121 "$display" {0 0 0};
    %vpi_call/w 3 122 "$display" {0 0 0};
    %fork t_1, S_0x62a0abc4e490;
    %jmp t_0;
    .scope S_0x62a0abc4e490;
t_1 ;
    %pushi/vec4 0, 0, 32;
    %store/vec4 v0x62a0abcd5a00_0, 0, 32;
T_0.0 ;
    %load/vec4 v0x62a0abcd5a00_0;
    %cmpi/s 2, 0, 32;
    %jmp/0xz T_0.1, 5;
    %ix/getv/s 4, v0x62a0abcd5a00_0;
    %load/vec4a v0x62a0abcf9810, 4;
    %cmpi/e 0, 0, 32;
    %jmp/0xz  T_0.2, 4;
    %vpi_call/w 3 126 "$display", "input RST =%b has occured %d times***ERROR***", &PV<v0x62a0abcd5a00_0, 0, 1>, &A<v0x62a0abcf9810, v0x62a0abcd5a00_0 > {0 0 0};
    %load/vec4 v0x62a0abcf9000_0;
    %addi 1, 0, 32;
    %store/vec4 v0x62a0abcf9000_0, 0, 32;
    %jmp T_0.3;
T_0.2 ;
    %vpi_call/w 3 130 "$display", "input RST =%b has occured %d times", &PV<v0x62a0abcd5a00_0, 0, 1>, &A<v0x62a0abcf9810, v0x62a0abcd5a00_0 > {0 0 0};
T_0.3 ;
    ; show_stmt_assign_vector: Get l-value for compressed += operand
    %load/vec4 v0x62a0abcd5a00_0;
    %pushi/vec4 1, 0, 32;
    %add;
    %cast2;
    %store/vec4 v0x62a0abcd5a00_0, 0, 32;
    %jmp T_0.0;
T_0.1 ;
    %end;
    .scope S_0x62a0abcba190;
t_0 %join;
    %fork t_3, S_0x62a0abcf43e0;
    %jmp t_2;
    .scope S_0x62a0abcf43e0;
t_3 ;
    %pushi/vec4 0, 0, 32;
    %store/vec4 v0x62a0abcd5f40_0, 0, 32;
T_0.4 ;
    %load/vec4 v0x62a0abcd5f40_0;
    %cmpi/s 2, 0, 32;
    %jmp/0xz T_0.5, 5;
    %load/vec4 v0x62a0abcd5f40_0;
    %cmpi/e 0, 0, 32;
    %jmp/0xz  T_0.6, 4;
    %ix/getv/s 4, v0x62a0abcd5f40_0;
    %load/vec4a v0x62a0abcf9980, 4;
    %cmpi/e 0, 0, 32;
    %jmp/0xz  T_0.8, 4;
    %vpi_call/w 3 138 "$display", "not all input combination of RST has been tested***ERROR***" {0 0 0};
    %load/vec4 v0x62a0abcf9000_0;
    %addi 1, 0, 32;
    %store/vec4 v0x62a0abcf9000_0, 0, 32;
    %jmp T_0.9;
T_0.8 ;
    %vpi_call/w 3 142 "$display", "all input combination of RST has been tested" {0 0 0};
T_0.9 ;
    %jmp T_0.7;
T_0.6 ;
    %load/vec4 v0x62a0abcd5f40_0;
    %cmpi/e 1, 0, 32;
    %jmp/0xz  T_0.10, 4;
    %ix/getv/s 4, v0x62a0abcd5f40_0;
    %load/vec4a v0x62a0abcf9980, 4;
    %cmpi/e 0, 0, 32;
    %jmp/0xz  T_0.12, 4;
    %vpi_call/w 3 147 "$display", "input shifting from LSB to MSB has not been tested  ***ERROR***" {0 0 0};
    %load/vec4 v0x62a0abcf9000_0;
    %addi 1, 0, 32;
    %store/vec4 v0x62a0abcf9000_0, 0, 32;
    %jmp T_0.13;
T_0.12 ;
    %vpi_call/w 3 151 "$display", "input shifting from LSB to MSB has been tested" {0 0 0};
T_0.13 ;
T_0.10 ;
T_0.7 ;
    ; show_stmt_assign_vector: Get l-value for compressed += operand
    %load/vec4 v0x62a0abcd5f40_0;
    %pushi/vec4 1, 0, 32;
    %add;
    %cast2;
    %store/vec4 v0x62a0abcd5f40_0, 0, 32;
    %jmp T_0.4;
T_0.5 ;
    %end;
    .scope S_0x62a0abcba190;
t_2 %join;
    %vpi_call/w 3 157 "$display" {0 0 0};
    %vpi_call/w 3 158 "$display", "VECTORCOUNT = %d", v0x62a0abcf9310_0 {0 0 0};
    %vpi_call/w 3 159 "$display", "ERRORS = %15d", v0x62a0abcf9000_0 {0 0 0};
    %vpi_call/w 3 160 "$display" {0 0 0};
    %vpi_call/w 3 161 "$display", "TEST_END--------------------------------------------------------------------------------------------------------------------------" {0 0 0};
    %vpi_call/w 3 162 "$display" {0 0 0};
    %vpi_call/w 3 164 "$finish" {0 0 0};
    %end;
S_0x62a0abc4e490 .scope begin, "$ivl_for_loop0" "$ivl_for_loop0" 3 124, 3 124 0, S_0x62a0abcba190;
 .timescale -9 -12;
v0x62a0abcd5a00_0 .var/2s "j", 31 0;
S_0x62a0abcf43e0 .scope begin, "$ivl_for_loop1" "$ivl_for_loop1" 3 134, 3 134 0, S_0x62a0abcba190;
 .timescale -9 -12;
v0x62a0abcd5f40_0 .var/2s "j", 31 0;
S_0x62a0abcf4620 .scope task, "comment" "comment" 3 89, 3 89 0, S_0x62a0abcb9f60;
 .timescale -9 -12;
TD_tb_shift_register.comment ;
    %load/vec4 v0x62a0abcf9490_0;
    %flag_set/vec4 8;
    %jmp/0xz  T_1.14, 8;
    %pushi/vec4 0, 0, 32; draw_string_vec4
    %pushi/vec4 0, 0, 32; draw_string_vec4
    %concat/vec4; draw_string_vec4
    %pushi/vec4 0, 0, 32; draw_string_vec4
    %concat/vec4; draw_string_vec4
    %pushi/vec4 0, 0, 32; draw_string_vec4
    %concat/vec4; draw_string_vec4
    %pushi/vec4 82, 0, 32; draw_string_vec4
    %concat/vec4; draw_string_vec4
    %pushi/vec4 1095648335, 0, 32; draw_string_vec4
    %concat/vec4; draw_string_vec4
    %pushi/vec4 1298090318, 0, 32; draw_string_vec4
    %concat/vec4; draw_string_vec4
    %pushi/vec4 5264724, 0, 24; draw_string_vec4
    %concat/vec4; draw_string_vec4
    %store/vec4 v0x62a0abcf8d00_0, 0, 248;
    %jmp T_1.15;
T_1.14 ;
    %load/vec4 v0x62a0abcf98b0_0;
    %parti/s 1, 3, 3;
    %flag_set/vec4 8;
    %jmp/0xz  T_1.16, 8;
    %pushi/vec4 0, 0, 32; draw_string_vec4
    %pushi/vec4 0, 0, 32; draw_string_vec4
    %concat/vec4; draw_string_vec4
    %pushi/vec4 0, 0, 32; draw_string_vec4
    %concat/vec4; draw_string_vec4
    %pushi/vec4 0, 0, 32; draw_string_vec4
    %concat/vec4; draw_string_vec4
    %pushi/vec4 0, 0, 32; draw_string_vec4
    %concat/vec4; draw_string_vec4
    %pushi/vec4 5002050, 0, 32; draw_string_vec4
    %concat/vec4; draw_string_vec4
    %pushi/vec4 1601466207, 0, 32; draw_string_vec4
    %concat/vec4; draw_string_vec4
    %pushi/vec4 5067586, 0, 24; draw_string_vec4
    %concat/vec4; draw_string_vec4
    %store/vec4 v0x62a0abcf8d00_0, 0, 248;
    %jmp T_1.17;
T_1.16 ;
    %load/vec4 v0x62a0abcf98b0_0;
    %parti/s 1, 1, 2;
    %flag_set/vec4 8;
    %jmp/0xz  T_1.18, 8;
    %pushi/vec4 0, 0, 32; draw_string_vec4
    %pushi/vec4 0, 0, 32; draw_string_vec4
    %concat/vec4; draw_string_vec4
    %pushi/vec4 0, 0, 32; draw_string_vec4
    %concat/vec4; draw_string_vec4
    %pushi/vec4 0, 0, 32; draw_string_vec4
    %concat/vec4; draw_string_vec4
    %pushi/vec4 0, 0, 32; draw_string_vec4
    %concat/vec4; draw_string_vec4
    %pushi/vec4 0, 0, 32; draw_string_vec4
    %concat/vec4; draw_string_vec4
    %pushi/vec4 21075, 0, 32; draw_string_vec4
    %concat/vec4; draw_string_vec4
    %pushi/vec4 5520689, 0, 24; draw_string_vec4
    %concat/vec4; draw_string_vec4
    %store/vec4 v0x62a0abcf8d00_0, 0, 248;
    %jmp T_1.19;
T_1.18 ;
    %load/vec4 v0x62a0abcf98b0_0;
    %parti/s 1, 0, 2;
    %flag_set/vec4 8;
    %jmp/0xz  T_1.20, 8;
    %pushi/vec4 0, 0, 32; draw_string_vec4
    %pushi/vec4 0, 0, 32; draw_string_vec4
    %concat/vec4; draw_string_vec4
    %pushi/vec4 0, 0, 32; draw_string_vec4
    %concat/vec4; draw_string_vec4
    %pushi/vec4 0, 0, 32; draw_string_vec4
    %concat/vec4; draw_string_vec4
    %pushi/vec4 0, 0, 32; draw_string_vec4
    %concat/vec4; draw_string_vec4
    %pushi/vec4 0, 0, 32; draw_string_vec4
    %concat/vec4; draw_string_vec4
    %pushi/vec4 21075, 0, 32; draw_string_vec4
    %concat/vec4; draw_string_vec4
    %pushi/vec4 5520688, 0, 24; draw_string_vec4
    %concat/vec4; draw_string_vec4
    %store/vec4 v0x62a0abcf8d00_0, 0, 248;
    %jmp T_1.21;
T_1.20 ;
    %load/vec4 v0x62a0abcf95d0_0;
    %vpi_func 3 104 "$time" 64 {0 0 0};
    %cmpi/u 20, 0, 64;
    %flag_get/vec4 5;
    %and;
    %flag_set/vec4 8;
    %jmp/0xz  T_1.22, 8;
    %pushi/vec4 0, 0, 32; draw_string_vec4
    %pushi/vec4 0, 0, 32; draw_string_vec4
    %concat/vec4; draw_string_vec4
    %pushi/vec4 0, 0, 32; draw_string_vec4
    %concat/vec4; draw_string_vec4
    %pushi/vec4 0, 0, 32; draw_string_vec4
    %concat/vec4; draw_string_vec4
    %pushi/vec4 0, 0, 32; draw_string_vec4
    %concat/vec4; draw_string_vec4
    %pushi/vec4 0, 0, 32; draw_string_vec4
    %concat/vec4; draw_string_vec4
    %pushi/vec4 73, 0, 32; draw_string_vec4
    %concat/vec4; draw_string_vec4
    %pushi/vec4 5130580, 0, 24; draw_string_vec4
    %concat/vec4; draw_string_vec4
    %store/vec4 v0x62a0abcf8d00_0, 0, 248;
T_1.22 ;
T_1.21 ;
T_1.19 ;
T_1.17 ;
T_1.15 ;
    %end;
S_0x62a0abcf4820 .scope task, "coverage_update" "coverage_update" 3 192, 3 192 0, S_0x62a0abcb9f60;
 .timescale -9 -12;
TD_tb_shift_register.coverage_update ;
    ; show_stmt_assign_vector: Get l-value for compressed += operand
    %load/vec4 v0x62a0abcf9130_0;
    %pad/u 3;
    %ix/vec4 4;
    %flag_mov 8, 4;
    %load/vec4a v0x62a0abcf9810, 4;
    %pushi/vec4 1, 0, 32;
    %add;
    %flag_mov 4, 8;
    %store/vec4a v0x62a0abcf9810, 4, 0;
    %load/vec4 v0x62a0abcf9530_0;
    %flag_set/vec4 8;
    %jmp/0xz  T_2.24, 8;
    ; show_stmt_assign_vector: Get l-value for compressed += operand
    %ix/load 3, 0, 0;
    %flag_set/imm 4, 0;
    %load/vec4a v0x62a0abcf9980, 3;
    %pushi/vec4 1, 0, 32;
    %add;
    %flag_set/imm 4, 0;
    %ix/load 4, 0, 0;
    %store/vec4a v0x62a0abcf9980, 4, 0;
T_2.24 ;
    %load/vec4 v0x62a0abcf96a0_0;
    %flag_set/vec4 8;
    %jmp/0xz  T_2.26, 8;
    ; show_stmt_assign_vector: Get l-value for compressed += operand
    %ix/load 3, 1, 0;
    %flag_set/imm 4, 0;
    %load/vec4a v0x62a0abcf9980, 3;
    %pushi/vec4 1, 0, 32;
    %add;
    %flag_set/imm 4, 0;
    %ix/load 4, 1, 0;
    %store/vec4a v0x62a0abcf9980, 4, 0;
T_2.26 ;
    %end;
S_0x62a0abcf4a00 .scope module, "dut_input_shift_register" "input_shift_register" 3 28, 4 1 0, S_0x62a0abcb9f60;
 .timescale -9 -12;
    .port_info 0 /INPUT 32 "TICKPERIOD";
    .port_info 1 /INPUT 1 "TICK";
    .port_info 2 /OUTPUT 1 "RST";
    .port_info 3 /OUTPUT 1 "D";
    .port_info 4 /OUTPUT 1 "eof";
    .port_info 5 /OUTPUT 1 "done";
    .port_info 6 /OUTPUT 1 "flag_init";
    .port_info 7 /OUTPUT 1 "flag_general";
    .port_info 8 /OUTPUT 1 "flag_lsb_to_msb";
    .port_info 9 /OUTPUT 4 "start_test";
P_0x62a0abcf4be0 .param/l "DATA_WIDTH" 0 4 30, +C4<00000000000000000000000000000001>;
P_0x62a0abcf4c20 .param/l "INPUT_WIDTH" 1 4 32, +C4<00000000000000000000000000000001>;
P_0x62a0abcf4c60 .param/l "coverage_VECTOR_bits" 0 4 31, +C4<00000000000000000000000000000001>;
v0x62a0abcf6c10_0 .var "D", 0 0;
v0x62a0abcf6cf0_0 .var "INPUT_drive", 1 0;
v0x62a0abcf6dd0_0 .var "RST", 0 0;
v0x62a0abcf6ea0_0 .net "TICK", 0 0, v0x62a0abcf9220_0;  1 drivers
L_0x72c72a3b7018 .functor BUFT 1, C4<00000000000000000000000000010100>, C4<0>, C4<0>, C4<0>;
v0x62a0abcf6f60_0 .net/2s "TICKPERIOD", 31 0, L_0x72c72a3b7018;  1 drivers
v0x62a0abcf7090_0 .var/2s "burst", 31 0;
v0x62a0abcf7170_0 .var "ch", 0 0;
v0x62a0abcf7230_0 .var "done", 0 0;
v0x62a0abcf72f0_0 .var "eof", 0 0;
v0x62a0abcf73b0_0 .var "flag_X", 0 0;
v0x62a0abcf7470_0 .var "flag_done", 0 0;
v0x62a0abcf7530_0 .var "flag_general", 0 0;
v0x62a0abcf75f0 .array "flag_group_count", 5 0, 31 0;
v0x62a0abcf76b0_0 .var "flag_init", 0 0;
v0x62a0abcf7770_0 .var "flag_lsb_to_msb", 0 0;
v0x62a0abcf7830_0 .var/2s "mode", 31 0;
v0x62a0abcf7910_0 .var "num_of_GROUP", 31 0;
v0x62a0abcf79f0_0 .var "prev_total_flag_group_count", 31 0;
v0x62a0abcf7ad0_0 .var "start_test", 3 0;
v0x62a0abcf7bb0_0 .var "tick_count", 31 0;
v0x62a0abcf7c90 .array "total_flag_group_count", 1 0, 31 0;
E_0x62a0abca4770 .event anyedge, v0x62a0abcf72f0_0;
S_0x62a0abcf4f50 .scope begin, "$ivl_for_loop9" "$ivl_for_loop9" 4 280, 4 280 0, S_0x62a0abcf4a00;
 .timescale -9 -12;
v0x62a0abcd1750_0 .var/2s "i", 31 0;
S_0x62a0abcf5190 .scope task, "general_input" "general_input" 4 57, 4 57 0, S_0x62a0abcf4a00;
 .timescale -9 -12;
TD_tb_shift_register.dut_input_shift_register.general_input ;
    %vpi_func 4 59 "$urandom_range" 32, 32'sb00000000000000000000000000000000, 32'sb00000000000000000000000000000001 {0 0 0};
    %pad/u 1;
    %store/vec4 v0x62a0abcf7170_0, 0, 1;
    %load/vec4 v0x62a0abcf7770_0;
    %flag_set/vec4 8;
    %jmp/0xz  T_3.28, 8;
    %pushi/vec4 1, 0, 1;
    %store/vec4 v0x62a0abcf72f0_0, 0, 1;
    %jmp T_3.29;
T_3.28 ;
    %load/vec4 v0x62a0abcf7530_0;
    %flag_set/vec4 8;
    %jmp/0xz  T_3.30, 8;
    %load/vec4 v0x62a0abcf7ad0_0;
    %parti/s 1, 3, 3;
    %pad/u 32;
    %cmpi/ne 1, 0, 32;
    %jmp/0xz  T_3.32, 6;
    %vpi_call/w 4 73 "$display" {0 0 0};
    %vpi_call/w 4 74 "$display", "%12s ***time = %0d, TEST OF SHIFT from LSB to MSB***", "\000", $time {0 0 0};
    %vpi_call/w 4 75 "$display" {0 0 0};
    %pushi/vec4 1, 0, 1;
    %ix/load 4, 3, 0;
    %flag_set/imm 4, 0;
    %store/vec4 v0x62a0abcf7ad0_0, 4, 1;
T_3.32 ;
    %pushi/vec4 1, 0, 32;
    %store/vec4 v0x62a0abcf7910_0, 0, 32;
    %ix/load 4, 0, 0;
    %flag_set/imm 4, 0;
    %load/vec4a v0x62a0abcf7c90, 4;
    %store/vec4 v0x62a0abcf79f0_0, 0, 32;
    %load/vec4 v0x62a0abcf7910_0;
    %load/vec4 v0x62a0abcf79f0_0;
    %add;
    %ix/load 4, 1, 0;
    %flag_set/imm 4, 0;
    %store/vec4a v0x62a0abcf7c90, 4, 0;
    %pushi/vec4 0, 0, 1;
    %store/vec4 v0x62a0abcf73b0_0, 0, 1;
    %fork t_5, S_0x62a0abcf5390;
    %jmp t_4;
    .scope S_0x62a0abcf5390;
t_5 ;
    %pushi/vec4 0, 0, 32;
    %store/vec4 v0x62a0abcf5570_0, 0, 32;
T_3.34 ;
    %load/vec4 v0x62a0abcf5570_0;
    %load/vec4 v0x62a0abcf7910_0;
    %cmp/u;
    %jmp/0xz T_3.35, 5;
    %load/vec4 v0x62a0abcf5570_0;
    %load/vec4 v0x62a0abcf79f0_0;
    %add;
    %ix/vec4 4;
    %load/vec4a v0x62a0abcf75f0, 4;
    %cmpi/ne 1, 0, 32;
    %flag_get/vec4 6;
    %jmp/0 T_3.38, 6;
    %load/vec4 v0x62a0abcf73b0_0;
    %nor/r;
    %and;
T_3.38;
    %flag_set/vec4 8;
    %jmp/0xz  T_3.36, 8;
    %load/vec4 v0x62a0abcf5570_0;
    %parti/s 1, 0, 2;
    %load/vec4 v0x62a0abcf7170_0;
    %concat/vec4; draw_concat_vec4
    %store/vec4 v0x62a0abcf6cf0_0, 0, 2;
    %pushi/vec4 1, 0, 1;
    %store/vec4 v0x62a0abcf73b0_0, 0, 1;
T_3.36 ;
    ; show_stmt_assign_vector: Get l-value for compressed += operand
    %load/vec4 v0x62a0abcf5570_0;
    %pushi/vec4 1, 0, 32;
    %add;
    %cast2;
    %store/vec4 v0x62a0abcf5570_0, 0, 32;
    %jmp T_3.34;
T_3.35 ;
    %end;
    .scope S_0x62a0abcf5190;
t_4 %join;
    %load/vec4 v0x62a0abcf7bb0_0;
    %addi 1, 0, 32;
    %assign/vec4 v0x62a0abcf7bb0_0, 0;
    %load/vec4 v0x62a0abcf6cf0_0;
    %split/vec4 1;
    %store/vec4 v0x62a0abcf6c10_0, 0, 1;
    %store/vec4 v0x62a0abcf6dd0_0, 0, 1;
    %load/vec4 v0x62a0abcf7bb0_0;
    %cmpi/e 8, 0, 32;
    %jmp/0xz  T_3.39, 6;
    %fork t_7, S_0x62a0abcf5670;
    %jmp t_6;
    .scope S_0x62a0abcf5670;
t_7 ;
    %pushi/vec4 0, 0, 32;
    %store/vec4 v0x62a0abcf5870_0, 0, 32;
T_3.41 ;
    %load/vec4 v0x62a0abcf5870_0;
    %load/vec4 v0x62a0abcf7910_0;
    %cmp/u;
    %jmp/0xz T_3.42, 5;
    ; show_stmt_assign_vector: Get l-value for compressed += operand
    %load/vec4 v0x62a0abcf5870_0;
    %load/vec4 v0x62a0abcf79f0_0;
    %add;
    %ix/vec4 4;
    %flag_mov 8, 4;
    %load/vec4a v0x62a0abcf75f0, 4;
    %pushi/vec4 1, 0, 32;
    %add;
    %flag_mov 4, 8;
    %store/vec4a v0x62a0abcf75f0, 4, 0;
    ; show_stmt_assign_vector: Get l-value for compressed += operand
    %load/vec4 v0x62a0abcf5870_0;
    %pushi/vec4 1, 0, 32;
    %add;
    %cast2;
    %store/vec4 v0x62a0abcf5870_0, 0, 32;
    %jmp T_3.41;
T_3.42 ;
    %end;
    .scope S_0x62a0abcf5190;
t_6 %join;
T_3.39 ;
    %fork t_9, S_0x62a0abcf5950;
    %jmp t_8;
    .scope S_0x62a0abcf5950;
t_9 ;
    %pushi/vec4 0, 0, 32;
    %store/vec4 v0x62a0abcf5b60_0, 0, 32;
T_3.43 ;
    %load/vec4 v0x62a0abcf5b60_0;
    %load/vec4 v0x62a0abcf7910_0;
    %cmp/u;
    %jmp/0xz T_3.44, 5;
    %load/vec4 v0x62a0abcf5b60_0;
    %load/vec4 v0x62a0abcf79f0_0;
    %add;
    %ix/vec4 4;
    %load/vec4a v0x62a0abcf75f0, 4;
    %cmpi/ne 0, 0, 32;
    %jmp/0xz  T_3.45, 4;
    %pushi/vec4 1, 0, 1;
    %store/vec4 v0x62a0abcf7470_0, 0, 1;
    %pushi/vec4 0, 0, 32;
    %store/vec4 v0x62a0abcf7bb0_0, 0, 32;
    %jmp T_3.46;
T_3.45 ;
    %pushi/vec4 0, 0, 1;
    %store/vec4 v0x62a0abcf7470_0, 0, 1;
T_3.46 ;
    ; show_stmt_assign_vector: Get l-value for compressed += operand
    %load/vec4 v0x62a0abcf5b60_0;
    %pushi/vec4 1, 0, 32;
    %add;
    %cast2;
    %store/vec4 v0x62a0abcf5b60_0, 0, 32;
    %jmp T_3.43;
T_3.44 ;
    %end;
    .scope S_0x62a0abcf5190;
t_8 %join;
    %load/vec4 v0x62a0abcf7470_0;
    %store/vec4 v0x62a0abcf7770_0, 0, 1;
    %jmp T_3.31;
T_3.30 ;
    %load/vec4 v0x62a0abcf76b0_0;
    %flag_set/vec4 8;
    %jmp/0xz  T_3.47, 8;
    %load/vec4 v0x62a0abcf7ad0_0;
    %parti/s 1, 2, 3;
    %pad/u 32;
    %cmpi/ne 1, 0, 32;
    %jmp/0xz  T_3.49, 6;
    %vpi_call/w 4 141 "$display" {0 0 0};
    %vpi_call/w 4 142 "$display", "%12s ***time = %0d, GENERAL TEST OF RST=1 and RST=0***", "\000", $time {0 0 0};
    %vpi_call/w 4 143 "$display" {0 0 0};
    %pushi/vec4 1, 0, 1;
    %ix/load 4, 2, 0;
    %ix/load 5, 0, 0;
    %flag_set/imm 4, 0;
    %assign/vec4/off/d v0x62a0abcf7ad0_0, 4, 5;
T_3.49 ;
    %pushi/vec4 2, 0, 32;
    %store/vec4 v0x62a0abcf7910_0, 0, 32;
    %pushi/vec4 0, 0, 32;
    %store/vec4 v0x62a0abcf79f0_0, 0, 32;
    %load/vec4 v0x62a0abcf7910_0;
    %load/vec4 v0x62a0abcf79f0_0;
    %add;
    %ix/load 4, 0, 0;
    %flag_set/imm 4, 0;
    %store/vec4a v0x62a0abcf7c90, 4, 0;
    %pushi/vec4 0, 0, 1;
    %store/vec4 v0x62a0abcf73b0_0, 0, 1;
    %fork t_11, S_0x62a0abcf5c40;
    %jmp t_10;
    .scope S_0x62a0abcf5c40;
t_11 ;
    %pushi/vec4 0, 0, 32;
    %store/vec4 v0x62a0abcf5e20_0, 0, 32;
T_3.51 ;
    %load/vec4 v0x62a0abcf5e20_0;
    %load/vec4 v0x62a0abcf7910_0;
    %cmp/u;
    %jmp/0xz T_3.52, 5;
    %load/vec4 v0x62a0abcf5e20_0;
    %load/vec4 v0x62a0abcf79f0_0;
    %add;
    %ix/vec4 4;
    %load/vec4a v0x62a0abcf75f0, 4;
    %cmpi/ne 1, 0, 32;
    %flag_get/vec4 6;
    %jmp/0 T_3.55, 6;
    %load/vec4 v0x62a0abcf73b0_0;
    %nor/r;
    %and;
T_3.55;
    %flag_set/vec4 8;
    %jmp/0xz  T_3.53, 8;
    %load/vec4 v0x62a0abcf7ad0_0;
    %load/vec4 v0x62a0abcf5e20_0;
    %part/s 1;
    %pad/u 32;
    %cmpi/ne 1, 0, 32;
    %jmp/0xz  T_3.56, 6;
    %vpi_call/w 4 162 "$display" {0 0 0};
    %vpi_call/w 4 163 "$display", "%12s ***time =%2d, GROUP%2d RST=%2d***", "\000", $time, v0x62a0abcf5e20_0, v0x62a0abcf5e20_0 {0 0 0};
    %vpi_call/w 4 164 "$display" {0 0 0};
    %pushi/vec4 1, 0, 1;
    %ix/getv/s 4, v0x62a0abcf5e20_0;
    %store/vec4 v0x62a0abcf7ad0_0, 4, 1;
T_3.56 ;
    %load/vec4 v0x62a0abcf5e20_0;
    %parti/s 1, 0, 2;
    %load/vec4 v0x62a0abcf7170_0;
    %concat/vec4; draw_concat_vec4
    %store/vec4 v0x62a0abcf6cf0_0, 0, 2;
    %pushi/vec4 1, 0, 1;
    %store/vec4 v0x62a0abcf73b0_0, 0, 1;
T_3.53 ;
    ; show_stmt_assign_vector: Get l-value for compressed += operand
    %load/vec4 v0x62a0abcf5e20_0;
    %pushi/vec4 1, 0, 32;
    %add;
    %cast2;
    %store/vec4 v0x62a0abcf5e20_0, 0, 32;
    %jmp T_3.51;
T_3.52 ;
    %end;
    .scope S_0x62a0abcf5190;
t_10 %join;
    %load/vec4 v0x62a0abcf6cf0_0;
    %split/vec4 1;
    %store/vec4 v0x62a0abcf6c10_0, 0, 1;
    %store/vec4 v0x62a0abcf6dd0_0, 0, 1;
    %fork t_13, S_0x62a0abcf5f20;
    %jmp t_12;
    .scope S_0x62a0abcf5f20;
t_13 ;
    %pushi/vec4 0, 0, 32;
    %store/vec4 v0x62a0abcf6150_0, 0, 32;
T_3.58 ;
    %load/vec4 v0x62a0abcf6150_0;
    %load/vec4 v0x62a0abcf7910_0;
    %cmp/u;
    %jmp/0xz T_3.59, 5;
    %load/vec4 v0x62a0abcf6cf0_0;
    %parti/s 1, 1, 2;
    %load/vec4 v0x62a0abcf6150_0;
    %parti/s 1, 0, 2;
    %cmp/e;
    %jmp/0xz  T_3.60, 4;
    ; show_stmt_assign_vector: Get l-value for compressed += operand
    %load/vec4 v0x62a0abcf6150_0;
    %load/vec4 v0x62a0abcf79f0_0;
    %add;
    %ix/vec4 4;
    %flag_mov 8, 4;
    %load/vec4a v0x62a0abcf75f0, 4;
    %pushi/vec4 1, 0, 32;
    %add;
    %flag_mov 4, 8;
    %store/vec4a v0x62a0abcf75f0, 4, 0;
T_3.60 ;
    ; show_stmt_assign_vector: Get l-value for compressed += operand
    %load/vec4 v0x62a0abcf6150_0;
    %pushi/vec4 1, 0, 32;
    %add;
    %cast2;
    %store/vec4 v0x62a0abcf6150_0, 0, 32;
    %jmp T_3.58;
T_3.59 ;
    %end;
    .scope S_0x62a0abcf5190;
t_12 %join;
    %pushi/vec4 1, 0, 1;
    %assign/vec4 v0x62a0abcf7470_0, 0;
    %fork t_15, S_0x62a0abcf6250;
    %jmp t_14;
    .scope S_0x62a0abcf6250;
t_15 ;
    %pushi/vec4 0, 0, 32;
    %store/vec4 v0x62a0abcf6430_0, 0, 32;
T_3.62 ;
    %load/vec4 v0x62a0abcf6430_0;
    %load/vec4 v0x62a0abcf7910_0;
    %cmp/u;
    %jmp/0xz T_3.63, 5;
    %load/vec4 v0x62a0abcf6430_0;
    %load/vec4 v0x62a0abcf79f0_0;
    %add;
    %ix/vec4 4;
    %load/vec4a v0x62a0abcf75f0, 4;
    %cmpi/ne 1, 0, 32;
    %jmp/0xz  T_3.64, 6;
    %pushi/vec4 0, 0, 1;
    %assign/vec4 v0x62a0abcf7470_0, 0;
T_3.64 ;
    ; show_stmt_assign_vector: Get l-value for compressed += operand
    %load/vec4 v0x62a0abcf6430_0;
    %pushi/vec4 1, 0, 32;
    %add;
    %cast2;
    %store/vec4 v0x62a0abcf6430_0, 0, 32;
    %jmp T_3.62;
T_3.63 ;
    %end;
    .scope S_0x62a0abcf5190;
t_14 %join;
    %load/vec4 v0x62a0abcf7470_0;
    %store/vec4 v0x62a0abcf7530_0, 0, 1;
    %jmp T_3.48;
T_3.47 ;
    %pushi/vec4 1, 0, 1;
    %store/vec4 v0x62a0abcf76b0_0, 0, 1;
T_3.48 ;
T_3.31 ;
T_3.29 ;
    %end;
S_0x62a0abcf5390 .scope begin, "$ivl_for_loop3" "$ivl_for_loop3" 4 92, 4 92 0, S_0x62a0abcf5190;
 .timescale -9 -12;
v0x62a0abcf5570_0 .var/2s "j", 31 0;
S_0x62a0abcf5670 .scope begin, "$ivl_for_loop4" "$ivl_for_loop4" 4 109, 4 109 0, S_0x62a0abcf5190;
 .timescale -9 -12;
v0x62a0abcf5870_0 .var/2s "j", 31 0;
S_0x62a0abcf5950 .scope begin, "$ivl_for_loop5" "$ivl_for_loop5" 4 115, 4 115 0, S_0x62a0abcf5190;
 .timescale -9 -12;
v0x62a0abcf5b60_0 .var/2s "j", 31 0;
S_0x62a0abcf5c40 .scope begin, "$ivl_for_loop6" "$ivl_for_loop6" 4 158, 4 158 0, S_0x62a0abcf5190;
 .timescale -9 -12;
v0x62a0abcf5e20_0 .var/2s "j", 31 0;
S_0x62a0abcf5f20 .scope begin, "$ivl_for_loop7" "$ivl_for_loop7" 4 179, 4 179 0, S_0x62a0abcf5190;
 .timescale -9 -12;
v0x62a0abcf6150_0 .var/2s "j", 31 0;
S_0x62a0abcf6250 .scope begin, "$ivl_for_loop8" "$ivl_for_loop8" 4 186, 4 186 0, S_0x62a0abcf5190;
 .timescale -9 -12;
v0x62a0abcf6430_0 .var/2s "j", 31 0;
S_0x62a0abcf6530 .scope task, "initialize" "initialize" 4 39, 4 39 0, S_0x62a0abcf4a00;
 .timescale -9 -12;
TD_tb_shift_register.dut_input_shift_register.initialize ;
    %vpi_func 4 41 "$urandom_range" 32, 32'sb00000000000000000000000000000000, 32'sb00000000000000000000000000000001 {0 0 0};
    %pad/u 1;
    %store/vec4 v0x62a0abcf7170_0, 0, 1;
    %pushi/vec4 0, 0, 1;
    %load/vec4 v0x62a0abcf7170_0;
    %concat/vec4; draw_concat_vec4
    %split/vec4 1;
    %store/vec4 v0x62a0abcf6c10_0, 0, 1;
    %store/vec4 v0x62a0abcf6dd0_0, 0, 1;
    %pushi/vec4 0, 0, 1;
    %store/vec4 v0x62a0abcf72f0_0, 0, 1;
    %fork t_17, S_0x62a0abcf6710;
    %jmp t_16;
    .scope S_0x62a0abcf6710;
t_17 ;
    %pushi/vec4 0, 0, 32;
    %store/vec4 v0x62a0abcf68f0_0, 0, 32;
T_4.66 ;
    %load/vec4 v0x62a0abcf68f0_0;
    %cmpi/s 6, 0, 32;
    %jmp/0xz T_4.67, 5;
    %pushi/vec4 0, 0, 32;
    %ix/getv/s 4, v0x62a0abcf68f0_0;
    %store/vec4a v0x62a0abcf75f0, 4, 0;
    ; show_stmt_assign_vector: Get l-value for compressed += operand
    %load/vec4 v0x62a0abcf68f0_0;
    %pushi/vec4 1, 0, 32;
    %add;
    %cast2;
    %store/vec4 v0x62a0abcf68f0_0, 0, 32;
    %jmp T_4.66;
T_4.67 ;
    %end;
    .scope S_0x62a0abcf6530;
t_16 %join;
    %pushi/vec4 0, 0, 32;
    %store/vec4 v0x62a0abcf7bb0_0, 0, 32;
    %end;
S_0x62a0abcf6710 .scope begin, "$ivl_for_loop2" "$ivl_for_loop2" 4 45, 4 45 0, S_0x62a0abcf6530;
 .timescale -9 -12;
v0x62a0abcf68f0_0 .var/2s "j", 31 0;
S_0x62a0abcf69f0 .scope task, "random_in" "random_in" 4 211, 4 211 0, S_0x62a0abcf4a00;
 .timescale -9 -12;
E_0x62a0abca27d0 .event negedge, v0x62a0abcf6ea0_0;
TD_tb_shift_register.dut_input_shift_register.random_in ;
    %vpi_func 4 216 "$urandom_range" 32, 32'sb00000000000000000000000000000000, 32'sb00000000000000000000000000000001 {0 0 0};
    %pad/u 1;
    %store/vec4 v0x62a0abcf7170_0, 0, 1;
    %vpi_func 4 217 "$urandom_range" 32, 32'sb00000000000000000000000000000000, 32'sb00000000000000000000000000000011 {0 0 0};
    %cast2;
    %store/vec4 v0x62a0abcf7830_0, 0, 32;
    %vpi_func 4 218 "$urandom_range" 32, 32'sb00000000000000000000000000000001, 32'sb00000000000000000000000000000101 {0 0 0};
    %cast2;
    %store/vec4 v0x62a0abcf7090_0, 0, 32;
    %load/vec4 v0x62a0abcf7090_0;
T_5.68 %dup/vec4;
    %pushi/vec4 0, 0, 32;
    %cmp/s;
    %jmp/1xz T_5.69, 5;
    %jmp/1 T_5.69, 4;
    %pushi/vec4 1, 0, 32;
    %sub;
    %wait E_0x62a0abca27d0;
    %vpi_func 4 227 "$urandom_range" 32, 32'sb00000000000000000000000000000000, 32'sb00000000000000000000000000001010 {0 0 0};
    %pad/u 64;
    %muli 1000, 0, 64;
    %ix/vec4 4;
    %delayx 4;
    %load/vec4 v0x62a0abcf7830_0;
    %dup/vec4;
    %pushi/vec4 0, 0, 32;
    %cmp/u;
    %jmp/1 T_5.70, 6;
    %dup/vec4;
    %pushi/vec4 1, 0, 32;
    %cmp/u;
    %jmp/1 T_5.71, 6;
    %jmp T_5.72;
T_5.70 ;
    %pushi/vec4 0, 0, 1;
    %ix/load 4, 1, 0;
    %flag_set/imm 4, 0;
    %store/vec4 v0x62a0abcf6cf0_0, 4, 1;
    %load/vec4 v0x62a0abcf7170_0;
    %ix/load 4, 0, 0;
    %flag_set/imm 4, 0;
    %store/vec4 v0x62a0abcf6cf0_0, 4, 1;
    %jmp T_5.72;
T_5.71 ;
    %pushi/vec4 1, 0, 1;
    %ix/load 4, 1, 0;
    %flag_set/imm 4, 0;
    %store/vec4 v0x62a0abcf6cf0_0, 4, 1;
    %load/vec4 v0x62a0abcf7170_0;
    %ix/load 4, 0, 0;
    %flag_set/imm 4, 0;
    %store/vec4 v0x62a0abcf6cf0_0, 4, 1;
    %jmp T_5.72;
T_5.72 ;
    %pop/vec4 1;
    %load/vec4 v0x62a0abcf6cf0_0;
    %split/vec4 1;
    %store/vec4 v0x62a0abcf6c10_0, 0, 1;
    %store/vec4 v0x62a0abcf6dd0_0, 0, 1;
    %jmp T_5.68;
T_5.69 ;
    %pop/vec4 1;
    %end;
S_0x62a0abcf7ef0 .scope module, "dut_shift_register" "shift_register" 3 33, 5 1 0, S_0x62a0abcb9f60;
 .timescale -9 -12;
    .port_info 0 /INPUT 1 "clk";
    .port_info 1 /INPUT 1 "rst";
    .port_info 2 /INPUT 1 "data_in";
    .port_info 3 /OUTPUT 8 "data_out";
P_0x62a0abcf80d0 .param/l "DATA_WIDTH" 0 5 8, +C4<00000000000000000000000000001000>;
v0x62a0abcf81b0_0 .net "clk", 0 0, v0x62a0abcf9220_0;  alias, 1 drivers
v0x62a0abcf82a0_0 .net "data_in", 0 0, v0x62a0abcf6c10_0;  alias, 1 drivers
v0x62a0abcf8370_0 .var "data_out", 7 0;
v0x62a0abcf8440_0 .net "rst", 0 0, v0x62a0abcf6dd0_0;  alias, 1 drivers
E_0x62a0abcb3b80 .event posedge, v0x62a0abcf6ea0_0;
S_0x62a0abcf8580 .scope task, "errors_warnings_check" "errors_warnings_check" 3 212, 3 212 0, S_0x62a0abcb9f60;
 .timescale -9 -12;
TD_tb_shift_register.errors_warnings_check ;
    %load/vec4 v0x62a0abcf8ec0_0;
    %load/vec4 v0x62a0abcf8f60_0;
    %cmp/ne;
    %jmp/0xz  T_6.73, 6;
    %vpi_call/w 3 214 "$display", "***ERROR: DATA_OUT = %b, DATA_OUT_expected = %b", v0x62a0abcf8ec0_0, v0x62a0abcf8f60_0 {0 0 0};
    %load/vec4 v0x62a0abcf9000_0;
    %addi 1, 0, 32;
    %store/vec4 v0x62a0abcf9000_0, 0, 32;
T_6.73 ;
    %end;
S_0x62a0abcf8760 .scope task, "initialize" "initialize" 3 61, 3 61 0, S_0x62a0abcb9f60;
 .timescale -9 -12;
TD_tb_shift_register.initialize ;
    %pushi/vec4 0, 0, 1;
    %store/vec4 v0x62a0abcf9220_0, 0, 1;
    %pushi/vec4 0, 0, 32;
    %store/vec4 v0x62a0abcf9310_0, 0, 32;
    %pushi/vec4 0, 0, 32;
    %store/vec4 v0x62a0abcf9000_0, 0, 32;
    %pushi/vec4 0, 0, 32;
    %store/vec4 v0x62a0abcf9770_0, 0, 32;
T_7.75 ;
    %load/vec4 v0x62a0abcf9770_0;
    %cmpi/s 2, 0, 32;
    %jmp/0xz T_7.76, 5;
    %pushi/vec4 0, 0, 32;
    %ix/getv/s 4, v0x62a0abcf9770_0;
    %store/vec4a v0x62a0abcf9810, 4, 0;
    ; show_stmt_assign_vector: Get l-value for compressed += operand
    %load/vec4 v0x62a0abcf9770_0;
    %pushi/vec4 1, 0, 32;
    %add;
    %cast2;
    %store/vec4 v0x62a0abcf9770_0, 0, 32;
    %jmp T_7.75;
T_7.76 ;
    %pushi/vec4 0, 0, 32;
    %store/vec4 v0x62a0abcf9770_0, 0, 32;
T_7.77 ;
    %load/vec4 v0x62a0abcf9770_0;
    %cmpi/s 2, 0, 32;
    %jmp/0xz T_7.78, 5;
    %pushi/vec4 0, 0, 32;
    %ix/getv/s 4, v0x62a0abcf9770_0;
    %store/vec4a v0x62a0abcf9980, 4, 0;
    ; show_stmt_assign_vector: Get l-value for compressed += operand
    %load/vec4 v0x62a0abcf9770_0;
    %pushi/vec4 1, 0, 32;
    %add;
    %cast2;
    %store/vec4 v0x62a0abcf9770_0, 0, 32;
    %jmp T_7.77;
T_7.78 ;
    %vpi_call/w 3 76 "$display" {0 0 0};
    %vpi_call/w 3 77 "$display" {0 0 0};
    %vpi_call/w 3 78 "$display", "TEST_START-------------------------------------------------------------------------------------------" {0 0 0};
    %vpi_call/w 3 79 "$display" {0 0 0};
    %vpi_call/w 3 80 "$display", "                                | TIME | RST | DATA_IN  | DATA_OUT | DATA_OUT_EXPECTED |" {0 0 0};
    %vpi_call/w 3 81 "$display", "-----------------------------------------------------------------------------------------------------" {0 0 0};
    %end;
S_0x62a0abcf8940 .scope task, "strobe_vector" "strobe_vector" 3 182, 3 182 0, S_0x62a0abcb9f60;
 .timescale -9 -12;
TD_tb_shift_register.strobe_vector ;
    %vpi_call/w 3 184 "$strobe", "%10d %20s | %4d |  %1b  | %8b | %8b |     %8b      | ", v0x62a0abcf9310_0, v0x62a0abcf8d00_0, $time, v0x62a0abcf9130_0, v0x62a0abcf8e00_0, v0x62a0abcf8ec0_0, v0x62a0abcf8f60_0 {0 0 0};
    %end;
S_0x62a0abcf8b20 .scope task, "vectorcount" "vectorcount" 3 172, 3 172 0, S_0x62a0abcb9f60;
 .timescale -9 -12;
TD_tb_shift_register.vectorcount ;
    %load/vec4 v0x62a0abcf9310_0;
    %addi 1, 0, 32;
    %store/vec4 v0x62a0abcf9310_0, 0, 32;
    %end;
    .scope S_0x62a0abcf4a00;
T_10 ;
    %fork TD_tb_shift_register.dut_input_shift_register.initialize, S_0x62a0abcf6530;
    %join;
    %end;
    .thread T_10;
    .scope S_0x62a0abcf4a00;
T_11 ;
    %wait E_0x62a0abca27d0;
    %load/vec4 v0x62a0abcf72f0_0;
    %nor/r;
    %flag_set/vec4 8;
    %jmp/0xz  T_11.0, 8;
    %fork TD_tb_shift_register.dut_input_shift_register.general_input, S_0x62a0abcf5190;
    %join;
T_11.0 ;
    %jmp T_11;
    .thread T_11;
    .scope S_0x62a0abcf4a00;
T_12 ;
T_12.0 ;
    %load/vec4 v0x62a0abcf72f0_0;
    %cmpi/ne 1, 0, 1;
    %jmp/0xz T_12.1, 6;
    %wait E_0x62a0abca4770;
    %jmp T_12.0;
T_12.1 ;
    %vpi_call/w 4 274 "$display" {0 0 0};
    %vpi_call/w 4 275 "$display", "%13s ***time = %0d,eof ***", "\000", $time {0 0 0};
    %vpi_call/w 4 276 "$display" {0 0 0};
    %vpi_call/w 4 277 "$display", "%12s random stimulus to improve coverage", "\000" {0 0 0};
    %fork t_19, S_0x62a0abcf4f50;
    %jmp t_18;
    .scope S_0x62a0abcf4f50;
t_19 ;
    %pushi/vec4 0, 0, 32;
    %store/vec4 v0x62a0abcd1750_0, 0, 32;
T_12.2 ;
    %load/vec4 v0x62a0abcd1750_0;
    %cmpi/s 100, 0, 32;
    %jmp/0xz T_12.3, 5;
    %load/vec4 v0x62a0abcd1750_0;
    %cmpi/e 99, 0, 32;
    %jmp/0xz  T_12.4, 4;
    %fork TD_tb_shift_register.dut_input_shift_register.random_in, S_0x62a0abcf69f0;
    %join;
    %pushi/vec4 1, 0, 1;
    %store/vec4 v0x62a0abcf7230_0, 0, 1;
    %jmp T_12.5;
T_12.4 ;
    %fork TD_tb_shift_register.dut_input_shift_register.random_in, S_0x62a0abcf69f0;
    %join;
T_12.5 ;
    ; show_stmt_assign_vector: Get l-value for compressed += operand
    %load/vec4 v0x62a0abcd1750_0;
    %pushi/vec4 1, 0, 32;
    %add;
    %cast2;
    %store/vec4 v0x62a0abcd1750_0, 0, 32;
    %jmp T_12.2;
T_12.3 ;
    %end;
    .scope S_0x62a0abcf4a00;
t_18 %join;
    %end;
    .thread T_12;
    .scope S_0x62a0abcf7ef0;
T_13 ;
    %wait E_0x62a0abcb3b80;
    %load/vec4 v0x62a0abcf8440_0;
    %flag_set/vec4 8;
    %jmp/0xz  T_13.0, 8;
    %pushi/vec4 0, 0, 8;
    %assign/vec4 v0x62a0abcf8370_0, 0;
    %jmp T_13.1;
T_13.0 ;
    %load/vec4 v0x62a0abcf8370_0;
    %parti/s 7, 0, 2;
    %load/vec4 v0x62a0abcf82a0_0;
    %concat/vec4; draw_concat_vec4
    %assign/vec4 v0x62a0abcf8370_0, 0;
T_13.1 ;
    %jmp T_13;
    .thread T_13;
    .scope S_0x62a0abcb9f60;
T_14 ;
    %vpi_call/w 3 42 "$dumpfile", "tb_shift_register.vcd" {0 0 0};
    %vpi_call/w 3 43 "$dumpvars", 32'sb00000000000000000000000000000000, S_0x62a0abcb9f60 {0 0 0};
    %end;
    .thread T_14;
    .scope S_0x62a0abcb9f60;
T_15 ;
    %delay 10000, 0;
    %load/vec4 v0x62a0abcf9220_0;
    %inv;
    %assign/vec4 v0x62a0abcf9220_0, 0;
    %jmp T_15;
    .thread T_15;
    .scope S_0x62a0abcb9f60;
T_16 ;
    %fork TD_tb_shift_register.initialize, S_0x62a0abcf8760;
    %join;
    %end;
    .thread T_16;
    .scope S_0x62a0abcb9f60;
T_17 ;
    %wait E_0x62a0abcb3b80;
    %load/vec4 v0x62a0abcf9130_0;
    %flag_set/vec4 8;
    %jmp/0xz  T_17.0, 8;
    %pushi/vec4 0, 0, 8;
    %assign/vec4 v0x62a0abcf8f60_0, 0;
    %jmp T_17.1;
T_17.0 ;
    %load/vec4 v0x62a0abcf8f60_0;
    %parti/s 7, 0, 2;
    %load/vec4 v0x62a0abcf8e00_0;
    %concat/vec4; draw_concat_vec4
    %assign/vec4 v0x62a0abcf8f60_0, 0;
T_17.1 ;
    %fork TD_tb_shift_register.coverage_update, S_0x62a0abcf4820;
    %join;
    %delay 0, 0;
    %fork TD_tb_shift_register.comment, S_0x62a0abcf4620;
    %join;
    %fork TD_tb_shift_register.strobe_vector, S_0x62a0abcf8940;
    %join;
    %fork TD_tb_shift_register.errors_warnings_check, S_0x62a0abcf8580;
    %join;
    %fork TD_tb_shift_register.vectorcount, S_0x62a0abcf8b20;
    %join;
    %jmp T_17;
    .thread T_17;
    .scope S_0x62a0abcb9f60;
T_18 ;
    %wait E_0x62a0abcb3b80;
    %load/vec4 v0x62a0abcf9310_0;
    %cmpi/e 9999, 0, 32;
    %jmp/0xz  T_18.0, 4;
    %fork TD_tb_shift_register.vectorcount, S_0x62a0abcf8b20;
    %join;
    %fork TD_tb_shift_register.close, S_0x62a0abcba190;
    %join;
    %jmp T_18.1;
T_18.0 ;
    %load/vec4 v0x62a0abcf93f0_0;
    %flag_set/vec4 8;
    %jmp/0xz  T_18.2, 8;
    %fork TD_tb_shift_register.close, S_0x62a0abcba190;
    %join;
T_18.2 ;
T_18.1 ;
    %jmp T_18;
    .thread T_18;
# The file index is used to find the file name in the following table.
:file_names 6;
    "N/A";
    "<interactive>";
    "-";
    "tb_shift_register.v";
    "input_shift_register.v";
    "shift_register.v";
