#! /usr/bin/vvp
:ivl_version "12.0 (stable)";
:ivl_delay_selection "TYPICAL";
:vpi_time_precision - 11;
:vpi_module "/usr/lib/x86_64-linux-gnu/ivl/system.vpi";
:vpi_module "/usr/lib/x86_64-linux-gnu/ivl/vhdl_sys.vpi";
:vpi_module "/usr/lib/x86_64-linux-gnu/ivl/vhdl_textio.vpi";
:vpi_module "/usr/lib/x86_64-linux-gnu/ivl/v2005_math.vpi";
:vpi_module "/usr/lib/x86_64-linux-gnu/ivl/va_math.vpi";
:vpi_module "/usr/lib/x86_64-linux-gnu/ivl/v2009.vpi";
S_0x58762bbcb870 .scope package, "$unit" "$unit" 2 1;
 .timescale 0 0;
S_0x58762bbcba00 .scope module, "tb_encoder" "tb_encoder" 3 4;
 .timescale -9 -11;
P_0x58762bbcbb90 .param/l "TICKPERIOD" 1 3 40, +C4<00000000000000000000000000010100>;
v0x58762bbf8680_0 .var "COMMENT", 247 0;
v0x58762bbf8760_0 .var/i "COUNT", 31 0;
v0x58762bbf8840_0 .var "ERRORS", 31 0;
v0x58762bbf8930_0 .var/i "FD", 31 0;
v0x58762bbf8a10_0 .var "IN", 7 0;
v0x58762bbf8b70_0 .var "J", 7 0;
v0x58762bbf8c50_0 .net "OUT", 2 0, v0x58762bbf7780_0;  1 drivers
v0x58762bbf8d10_0 .var "OUT_EXPECTED", 2 0;
v0x58762bbf8dd0_0 .net "OUT_fast", 2 0, v0x58762bbf7c50_0;  1 drivers
v0x58762bbf8e90_0 .var "TICK", 0 0;
v0x58762bbf8f30_0 .var "VECTORCOUNT", 31 0;
v0x58762bbf9010_0 .var "eof", 0 0;
v0x58762bbf90d0_0 .var/2s "i", 31 0;
v0x58762bbf91b0 .array "input_coverage", 7 0, 31 0;
E_0x58762bbc7e60 .event anyedge, v0x58762bbf9010_0;
E_0x58762bbc7900 .event posedge, v0x58762bbf8e90_0;
E_0x58762bbc71d0 .event negedge, v0x58762bbf8e90_0;
S_0x58762bb77490 .scope task, "OUT_EXP" "OUT_EXP" 3 108, 3 108 0, S_0x58762bbcba00;
 .timescale -9 -11;
TD_tb_encoder.OUT_EXP ;
    %fork t_1, S_0x58762bb77670;
    %jmp t_0;
    .scope S_0x58762bb77670;
t_1 ;
    %pushi/vec4 0, 0, 1;
    %store/vec4 v0x58762bbf5c10_0, 0, 1;
    %fork t_3, S_0x58762bbc69e0;
    %jmp t_2;
    .scope S_0x58762bbc69e0;
t_3 ;
    %pushi/vec4 0, 0, 32;
    %store/vec4 v0x58762bbc6bc0_0, 0, 32;
T_0.0 ;
    %load/vec4 v0x58762bbc6bc0_0;
    %cmpi/s 8, 0, 32;
    %jmp/0xz T_0.1, 5;
    %load/vec4 v0x58762bbf5c10_0;
    %nor/r;
    %flag_set/vec4 9;
    %flag_get/vec4 9;
    %jmp/0 T_0.4, 9;
    %load/vec4 v0x58762bbf8a10_0;
    %load/vec4 v0x58762bbc6bc0_0;
    %part/s 1;
    %and;
T_0.4;
    %flag_set/vec4 8;
    %jmp/0xz  T_0.2, 8;
    %load/vec4 v0x58762bbc6bc0_0;
    %parti/s 3, 0, 2;
    %store/vec4 v0x58762bbf8d10_0, 0, 3;
    %pushi/vec4 1, 0, 1;
    %store/vec4 v0x58762bbf5c10_0, 0, 1;
T_0.2 ;
    ; show_stmt_assign_vector: Get l-value for compressed += operand
    %load/vec4 v0x58762bbc6bc0_0;
    %pushi/vec4 1, 0, 32;
    %add;
    %cast2;
    %store/vec4 v0x58762bbc6bc0_0, 0, 32;
    %jmp T_0.0;
T_0.1 ;
    %end;
    .scope S_0x58762bb77670;
t_2 %join;
    %load/vec4 v0x58762bbf8a10_0;
    %cmpi/e 0, 0, 8;
    %jmp/0xz  T_0.5, 4;
    %pushi/vec4 7, 7, 3;
    %store/vec4 v0x58762bbf8d10_0, 0, 3;
T_0.5 ;
    %end;
    .scope S_0x58762bb77490;
t_0 %join;
    %end;
S_0x58762bb77670 .scope begin, "$unm_blk_7" "$unm_blk_7" 3 108, 3 108 0, S_0x58762bb77490;
 .timescale -9 -11;
v0x58762bbf5c10_0 .var "found", 0 0;
S_0x58762bbc69e0 .scope begin, "$ivl_for_loop0" "$ivl_for_loop0" 3 113, 3 113 0, S_0x58762bb77670;
 .timescale -9 -11;
v0x58762bbc6bc0_0 .var/2s "j", 31 0;
S_0x58762bbf5cf0 .scope task, "close" "close" 3 131, 3 131 0, S_0x58762bbcba00;
 .timescale -9 -11;
TD_tb_encoder.close ;
    %delay 1000, 0;
    %vpi_call/w 3 135 "$fclose", v0x58762bbf8930_0 {0 0 0};
    %vpi_call/w 3 137 "$display" {0 0 0};
    %vpi_call/w 3 138 "$display", "COVERAGE_REPORT" {0 0 0};
    %fork t_5, S_0x58762bbf5ef0;
    %jmp t_4;
    .scope S_0x58762bbf5ef0;
t_5 ;
    %pushi/vec4 0, 0, 32;
    %store/vec4 v0x58762bbf63d0_0, 0, 32;
T_1.7 ;
    %load/vec4 v0x58762bbf63d0_0;
    %cmpi/s 8, 0, 32;
    %jmp/0xz T_1.8, 5;
    %pushi/vec4 0, 0, 8;
    %store/vec4 v0x58762bbf8b70_0, 0, 8;
    %pushi/vec4 1, 0, 1;
    %ix/getv/s 4, v0x58762bbf63d0_0;
    %store/vec4 v0x58762bbf8b70_0, 4, 1;
    %fork t_7, S_0x58762bbf60d0;
    %jmp t_6;
    .scope S_0x58762bbf60d0;
t_7 ;
    %pushi/vec4 1, 0, 32;
    %load/vec4 v0x58762bbf63d0_0;
    %add;
    %cast2;
    %store/vec4 v0x58762bbf62d0_0, 0, 32;
T_1.9 ;
    %load/vec4 v0x58762bbf62d0_0;
    %cmpi/s 8, 0, 32;
    %jmp/0xz T_1.10, 5;
    %pushi/vec4 1, 1, 1;
    %ix/getv/s 4, v0x58762bbf62d0_0;
    %store/vec4 v0x58762bbf8b70_0, 4, 1;
    ; show_stmt_assign_vector: Get l-value for compressed += operand
    %load/vec4 v0x58762bbf62d0_0;
    %pushi/vec4 1, 0, 32;
    %add;
    %cast2;
    %store/vec4 v0x58762bbf62d0_0, 0, 32;
    %jmp T_1.9;
T_1.10 ;
    %end;
    .scope S_0x58762bbf5ef0;
t_6 %join;
    %ix/getv/s 4, v0x58762bbf63d0_0;
    %load/vec4a v0x58762bbf91b0, 4;
    %cmpi/e 0, 0, 32;
    %jmp/0xz  T_1.11, 4;
    %vpi_call/w 3 150 "$display", "input IN = %b has occured %d times ***ERROR***", v0x58762bbf8b70_0, &A<v0x58762bbf91b0, v0x58762bbf63d0_0 > {0 0 0};
    %load/vec4 v0x58762bbf8840_0;
    %addi 1, 0, 32;
    %store/vec4 v0x58762bbf8840_0, 0, 32;
    %jmp T_1.12;
T_1.11 ;
    %vpi_call/w 3 155 "$display", "input IN = %b has occured %d times", v0x58762bbf8b70_0, &A<v0x58762bbf91b0, v0x58762bbf63d0_0 > {0 0 0};
T_1.12 ;
    ; show_stmt_assign_vector: Get l-value for compressed += operand
    %load/vec4 v0x58762bbf63d0_0;
    %pushi/vec4 1, 0, 32;
    %add;
    %cast2;
    %store/vec4 v0x58762bbf63d0_0, 0, 32;
    %jmp T_1.7;
T_1.8 ;
    %end;
    .scope S_0x58762bbf5cf0;
t_4 %join;
    %vpi_call/w 3 161 "$display" {0 0 0};
    %vpi_call/w 3 162 "$display", "VECTORCOUNT = %d", v0x58762bbf8f30_0 {0 0 0};
    %vpi_call/w 3 163 "$display", "ERRORS = %15d", v0x58762bbf8840_0 {0 0 0};
    %vpi_call/w 3 164 "$display" {0 0 0};
    %vpi_call/w 3 165 "$display", "TEST_END--------------------------------------------------------------------------------------------------------------------------" {0 0 0};
    %vpi_call/w 3 166 "$display" {0 0 0};
    %vpi_call/w 3 168 "$finish" {0 0 0};
    %end;
S_0x58762bbf5ef0 .scope begin, "$ivl_for_loop1" "$ivl_for_loop1" 3 140, 3 140 0, S_0x58762bbf5cf0;
 .timescale -9 -11;
v0x58762bbf63d0_0 .var/2s "j", 31 0;
S_0x58762bbf60d0 .scope begin, "$ivl_for_loop2" "$ivl_for_loop2" 3 145, 3 145 0, S_0x58762bbf5ef0;
 .timescale -9 -11;
v0x58762bbf62d0_0 .var/2s "k", 31 0;
S_0x58762bbf64d0 .scope task, "coverage_update" "coverage_update" 3 195, 3 195 0, S_0x58762bbcba00;
 .timescale -9 -11;
TD_tb_encoder.coverage_update ;
    %fork t_9, S_0x58762bbf66e0;
    %jmp t_8;
    .scope S_0x58762bbf66e0;
t_9 ;
    %pushi/vec4 0, 0, 1;
    %store/vec4 v0x58762bbf6bc0_0, 0, 1;
    %fork t_11, S_0x58762bbf68c0;
    %jmp t_10;
    .scope S_0x58762bbf68c0;
t_11 ;
    %pushi/vec4 0, 0, 32;
    %store/vec4 v0x58762bbf6ac0_0, 0, 32;
T_2.13 ;
    %load/vec4 v0x58762bbf6ac0_0;
    %cmpi/s 8, 0, 32;
    %jmp/0xz T_2.14, 5;
    %load/vec4 v0x58762bbf6bc0_0;
    %nor/r;
    %flag_set/vec4 9;
    %flag_get/vec4 9;
    %jmp/0 T_2.17, 9;
    %load/vec4 v0x58762bbf8a10_0;
    %load/vec4 v0x58762bbf6ac0_0;
    %part/s 1;
    %and;
T_2.17;
    %flag_set/vec4 8;
    %jmp/0xz  T_2.15, 8;
    %ix/getv/s 4, v0x58762bbf6ac0_0;
    %load/vec4a v0x58762bbf91b0, 4;
    %addi 1, 0, 32;
    %ix/getv/s 4, v0x58762bbf6ac0_0;
    %store/vec4a v0x58762bbf91b0, 4, 0;
    %pushi/vec4 1, 0, 1;
    %store/vec4 v0x58762bbf6bc0_0, 0, 1;
T_2.15 ;
    ; show_stmt_assign_vector: Get l-value for compressed += operand
    %load/vec4 v0x58762bbf6ac0_0;
    %pushi/vec4 1, 0, 32;
    %add;
    %cast2;
    %store/vec4 v0x58762bbf6ac0_0, 0, 32;
    %jmp T_2.13;
T_2.14 ;
    %end;
    .scope S_0x58762bbf66e0;
t_10 %join;
    %end;
    .scope S_0x58762bbf64d0;
t_8 %join;
    %end;
S_0x58762bbf66e0 .scope begin, "$unm_blk_18" "$unm_blk_18" 3 195, 3 195 0, S_0x58762bbf64d0;
 .timescale -9 -11;
v0x58762bbf6bc0_0 .var "found", 0 0;
S_0x58762bbf68c0 .scope begin, "$ivl_for_loop3" "$ivl_for_loop3" 3 200, 3 200 0, S_0x58762bbf66e0;
 .timescale -9 -11;
v0x58762bbf6ac0_0 .var/2s "j", 31 0;
S_0x58762bbf6ca0 .scope task, "display_file" "display_file" 3 186, 3 186 0, S_0x58762bbcba00;
 .timescale -9 -11;
TD_tb_encoder.display_file ;
    %vpi_call/w 3 188 "$display", "%10d %9s | %4d | %8b | %3b | %5b    | %7b      |", v0x58762bbf8f30_0, v0x58762bbf8680_0, $time, v0x58762bbf8a10_0, v0x58762bbf8c50_0, v0x58762bbf8dd0_0, v0x58762bbf8d10_0 {0 0 0};
    %end;
S_0x58762bbf6e80 .scope module, "dut_encoder" "encoder" 3 24, 4 2 0, S_0x58762bbcba00;
 .timescale -9 -11;
    .port_info 0 /INPUT 8 "in";
    .port_info 1 /OUTPUT 3 "out";
v0x58762bbf7420_0 .var "J", 7 0;
v0x58762bbf7520_0 .var "found", 0 0;
v0x58762bbf75e0_0 .var/i "i", 31 0;
v0x58762bbf76a0_0 .net "in", 7 0, v0x58762bbf8a10_0;  1 drivers
v0x58762bbf7780_0 .var "out", 2 0;
E_0x58762bb9b780 .event anyedge, v0x58762bbf7520_0, v0x58762bbf76a0_0, v0x58762bbf7420_0, v0x58762bbf7780_0;
S_0x58762bbf7120 .scope begin, "$ivl_for_loop4" "$ivl_for_loop4" 4 19, 4 19 0, S_0x58762bbf6e80;
 .timescale -9 -11;
v0x58762bbf7320_0 .var/2s "k", 31 0;
S_0x58762bbf7910 .scope module, "dut_encoder_fast" "encoder_fast" 3 25, 4 44 0, S_0x58762bbcba00;
 .timescale -9 -11;
    .port_info 0 /INPUT 8 "in";
    .port_info 1 /OUTPUT 3 "out";
v0x58762bbf7b70_0 .net "in", 7 0, v0x58762bbf8a10_0;  alias, 1 drivers
v0x58762bbf7c50_0 .var "out", 2 0;
E_0x58762bbf7af0 .event anyedge, v0x58762bbf76a0_0;
S_0x58762bbf7d70 .scope task, "errors_warnings_check" "errors_warnings_check" 3 216, 3 216 0, S_0x58762bbcba00;
 .timescale -9 -11;
TD_tb_encoder.errors_warnings_check ;
    %load/vec4 v0x58762bbf8c50_0;
    %load/vec4 v0x58762bbf8d10_0;
    %cmp/ne;
    %jmp/0xz  T_4.18, 6;
    %vpi_call/w 3 221 "$display", "***ERROR: OUT = %b, OUT_expected = %b", v0x58762bbf8c50_0, v0x58762bbf8d10_0 {0 0 0};
    %load/vec4 v0x58762bbf8840_0;
    %addi 1, 0, 32;
    %store/vec4 v0x58762bbf8840_0, 0, 32;
T_4.18 ;
    %end;
S_0x58762bbf7f50 .scope task, "initialize" "initialize" 3 54, 3 54 0, S_0x58762bbcba00;
 .timescale -9 -11;
TD_tb_encoder.initialize ;
    %vpi_func 3 56 "$fopen" 32, "tb_encoder.tv", "r" {0 0 0};
    %store/vec4 v0x58762bbf8930_0, 0, 32;
    %vpi_func 3 57 "$fscanf" 32, v0x58762bbf8930_0, "%s", v0x58762bbf8680_0 {0 0 0};
    %store/vec4 v0x58762bbf8760_0, 0, 32;
    %vpi_func 3 59 "$fscanf" 32, v0x58762bbf8930_0, "%s %b %b", v0x58762bbf8680_0, v0x58762bbf8a10_0, v0x58762bbf8d10_0 {0 0 0};
    %store/vec4 v0x58762bbf8760_0, 0, 32;
    %pushi/vec4 0, 0, 1;
    %store/vec4 v0x58762bbf8e90_0, 0, 1;
    %pushi/vec4 0, 0, 32;
    %store/vec4 v0x58762bbf8f30_0, 0, 32;
    %pushi/vec4 0, 0, 32;
    %store/vec4 v0x58762bbf8840_0, 0, 32;
    %pushi/vec4 0, 0, 32;
    %store/vec4 v0x58762bbf90d0_0, 0, 32;
T_5.20 ;
    %load/vec4 v0x58762bbf90d0_0;
    %cmpi/s 8, 0, 32;
    %jmp/0xz T_5.21, 5;
    %pushi/vec4 0, 0, 32;
    %ix/getv/s 4, v0x58762bbf90d0_0;
    %store/vec4a v0x58762bbf91b0, 4, 0;
    ; show_stmt_assign_vector: Get l-value for compressed += operand
    %load/vec4 v0x58762bbf90d0_0;
    %pushi/vec4 1, 0, 32;
    %add;
    %cast2;
    %store/vec4 v0x58762bbf90d0_0, 0, 32;
    %jmp T_5.20;
T_5.21 ;
    %pushi/vec4 0, 0, 1;
    %store/vec4 v0x58762bbf9010_0, 0, 1;
    %vpi_call/w 3 71 "$display" {0 0 0};
    %vpi_call/w 3 72 "$display", "TEST_START-------------------------------------------------------------------------------------------------------------------------------------" {0 0 0};
    %vpi_call/w 3 73 "$display" {0 0 0};
    %vpi_call/w 3 74 "$display", "                     | TIME |    IN    | OUT | OUT_fast | OUT_EXPECTED |" {0 0 0};
    %vpi_call/w 3 75 "$display", "-----------------------------------------------------------------------------------------------------------------------------------------------" {0 0 0};
    %end;
S_0x58762bbf8130 .scope task, "random_in" "random_in" 3 95, 3 95 0, S_0x58762bbcba00;
 .timescale -9 -11;
TD_tb_encoder.random_in ;
    %vpi_func 3 98 "$urandom" 32 {0 0 0};
    %pushi/vec4 128, 0, 32;
    %mod;
    %pad/u 8;
    %store/vec4 v0x58762bbf8a10_0, 0, 8;
    %pushi/vec4 0, 0, 32; draw_string_vec4
    %pushi/vec4 0, 0, 32; draw_string_vec4
    %concat/vec4; draw_string_vec4
    %pushi/vec4 0, 0, 32; draw_string_vec4
    %concat/vec4; draw_string_vec4
    %pushi/vec4 0, 0, 32; draw_string_vec4
    %concat/vec4; draw_string_vec4
    %pushi/vec4 0, 0, 32; draw_string_vec4
    %concat/vec4; draw_string_vec4
    %pushi/vec4 0, 0, 32; draw_string_vec4
    %concat/vec4; draw_string_vec4
    %pushi/vec4 0, 0, 32; draw_string_vec4
    %concat/vec4; draw_string_vec4
    %pushi/vec4 45, 0, 24; draw_string_vec4
    %concat/vec4; draw_string_vec4
    %store/vec4 v0x58762bbf8680_0, 0, 248;
    %pushi/real 1717986918, 4062; load=0.100000
    %pushi/real 1677722, 4040; load=0.100000
    %add/wr;
    %vpi_func 3 101 "$urandom_range" 32, W<0,r>, 32'sb00000000000000000000000000001010 {0 1 0};
    %pad/u 64;
    %muli 100, 0, 64;
    %ix/vec4 4;
    %delayx 4;
    %end;
S_0x58762bbf8310 .scope task, "scan_file" "scan_file" 3 85, 3 85 0, S_0x58762bbcba00;
 .timescale -9 -11;
TD_tb_encoder.scan_file ;
    %vpi_func 3 87 "$fscanf" 32, v0x58762bbf8930_0, "%s %b %b", v0x58762bbf8680_0, v0x58762bbf8a10_0, v0x58762bbf8d10_0 {0 0 0};
    %store/vec4 v0x58762bbf8760_0, 0, 32;
    %load/vec4 v0x58762bbf8760_0;
    %pushi/vec4 4294967295, 0, 32;
    %cmp/e;
    %flag_get/vec4 4;
    %store/vec4 v0x58762bbf9010_0, 0, 1;
    %end;
S_0x58762bbf84a0 .scope task, "vectorcount" "vectorcount" 3 176, 3 176 0, S_0x58762bbcba00;
 .timescale -9 -11;
TD_tb_encoder.vectorcount ;
    %load/vec4 v0x58762bbf8f30_0;
    %addi 1, 0, 32;
    %store/vec4 v0x58762bbf8f30_0, 0, 32;
    %end;
    .scope S_0x58762bbf6e80;
T_9 ;
    %wait E_0x58762bb9b780;
    %pushi/vec4 0, 0, 1;
    %store/vec4 v0x58762bbf7520_0, 0, 1;
    %pushi/vec4 0, 0, 32;
    %store/vec4 v0x58762bbf75e0_0, 0, 32;
T_9.0 ;
    %load/vec4 v0x58762bbf75e0_0;
    %cmpi/s 8, 0, 32;
    %jmp/0xz T_9.1, 5;
    %pushi/vec4 0, 0, 8;
    %store/vec4 v0x58762bbf7420_0, 0, 8;
    %pushi/vec4 1, 0, 1;
    %ix/getv/s 4, v0x58762bbf75e0_0;
    %store/vec4 v0x58762bbf7420_0, 4, 1;
    %fork t_13, S_0x58762bbf7120;
    %jmp t_12;
    .scope S_0x58762bbf7120;
t_13 ;
    %pushi/vec4 1, 0, 32;
    %load/vec4 v0x58762bbf75e0_0;
    %add;
    %cast2;
    %store/vec4 v0x58762bbf7320_0, 0, 32;
T_9.2 ;
    %load/vec4 v0x58762bbf7320_0;
    %cmpi/s 8, 0, 32;
    %jmp/0xz T_9.3, 5;
    %pushi/vec4 1, 1, 1;
    %ix/getv/s 4, v0x58762bbf7320_0;
    %store/vec4 v0x58762bbf7420_0, 4, 1;
    ; show_stmt_assign_vector: Get l-value for compressed += operand
    %load/vec4 v0x58762bbf7320_0;
    %pushi/vec4 1, 0, 32;
    %add;
    %cast2;
    %store/vec4 v0x58762bbf7320_0, 0, 32;
    %jmp T_9.2;
T_9.3 ;
    %end;
    .scope S_0x58762bbf6e80;
t_12 %join;
    %load/vec4 v0x58762bbf7520_0;
    %nor/r;
    %flag_set/vec4 9;
    %flag_get/vec4 9;
    %jmp/0 T_9.6, 9;
    %load/vec4 v0x58762bbf76a0_0;
    %load/vec4 v0x58762bbf75e0_0;
    %part/s 1;
    %load/vec4 v0x58762bbf7420_0;
    %load/vec4 v0x58762bbf75e0_0;
    %part/s 1;
    %cmp/e;
    %flag_get/vec4 4;
    %and;
T_9.6;
    %flag_set/vec4 8;
    %jmp/0xz  T_9.4, 8;
    %load/vec4 v0x58762bbf75e0_0;
    %parti/s 3, 0, 2;
    %store/vec4 v0x58762bbf7780_0, 0, 3;
    %pushi/vec4 1, 0, 1;
    %store/vec4 v0x58762bbf7520_0, 0, 1;
    %jmp T_9.5;
T_9.4 ;
    %load/vec4 v0x58762bbf76a0_0;
    %cmpi/e 0, 0, 8;
    %jmp/0xz  T_9.7, 4;
    %pushi/vec4 7, 7, 3;
    %store/vec4 v0x58762bbf7780_0, 0, 3;
    %jmp T_9.8;
T_9.7 ;
    %load/vec4 v0x58762bbf7780_0;
    %store/vec4 v0x58762bbf7780_0, 0, 3;
T_9.8 ;
T_9.5 ;
    ; show_stmt_assign_vector: Get l-value for compressed += operand
    %load/vec4 v0x58762bbf75e0_0;
    %pushi/vec4 1, 0, 32;
    %add;
    %store/vec4 v0x58762bbf75e0_0, 0, 32;
    %jmp T_9.0;
T_9.1 ;
    %jmp T_9;
    .thread T_9, $push;
    .scope S_0x58762bbf7910;
T_10 ;
    %wait E_0x58762bbf7af0;
    %load/vec4 v0x58762bbf7b70_0;
    %dup/vec4;
    %pushi/vec4 1, 254, 8;
    %cmp/z;
    %jmp/1 T_10.0, 4;
    %dup/vec4;
    %pushi/vec4 2, 252, 8;
    %cmp/z;
    %jmp/1 T_10.1, 4;
    %dup/vec4;
    %pushi/vec4 4, 248, 8;
    %cmp/z;
    %jmp/1 T_10.2, 4;
    %dup/vec4;
    %pushi/vec4 8, 240, 8;
    %cmp/z;
    %jmp/1 T_10.3, 4;
    %dup/vec4;
    %pushi/vec4 16, 224, 8;
    %cmp/z;
    %jmp/1 T_10.4, 4;
    %dup/vec4;
    %pushi/vec4 32, 192, 8;
    %cmp/z;
    %jmp/1 T_10.5, 4;
    %dup/vec4;
    %pushi/vec4 64, 128, 8;
    %cmp/z;
    %jmp/1 T_10.6, 4;
    %dup/vec4;
    %pushi/vec4 128, 0, 8;
    %cmp/z;
    %jmp/1 T_10.7, 4;
    %pushi/vec4 7, 7, 3;
    %store/vec4 v0x58762bbf7c50_0, 0, 3;
    %jmp T_10.9;
T_10.0 ;
    %pushi/vec4 0, 0, 3;
    %store/vec4 v0x58762bbf7c50_0, 0, 3;
    %jmp T_10.9;
T_10.1 ;
    %pushi/vec4 1, 0, 3;
    %store/vec4 v0x58762bbf7c50_0, 0, 3;
    %jmp T_10.9;
T_10.2 ;
    %pushi/vec4 2, 0, 3;
    %store/vec4 v0x58762bbf7c50_0, 0, 3;
    %jmp T_10.9;
T_10.3 ;
    %pushi/vec4 3, 0, 3;
    %store/vec4 v0x58762bbf7c50_0, 0, 3;
    %jmp T_10.9;
T_10.4 ;
    %pushi/vec4 4, 0, 3;
    %store/vec4 v0x58762bbf7c50_0, 0, 3;
    %jmp T_10.9;
T_10.5 ;
    %pushi/vec4 5, 0, 3;
    %store/vec4 v0x58762bbf7c50_0, 0, 3;
    %jmp T_10.9;
T_10.6 ;
    %pushi/vec4 6, 0, 3;
    %store/vec4 v0x58762bbf7c50_0, 0, 3;
    %jmp T_10.9;
T_10.7 ;
    %pushi/vec4 7, 0, 3;
    %store/vec4 v0x58762bbf7c50_0, 0, 3;
    %jmp T_10.9;
T_10.9 ;
    %pop/vec4 1;
    %jmp T_10;
    .thread T_10, $push;
    .scope S_0x58762bbcba00;
T_11 ;
    %vpi_call/w 3 33 "$dumpfile", "tb_encoder.vcd" {0 0 0};
    %vpi_call/w 3 34 "$dumpvars", 32'sb00000000000000000000000000000000, S_0x58762bbcba00 {0 0 0};
    %end;
    .thread T_11;
    .scope S_0x58762bbcba00;
T_12 ;
    %delay 1000, 0;
    %load/vec4 v0x58762bbf8e90_0;
    %inv;
    %store/vec4 v0x58762bbf8e90_0, 0, 1;
    %jmp T_12;
    .thread T_12;
    .scope S_0x58762bbcba00;
T_13 ;
    %fork TD_tb_encoder.initialize, S_0x58762bbf7f50;
    %join;
    %end;
    .thread T_13;
    .scope S_0x58762bbcba00;
T_14 ;
    %wait E_0x58762bbc71d0;
    %delay 120, 0;
    %load/vec4 v0x58762bbf9010_0;
    %nor/r;
    %flag_set/vec4 8;
    %jmp/0xz  T_14.0, 8;
    %fork TD_tb_encoder.scan_file, S_0x58762bbf8310;
    %join;
T_14.0 ;
    %jmp T_14;
    .thread T_14;
    .scope S_0x58762bbcba00;
T_15 ;
    %wait E_0x58762bbc7900;
    %fork TD_tb_encoder.coverage_update, S_0x58762bbf64d0;
    %join;
    %delay 10, 0;
    %fork TD_tb_encoder.OUT_EXP, S_0x58762bb77490;
    %join;
    %fork TD_tb_encoder.display_file, S_0x58762bbf6ca0;
    %join;
    %fork TD_tb_encoder.errors_warnings_check, S_0x58762bbf7d70;
    %join;
    %fork TD_tb_encoder.vectorcount, S_0x58762bbf84a0;
    %join;
    %jmp T_15;
    .thread T_15;
    .scope S_0x58762bbcba00;
T_16 ;
T_16.0 ;
    %load/vec4 v0x58762bbf9010_0;
    %cmpi/ne 1, 0, 1;
    %jmp/0xz T_16.1, 6;
    %wait E_0x58762bbc7e60;
    %jmp T_16.0;
T_16.1 ;
    %vpi_call/w 3 280 "$display" {0 0 0};
    %vpi_call/w 3 281 "$display", "%13s ***time = %0d,eof ***", "\000", $time {0 0 0};
    %vpi_call/w 3 282 "$display" {0 0 0};
    %pushi/vec4 0, 0, 32;
    %store/vec4 v0x58762bbf90d0_0, 0, 32;
T_16.2 ;
    %load/vec4 v0x58762bbf90d0_0;
    %cmpi/s 50, 0, 32;
    %jmp/0xz T_16.3, 5;
    %load/vec4 v0x58762bbf8a10_0;
    %pad/u 9;
    %cmpi/e 256, 0, 9;
    %jmp/0xz  T_16.4, 4;
    %fork TD_tb_encoder.vectorcount, S_0x58762bbf84a0;
    %join;
    %fork TD_tb_encoder.close, S_0x58762bbf5cf0;
    %join;
    %jmp T_16.5;
T_16.4 ;
    %fork TD_tb_encoder.random_in, S_0x58762bbf8130;
    %join;
T_16.5 ;
    ; show_stmt_assign_vector: Get l-value for compressed += operand
    %load/vec4 v0x58762bbf90d0_0;
    %pushi/vec4 1, 0, 32;
    %add;
    %cast2;
    %store/vec4 v0x58762bbf90d0_0, 0, 32;
    %jmp T_16.2;
T_16.3 ;
    %fork TD_tb_encoder.close, S_0x58762bbf5cf0;
    %join;
    %end;
    .thread T_16;
# The file index is used to find the file name in the following table.
:file_names 5;
    "N/A";
    "<interactive>";
    "-";
    "tb_encoder.v";
    "encoder.v";
