#! /usr/bin/vvp
:ivl_version "12.0 (stable)";
:ivl_delay_selection "TYPICAL";
:vpi_time_precision - 11;
:vpi_module "/usr/lib/x86_64-linux-gnu/ivl/system.vpi";
:vpi_module "/usr/lib/x86_64-linux-gnu/ivl/vhdl_sys.vpi";
:vpi_module "/usr/lib/x86_64-linux-gnu/ivl/vhdl_textio.vpi";
:vpi_module "/usr/lib/x86_64-linux-gnu/ivl/v2005_math.vpi";
:vpi_module "/usr/lib/x86_64-linux-gnu/ivl/va_math.vpi";
:vpi_module "/usr/lib/x86_64-linux-gnu/ivl/v2009.vpi";
S_0x61c825ec7c80 .scope package, "$unit" "$unit" 2 1;
 .timescale 0 0;
S_0x61c825ec7e10 .scope module, "tb_decoder" "tb_decoder" 3 3;
 .timescale -9 -11;
P_0x61c825ec7fa0 .param/l "TICKPERIOD" 1 3 39, +C4<00000000000000000000000000010100>;
v0x61c825ef0ef0_0 .var "COMMENT", 247 0;
v0x61c825ef0fd0_0 .var/i "COUNT", 31 0;
v0x61c825ef10b0_0 .var "ERRORS", 31 0;
v0x61c825ef11a0_0 .var/i "FD", 31 0;
v0x61c825ef1280_0 .var "IN", 2 0;
v0x61c825ef13e0_0 .var "J", 7 0;
v0x61c825ef14c0_0 .net "OUT", 7 0, v0x61c825eefff0_0;  1 drivers
v0x61c825ef1580_0 .var "OUT_EXPECTED", 7 0;
v0x61c825ef1640_0 .net "OUT_fast", 7 0, v0x61c825ef04c0_0;  1 drivers
v0x61c825ef1700_0 .var "TICK", 0 0;
v0x61c825ef17a0_0 .var "VECTORCOUNT", 31 0;
v0x61c825ef1880_0 .var "eof", 0 0;
v0x61c825ef1940_0 .var/2s "i", 31 0;
v0x61c825ef1a20 .array "input_coverage", 7 0, 31 0;
E_0x61c825ec5ab0 .event anyedge, v0x61c825ef1880_0;
E_0x61c825ec5550 .event posedge, v0x61c825ef1700_0;
E_0x61c825ec4e20 .event negedge, v0x61c825ef1700_0;
S_0x61c825e77490 .scope task, "OUT_EXP" "OUT_EXP" 3 107, 3 107 0, S_0x61c825ec7e10;
 .timescale -9 -11;
TD_tb_decoder.OUT_EXP ;
    %fork t_1, S_0x61c825e77670;
    %jmp t_0;
    .scope S_0x61c825e77670;
t_1 ;
    %pushi/vec4 0, 0, 1;
    %store/vec4 v0x61c825eef060_0, 0, 1;
    %fork t_3, S_0x61c825ec4630;
    %jmp t_2;
    .scope S_0x61c825ec4630;
t_3 ;
    %pushi/vec4 0, 0, 32;
    %store/vec4 v0x61c825ec4810_0, 0, 32;
T_0.0 ;
    %load/vec4 v0x61c825ec4810_0;
    %cmpi/s 8, 0, 32;
    %jmp/0xz T_0.1, 5;
    %pushi/vec4 0, 0, 8;
    %store/vec4 v0x61c825ef13e0_0, 0, 8;
    %pushi/vec4 1, 0, 1;
    %ix/getv/s 4, v0x61c825ec4810_0;
    %store/vec4 v0x61c825ef13e0_0, 4, 1;
    %load/vec4 v0x61c825eef060_0;
    %nor/r;
    %flag_set/vec4 9;
    %flag_get/vec4 9;
    %jmp/0 T_0.4, 9;
    %load/vec4 v0x61c825ef1280_0;
    %load/vec4 v0x61c825ec4810_0;
    %parti/s 3, 0, 2;
    %cmp/e;
    %flag_get/vec4 4;
    %and;
T_0.4;
    %flag_set/vec4 8;
    %jmp/0xz  T_0.2, 8;
    %load/vec4 v0x61c825ef13e0_0;
    %store/vec4 v0x61c825ef1580_0, 0, 8;
    %pushi/vec4 1, 0, 1;
    %store/vec4 v0x61c825eef060_0, 0, 1;
T_0.2 ;
    ; show_stmt_assign_vector: Get l-value for compressed += operand
    %load/vec4 v0x61c825ec4810_0;
    %pushi/vec4 1, 0, 32;
    %add;
    %cast2;
    %store/vec4 v0x61c825ec4810_0, 0, 32;
    %jmp T_0.0;
T_0.1 ;
    %end;
    .scope S_0x61c825e77670;
t_2 %join;
    %end;
    .scope S_0x61c825e77490;
t_0 %join;
    %end;
S_0x61c825e77670 .scope begin, "$unm_blk_7" "$unm_blk_7" 3 107, 3 107 0, S_0x61c825e77490;
 .timescale -9 -11;
v0x61c825eef060_0 .var "found", 0 0;
S_0x61c825ec4630 .scope begin, "$ivl_for_loop0" "$ivl_for_loop0" 3 113, 3 113 0, S_0x61c825e77670;
 .timescale -9 -11;
v0x61c825ec4810_0 .var/2s "j", 31 0;
S_0x61c825eef140 .scope task, "close" "close" 3 132, 3 132 0, S_0x61c825ec7e10;
 .timescale -9 -11;
TD_tb_decoder.close ;
    %delay 1000, 0;
    %vpi_call/w 3 136 "$fclose", v0x61c825ef11a0_0 {0 0 0};
    %vpi_call/w 3 138 "$display" {0 0 0};
    %vpi_call/w 3 139 "$display", "COVERAGE_REPORT" {0 0 0};
    %fork t_5, S_0x61c825eef340;
    %jmp t_4;
    .scope S_0x61c825eef340;
t_5 ;
    %pushi/vec4 0, 0, 32;
    %store/vec4 v0x61c825eef520_0, 0, 32;
T_1.5 ;
    %load/vec4 v0x61c825eef520_0;
    %cmpi/s 8, 0, 32;
    %jmp/0xz T_1.6, 5;
    %ix/getv/s 4, v0x61c825eef520_0;
    %load/vec4a v0x61c825ef1a20, 4;
    %cmpi/e 0, 0, 32;
    %jmp/0xz  T_1.7, 4;
    %vpi_call/w 3 145 "$display", "input IN = %b has occured %d times ***ERROR***", &PV<v0x61c825eef520_0, 0, 3>, &A<v0x61c825ef1a20, v0x61c825eef520_0 > {0 0 0};
    %load/vec4 v0x61c825ef10b0_0;
    %addi 1, 0, 32;
    %store/vec4 v0x61c825ef10b0_0, 0, 32;
    %jmp T_1.8;
T_1.7 ;
    %vpi_call/w 3 150 "$display", "input IN = %b has occured %d times", &PV<v0x61c825eef520_0, 0, 3>, &A<v0x61c825ef1a20, v0x61c825eef520_0 > {0 0 0};
T_1.8 ;
    ; show_stmt_assign_vector: Get l-value for compressed += operand
    %load/vec4 v0x61c825eef520_0;
    %pushi/vec4 1, 0, 32;
    %add;
    %cast2;
    %store/vec4 v0x61c825eef520_0, 0, 32;
    %jmp T_1.5;
T_1.6 ;
    %end;
    .scope S_0x61c825eef140;
t_4 %join;
    %vpi_call/w 3 156 "$display" {0 0 0};
    %vpi_call/w 3 157 "$display", "VECTORCOUNT = %d", v0x61c825ef17a0_0 {0 0 0};
    %vpi_call/w 3 158 "$display", "ERRORS = %15d", v0x61c825ef10b0_0 {0 0 0};
    %vpi_call/w 3 159 "$display" {0 0 0};
    %vpi_call/w 3 160 "$display", "TEST_END--------------------------------------------------------------------------------------------------------------------------" {0 0 0};
    %vpi_call/w 3 161 "$display" {0 0 0};
    %vpi_call/w 3 163 "$finish" {0 0 0};
    %end;
S_0x61c825eef340 .scope begin, "$ivl_for_loop1" "$ivl_for_loop1" 3 141, 3 141 0, S_0x61c825eef140;
 .timescale -9 -11;
v0x61c825eef520_0 .var/2s "j", 31 0;
S_0x61c825eef620 .scope task, "coverage_update" "coverage_update" 3 190, 3 190 0, S_0x61c825ec7e10;
 .timescale -9 -11;
TD_tb_decoder.coverage_update ;
    ; show_stmt_assign_vector: Get l-value for compressed += operand
    %load/vec4 v0x61c825ef1280_0;
    %pad/u 5;
    %ix/vec4 4;
    %flag_mov 8, 4;
    %load/vec4a v0x61c825ef1a20, 4;
    %pushi/vec4 1, 0, 32;
    %add;
    %flag_mov 4, 8;
    %store/vec4a v0x61c825ef1a20, 4, 0;
    %end;
S_0x61c825eef830 .scope task, "display_file" "display_file" 3 181, 3 181 0, S_0x61c825ec7e10;
 .timescale -9 -11;
TD_tb_decoder.display_file ;
    %vpi_call/w 3 183 "$display", "%10d %9s | %3d | %2b  | %8b | %8b | %10b   |", v0x61c825ef17a0_0, v0x61c825ef0ef0_0, $time, v0x61c825ef1280_0, v0x61c825ef14c0_0, v0x61c825ef1640_0, v0x61c825ef1580_0 {0 0 0};
    %end;
S_0x61c825eefa10 .scope module, "dut_decoder" "decoder" 3 23, 4 2 0, S_0x61c825ec7e10;
 .timescale -9 -11;
    .port_info 0 /INPUT 3 "in";
    .port_info 1 /OUTPUT 8 "out";
v0x61c825eefc90_0 .var "J", 7 0;
v0x61c825eefd90_0 .var "found", 0 0;
v0x61c825eefe50_0 .var/i "i", 31 0;
v0x61c825eeff10_0 .net "in", 2 0, v0x61c825ef1280_0;  1 drivers
v0x61c825eefff0_0 .var "out", 7 0;
E_0x61c825e9b780 .event anyedge, v0x61c825eefd90_0, v0x61c825eeff10_0, v0x61c825eefc90_0, v0x61c825eefff0_0;
S_0x61c825ef0180 .scope module, "dut_decoder_fast" "decoder_fast" 3 24, 4 36 0, S_0x61c825ec7e10;
 .timescale -9 -11;
    .port_info 0 /INPUT 3 "in";
    .port_info 1 /OUTPUT 8 "out";
v0x61c825ef03e0_0 .net "in", 2 0, v0x61c825ef1280_0;  alias, 1 drivers
v0x61c825ef04c0_0 .var "out", 7 0;
E_0x61c825ef0360 .event anyedge, v0x61c825eeff10_0;
S_0x61c825ef05e0 .scope task, "errors_warnings_check" "errors_warnings_check" 3 202, 3 202 0, S_0x61c825ec7e10;
 .timescale -9 -11;
TD_tb_decoder.errors_warnings_check ;
    %load/vec4 v0x61c825ef14c0_0;
    %load/vec4 v0x61c825ef1580_0;
    %cmp/ne;
    %jmp/0xz  T_4.9, 6;
    %vpi_call/w 3 207 "$display", "***ERROR: OUT = %b, OUT_expected = %b", v0x61c825ef14c0_0, v0x61c825ef1580_0 {0 0 0};
    %load/vec4 v0x61c825ef10b0_0;
    %addi 1, 0, 32;
    %store/vec4 v0x61c825ef10b0_0, 0, 32;
T_4.9 ;
    %load/vec4 v0x61c825ef1640_0;
    %load/vec4 v0x61c825ef1580_0;
    %cmp/ne;
    %jmp/0xz  T_4.11, 6;
    %vpi_call/w 3 214 "$display", "***ERROR: OUT_fast = %b, OUT_expected = %b", v0x61c825ef1640_0, v0x61c825ef1580_0 {0 0 0};
    %load/vec4 v0x61c825ef10b0_0;
    %addi 1, 0, 32;
    %store/vec4 v0x61c825ef10b0_0, 0, 32;
T_4.11 ;
    %end;
S_0x61c825ef07c0 .scope task, "initialize" "initialize" 3 53, 3 53 0, S_0x61c825ec7e10;
 .timescale -9 -11;
TD_tb_decoder.initialize ;
    %vpi_func 3 55 "$fopen" 32, "tb_decoder.tv", "r" {0 0 0};
    %store/vec4 v0x61c825ef11a0_0, 0, 32;
    %vpi_func 3 56 "$fscanf" 32, v0x61c825ef11a0_0, "%s", v0x61c825ef0ef0_0 {0 0 0};
    %store/vec4 v0x61c825ef0fd0_0, 0, 32;
    %vpi_func 3 58 "$fscanf" 32, v0x61c825ef11a0_0, "%s %b %b", v0x61c825ef0ef0_0, v0x61c825ef1280_0, v0x61c825ef1580_0 {0 0 0};
    %store/vec4 v0x61c825ef0fd0_0, 0, 32;
    %pushi/vec4 0, 0, 1;
    %store/vec4 v0x61c825ef1700_0, 0, 1;
    %pushi/vec4 0, 0, 32;
    %store/vec4 v0x61c825ef17a0_0, 0, 32;
    %pushi/vec4 0, 0, 32;
    %store/vec4 v0x61c825ef10b0_0, 0, 32;
    %pushi/vec4 0, 0, 32;
    %store/vec4 v0x61c825ef1940_0, 0, 32;
T_5.13 ;
    %load/vec4 v0x61c825ef1940_0;
    %cmpi/s 8, 0, 32;
    %jmp/0xz T_5.14, 5;
    %pushi/vec4 0, 0, 32;
    %ix/getv/s 4, v0x61c825ef1940_0;
    %store/vec4a v0x61c825ef1a20, 4, 0;
    ; show_stmt_assign_vector: Get l-value for compressed += operand
    %load/vec4 v0x61c825ef1940_0;
    %pushi/vec4 1, 0, 32;
    %add;
    %cast2;
    %store/vec4 v0x61c825ef1940_0, 0, 32;
    %jmp T_5.13;
T_5.14 ;
    %pushi/vec4 0, 0, 1;
    %store/vec4 v0x61c825ef1880_0, 0, 1;
    %vpi_call/w 3 70 "$display" {0 0 0};
    %vpi_call/w 3 71 "$display", "TEST_START-------------------------------------------------------------------------------------------------------------------------------------" {0 0 0};
    %vpi_call/w 3 72 "$display" {0 0 0};
    %vpi_call/w 3 73 "$display", "                     | TIME | IN  |   OUT    | OUT_fast | OUT_EXPECTED |" {0 0 0};
    %vpi_call/w 3 74 "$display", "-----------------------------------------------------------------------------------------------------------------------------------------------" {0 0 0};
    %end;
S_0x61c825ef09a0 .scope task, "random_in" "random_in" 3 94, 3 94 0, S_0x61c825ec7e10;
 .timescale -9 -11;
TD_tb_decoder.random_in ;
    %vpi_func 3 97 "$urandom" 32 {0 0 0};
    %pushi/vec4 8, 0, 32;
    %mod;
    %pad/u 3;
    %store/vec4 v0x61c825ef1280_0, 0, 3;
    %pushi/vec4 0, 0, 32; draw_string_vec4
    %pushi/vec4 0, 0, 32; draw_string_vec4
    %concat/vec4; draw_string_vec4
    %pushi/vec4 0, 0, 32; draw_string_vec4
    %concat/vec4; draw_string_vec4
    %pushi/vec4 0, 0, 32; draw_string_vec4
    %concat/vec4; draw_string_vec4
    %pushi/vec4 0, 0, 32; draw_string_vec4
    %concat/vec4; draw_string_vec4
    %pushi/vec4 0, 0, 32; draw_string_vec4
    %concat/vec4; draw_string_vec4
    %pushi/vec4 0, 0, 32; draw_string_vec4
    %concat/vec4; draw_string_vec4
    %pushi/vec4 45, 0, 24; draw_string_vec4
    %concat/vec4; draw_string_vec4
    %store/vec4 v0x61c825ef0ef0_0, 0, 248;
    %pushi/real 1717986918, 4062; load=0.100000
    %pushi/real 1677722, 4040; load=0.100000
    %add/wr;
    %vpi_func 3 100 "$urandom_range" 32, W<0,r>, 32'sb00000000000000000000000000001010 {0 1 0};
    %pad/u 64;
    %muli 100, 0, 64;
    %ix/vec4 4;
    %delayx 4;
    %end;
S_0x61c825ef0b80 .scope task, "scan_file" "scan_file" 3 84, 3 84 0, S_0x61c825ec7e10;
 .timescale -9 -11;
TD_tb_decoder.scan_file ;
    %vpi_func 3 86 "$fscanf" 32, v0x61c825ef11a0_0, "%s %b %b", v0x61c825ef0ef0_0, v0x61c825ef1280_0, v0x61c825ef1580_0 {0 0 0};
    %store/vec4 v0x61c825ef0fd0_0, 0, 32;
    %load/vec4 v0x61c825ef0fd0_0;
    %pushi/vec4 4294967295, 0, 32;
    %cmp/e;
    %flag_get/vec4 4;
    %store/vec4 v0x61c825ef1880_0, 0, 1;
    %end;
S_0x61c825ef0d10 .scope task, "vectorcount" "vectorcount" 3 171, 3 171 0, S_0x61c825ec7e10;
 .timescale -9 -11;
TD_tb_decoder.vectorcount ;
    %load/vec4 v0x61c825ef17a0_0;
    %addi 1, 0, 32;
    %store/vec4 v0x61c825ef17a0_0, 0, 32;
    %end;
    .scope S_0x61c825eefa10;
T_9 ;
    %wait E_0x61c825e9b780;
    %pushi/vec4 0, 0, 1;
    %store/vec4 v0x61c825eefd90_0, 0, 1;
    %pushi/vec4 0, 0, 32;
    %store/vec4 v0x61c825eefe50_0, 0, 32;
T_9.0 ;
    %load/vec4 v0x61c825eefe50_0;
    %cmpi/s 8, 0, 32;
    %jmp/0xz T_9.1, 5;
    %pushi/vec4 0, 0, 8;
    %store/vec4 v0x61c825eefc90_0, 0, 8;
    %pushi/vec4 1, 0, 1;
    %ix/getv/s 4, v0x61c825eefe50_0;
    %store/vec4 v0x61c825eefc90_0, 4, 1;
    %load/vec4 v0x61c825eefd90_0;
    %nor/r;
    %flag_set/vec4 9;
    %flag_get/vec4 9;
    %jmp/0 T_9.4, 9;
    %load/vec4 v0x61c825eeff10_0;
    %load/vec4 v0x61c825eefe50_0;
    %parti/s 3, 0, 2;
    %cmp/e;
    %flag_get/vec4 4;
    %and;
T_9.4;
    %flag_set/vec4 8;
    %jmp/0xz  T_9.2, 8;
    %load/vec4 v0x61c825eefc90_0;
    %store/vec4 v0x61c825eefff0_0, 0, 8;
    %pushi/vec4 1, 0, 1;
    %store/vec4 v0x61c825eefd90_0, 0, 1;
    %jmp T_9.3;
T_9.2 ;
    %load/vec4 v0x61c825eefff0_0;
    %store/vec4 v0x61c825eefff0_0, 0, 8;
T_9.3 ;
    ; show_stmt_assign_vector: Get l-value for compressed += operand
    %load/vec4 v0x61c825eefe50_0;
    %pushi/vec4 1, 0, 32;
    %add;
    %store/vec4 v0x61c825eefe50_0, 0, 32;
    %jmp T_9.0;
T_9.1 ;
    %jmp T_9;
    .thread T_9, $push;
    .scope S_0x61c825ef0180;
T_10 ;
    %wait E_0x61c825ef0360;
    %load/vec4 v0x61c825ef03e0_0;
    %dup/vec4;
    %pushi/vec4 0, 0, 3;
    %cmp/u;
    %jmp/1 T_10.0, 6;
    %dup/vec4;
    %pushi/vec4 1, 0, 3;
    %cmp/u;
    %jmp/1 T_10.1, 6;
    %dup/vec4;
    %pushi/vec4 2, 0, 3;
    %cmp/u;
    %jmp/1 T_10.2, 6;
    %dup/vec4;
    %pushi/vec4 3, 0, 3;
    %cmp/u;
    %jmp/1 T_10.3, 6;
    %dup/vec4;
    %pushi/vec4 4, 0, 3;
    %cmp/u;
    %jmp/1 T_10.4, 6;
    %dup/vec4;
    %pushi/vec4 5, 0, 3;
    %cmp/u;
    %jmp/1 T_10.5, 6;
    %dup/vec4;
    %pushi/vec4 6, 0, 3;
    %cmp/u;
    %jmp/1 T_10.6, 6;
    %dup/vec4;
    %pushi/vec4 7, 0, 3;
    %cmp/u;
    %jmp/1 T_10.7, 6;
    %jmp T_10.8;
T_10.0 ;
    %pushi/vec4 1, 0, 8;
    %store/vec4 v0x61c825ef04c0_0, 0, 8;
    %jmp T_10.8;
T_10.1 ;
    %pushi/vec4 2, 0, 8;
    %store/vec4 v0x61c825ef04c0_0, 0, 8;
    %jmp T_10.8;
T_10.2 ;
    %pushi/vec4 4, 0, 8;
    %store/vec4 v0x61c825ef04c0_0, 0, 8;
    %jmp T_10.8;
T_10.3 ;
    %pushi/vec4 8, 0, 8;
    %store/vec4 v0x61c825ef04c0_0, 0, 8;
    %jmp T_10.8;
T_10.4 ;
    %pushi/vec4 16, 0, 8;
    %store/vec4 v0x61c825ef04c0_0, 0, 8;
    %jmp T_10.8;
T_10.5 ;
    %pushi/vec4 32, 0, 8;
    %store/vec4 v0x61c825ef04c0_0, 0, 8;
    %jmp T_10.8;
T_10.6 ;
    %pushi/vec4 64, 0, 8;
    %store/vec4 v0x61c825ef04c0_0, 0, 8;
    %jmp T_10.8;
T_10.7 ;
    %pushi/vec4 128, 0, 8;
    %store/vec4 v0x61c825ef04c0_0, 0, 8;
    %jmp T_10.8;
T_10.8 ;
    %pop/vec4 1;
    %jmp T_10;
    .thread T_10, $push;
    .scope S_0x61c825ec7e10;
T_11 ;
    %vpi_call/w 3 32 "$dumpfile", "tb_decoder.vcd" {0 0 0};
    %vpi_call/w 3 33 "$dumpvars", 32'sb00000000000000000000000000000000, S_0x61c825ec7e10 {0 0 0};
    %end;
    .thread T_11;
    .scope S_0x61c825ec7e10;
T_12 ;
    %delay 1000, 0;
    %load/vec4 v0x61c825ef1700_0;
    %inv;
    %store/vec4 v0x61c825ef1700_0, 0, 1;
    %jmp T_12;
    .thread T_12;
    .scope S_0x61c825ec7e10;
T_13 ;
    %fork TD_tb_decoder.initialize, S_0x61c825ef07c0;
    %join;
    %end;
    .thread T_13;
    .scope S_0x61c825ec7e10;
T_14 ;
    %wait E_0x61c825ec4e20;
    %delay 120, 0;
    %load/vec4 v0x61c825ef1880_0;
    %nor/r;
    %flag_set/vec4 8;
    %jmp/0xz  T_14.0, 8;
    %fork TD_tb_decoder.scan_file, S_0x61c825ef0b80;
    %join;
T_14.0 ;
    %jmp T_14;
    .thread T_14;
    .scope S_0x61c825ec7e10;
T_15 ;
    %wait E_0x61c825ec5550;
    %fork TD_tb_decoder.coverage_update, S_0x61c825eef620;
    %join;
    %delay 10, 0;
    %fork TD_tb_decoder.OUT_EXP, S_0x61c825e77490;
    %join;
    %fork TD_tb_decoder.display_file, S_0x61c825eef830;
    %join;
    %fork TD_tb_decoder.errors_warnings_check, S_0x61c825ef05e0;
    %join;
    %fork TD_tb_decoder.vectorcount, S_0x61c825ef0d10;
    %join;
    %jmp T_15;
    .thread T_15;
    .scope S_0x61c825ec7e10;
T_16 ;
T_16.0 ;
    %load/vec4 v0x61c825ef1880_0;
    %cmpi/ne 1, 0, 1;
    %jmp/0xz T_16.1, 6;
    %wait E_0x61c825ec5ab0;
    %jmp T_16.0;
T_16.1 ;
    %vpi_call/w 3 273 "$display" {0 0 0};
    %vpi_call/w 3 274 "$display", "%13s ***time = %0d,eof ***", "\000", $time {0 0 0};
    %vpi_call/w 3 275 "$display" {0 0 0};
    %pushi/vec4 0, 0, 32;
    %store/vec4 v0x61c825ef1940_0, 0, 32;
T_16.2 ;
    %load/vec4 v0x61c825ef1940_0;
    %cmpi/s 50, 0, 32;
    %jmp/0xz T_16.3, 5;
    %load/vec4 v0x61c825ef1280_0;
    %pad/u 4;
    %cmpi/e 8, 0, 4;
    %jmp/0xz  T_16.4, 4;
    %fork TD_tb_decoder.vectorcount, S_0x61c825ef0d10;
    %join;
    %fork TD_tb_decoder.close, S_0x61c825eef140;
    %join;
    %jmp T_16.5;
T_16.4 ;
    %fork TD_tb_decoder.random_in, S_0x61c825ef09a0;
    %join;
T_16.5 ;
    ; show_stmt_assign_vector: Get l-value for compressed += operand
    %load/vec4 v0x61c825ef1940_0;
    %pushi/vec4 1, 0, 32;
    %add;
    %cast2;
    %store/vec4 v0x61c825ef1940_0, 0, 32;
    %jmp T_16.2;
T_16.3 ;
    %fork TD_tb_decoder.close, S_0x61c825eef140;
    %join;
    %end;
    .thread T_16;
# The file index is used to find the file name in the following table.
:file_names 5;
    "N/A";
    "<interactive>";
    "-";
    "tb_decoder.v";
    "decoder.v";
