#! /usr/bin/vvp
:ivl_version "12.0 (stable)";
:ivl_delay_selection "TYPICAL";
:vpi_time_precision - 11;
:vpi_module "/usr/lib/x86_64-linux-gnu/ivl/system.vpi";
:vpi_module "/usr/lib/x86_64-linux-gnu/ivl/vhdl_sys.vpi";
:vpi_module "/usr/lib/x86_64-linux-gnu/ivl/vhdl_textio.vpi";
:vpi_module "/usr/lib/x86_64-linux-gnu/ivl/v2005_math.vpi";
:vpi_module "/usr/lib/x86_64-linux-gnu/ivl/va_math.vpi";
:vpi_module "/usr/lib/x86_64-linux-gnu/ivl/v2009.vpi";
S_0x58ae11200a10 .scope package, "$unit" "$unit" 2 1;
 .timescale 0 0;
S_0x58ae11200ba0 .scope module, "tb_dual_port_ram_synchronous" "tb_dual_port_ram_synchronous" 3 3;
 .timescale -9 -11;
P_0x58ae11217260 .param/l "ADDR_WIDTH" 0 3 29, +C4<00000000000000000000000000000100>;
P_0x58ae112172a0 .param/l "DATA_WIDTH" 0 3 29, +C4<00000000000000000000000000001000>;
P_0x58ae112172e0 .param/l "MEM_DEPTH" 0 3 29, +C4<00000000000000000000000000010000>;
P_0x58ae11217320 .param/l "TICKPERIOD" 1 3 49, +C4<00000000000000000000000000010100>;
v0x58ae1123abf0_0 .var "ADDR_A", 3 0;
v0x58ae1123acd0_0 .var "ADDR_B", 3 0;
v0x58ae1123ad70_0 .var "COMMENT", 247 0;
v0x58ae1123ae40_0 .var/i "COUNT", 31 0;
v0x58ae1123af20_0 .var "DATA_IN_A", 7 0;
v0x58ae1123b030_0 .var "DATA_IN_B", 7 0;
v0x58ae1123b100_0 .net "DATA_OUT_A", 7 0, v0x58ae112398e0_0;  1 drivers
v0x58ae1123b1d0_0 .var "DATA_OUT_A_EXPECTED", 7 0;
v0x58ae1123b290_0 .net "DATA_OUT_B", 7 0, v0x58ae112399c0_0;  1 drivers
v0x58ae1123b380_0 .var "DATA_OUT_B_EXPECTED", 7 0;
v0x58ae1123b440_0 .var "ERRORS", 31 0;
v0x58ae1123b520_0 .var/i "FD", 31 0;
v0x58ae1123b600 .array "MEM", 15 0, 7 0;
v0x58ae1123b6c0_0 .var "TICK", 0 0;
v0x58ae1123b790_0 .var "VECTORCOUNT", 31 0;
v0x58ae1123b850_0 .var "WE_A", 0 0;
v0x58ae1123b920_0 .var "WE_B", 0 0;
v0x58ae1123b9f0_0 .var "eof", 0 0;
v0x58ae1123ba90_0 .var/2s "i", 31 0;
v0x58ae1123bb50 .array "input_coverage_TICKA", 1 0, 31 0;
v0x58ae1123bc10 .array "input_coverage_TICKB", 1 0, 31 0;
v0x58ae1123bcd0 .array "input_coverage_a", 31 0, 31 0;
v0x58ae1123bd90 .array "input_coverage_b", 31 0, 31 0;
v0x58ae1123be50_0 .var "prev_INPUT_A", 4 0;
v0x58ae1123bf30_0 .var "prev_INPUT_B", 4 0;
E_0x58ae11203480 .event anyedge, v0x58ae1123b9f0_0;
E_0x58ae11204050 .event negedge, v0x58ae11239600_0;
S_0x58ae111a44c0 .scope task, "OUT_EXP" "OUT_EXP" 3 148, 3 148 0, S_0x58ae11200ba0;
 .timescale -9 -11;
TD_tb_dual_port_ram_synchronous.OUT_EXP ;
    %load/vec4 v0x58ae1123b850_0;
    %flag_set/vec4 8;
    %jmp/0xz  T_0.0, 8;
    %load/vec4 v0x58ae1123af20_0;
    %load/vec4 v0x58ae1123abf0_0;
    %pad/u 6;
    %ix/vec4 3;
    %ix/load 4, 0, 0; Constant delay
    %assign/vec4/a/d v0x58ae1123b600, 0, 4;
    %load/vec4 v0x58ae1123abf0_0;
    %pad/u 6;
    %ix/vec4 4;
    %load/vec4a v0x58ae1123b600, 4;
    %assign/vec4 v0x58ae1123b1d0_0, 0;
    %jmp T_0.1;
T_0.0 ;
    %load/vec4 v0x58ae1123abf0_0;
    %pad/u 6;
    %ix/vec4 4;
    %load/vec4a v0x58ae1123b600, 4;
    %assign/vec4 v0x58ae1123b1d0_0, 0;
T_0.1 ;
    %load/vec4 v0x58ae1123b920_0;
    %flag_set/vec4 8;
    %jmp/0xz  T_0.2, 8;
    %load/vec4 v0x58ae1123b030_0;
    %load/vec4 v0x58ae1123acd0_0;
    %pad/u 6;
    %ix/vec4 3;
    %ix/load 4, 0, 0; Constant delay
    %assign/vec4/a/d v0x58ae1123b600, 0, 4;
    %load/vec4 v0x58ae1123acd0_0;
    %pad/u 6;
    %ix/vec4 4;
    %load/vec4a v0x58ae1123b600, 4;
    %assign/vec4 v0x58ae1123b380_0, 0;
    %jmp T_0.3;
T_0.2 ;
    %load/vec4 v0x58ae1123acd0_0;
    %pad/u 6;
    %ix/vec4 4;
    %load/vec4a v0x58ae1123b600, 4;
    %assign/vec4 v0x58ae1123b380_0, 0;
T_0.3 ;
    %end;
S_0x58ae111a4650 .scope task, "close" "close" 3 177, 3 177 0, S_0x58ae11200ba0;
 .timescale -9 -11;
TD_tb_dual_port_ram_synchronous.close ;
    %delay 1000, 0;
    %vpi_call/w 3 181 "$fclose", v0x58ae1123b520_0 {0 0 0};
    %vpi_call/w 3 183 "$display" {0 0 0};
    %vpi_call/w 3 184 "$display", "COVERAGE_REPORT" {0 0 0};
    %vpi_call/w 3 185 "$display" {0 0 0};
    %vpi_call/w 3 186 "$display", "1.for WE_A==0 and WE_B==0, only test two input combinations as others combination has identical behavior" {0 0 0};
    %vpi_call/w 3 187 "$display" {0 0 0};
    %fork t_1, S_0x58ae1121a140;
    %jmp t_0;
    .scope S_0x58ae1121a140;
t_1 ;
    %pushi/vec4 0, 0, 32;
    %store/vec4 v0x58ae11217fe0_0, 0, 32;
T_1.4 ;
    %load/vec4 v0x58ae11217fe0_0;
    %cmpi/u 31, 0, 32;
    %jmp/0xz T_1.5, 5;
    %load/vec4 v0x58ae11217fe0_0;
    %cmpi/s 2, 0, 32;
    %jmp/1 T_1.8, 5;
    %flag_mov 8, 5;
    %load/vec4 v0x58ae11217fe0_0;
    %cmpi/u 15, 0, 32;
    %flag_or 5, 4; GT is !LE
    %flag_inv 5;
    %flag_or 5, 8;
T_1.8;
    %jmp/0xz  T_1.6, 5;
    %ix/getv/s 4, v0x58ae11217fe0_0;
    %load/vec4a v0x58ae1123bcd0, 4;
    %cmpi/u 2, 0, 32;
    %jmp/0xz  T_1.9, 5;
    %vpi_call/w 3 196 "$display", "input WE_A = %b, ADDR_A = %b has occured %d times ***ERROR***", &PV<v0x58ae11217fe0_0, 4, 1>, &PV<v0x58ae11217fe0_0, 0, 4>, &A<v0x58ae1123bcd0, v0x58ae11217fe0_0 > {0 0 0};
    %load/vec4 v0x58ae1123b440_0;
    %addi 1, 0, 32;
    %store/vec4 v0x58ae1123b440_0, 0, 32;
    %jmp T_1.10;
T_1.9 ;
    %vpi_call/w 3 202 "$display", "input WE_A = %b, ADDR_A = %b has occured %d times", &PV<v0x58ae11217fe0_0, 4, 1>, &PV<v0x58ae11217fe0_0, 0, 4>, &A<v0x58ae1123bcd0, v0x58ae11217fe0_0 > {0 0 0};
T_1.10 ;
T_1.6 ;
    ; show_stmt_assign_vector: Get l-value for compressed += operand
    %load/vec4 v0x58ae11217fe0_0;
    %pushi/vec4 1, 0, 32;
    %add;
    %cast2;
    %store/vec4 v0x58ae11217fe0_0, 0, 32;
    %jmp T_1.4;
T_1.5 ;
    %end;
    .scope S_0x58ae111a4650;
t_0 %join;
    %fork t_3, S_0x58ae11238a50;
    %jmp t_2;
    .scope S_0x58ae11238a50;
t_3 ;
    %pushi/vec4 0, 0, 32;
    %store/vec4 v0x58ae1120d660_0, 0, 32;
T_1.11 ;
    %load/vec4 v0x58ae1120d660_0;
    %cmpi/u 31, 0, 32;
    %jmp/0xz T_1.12, 5;
    %load/vec4 v0x58ae1120d660_0;
    %cmpi/s 2, 0, 32;
    %jmp/1 T_1.15, 5;
    %flag_mov 8, 5;
    %load/vec4 v0x58ae1120d660_0;
    %cmpi/u 15, 0, 32;
    %flag_or 5, 4; GT is !LE
    %flag_inv 5;
    %flag_or 5, 8;
T_1.15;
    %jmp/0xz  T_1.13, 5;
    %ix/getv/s 4, v0x58ae1120d660_0;
    %load/vec4a v0x58ae1123bd90, 4;
    %cmpi/u 2, 0, 32;
    %jmp/0xz  T_1.16, 5;
    %vpi_call/w 3 219 "$display", "input WE_B = %b, ADDR_B = %b has occured %d times ***ERROR***", &PV<v0x58ae1120d660_0, 4, 1>, &PV<v0x58ae1120d660_0, 0, 4>, &A<v0x58ae1123bd90, v0x58ae1120d660_0 > {0 0 0};
    %load/vec4 v0x58ae1123b440_0;
    %addi 1, 0, 32;
    %store/vec4 v0x58ae1123b440_0, 0, 32;
    %jmp T_1.17;
T_1.16 ;
    %vpi_call/w 3 225 "$display", "input WE_B = %b, ADDR_B = %b has occured %d times", &PV<v0x58ae1120d660_0, 4, 1>, &PV<v0x58ae1120d660_0, 0, 4>, &A<v0x58ae1123bd90, v0x58ae1120d660_0 > {0 0 0};
T_1.17 ;
T_1.13 ;
    ; show_stmt_assign_vector: Get l-value for compressed += operand
    %load/vec4 v0x58ae1120d660_0;
    %pushi/vec4 1, 0, 32;
    %add;
    %cast2;
    %store/vec4 v0x58ae1120d660_0, 0, 32;
    %jmp T_1.11;
T_1.12 ;
    %end;
    .scope S_0x58ae111a4650;
t_2 %join;
    %vpi_call/w 3 236 "$display" {0 0 0};
    %vpi_call/w 3 237 "$display", "VECTORCOUNT = %d", v0x58ae1123b790_0 {0 0 0};
    %vpi_call/w 3 238 "$display", "ERRORS = %15d", v0x58ae1123b440_0 {0 0 0};
    %vpi_call/w 3 239 "$display" {0 0 0};
    %vpi_call/w 3 240 "$display", "TEST_END--------------------------------------------------------------------------------------------------------------------------" {0 0 0};
    %vpi_call/w 3 241 "$display" {0 0 0};
    %vpi_call/w 3 243 "$finish" {0 0 0};
    %end;
S_0x58ae1121a140 .scope begin, "$ivl_for_loop0" "$ivl_for_loop0" 3 191, 3 191 0, S_0x58ae111a4650;
 .timescale -9 -11;
v0x58ae11217fe0_0 .var/2s "j", 31 0;
S_0x58ae11238a50 .scope begin, "$ivl_for_loop1" "$ivl_for_loop1" 3 214, 3 214 0, S_0x58ae111a4650;
 .timescale -9 -11;
v0x58ae1120d660_0 .var/2s "j", 31 0;
S_0x58ae11238c90 .scope task, "display_file" "display_file" 3 261, 3 261 0, S_0x58ae11200ba0;
 .timescale -9 -11;
TD_tb_dual_port_ram_synchronous.display_file ;
    %vpi_call/w 3 263 "$display", "%10d %9s | %4d | %2b   | %5b  | %5c     | %5c      | %10c          | %2b   | %5b  | %5c     | %5c      | %10c          |", v0x58ae1123b790_0, v0x58ae1123ad70_0, $time, v0x58ae1123b850_0, v0x58ae1123abf0_0, v0x58ae1123af20_0, v0x58ae1123b100_0, v0x58ae1123b1d0_0, v0x58ae1123b920_0, v0x58ae1123acd0_0, v0x58ae1123b030_0, v0x58ae1123b290_0, v0x58ae1123b380_0 {0 0 0};
    %end;
S_0x58ae11238ea0 .scope module, "dut_dual_port_ram_synchronous" "dual_port_ram_synchronous" 3 34, 4 1 0, S_0x58ae11200ba0;
 .timescale -9 -11;
    .port_info 0 /INPUT 1 "clk";
    .port_info 1 /INPUT 1 "we_a";
    .port_info 2 /INPUT 4 "addr_a";
    .port_info 3 /INPUT 8 "data_in_a";
    .port_info 4 /OUTPUT 8 "data_out_a";
    .port_info 5 /INPUT 1 "we_b";
    .port_info 6 /INPUT 4 "addr_b";
    .port_info 7 /INPUT 8 "data_in_b";
    .port_info 8 /OUTPUT 8 "data_out_b";
P_0x58ae11239080 .param/l "ADDR_WIDTH" 0 4 15, +C4<00000000000000000000000000000100>;
P_0x58ae112390c0 .param/l "DATA_WIDTH" 0 4 15, +C4<00000000000000000000000000001000>;
P_0x58ae11239100 .param/l "MEM_DEPTH" 0 4 15, +C4<00000000000000000000000000010000>;
v0x58ae11239420_0 .net "addr_a", 3 0, v0x58ae1123abf0_0;  1 drivers
v0x58ae11239520_0 .net "addr_b", 3 0, v0x58ae1123acd0_0;  1 drivers
v0x58ae11239600_0 .net "clk", 0 0, v0x58ae1123b6c0_0;  1 drivers
v0x58ae112396d0_0 .net "data_in_a", 7 0, v0x58ae1123af20_0;  1 drivers
v0x58ae112397b0_0 .net "data_in_b", 7 0, v0x58ae1123b030_0;  1 drivers
v0x58ae112398e0_0 .var "data_out_a", 7 0;
v0x58ae112399c0_0 .var "data_out_b", 7 0;
v0x58ae11239aa0 .array "mem", 0 15, 7 0;
v0x58ae11239b60_0 .net "we_a", 0 0, v0x58ae1123b850_0;  1 drivers
v0x58ae11239c20_0 .net "we_b", 0 0, v0x58ae1123b920_0;  1 drivers
E_0x58ae112012d0 .event posedge, v0x58ae11239600_0;
S_0x58ae11239e00 .scope task, "errors_warnings_check" "errors_warnings_check" 3 283, 3 283 0, S_0x58ae11200ba0;
 .timescale -9 -11;
TD_tb_dual_port_ram_synchronous.errors_warnings_check ;
    %load/vec4 v0x58ae1123b100_0;
    %load/vec4 v0x58ae1123b1d0_0;
    %cmp/ne;
    %jmp/0xz  T_3.18, 6;
    %vpi_call/w 3 288 "$display", "***ERROR: DATA_OUT_A = %b, DATA_OUT_A_expected = %b", v0x58ae1123b100_0, v0x58ae1123b1d0_0 {0 0 0};
    %load/vec4 v0x58ae1123b440_0;
    %addi 1, 0, 32;
    %store/vec4 v0x58ae1123b440_0, 0, 32;
T_3.18 ;
    %load/vec4 v0x58ae1123b850_0;
    %load/vec4 v0x58ae1123abf0_0;
    %concat/vec4; draw_concat_vec4
    %load/vec4 v0x58ae1123be50_0;
    %cmp/ne;
    %jmp/0xz  T_3.20, 6;
    %vpi_call/w 3 295 "$display", "***ERROR: INPUT_A - RACING CONDITION OCCUR" {0 0 0};
    %load/vec4 v0x58ae1123b440_0;
    %addi 1, 0, 32;
    %store/vec4 v0x58ae1123b440_0, 0, 32;
T_3.20 ;
    %load/vec4 v0x58ae1123b290_0;
    %load/vec4 v0x58ae1123b380_0;
    %cmp/ne;
    %jmp/0xz  T_3.22, 6;
    %vpi_call/w 3 302 "$display", "***ERROR: DATA_OUT_B = %b, DATA_OUT_B_expected = %b", v0x58ae1123b290_0, v0x58ae1123b380_0 {0 0 0};
    %load/vec4 v0x58ae1123b440_0;
    %addi 1, 0, 32;
    %store/vec4 v0x58ae1123b440_0, 0, 32;
T_3.22 ;
    %load/vec4 v0x58ae1123b920_0;
    %load/vec4 v0x58ae1123acd0_0;
    %concat/vec4; draw_concat_vec4
    %load/vec4 v0x58ae1123bf30_0;
    %cmp/ne;
    %jmp/0xz  T_3.24, 6;
    %vpi_call/w 3 309 "$display", "***ERROR: INPUT_B - RACING CONDITION OCCUR" {0 0 0};
    %load/vec4 v0x58ae1123b440_0;
    %addi 1, 0, 32;
    %store/vec4 v0x58ae1123b440_0, 0, 32;
T_3.24 ;
    %end;
S_0x58ae11239fe0 .scope task, "in_coverage_update" "in_coverage_update" 3 272, 3 272 0, S_0x58ae11200ba0;
 .timescale -9 -11;
TD_tb_dual_port_ram_synchronous.in_coverage_update ;
    ; show_stmt_assign_vector: Get l-value for compressed += operand
    %load/vec4 v0x58ae1123b850_0;
    %load/vec4 v0x58ae1123abf0_0;
    %concat/vec4; draw_concat_vec4
    %pad/u 7;
    %ix/vec4 4;
    %flag_mov 8, 4;
    %load/vec4a v0x58ae1123bcd0, 4;
    %pushi/vec4 1, 0, 32;
    %add;
    %flag_mov 4, 8;
    %store/vec4a v0x58ae1123bcd0, 4, 0;
    ; show_stmt_assign_vector: Get l-value for compressed += operand
    %load/vec4 v0x58ae1123b920_0;
    %load/vec4 v0x58ae1123acd0_0;
    %concat/vec4; draw_concat_vec4
    %pad/u 7;
    %ix/vec4 4;
    %flag_mov 8, 4;
    %load/vec4a v0x58ae1123bd90, 4;
    %pushi/vec4 1, 0, 32;
    %add;
    %flag_mov 4, 8;
    %store/vec4a v0x58ae1123bd90, 4, 0;
    %end;
S_0x58ae1123a1c0 .scope task, "initialize" "initialize" 3 60, 3 60 0, S_0x58ae11200ba0;
 .timescale -9 -11;
TD_tb_dual_port_ram_synchronous.initialize ;
    %vpi_func 3 62 "$fopen" 32, "tb_dual_port_ram_synchronous.tv", "r" {0 0 0};
    %store/vec4 v0x58ae1123b520_0, 0, 32;
    %vpi_func 3 63 "$fscanf" 32, v0x58ae1123b520_0, "%s", v0x58ae1123ad70_0 {0 0 0};
    %store/vec4 v0x58ae1123ae40_0, 0, 32;
    %vpi_func 3 65 "$fscanf" 32, v0x58ae1123b520_0, "%s %b %b %s %b %b %s", v0x58ae1123ad70_0, v0x58ae1123b850_0, v0x58ae1123abf0_0, v0x58ae1123af20_0, v0x58ae1123b920_0, v0x58ae1123acd0_0, v0x58ae1123b030_0 {0 0 0};
    %store/vec4 v0x58ae1123ae40_0, 0, 32;
    %pushi/vec4 0, 0, 1;
    %store/vec4 v0x58ae1123b6c0_0, 0, 1;
    %pushi/vec4 0, 0, 32;
    %store/vec4 v0x58ae1123b790_0, 0, 32;
    %pushi/vec4 0, 0, 32;
    %store/vec4 v0x58ae1123b440_0, 0, 32;
    %pushi/vec4 0, 0, 32;
    %store/vec4 v0x58ae1123ba90_0, 0, 32;
T_5.26 ;
    %load/vec4 v0x58ae1123ba90_0;
    %cmpi/s 2, 0, 32;
    %jmp/0xz T_5.27, 5;
    %pushi/vec4 0, 0, 32;
    %ix/getv/s 4, v0x58ae1123ba90_0;
    %store/vec4a v0x58ae1123bb50, 4, 0;
    %pushi/vec4 0, 0, 32;
    %ix/getv/s 4, v0x58ae1123ba90_0;
    %store/vec4a v0x58ae1123bc10, 4, 0;
    ; show_stmt_assign_vector: Get l-value for compressed += operand
    %load/vec4 v0x58ae1123ba90_0;
    %pushi/vec4 1, 0, 32;
    %add;
    %cast2;
    %store/vec4 v0x58ae1123ba90_0, 0, 32;
    %jmp T_5.26;
T_5.27 ;
    %pushi/vec4 0, 0, 32;
    %store/vec4 v0x58ae1123ba90_0, 0, 32;
T_5.28 ;
    %load/vec4 v0x58ae1123ba90_0;
    %cmpi/u 31, 0, 32;
    %flag_or 5, 4;
    %jmp/0xz T_5.29, 5;
    %load/vec4 v0x58ae1123ba90_0;
    %cmpi/s 2, 0, 32;
    %jmp/1 T_5.32, 5;
    %flag_mov 8, 5;
    %load/vec4 v0x58ae1123ba90_0;
    %cmpi/u 15, 0, 32;
    %flag_or 5, 4; GT is !LE
    %flag_inv 5;
    %flag_or 5, 8;
T_5.32;
    %jmp/0xz  T_5.30, 5;
    %pushi/vec4 0, 0, 32;
    %ix/getv/s 4, v0x58ae1123ba90_0;
    %store/vec4a v0x58ae1123bcd0, 4, 0;
T_5.30 ;
    ; show_stmt_assign_vector: Get l-value for compressed += operand
    %load/vec4 v0x58ae1123ba90_0;
    %pushi/vec4 1, 0, 32;
    %add;
    %cast2;
    %store/vec4 v0x58ae1123ba90_0, 0, 32;
    %jmp T_5.28;
T_5.29 ;
    %pushi/vec4 0, 0, 32;
    %store/vec4 v0x58ae1123ba90_0, 0, 32;
T_5.33 ;
    %load/vec4 v0x58ae1123ba90_0;
    %cmpi/u 31, 0, 32;
    %flag_or 5, 4;
    %jmp/0xz T_5.34, 5;
    %load/vec4 v0x58ae1123ba90_0;
    %cmpi/s 2, 0, 32;
    %jmp/1 T_5.37, 5;
    %flag_mov 8, 5;
    %load/vec4 v0x58ae1123ba90_0;
    %cmpi/u 15, 0, 32;
    %flag_or 5, 4; GT is !LE
    %flag_inv 5;
    %flag_or 5, 8;
T_5.37;
    %jmp/0xz  T_5.35, 5;
    %pushi/vec4 0, 0, 32;
    %ix/getv/s 4, v0x58ae1123ba90_0;
    %store/vec4a v0x58ae1123bd90, 4, 0;
T_5.35 ;
    ; show_stmt_assign_vector: Get l-value for compressed += operand
    %load/vec4 v0x58ae1123ba90_0;
    %pushi/vec4 1, 0, 32;
    %add;
    %cast2;
    %store/vec4 v0x58ae1123ba90_0, 0, 32;
    %jmp T_5.33;
T_5.34 ;
    %pushi/vec4 0, 0, 1;
    %store/vec4 v0x58ae1123b9f0_0, 0, 1;
    %vpi_call/w 3 91 "$display" {0 0 0};
    %vpi_call/w 3 92 "$display", "TEST_START--------------------------------------------------------------------------------------------------------------------------------------------------" {0 0 0};
    %vpi_call/w 3 93 "$display" {0 0 0};
    %vpi_call/w 3 94 "$display", "                     | TIME | WE_A | ADDR_A | DATA_IN_A | DATA_OUT_A | DATA_OUT_A_EXPECTED | WE_B | ADDR_B | DATA_IN_B | DATA_OUT_B | DATA_OUT_B_EXPECTED |" {0 0 0};
    %vpi_call/w 3 95 "$display", "------------------------------------------------------------------------------------------------------------------------------------------------------------" {0 0 0};
    %end;
S_0x58ae1123a3a0 .scope task, "random_in" "random_in" 3 114, 3 114 0, S_0x58ae11200ba0;
 .timescale -9 -11;
TD_tb_dual_port_ram_synchronous.random_in ;
    %fork t_5, S_0x58ae1123a580;
    %jmp t_4;
    .scope S_0x58ae1123a580;
t_5 ;
    %vpi_func 3 117 "$urandom" 32 {0 0 0};
    %pushi/vec4 2, 0, 32;
    %mod;
    %pad/u 1;
    %store/vec4 v0x58ae1123b850_0, 0, 1;
    %load/vec4 v0x58ae1123b850_0;
    %pad/u 32;
    %cmpi/e 0, 0, 32;
    %flag_mov 8, 4;
    %jmp/0 T_6.38, 8;
    %vpi_func 3 118 "$urandom" 32 {0 0 0};
    %pushi/vec4 2, 0, 32;
    %mod;
    %jmp/1 T_6.39, 8;
T_6.38 ; End of true expr.
    %vpi_func 3 118 "$urandom" 32 {0 0 0};
    %pushi/vec4 16, 0, 32;
    %mod;
    %jmp/0 T_6.39, 8;
 ; End of false expr.
    %blend;
T_6.39;
    %pad/u 4;
    %store/vec4 v0x58ae1123abf0_0, 0, 4;
    %vpi_func 3 119 "$urandom_range" 32, 32'sb00000000000000000000000000100000, 32'sb00000000000000000000000001111110 {0 0 0};
    %pad/u 8;
    %store/vec4 v0x58ae1123af20_0, 0, 8;
    %vpi_func 3 121 "$urandom" 32 {0 0 0};
    %pushi/vec4 2, 0, 32;
    %mod;
    %pad/u 1;
    %store/vec4 v0x58ae1123b920_0, 0, 1;
    %load/vec4 v0x58ae1123b920_0;
    %pad/u 32;
    %cmpi/e 0, 0, 32;
    %flag_mov 8, 4;
    %jmp/0 T_6.40, 8;
    %vpi_func 3 122 "$urandom" 32 {0 0 0};
    %pushi/vec4 2, 0, 32;
    %mod;
    %jmp/1 T_6.41, 8;
T_6.40 ; End of true expr.
    %vpi_func 3 122 "$urandom" 32 {0 0 0};
    %pushi/vec4 16, 0, 32;
    %mod;
    %jmp/0 T_6.41, 8;
 ; End of false expr.
    %blend;
T_6.41;
    %pad/u 8;
    %store/vec4 v0x58ae1123a780_0, 0, 8;
    %vpi_func 3 123 "$urandom_range" 32, 32'sb00000000000000000000000000100000, 32'sb00000000000000000000000001111110 {0 0 0};
    %pad/u 8;
    %store/vec4 v0x58ae1123b030_0, 0, 8;
    %load/vec4 v0x58ae1123a780_0;
    %load/vec4 v0x58ae1123abf0_0;
    %pad/u 8;
    %cmp/e;
    %jmp/0xz  T_6.42, 4;
    %vpi_func 3 126 "$urandom" 32 {0 0 0};
    %pushi/vec4 2, 0, 32;
    %mod;
    %cmpi/ne 0, 0, 32;
    %jmp/0xz  T_6.44, 4;
    %load/vec4 v0x58ae1123a780_0;
    %pad/u 32;
    %cmpi/e 15, 0, 32;
    %flag_mov 8, 4;
    %jmp/0 T_6.46, 8;
    %load/vec4 v0x58ae1123a780_0;
    %subi 1, 0, 8;
    %jmp/1 T_6.47, 8;
T_6.46 ; End of true expr.
    %load/vec4 v0x58ae1123a780_0;
    %addi 1, 0, 8;
    %jmp/0 T_6.47, 8;
 ; End of false expr.
    %blend;
T_6.47;
    %pad/u 4;
    %store/vec4 v0x58ae1123acd0_0, 0, 4;
    %jmp T_6.45;
T_6.44 ;
    %load/vec4 v0x58ae1123a780_0;
    %pad/u 32;
    %cmpi/e 0, 0, 32;
    %flag_mov 8, 4;
    %jmp/0 T_6.48, 8;
    %load/vec4 v0x58ae1123a780_0;
    %addi 1, 0, 8;
    %jmp/1 T_6.49, 8;
T_6.48 ; End of true expr.
    %load/vec4 v0x58ae1123a780_0;
    %subi 1, 0, 8;
    %jmp/0 T_6.49, 8;
 ; End of false expr.
    %blend;
T_6.49;
    %pad/u 4;
    %store/vec4 v0x58ae1123acd0_0, 0, 4;
T_6.45 ;
    %jmp T_6.43;
T_6.42 ;
    %load/vec4 v0x58ae1123a780_0;
    %pad/u 4;
    %store/vec4 v0x58ae1123acd0_0, 0, 4;
T_6.43 ;
    %pushi/vec4 0, 0, 32; draw_string_vec4
    %pushi/vec4 0, 0, 32; draw_string_vec4
    %concat/vec4; draw_string_vec4
    %pushi/vec4 0, 0, 32; draw_string_vec4
    %concat/vec4; draw_string_vec4
    %pushi/vec4 0, 0, 32; draw_string_vec4
    %concat/vec4; draw_string_vec4
    %pushi/vec4 0, 0, 32; draw_string_vec4
    %concat/vec4; draw_string_vec4
    %pushi/vec4 0, 0, 32; draw_string_vec4
    %concat/vec4; draw_string_vec4
    %pushi/vec4 0, 0, 32; draw_string_vec4
    %concat/vec4; draw_string_vec4
    %pushi/vec4 45, 0, 24; draw_string_vec4
    %concat/vec4; draw_string_vec4
    %store/vec4 v0x58ae1123ad70_0, 0, 248;
    %pushi/real 1717986918, 4062; load=0.100000
    %pushi/real 1677722, 4040; load=0.100000
    %add/wr;
    %vpi_func 3 139 "$urandom_range" 32, W<0,r>, 32'sb00000000000000000000000000001010 {0 1 0};
    %pad/u 64;
    %muli 100, 0, 64;
    %ix/vec4 4;
    %delayx 4;
    %end;
    .scope S_0x58ae1123a3a0;
t_4 %join;
    %end;
S_0x58ae1123a580 .scope begin, "$unm_blk_10" "$unm_blk_10" 3 114, 3 114 0, S_0x58ae1123a3a0;
 .timescale -9 -11;
v0x58ae1123a780_0 .var "temp", 7 0;
S_0x58ae1123a880 .scope task, "scan_file" "scan_file" 3 104, 3 104 0, S_0x58ae11200ba0;
 .timescale -9 -11;
TD_tb_dual_port_ram_synchronous.scan_file ;
    %vpi_func 3 106 "$fscanf" 32, v0x58ae1123b520_0, "%s %b %b %s %b %b %s ", v0x58ae1123ad70_0, v0x58ae1123b850_0, v0x58ae1123abf0_0, v0x58ae1123af20_0, v0x58ae1123b920_0, v0x58ae1123acd0_0, v0x58ae1123b030_0 {0 0 0};
    %store/vec4 v0x58ae1123ae40_0, 0, 32;
    %load/vec4 v0x58ae1123ae40_0;
    %pushi/vec4 4294967295, 0, 32;
    %cmp/e;
    %flag_get/vec4 4;
    %store/vec4 v0x58ae1123b9f0_0, 0, 1;
    %end;
S_0x58ae1123aa60 .scope task, "vectorcount" "vectorcount" 3 251, 3 251 0, S_0x58ae11200ba0;
 .timescale -9 -11;
TD_tb_dual_port_ram_synchronous.vectorcount ;
    %load/vec4 v0x58ae1123b790_0;
    %addi 1, 0, 32;
    %store/vec4 v0x58ae1123b790_0, 0, 32;
    %end;
    .scope S_0x58ae11238ea0;
T_9 ;
    %wait E_0x58ae112012d0;
    %load/vec4 v0x58ae11239b60_0;
    %flag_set/vec4 8;
    %jmp/0xz  T_9.0, 8;
    %load/vec4 v0x58ae112396d0_0;
    %load/vec4 v0x58ae11239420_0;
    %pad/u 6;
    %ix/vec4 3;
    %ix/load 4, 0, 0; Constant delay
    %assign/vec4/a/d v0x58ae11239aa0, 0, 4;
    %load/vec4 v0x58ae11239420_0;
    %pad/u 6;
    %ix/vec4 4;
    %load/vec4a v0x58ae11239aa0, 4;
    %assign/vec4 v0x58ae112398e0_0, 0;
    %jmp T_9.1;
T_9.0 ;
    %load/vec4 v0x58ae11239420_0;
    %pad/u 6;
    %ix/vec4 4;
    %load/vec4a v0x58ae11239aa0, 4;
    %assign/vec4 v0x58ae112398e0_0, 0;
T_9.1 ;
    %jmp T_9;
    .thread T_9;
    .scope S_0x58ae11238ea0;
T_10 ;
    %wait E_0x58ae112012d0;
    %load/vec4 v0x58ae11239c20_0;
    %flag_set/vec4 8;
    %jmp/0xz  T_10.0, 8;
    %load/vec4 v0x58ae112397b0_0;
    %load/vec4 v0x58ae11239520_0;
    %pad/u 6;
    %ix/vec4 3;
    %ix/load 4, 0, 0; Constant delay
    %assign/vec4/a/d v0x58ae11239aa0, 0, 4;
    %load/vec4 v0x58ae11239520_0;
    %pad/u 6;
    %ix/vec4 4;
    %load/vec4a v0x58ae11239aa0, 4;
    %assign/vec4 v0x58ae112399c0_0, 0;
    %jmp T_10.1;
T_10.0 ;
    %load/vec4 v0x58ae11239520_0;
    %pad/u 6;
    %ix/vec4 4;
    %load/vec4a v0x58ae11239aa0, 4;
    %assign/vec4 v0x58ae112399c0_0, 0;
T_10.1 ;
    %jmp T_10;
    .thread T_10;
    .scope S_0x58ae11200ba0;
T_11 ;
    %vpi_call/w 3 41 "$dumpfile", "tb_dual_port_ram_synchronous.vcd" {0 0 0};
    %vpi_call/w 3 42 "$dumpvars", 32'sb00000000000000000000000000000000, S_0x58ae11200ba0 {0 0 0};
    %end;
    .thread T_11;
    .scope S_0x58ae11200ba0;
T_12 ;
    %delay 1000, 0;
    %load/vec4 v0x58ae1123b6c0_0;
    %inv;
    %assign/vec4 v0x58ae1123b6c0_0, 0;
    %jmp T_12;
    .thread T_12;
    .scope S_0x58ae11200ba0;
T_13 ;
    %fork TD_tb_dual_port_ram_synchronous.initialize, S_0x58ae1123a1c0;
    %join;
    %end;
    .thread T_13;
    .scope S_0x58ae11200ba0;
T_14 ;
    %wait E_0x58ae11204050;
    %delay 990, 0;
    %load/vec4 v0x58ae1123b9f0_0;
    %nor/r;
    %flag_set/vec4 8;
    %jmp/0xz  T_14.0, 8;
    %fork TD_tb_dual_port_ram_synchronous.scan_file, S_0x58ae1123a880;
    %join;
T_14.0 ;
    %jmp T_14;
    .thread T_14;
    .scope S_0x58ae11200ba0;
T_15 ;
    %wait E_0x58ae112012d0;
    %load/vec4 v0x58ae1123b850_0;
    %load/vec4 v0x58ae1123abf0_0;
    %concat/vec4; draw_concat_vec4
    %store/vec4 v0x58ae1123be50_0, 0, 5;
    %load/vec4 v0x58ae1123b920_0;
    %load/vec4 v0x58ae1123acd0_0;
    %concat/vec4; draw_concat_vec4
    %store/vec4 v0x58ae1123bf30_0, 0, 5;
    %fork TD_tb_dual_port_ram_synchronous.in_coverage_update, S_0x58ae11239fe0;
    %join;
    %fork TD_tb_dual_port_ram_synchronous.OUT_EXP, S_0x58ae111a44c0;
    %join;
    %delay 10, 0;
    %fork TD_tb_dual_port_ram_synchronous.display_file, S_0x58ae11238c90;
    %join;
    %fork TD_tb_dual_port_ram_synchronous.errors_warnings_check, S_0x58ae11239e00;
    %join;
    %fork TD_tb_dual_port_ram_synchronous.vectorcount, S_0x58ae1123aa60;
    %join;
    %jmp T_15;
    .thread T_15;
    .scope S_0x58ae11200ba0;
T_16 ;
T_16.0 ;
    %load/vec4 v0x58ae1123b9f0_0;
    %cmpi/ne 1, 0, 1;
    %jmp/0xz T_16.1, 6;
    %wait E_0x58ae11203480;
    %jmp T_16.0;
T_16.1 ;
    %vpi_call/w 3 366 "$display" {0 0 0};
    %vpi_call/w 3 367 "$display", "%13s ***time = %0d,eof ***", "\000", $time {0 0 0};
    %vpi_call/w 3 368 "$display" {0 0 0};
    %pushi/vec4 0, 0, 32;
    %store/vec4 v0x58ae1123ba90_0, 0, 32;
T_16.2 ;
    %load/vec4 v0x58ae1123ba90_0;
    %cmpi/s 50, 0, 32;
    %jmp/0xz T_16.3, 5;
    %load/vec4 v0x58ae1123b850_0;
    %cmpi/e 0, 0, 1;
    %flag_get/vec4 4;
    %jmp/0 T_16.7, 4;
    %load/vec4 v0x58ae1123abf0_0;
    %pad/u 5;
    %pushi/vec4 16, 0, 5;
    %cmp/e;
    %flag_get/vec4 4;
    %and;
T_16.7;
    %flag_set/vec4 8;
    %jmp/1 T_16.6, 8;
    %load/vec4 v0x58ae1123b920_0;
    %cmpi/e 0, 0, 1;
    %flag_get/vec4 4;
    %jmp/0 T_16.8, 4;
    %load/vec4 v0x58ae1123acd0_0;
    %pad/u 5;
    %pushi/vec4 16, 0, 5;
    %cmp/e;
    %flag_get/vec4 4;
    %and;
T_16.8;
    %flag_set/vec4 9;
    %flag_or 8, 9;
T_16.6;
    %jmp/0xz  T_16.4, 8;
    %fork TD_tb_dual_port_ram_synchronous.vectorcount, S_0x58ae1123aa60;
    %join;
    %fork TD_tb_dual_port_ram_synchronous.close, S_0x58ae111a4650;
    %join;
    %jmp T_16.5;
T_16.4 ;
    %fork TD_tb_dual_port_ram_synchronous.random_in, S_0x58ae1123a3a0;
    %join;
T_16.5 ;
    ; show_stmt_assign_vector: Get l-value for compressed += operand
    %load/vec4 v0x58ae1123ba90_0;
    %pushi/vec4 1, 0, 32;
    %add;
    %cast2;
    %store/vec4 v0x58ae1123ba90_0, 0, 32;
    %jmp T_16.2;
T_16.3 ;
    %fork TD_tb_dual_port_ram_synchronous.close, S_0x58ae111a4650;
    %join;
    %end;
    .thread T_16;
# The file index is used to find the file name in the following table.
:file_names 5;
    "N/A";
    "<interactive>";
    "-";
    "tb_dual_port_ram_synchronous.v";
    "dual_port_ram_synchronous.v";
