#! /usr/bin/vvp
:ivl_version "12.0 (stable)";
:ivl_delay_selection "TYPICAL";
:vpi_time_precision - 12;
:vpi_module "/usr/lib/x86_64-linux-gnu/ivl/system.vpi";
:vpi_module "/usr/lib/x86_64-linux-gnu/ivl/vhdl_sys.vpi";
:vpi_module "/usr/lib/x86_64-linux-gnu/ivl/vhdl_textio.vpi";
:vpi_module "/usr/lib/x86_64-linux-gnu/ivl/v2005_math.vpi";
:vpi_module "/usr/lib/x86_64-linux-gnu/ivl/va_math.vpi";
:vpi_module "/usr/lib/x86_64-linux-gnu/ivl/v2009.vpi";
S_0x60d17ec4efd0 .scope package, "$unit" "$unit" 2 1;
 .timescale 0 0;
S_0x60d17ec22e40 .scope module, "tb_register_8_bit_posedge_sync_ld_and_clr" "tb_register_8_bit_posedge_sync_ld_and_clr" 3 2;
 .timescale -9 -12;
P_0x60d17ec22fd0 .param/l "DATA_WIDTH" 0 4 20, +C4<00000000000000000000000000001000>;
P_0x60d17ec23010 .param/l "TICKPERIOD" 0 3 28, +C4<00000000000000000000000000010100>;
P_0x60d17ec23050 .param/l "coverage_VECTOR_WIDTH" 0 4 32, +C4<00000000000000000000000000000010>;
P_0x60d17ec23090 .param/l "coverage_VECTOR_bits" 0 4 19, +C4<00000000000000000000000000000010>;
P_0x60d17ec230d0 .param/l "num_of_GROUPS_in_test_0" 0 4 23, +C4<00000000000000000000000000000010>;
P_0x60d17ec23110 .param/l "num_of_GROUP_general" 0 4 31, C4<0000000000000000000000000000000100>;
P_0x60d17ec23150 .param/l "num_test_with_more_than_one_group_x_general" 0 4 22, +C4<00000000000000000000000000000001>;
P_0x60d17ec23190 .param/l "num_test_with_only_one_group_x_general" 0 4 33, +C4<000000000000000000000000000000001>;
P_0x60d17ec231d0 .param/l "total_flag_group_count_all" 0 4 34, C4<000000000000000000000000000000000111>;
P_0x60d17ec23210 .param/l "total_group_x_general" 0 4 21, +C4<00000000000000000000000000000010>;
L_0x60d17ec538d0 .functor BUFZ 10, v0x60d17ec77ec0_0, C4<0000000000>, C4<0000000000>, C4<0000000000>;
v0x60d17ec7aa00_0 .array/port v0x60d17ec7aa00, 0;
L_0x60d17ec4c330 .functor BUFZ 32, v0x60d17ec7aa00_0, C4<00000000000000000000000000000000>, C4<00000000000000000000000000000000>, C4<00000000000000000000000000000000>;
v0x60d17ec7aa00_1 .array/port v0x60d17ec7aa00, 1;
L_0x60d17ec7b000 .functor BUFZ 32, v0x60d17ec7aa00_1, C4<00000000000000000000000000000000>, C4<00000000000000000000000000000000>, C4<00000000000000000000000000000000>;
v0x60d17ec7aa00_2 .array/port v0x60d17ec7aa00, 2;
L_0x60d17ec7b0d0 .functor BUFZ 32, v0x60d17ec7aa00_2, C4<00000000000000000000000000000000>, C4<00000000000000000000000000000000>, C4<00000000000000000000000000000000>;
v0x60d17ec7a730_0 .array/port v0x60d17ec7a730, 0;
L_0x60d17ec7b1d0 .functor BUFZ 32, v0x60d17ec7a730_0, C4<00000000000000000000000000000000>, C4<00000000000000000000000000000000>, C4<00000000000000000000000000000000>;
v0x60d17ec7a730_1 .array/port v0x60d17ec7a730, 1;
L_0x60d17ec7b2a0 .functor BUFZ 32, v0x60d17ec7a730_1, C4<00000000000000000000000000000000>, C4<00000000000000000000000000000000>, C4<00000000000000000000000000000000>;
v0x60d17ec7a730_2 .array/port v0x60d17ec7a730, 2;
L_0x60d17ec7b3b0 .functor BUFZ 32, v0x60d17ec7a730_2, C4<00000000000000000000000000000000>, C4<00000000000000000000000000000000>, C4<00000000000000000000000000000000>;
v0x60d17ec7a510_0 .array/port v0x60d17ec7a510, 0;
L_0x60d17ec7b450 .functor BUFZ 32, v0x60d17ec7a510_0, C4<00000000000000000000000000000000>, C4<00000000000000000000000000000000>, C4<00000000000000000000000000000000>;
v0x60d17ec7a510_1 .array/port v0x60d17ec7a510, 1;
L_0x60d17ec7b570 .functor BUFZ 32, v0x60d17ec7a510_1, C4<00000000000000000000000000000000>, C4<00000000000000000000000000000000>, C4<00000000000000000000000000000000>;
v0x60d17ec7a510_2 .array/port v0x60d17ec7a510, 2;
L_0x60d17ec7b640 .functor BUFZ 32, v0x60d17ec7a510_2, C4<00000000000000000000000000000000>, C4<00000000000000000000000000000000>, C4<00000000000000000000000000000000>;
v0x60d17ec785f0_0 .array/port v0x60d17ec785f0, 0;
L_0x60d17ec7b770 .functor BUFZ 1, v0x60d17ec785f0_0, C4<0>, C4<0>, C4<0>;
v0x60d17ec785f0_1 .array/port v0x60d17ec785f0, 1;
L_0x60d17ec7b840 .functor BUFZ 1, v0x60d17ec785f0_1, C4<0>, C4<0>, C4<0>;
v0x60d17ec785f0_2 .array/port v0x60d17ec785f0, 2;
L_0x60d17ec7b980 .functor BUFZ 1, v0x60d17ec785f0_2, C4<0>, C4<0>, C4<0>;
L_0x60d17ec8ba60 .functor BUFZ 32, v0x60d17ec7a510_0, C4<00000000000000000000000000000000>, C4<00000000000000000000000000000000>, C4<00000000000000000000000000000000>;
L_0x60d17ec7b910 .functor BUFZ 10, v0x60d17ec77ec0_0, C4<0000000000>, C4<0000000000>, C4<0000000000>;
RS_0x710919ab7168 .resolv tri, L_0x60d17ec7ac20, L_0x60d17ec8bb50;
v0x60d17ec796a0_0 .net8 "CLR_bar", 0 0, RS_0x710919ab7168;  2 drivers
v0x60d17ec79760_0 .var "COMMENT", 247 0;
RS_0x710919ab70d8 .resolv tri, L_0x60d17ec7ae50, L_0x60d17ec8bce0;
v0x60d17ec79820_0 .net8 "DATA_IN", 7 0, RS_0x710919ab70d8;  2 drivers
v0x60d17ec79920_0 .net "DATA_OUT", 7 0, v0x60d17ec73d90_0;  1 drivers
v0x60d17ec799f0_0 .var "DATA_OUT_EXPECTED", 7 0;
v0x60d17ec79b00_0 .var "ERRORS", 31 0;
v0x60d17ec79be0_0 .net "INPUT_drive", 9 0, v0x60d17ec77ec0_0;  1 drivers
RS_0x710919ab7198 .resolv tri, L_0x60d17ec7ad10, L_0x60d17ec8bbf0;
v0x60d17ec79ca0_0 .net8 "LD_bar", 0 0, RS_0x710919ab7198;  2 drivers
v0x60d17ec79d70_0 .var "TICK", 0 0;
v0x60d17ec79e10_0 .var "VECTORCOUNT", 31 0;
v0x60d17ec79eb0_0 .net *"_ivl_28", 9 0, L_0x60d17ec7b910;  1 drivers
v0x60d17ec79f90_0 .net *"_ivl_5", 9 0, L_0x60d17ec538d0;  1 drivers
v0x60d17ec7a070_0 .net "done", 0 0, v0x60d17ec783b0_0;  1 drivers
v0x60d17ec7a110_0 .net "eof", 0 0, v0x60d17ec78470_0;  1 drivers
v0x60d17ec7a1e0 .array "flag_done", 2 0;
v0x60d17ec7a1e0_0 .net v0x60d17ec7a1e0 0, 0 0, L_0x60d17ec7b770; 1 drivers
v0x60d17ec7a1e0_1 .net v0x60d17ec7a1e0 1, 0 0, L_0x60d17ec7b840; 1 drivers
v0x60d17ec7a1e0_2 .net v0x60d17ec7a1e0 2, 0 0, L_0x60d17ec7b980; 1 drivers
v0x60d17ec7a2c0_0 .net "flag_init", 0 0, v0x60d17ec78950_0;  1 drivers
v0x60d17ec7a390_0 .var/2s "i", 31 0;
v0x60d17ec7a450 .array "input_coverage", 3 0, 31 0;
v0x60d17ec7a510 .array "num_of_GROUP", 2 0, 31 0;
v0x60d17ec7a650_0 .net "num_of_group_general", 31 0, L_0x60d17ec8ba60;  1 drivers
v0x60d17ec7a730 .array "prev_total_flag_group_count", 2 0, 31 0;
v0x60d17ec7a870_0 .net "start_test", 4 0, v0x60d17ec78e30_0;  1 drivers
v0x60d17ec7a960 .array "state_input_coverage", 23 0, 31 0;
v0x60d17ec7aa00 .array "total_flag_group_count", 2 0, 31 0;
L_0x710919a6e018 .functor BUFT 1, C4<00000000000000000000000000000011>, C4<0>, C4<0>, C4<0>;
v0x60d17ec7ab40_0 .net "total_num_of_group", 31 0, L_0x710919a6e018;  1 drivers
E_0x60d17ebfefc0 .event "post_process_event";
L_0x60d17ec7ac20 .part L_0x60d17ec538d0, 9, 1;
L_0x60d17ec7ad10 .part L_0x60d17ec538d0, 8, 1;
L_0x60d17ec7ae50 .part L_0x60d17ec538d0, 0, 8;
L_0x60d17ec8bb50 .part L_0x60d17ec7b910, 9, 1;
L_0x60d17ec8bbf0 .part L_0x60d17ec7b910, 8, 1;
L_0x60d17ec8bce0 .part L_0x60d17ec7b910, 0, 8;
S_0x60d17ebf5ff0 .scope begin, "$ivl_for_loop0" "$ivl_for_loop0" 4 69, 4 69 0, S_0x60d17ec22e40;
 .timescale -9 -12;
v0x60d17ec53a30_0 .var/2s "j", 31 0;
S_0x60d17ec72d20 .scope begin, "$ivl_for_loop3" "$ivl_for_loop3" 3 264, 3 264 0, S_0x60d17ec22e40;
 .timescale -9 -12;
v0x60d17ec53fd0_0 .var/2s "j", 31 0;
S_0x60d17ec72f60 .scope task, "close" "close" 3 122, 3 122 0, S_0x60d17ec22e40;
 .timescale -9 -12;
TD_tb_register_8_bit_posedge_sync_ld_and_clr.close ;
    %delay 10000, 0;
    %vpi_call/w 3 126 "$display" {0 0 0};
    %vpi_call/w 3 127 "$display", "COVERAGE_REPORT" {0 0 0};
    %vpi_call/w 3 128 "$display" {0 0 0};
    %vpi_call/w 3 129 "$display" {0 0 0};
    %fork t_1, S_0x60d17ec73140;
    %jmp t_0;
    .scope S_0x60d17ec73140;
t_1 ;
    %pushi/vec4 0, 0, 32;
    %store/vec4 v0x60d17ec55540_0, 0, 32;
T_0.0 ;
    %load/vec4 v0x60d17ec55540_0;
    %load/vec4 v0x60d17ec7a650_0;
    %cmp/u;
    %jmp/0xz T_0.1, 5;
    %ix/getv/s 4, v0x60d17ec55540_0;
    %load/vec4a v0x60d17ec7a450, 4;
    %cmpi/e 0, 0, 32;
    %jmp/0xz  T_0.2, 4;
    %vpi_call/w 3 133 "$display", "input combination CLR_bar = %b and LD_bar =%b has occured %d times***ERROR***", &PV<v0x60d17ec55540_0, 1, 1>, &PV<v0x60d17ec55540_0, 0, 1>, &A<v0x60d17ec7a450, v0x60d17ec55540_0 > {0 0 0};
    %load/vec4 v0x60d17ec79b00_0;
    %addi 1, 0, 32;
    %store/vec4 v0x60d17ec79b00_0, 0, 32;
    %jmp T_0.3;
T_0.2 ;
    %vpi_call/w 3 137 "$display", "input combination CLR_bar = %b and LD_bar =%b has occured %d times", &PV<v0x60d17ec55540_0, 1, 1>, &PV<v0x60d17ec55540_0, 0, 1>, &A<v0x60d17ec7a450, v0x60d17ec55540_0 > {0 0 0};
T_0.3 ;
    ; show_stmt_assign_vector: Get l-value for compressed += operand
    %load/vec4 v0x60d17ec55540_0;
    %pushi/vec4 1, 0, 32;
    %add;
    %cast2;
    %store/vec4 v0x60d17ec55540_0, 0, 32;
    %jmp T_0.0;
T_0.1 ;
    %end;
    .scope S_0x60d17ec72f60;
t_0 %join;
    %fork t_3, S_0x60d17ec73380;
    %jmp t_2;
    .scope S_0x60d17ec73380;
t_3 ;
    %pushi/vec4 0, 0, 32;
    %store/vec4 v0x60d17ec4c490_0, 0, 32;
T_0.4 ;
    %load/vec4 v0x60d17ec4c490_0;
    %load/vec4 v0x60d17ec7ab40_0;
    %cmp/u;
    %jmp/0xz T_0.5, 5;
    %load/vec4 v0x60d17ec4c490_0;
    %cmpi/e 0, 0, 32;
    %jmp/0xz  T_0.6, 4;
    %ix/getv/s 4, v0x60d17ec4c490_0;
    %load/vec4a v0x60d17ec7a960, 4;
    %cmpi/e 0, 0, 32;
    %jmp/0xz  T_0.8, 4;
    %vpi_call/w 3 145 "$display", "not all input combination of {CLR_bar,LD_bar} has been tested***ERROR***" {0 0 0};
    %load/vec4 v0x60d17ec79b00_0;
    %addi 1, 0, 32;
    %store/vec4 v0x60d17ec79b00_0, 0, 32;
    %jmp T_0.9;
T_0.8 ;
    %vpi_call/w 3 149 "$display", "all input combination of {CLR_bar,LD_bar} has been tested" {0 0 0};
T_0.9 ;
    %jmp T_0.7;
T_0.6 ;
    %load/vec4 v0x60d17ec4c490_0;
    %cmpi/e 1, 0, 32;
    %jmp/0xz  T_0.10, 4;
    %ix/getv/s 4, v0x60d17ec4c490_0;
    %load/vec4a v0x60d17ec7a960, 4;
    %cmpi/e 0, 0, 32;
    %jmp/0xz  T_0.12, 4;
    %vpi_call/w 3 154 "$display", "input combination of LD_bar maintain 0 then 1 each for 4 posedge clk has been tested  ***ERROR***" {0 0 0};
    %load/vec4 v0x60d17ec79b00_0;
    %addi 1, 0, 32;
    %store/vec4 v0x60d17ec79b00_0, 0, 32;
    %jmp T_0.13;
T_0.12 ;
    %vpi_call/w 3 158 "$display", "input combination of LD_bar maintain 0 then 1 each for 4 posedge clk has been tested " {0 0 0};
T_0.13 ;
    %jmp T_0.11;
T_0.10 ;
    %load/vec4 v0x60d17ec4c490_0;
    %cmpi/e 2, 0, 32;
    %jmp/0xz  T_0.14, 4;
    %ix/getv/s 4, v0x60d17ec4c490_0;
    %load/vec4a v0x60d17ec7a960, 4;
    %cmpi/e 0, 0, 32;
    %jmp/0xz  T_0.16, 4;
    %vpi_call/w 3 163 "$display", "input combination {CLR_bar,LD_bar} toggle as complementary signals for 4 posedge clk has been tested ***ERROR*** " {0 0 0};
    %load/vec4 v0x60d17ec79b00_0;
    %addi 1, 0, 32;
    %store/vec4 v0x60d17ec79b00_0, 0, 32;
    %jmp T_0.17;
T_0.16 ;
    %vpi_call/w 3 167 "$display", "input combination {CLR_bar,LD_bar} toggle as complementary signals for 4 posedge clk has been tested" {0 0 0};
T_0.17 ;
T_0.14 ;
T_0.11 ;
T_0.7 ;
    ; show_stmt_assign_vector: Get l-value for compressed += operand
    %load/vec4 v0x60d17ec4c490_0;
    %pushi/vec4 1, 0, 32;
    %add;
    %cast2;
    %store/vec4 v0x60d17ec4c490_0, 0, 32;
    %jmp T_0.4;
T_0.5 ;
    %end;
    .scope S_0x60d17ec72f60;
t_2 %join;
    %vpi_call/w 3 173 "$display" {0 0 0};
    %vpi_call/w 3 174 "$display", "VECTORCOUNT = %d", v0x60d17ec79e10_0 {0 0 0};
    %vpi_call/w 3 175 "$display", "ERRORS = %15d", v0x60d17ec79b00_0 {0 0 0};
    %vpi_call/w 3 176 "$display" {0 0 0};
    %vpi_call/w 3 177 "$display", "TEST_END--------------------------------------------------------------------------------------------------------------------------" {0 0 0};
    %vpi_call/w 3 178 "$display" {0 0 0};
    %vpi_call/w 3 180 "$finish" {0 0 0};
    %end;
S_0x60d17ec73140 .scope begin, "$ivl_for_loop1" "$ivl_for_loop1" 3 131, 3 131 0, S_0x60d17ec72f60;
 .timescale -9 -12;
v0x60d17ec55540_0 .var/2s "j", 31 0;
S_0x60d17ec73380 .scope begin, "$ivl_for_loop2" "$ivl_for_loop2" 3 141, 3 141 0, S_0x60d17ec72f60;
 .timescale -9 -12;
v0x60d17ec4c490_0 .var/2s "j", 31 0;
S_0x60d17ec735c0 .scope task, "comment" "comment" 3 91, 3 91 0, S_0x60d17ec22e40;
 .timescale -9 -12;
TD_tb_register_8_bit_posedge_sync_ld_and_clr.comment ;
    %load/vec4 v0x60d17ec7a110_0;
    %flag_set/vec4 8;
    %jmp/0xz  T_1.18, 8;
    %pushi/vec4 0, 0, 32; draw_string_vec4
    %pushi/vec4 0, 0, 32; draw_string_vec4
    %concat/vec4; draw_string_vec4
    %pushi/vec4 0, 0, 32; draw_string_vec4
    %concat/vec4; draw_string_vec4
    %pushi/vec4 0, 0, 32; draw_string_vec4
    %concat/vec4; draw_string_vec4
    %pushi/vec4 82, 0, 32; draw_string_vec4
    %concat/vec4; draw_string_vec4
    %pushi/vec4 1095648335, 0, 32; draw_string_vec4
    %concat/vec4; draw_string_vec4
    %pushi/vec4 1298090318, 0, 32; draw_string_vec4
    %concat/vec4; draw_string_vec4
    %pushi/vec4 5264724, 0, 24; draw_string_vec4
    %concat/vec4; draw_string_vec4
    %store/vec4 v0x60d17ec79760_0, 0, 248;
    %jmp T_1.19;
T_1.18 ;
    %load/vec4 v0x60d17ec7a870_0;
    %parti/s 1, 2, 3;
    %flag_set/vec4 8;
    %jmp/0xz  T_1.20, 8;
    %pushi/vec4 0, 0, 32; draw_string_vec4
    %pushi/vec4 0, 0, 32; draw_string_vec4
    %concat/vec4; draw_string_vec4
    %pushi/vec4 0, 0, 32; draw_string_vec4
    %concat/vec4; draw_string_vec4
    %pushi/vec4 25448, 0, 32; draw_string_vec4
    %concat/vec4; draw_string_vec4
    %pushi/vec4 1634625381, 0, 32; draw_string_vec4
    %concat/vec4; draw_string_vec4
    %pushi/vec4 1600549477, 0, 32; draw_string_vec4
    %concat/vec4; draw_string_vec4
    %pushi/vec4 1903519086, 0, 32; draw_string_vec4
    %concat/vec4; draw_string_vec4
    %pushi/vec4 7629945, 0, 24; draw_string_vec4
    %concat/vec4; draw_string_vec4
    %store/vec4 v0x60d17ec79760_0, 0, 248;
    %jmp T_1.21;
T_1.20 ;
    %load/vec4 v0x60d17ec7a870_0;
    %parti/s 1, 1, 2;
    %flag_set/vec4 8;
    %jmp/0xz  T_1.22, 8;
    %load/vec4 v0x60d17ec79ca0_0;
    %nor/r;
    %flag_set/vec4 8;
    %jmp/0xz  T_1.24, 8;
    %pushi/vec4 0, 0, 32; draw_string_vec4
    %pushi/vec4 0, 0, 32; draw_string_vec4
    %concat/vec4; draw_string_vec4
    %pushi/vec4 0, 0, 32; draw_string_vec4
    %concat/vec4; draw_string_vec4
    %pushi/vec4 0, 0, 32; draw_string_vec4
    %concat/vec4; draw_string_vec4
    %pushi/vec4 0, 0, 32; draw_string_vec4
    %concat/vec4; draw_string_vec4
    %pushi/vec4 19777, 0, 32; draw_string_vec4
    %concat/vec4; draw_string_vec4
    %pushi/vec4 1314144585, 0, 32; draw_string_vec4
    %concat/vec4; draw_string_vec4
    %pushi/vec4 5136176, 0, 24; draw_string_vec4
    %concat/vec4; draw_string_vec4
    %store/vec4 v0x60d17ec79760_0, 0, 248;
    %jmp T_1.25;
T_1.24 ;
    %load/vec4 v0x60d17ec79ca0_0;
    %flag_set/vec4 8;
    %jmp/0xz  T_1.26, 8;
    %pushi/vec4 0, 0, 32; draw_string_vec4
    %pushi/vec4 0, 0, 32; draw_string_vec4
    %concat/vec4; draw_string_vec4
    %pushi/vec4 0, 0, 32; draw_string_vec4
    %concat/vec4; draw_string_vec4
    %pushi/vec4 0, 0, 32; draw_string_vec4
    %concat/vec4; draw_string_vec4
    %pushi/vec4 0, 0, 32; draw_string_vec4
    %concat/vec4; draw_string_vec4
    %pushi/vec4 19777, 0, 32; draw_string_vec4
    %concat/vec4; draw_string_vec4
    %pushi/vec4 1314144585, 0, 32; draw_string_vec4
    %concat/vec4; draw_string_vec4
    %pushi/vec4 5136177, 0, 24; draw_string_vec4
    %concat/vec4; draw_string_vec4
    %store/vec4 v0x60d17ec79760_0, 0, 248;
T_1.26 ;
T_1.25 ;
    %jmp T_1.23;
T_1.22 ;
    %load/vec4 v0x60d17ec7a870_0;
    %parti/s 1, 0, 2;
    %flag_set/vec4 8;
    %jmp/0xz  T_1.28, 8;
    %pushi/vec4 0, 0, 32; draw_string_vec4
    %pushi/vec4 0, 0, 32; draw_string_vec4
    %concat/vec4; draw_string_vec4
    %pushi/vec4 0, 0, 32; draw_string_vec4
    %concat/vec4; draw_string_vec4
    %pushi/vec4 0, 0, 32; draw_string_vec4
    %concat/vec4; draw_string_vec4
    %pushi/vec4 71, 0, 32; draw_string_vec4
    %concat/vec4; draw_string_vec4
    %pushi/vec4 1162757458, 0, 32; draw_string_vec4
    %concat/vec4; draw_string_vec4
    %pushi/vec4 1095524180, 0, 32; draw_string_vec4
    %concat/vec4; draw_string_vec4
    %pushi/vec4 4543316, 0, 24; draw_string_vec4
    %concat/vec4; draw_string_vec4
    %store/vec4 v0x60d17ec79760_0, 0, 248;
    %jmp T_1.29;
T_1.28 ;
    %load/vec4 v0x60d17ec7a2c0_0;
    %vpi_func 3 111 "$time" 64 {0 0 0};
    %cmpi/u 20, 0, 64;
    %flag_get/vec4 5;
    %and;
    %flag_set/vec4 8;
    %jmp/0xz  T_1.30, 8;
    %pushi/vec4 0, 0, 32; draw_string_vec4
    %pushi/vec4 0, 0, 32; draw_string_vec4
    %concat/vec4; draw_string_vec4
    %pushi/vec4 0, 0, 32; draw_string_vec4
    %concat/vec4; draw_string_vec4
    %pushi/vec4 0, 0, 32; draw_string_vec4
    %concat/vec4; draw_string_vec4
    %pushi/vec4 0, 0, 32; draw_string_vec4
    %concat/vec4; draw_string_vec4
    %pushi/vec4 0, 0, 32; draw_string_vec4
    %concat/vec4; draw_string_vec4
    %pushi/vec4 73, 0, 32; draw_string_vec4
    %concat/vec4; draw_string_vec4
    %pushi/vec4 5130580, 0, 24; draw_string_vec4
    %concat/vec4; draw_string_vec4
    %store/vec4 v0x60d17ec79760_0, 0, 248;
T_1.30 ;
T_1.29 ;
T_1.23 ;
T_1.21 ;
T_1.19 ;
    %end;
S_0x60d17ec737a0 .scope task, "coverage_update" "coverage_update" 3 208, 3 208 0, S_0x60d17ec22e40;
 .timescale -9 -12;
TD_tb_register_8_bit_posedge_sync_ld_and_clr.coverage_update ;
    ; show_stmt_assign_vector: Get l-value for compressed += operand
    %load/vec4 v0x60d17ec796a0_0;
    %load/vec4 v0x60d17ec79ca0_0;
    %concat/vec4; draw_concat_vec4
    %pad/u 4;
    %ix/vec4 4;
    %flag_mov 8, 4;
    %load/vec4a v0x60d17ec7a450, 4;
    %pushi/vec4 1, 0, 32;
    %add;
    %flag_mov 4, 8;
    %store/vec4a v0x60d17ec7a450, 4, 0;
    %ix/load 4, 0, 0;
    %flag_set/imm 4, 0;
    %load/vec4a v0x60d17ec7a1e0, 4;
    %flag_set/vec4 8;
    %jmp/0xz  T_2.32, 8;
    ; show_stmt_assign_vector: Get l-value for compressed += operand
    %ix/load 3, 0, 0;
    %flag_set/imm 4, 0;
    %load/vec4a v0x60d17ec7a960, 3;
    %pushi/vec4 1, 0, 32;
    %add;
    %flag_set/imm 4, 0;
    %ix/load 4, 0, 0;
    %store/vec4a v0x60d17ec7a960, 4, 0;
T_2.32 ;
    %ix/load 4, 1, 0;
    %flag_set/imm 4, 0;
    %load/vec4a v0x60d17ec7a1e0, 4;
    %flag_set/vec4 8;
    %jmp/0xz  T_2.34, 8;
    ; show_stmt_assign_vector: Get l-value for compressed += operand
    %ix/load 3, 1, 0;
    %flag_set/imm 4, 0;
    %load/vec4a v0x60d17ec7a960, 3;
    %pushi/vec4 1, 0, 32;
    %add;
    %flag_set/imm 4, 0;
    %ix/load 4, 1, 0;
    %store/vec4a v0x60d17ec7a960, 4, 0;
T_2.34 ;
    %ix/load 4, 2, 0;
    %flag_set/imm 4, 0;
    %load/vec4a v0x60d17ec7a1e0, 4;
    %flag_set/vec4 8;
    %jmp/0xz  T_2.36, 8;
    ; show_stmt_assign_vector: Get l-value for compressed += operand
    %ix/load 3, 2, 0;
    %flag_set/imm 4, 0;
    %load/vec4a v0x60d17ec7a960, 3;
    %pushi/vec4 1, 0, 32;
    %add;
    %flag_set/imm 4, 0;
    %ix/load 4, 2, 0;
    %store/vec4a v0x60d17ec7a960, 4, 0;
T_2.36 ;
    %end;
S_0x60d17ec739d0 .scope module, "dut_register_8_bit_posedge_sync_ld_and_clr" "register_8_bit_posedge_sync_ld_and_clr" 3 35, 5 2 0, S_0x60d17ec22e40;
 .timescale -9 -12;
    .port_info 0 /INPUT 1 "clk";
    .port_info 1 /INPUT 1 "ld_bar";
    .port_info 2 /INPUT 1 "clr_bar";
    .port_info 3 /INPUT 8 "DATA_IN";
    .port_info 4 /OUTPUT 8 "DATA_OUT";
P_0x60d17ec73bb0 .param/l "DATA_WIDTH" 0 5 10, +C4<00000000000000000000000000001000>;
v0x60d17ec73c90_0 .net8 "DATA_IN", 7 0, RS_0x710919ab70d8;  alias, 2 drivers
v0x60d17ec73d90_0 .var "DATA_OUT", 7 0;
v0x60d17ec73e70_0 .net "clk", 0 0, v0x60d17ec79d70_0;  1 drivers
v0x60d17ec73f40_0 .net8 "clr_bar", 0 0, RS_0x710919ab7168;  alias, 2 drivers
v0x60d17ec74000_0 .net8 "ld_bar", 0 0, RS_0x710919ab7198;  alias, 2 drivers
E_0x60d17ebfcfa0 .event posedge, v0x60d17ec73e70_0;
S_0x60d17ec741b0 .scope task, "errors_warnings_check" "errors_warnings_check" 3 232, 3 232 0, S_0x60d17ec22e40;
 .timescale -9 -12;
TD_tb_register_8_bit_posedge_sync_ld_and_clr.errors_warnings_check ;
    %load/vec4 v0x60d17ec79920_0;
    %load/vec4 v0x60d17ec799f0_0;
    %cmp/ne;
    %jmp/0xz  T_3.38, 6;
    %vpi_call/w 3 235 "$display", "***ERROR: DATA_OUT = %b, DATA_OUT_expected = %b", v0x60d17ec79920_0, v0x60d17ec799f0_0 {0 0 0};
    %load/vec4 v0x60d17ec79b00_0;
    %addi 1, 0, 32;
    %store/vec4 v0x60d17ec79b00_0, 0, 32;
T_3.38 ;
    %end;
S_0x60d17ec74390 .scope task, "initialize" "initialize" 3 63, 3 63 0, S_0x60d17ec22e40;
 .timescale -9 -12;
TD_tb_register_8_bit_posedge_sync_ld_and_clr.initialize ;
    %pushi/vec4 0, 0, 1;
    %store/vec4 v0x60d17ec79d70_0, 0, 1;
    %pushi/vec4 0, 0, 32;
    %store/vec4 v0x60d17ec79e10_0, 0, 32;
    %pushi/vec4 0, 0, 32;
    %store/vec4 v0x60d17ec79b00_0, 0, 32;
    %pushi/vec4 0, 0, 32;
    %store/vec4 v0x60d17ec7a390_0, 0, 32;
T_4.40 ;
    %load/vec4 v0x60d17ec7a390_0;
    %load/vec4 v0x60d17ec7ab40_0;
    %cmp/u;
    %jmp/0xz T_4.41, 5;
    %pushi/vec4 0, 0, 32;
    %ix/getv/s 4, v0x60d17ec7a390_0;
    %store/vec4a v0x60d17ec7a960, 4, 0;
    ; show_stmt_assign_vector: Get l-value for compressed += operand
    %load/vec4 v0x60d17ec7a390_0;
    %pushi/vec4 1, 0, 32;
    %add;
    %cast2;
    %store/vec4 v0x60d17ec7a390_0, 0, 32;
    %jmp T_4.40;
T_4.41 ;
    %pushi/vec4 0, 0, 32;
    %store/vec4 v0x60d17ec7a390_0, 0, 32;
T_4.42 ;
    %load/vec4 v0x60d17ec7a390_0;
    %load/vec4 v0x60d17ec7a650_0;
    %cmp/u;
    %jmp/0xz T_4.43, 5;
    %pushi/vec4 0, 0, 32;
    %ix/getv/s 4, v0x60d17ec7a390_0;
    %store/vec4a v0x60d17ec7a450, 4, 0;
    ; show_stmt_assign_vector: Get l-value for compressed += operand
    %load/vec4 v0x60d17ec7a390_0;
    %pushi/vec4 1, 0, 32;
    %add;
    %cast2;
    %store/vec4 v0x60d17ec7a390_0, 0, 32;
    %jmp T_4.42;
T_4.43 ;
    %vpi_call/w 3 77 "$display" {0 0 0};
    %vpi_call/w 3 78 "$display" {0 0 0};
    %vpi_call/w 3 79 "$display", "TEST_START-------------------------------------------------------------------------------------------" {0 0 0};
    %vpi_call/w 3 80 "$display" {0 0 0};
    %vpi_call/w 3 81 "$display", "                                | TIME | CLR_bar | LD_bar | DATA_IN  | DATA_OUT | DATA_OUT_EXPECTED |" {0 0 0};
    %vpi_call/w 3 82 "$display", "-----------------------------------------------------------------------------------------------------" {0 0 0};
    %end;
S_0x60d17ec74570 .scope module, "input_register1" "input_register" 4 48, 6 1 0, S_0x60d17ec22e40;
 .timescale -9 -12;
    .port_info 0 /INPUT 1 "TICK";
    .port_info 1 /INPUT 96 "total_flag_group_count";
    .port_info 2 /INPUT 96 "prev_total_flag_group_count";
    .port_info 3 /INPUT 96 "num_of_GROUP";
    .port_info 4 /OUTPUT 1 "LD_bar";
    .port_info 5 /OUTPUT 1 "CLR_bar";
    .port_info 6 /OUTPUT 8 "D";
    .port_info 7 /OUTPUT 1 "eof";
    .port_info 8 /OUTPUT 1 "done";
    .port_info 9 /OUTPUT 1 "flag_init";
    .port_info 10 /OUTPUT 1 "flag_general";
    .port_info 11 /OUTPUT 1 "flag_mantain_ld";
    .port_info 12 /OUTPUT 1 "flag_freq";
    .port_info 13 /OUTPUT 5 "start_test";
    .port_info 14 /OUTPUT 10 "INPUT_drive";
    .port_info 15 /OUTPUT 3 "flag_done";
P_0x60d17ec74750 .param/l "DATA_WIDTH" 0 6 32, +C4<00000000000000000000000000001000>;
P_0x60d17ec74790 .param/l "TICKPERIOD" 0 6 30, +C4<00000000000000000000000000010100>;
P_0x60d17ec747d0 .param/l "coverage_VECTOR_WIDTH" 0 6 34, +C4<00000000000000000000000000000010>;
P_0x60d17ec74810 .param/l "coverage_VECTOR_bits" 0 6 33, +C4<00000000000000000000000000000010>;
P_0x60d17ec74850 .param/l "total_flag_group_count_all" 0 6 36, C4<000000000000000000000000000000000111>;
P_0x60d17ec74890 .param/l "total_group_x_general" 0 6 35, +C4<00000000000000000000000000000010>;
L_0x60d17ec53c10 .functor NOT 1, v0x60d17ec77fa0_0, C4<0>, C4<0>, C4<0>;
L_0x60d17ec553e0 .functor NOT 1, v0x60d17ec77c60_0, C4<0>, C4<0>, C4<0>;
v0x60d17ec77c60_0 .var "CLR", 0 0;
v0x60d17ec77d40_0 .net "CLR_bar", 0 0, L_0x60d17ec553e0;  1 drivers
v0x60d17ec77e00_0 .var "D", 7 0;
v0x60d17ec77ec0_0 .var "INPUT_drive", 9 0;
v0x60d17ec77fa0_0 .var "LD", 0 0;
v0x60d17ec780b0_0 .net "LD_bar", 0 0, L_0x60d17ec53c10;  1 drivers
v0x60d17ec78170_0 .net "TICK", 0 0, v0x60d17ec79d70_0;  alias, 1 drivers
v0x60d17ec78210_0 .var/2s "burst", 31 0;
v0x60d17ec782d0_0 .var "ch", 7 0;
v0x60d17ec783b0_0 .var "done", 0 0;
v0x60d17ec78470_0 .var "eof", 0 0;
v0x60d17ec78530_0 .var "flag_X", 0 0;
v0x60d17ec785f0 .array "flag_done", 2 0, 0 0;
v0x60d17ec78710_0 .var "flag_freq", 0 0;
v0x60d17ec787d0_0 .var "flag_general", 0 0;
v0x60d17ec78890 .array "flag_group_count", 6 0, 31 0;
v0x60d17ec78950_0 .var "flag_init", 0 0;
v0x60d17ec78a10_0 .var "flag_mantain_ld", 0 0;
v0x60d17ec78ad0_0 .var/2s "mode", 31 0;
v0x60d17ec78bb0 .array "num_of_GROUP", 2 0;
v0x60d17ec78bb0_0 .net v0x60d17ec78bb0 0, 31 0, L_0x60d17ec7b450; 1 drivers
v0x60d17ec78bb0_1 .net v0x60d17ec78bb0 1, 31 0, L_0x60d17ec7b570; 1 drivers
v0x60d17ec78bb0_2 .net v0x60d17ec78bb0 2, 31 0, L_0x60d17ec7b640; 1 drivers
v0x60d17ec78cf0 .array "prev_total_flag_group_count", 2 0;
v0x60d17ec78cf0_0 .net v0x60d17ec78cf0 0, 31 0, L_0x60d17ec7b1d0; 1 drivers
v0x60d17ec78cf0_1 .net v0x60d17ec78cf0 1, 31 0, L_0x60d17ec7b2a0; 1 drivers
v0x60d17ec78cf0_2 .net v0x60d17ec78cf0 2, 31 0, L_0x60d17ec7b3b0; 1 drivers
v0x60d17ec78e30_0 .var "start_test", 4 0;
v0x60d17ec78f10_0 .var "tick_count", 31 0;
v0x60d17ec78ff0 .array "total_flag_group_count", 2 0;
v0x60d17ec78ff0_0 .net v0x60d17ec78ff0 0, 31 0, L_0x60d17ec4c330; 1 drivers
v0x60d17ec78ff0_1 .net v0x60d17ec78ff0 1, 31 0, L_0x60d17ec7b000; 1 drivers
v0x60d17ec78ff0_2 .net v0x60d17ec78ff0 2, 31 0, L_0x60d17ec7b0d0; 1 drivers
E_0x60d17ec1c9e0 .event anyedge, v0x60d17ec78470_0;
S_0x60d17ec74e20 .scope begin, "$ivl_for_loop16" "$ivl_for_loop16" 6 321, 6 321 0, S_0x60d17ec74570;
 .timescale -9 -12;
v0x60d17ec74b00_0 .var/2s "j", 31 0;
S_0x60d17ec75030 .scope begin, "$ivl_for_loop17" "$ivl_for_loop17" 6 335, 6 335 0, S_0x60d17ec74570;
 .timescale -9 -12;
v0x60d17ec75230_0 .var/2s "i", 31 0;
S_0x60d17ec75310 .scope task, "general_input" "general_input" 6 70, 6 70 0, S_0x60d17ec74570;
 .timescale -9 -12;
TD_tb_register_8_bit_posedge_sync_ld_and_clr.input_register1.general_input ;
    %vpi_func 6 73 "$urandom_range" 32, 32'sb00000000000000000000000000100000, 32'sb00000000000000000000000001111110 {0 0 0};
    %pad/u 8;
    %store/vec4 v0x60d17ec782d0_0, 0, 8;
    %pushi/vec4 0, 0, 1;
    %store/vec4 v0x60d17ec78530_0, 0, 1;
    %fork t_5, S_0x60d17ec75520;
    %jmp t_4;
    .scope S_0x60d17ec75520;
t_5 ;
    %pushi/vec4 0, 0, 32;
    %store/vec4 v0x60d17ec77160_0, 0, 32;
T_5.44 ;
    %load/vec4 v0x60d17ec77160_0;
    %cmpi/s 3, 0, 32;
    %jmp/0xz T_5.45, 5;
    %load/vec4 v0x60d17ec77160_0;
    %cmpi/e 0, 0, 32;
    %jmp/0xz  T_5.46, 4;
    %load/vec4 v0x60d17ec78950_0;
    %pad/u 32;
    %cmpi/ne 1, 0, 32;
    %flag_get/vec4 6;
    %jmp/0 T_5.50, 6;
    %load/vec4 v0x60d17ec78530_0;
    %nor/r;
    %and;
T_5.50;
    %flag_set/vec4 8;
    %jmp/0xz  T_5.48, 8;
    %pushi/vec4 1, 0, 1;
    %store/vec4 v0x60d17ec78950_0, 0, 1;
    %pushi/vec4 1, 0, 1;
    %store/vec4 v0x60d17ec78530_0, 0, 1;
    %jmp T_5.49;
T_5.48 ;
    %ix/getv/s 4, v0x60d17ec77160_0;
    %load/vec4a v0x60d17ec785f0, 4;
    %pad/u 32;
    %cmpi/ne 1, 0, 32;
    %flag_get/vec4 6;
    %jmp/0 T_5.53, 6;
    %load/vec4 v0x60d17ec78530_0;
    %nor/r;
    %and;
T_5.53;
    %flag_set/vec4 8;
    %jmp/0xz  T_5.51, 8;
    %load/vec4 v0x60d17ec78e30_0;
    %load/vec4 v0x60d17ec77160_0;
    %part/s 1;
    %pad/u 32;
    %cmpi/ne 1, 0, 32;
    %jmp/0xz  T_5.54, 6;
    %vpi_call/w 6 93 "$display" {0 0 0};
    %vpi_call/w 6 94 "$display", "%12s ***time = %0d, GENERAL TEST of {CLR,LD}***", "\000", $time {0 0 0};
    %vpi_call/w 6 95 "$display" {0 0 0};
    %pushi/vec4 1, 0, 1;
    %ix/getv/s 4, v0x60d17ec77160_0;
    %store/vec4 v0x60d17ec78e30_0, 4, 1;
T_5.54 ;
    %pushi/vec4 0, 0, 1;
    %store/vec4 v0x60d17ec78530_0, 0, 1;
    %fork t_7, S_0x60d17ec765e0;
    %jmp t_6;
    .scope S_0x60d17ec765e0;
t_7 ;
    %pushi/vec4 0, 0, 32;
    %store/vec4 v0x60d17ec767c0_0, 0, 32;
T_5.56 ;
    %load/vec4 v0x60d17ec767c0_0;
    %ix/getv/s 4, v0x60d17ec77160_0;
    %load/vec4a v0x60d17ec78bb0, 4;
    %cmp/u;
    %jmp/0xz T_5.57, 5;
    %ix/getv/s 4, v0x60d17ec767c0_0;
    %load/vec4a v0x60d17ec78890, 4;
    %cmpi/ne 1, 0, 32;
    %flag_get/vec4 6;
    %jmp/0 T_5.60, 6;
    %load/vec4 v0x60d17ec78530_0;
    %nor/r;
    %and;
T_5.60;
    %flag_set/vec4 8;
    %jmp/0xz  T_5.58, 8;
    %load/vec4 v0x60d17ec767c0_0;
    %parti/s 2, 0, 2;
    %load/vec4 v0x60d17ec782d0_0;
    %concat/vec4; draw_concat_vec4
    %store/vec4 v0x60d17ec77ec0_0, 0, 10;
    %pushi/vec4 1, 0, 1;
    %store/vec4 v0x60d17ec78530_0, 0, 1;
T_5.58 ;
    ; show_stmt_assign_vector: Get l-value for compressed += operand
    %load/vec4 v0x60d17ec767c0_0;
    %pushi/vec4 1, 0, 32;
    %add;
    %cast2;
    %store/vec4 v0x60d17ec767c0_0, 0, 32;
    %jmp T_5.56;
T_5.57 ;
    %end;
    .scope S_0x60d17ec75520;
t_6 %join;
    %fork t_9, S_0x60d17ec768c0;
    %jmp t_8;
    .scope S_0x60d17ec768c0;
t_9 ;
    %pushi/vec4 0, 0, 32;
    %store/vec4 v0x60d17ec76aa0_0, 0, 32;
T_5.61 ;
    %load/vec4 v0x60d17ec76aa0_0;
    %ix/getv/s 4, v0x60d17ec77160_0;
    %load/vec4a v0x60d17ec78bb0, 4;
    %cmp/u;
    %jmp/0xz T_5.62, 5;
    %load/vec4 v0x60d17ec76aa0_0;
    %cmpi/e 0, 0, 32;
    %jmp/0xz  T_5.63, 4;
    %load/vec4 v0x60d17ec77ec0_0;
    %parti/s 2, 8, 5;
    %load/vec4 v0x60d17ec76aa0_0;
    %parti/s 2, 0, 2;
    %cmp/e;
    %jmp/0xz  T_5.65, 4;
    ; show_stmt_assign_vector: Get l-value for compressed += operand
    %load/vec4 v0x60d17ec76aa0_0;
    %ix/getv/s 5, v0x60d17ec77160_0;
    %load/vec4a v0x60d17ec78cf0, 5;
    %add;
    %ix/vec4 4;
    %flag_mov 8, 4;
    %load/vec4a v0x60d17ec78890, 4;
    %pushi/vec4 1, 0, 32;
    %add;
    %flag_mov 4, 8;
    %store/vec4a v0x60d17ec78890, 4, 0;
T_5.65 ;
    %jmp T_5.64;
T_5.63 ;
    %load/vec4 v0x60d17ec77ec0_0;
    %parti/s 2, 8, 5;
    %load/vec4 v0x60d17ec76aa0_0;
    %parti/s 2, 0, 2;
    %cmp/e;
    %jmp/0xz  T_5.67, 4;
    ; show_stmt_assign_vector: Get l-value for compressed += operand
    %load/vec4 v0x60d17ec76aa0_0;
    %ix/getv/s 5, v0x60d17ec77160_0;
    %load/vec4a v0x60d17ec78cf0, 5;
    %add;
    %ix/vec4 4;
    %flag_mov 8, 4;
    %load/vec4a v0x60d17ec78890, 4;
    %pushi/vec4 1, 0, 32;
    %add;
    %flag_mov 4, 8;
    %store/vec4a v0x60d17ec78890, 4, 0;
T_5.67 ;
T_5.64 ;
    ; show_stmt_assign_vector: Get l-value for compressed += operand
    %load/vec4 v0x60d17ec76aa0_0;
    %pushi/vec4 1, 0, 32;
    %add;
    %cast2;
    %store/vec4 v0x60d17ec76aa0_0, 0, 32;
    %jmp T_5.61;
T_5.62 ;
    %end;
    .scope S_0x60d17ec75520;
t_8 %join;
    %fork t_11, S_0x60d17ec76ba0;
    %jmp t_10;
    .scope S_0x60d17ec76ba0;
t_11 ;
    %pushi/vec4 0, 0, 32;
    %store/vec4 v0x60d17ec76d80_0, 0, 32;
T_5.69 ;
    %load/vec4 v0x60d17ec76d80_0;
    %ix/getv/s 4, v0x60d17ec77160_0;
    %load/vec4a v0x60d17ec78bb0, 4;
    %cmp/u;
    %jmp/0xz T_5.70, 5;
    %load/vec4 v0x60d17ec76d80_0;
    %ix/getv/s 4, v0x60d17ec77160_0;
    %load/vec4a v0x60d17ec78bb0, 4;
    %subi 1, 0, 32;
    %cmp/e;
    %jmp/0xz  T_5.71, 4;
    %load/vec4 v0x60d17ec76d80_0;
    %ix/getv/s 5, v0x60d17ec77160_0;
    %load/vec4a v0x60d17ec78cf0, 5;
    %add;
    %ix/vec4 4;
    %load/vec4a v0x60d17ec78890, 4;
    %cmpi/ne 0, 0, 32;
    %jmp/0xz  T_5.73, 4;
    %pushi/vec4 1, 0, 1;
    %ix/getv/s 4, v0x60d17ec77160_0;
    %store/vec4a v0x60d17ec785f0, 4, 0;
    %pushi/vec4 1, 0, 1;
    %store/vec4 v0x60d17ec78530_0, 0, 1;
T_5.73 ;
    %jmp T_5.72;
T_5.71 ;
    %pushi/vec4 0, 0, 1;
    %ix/getv/s 4, v0x60d17ec77160_0;
    %store/vec4a v0x60d17ec785f0, 4, 0;
    %pushi/vec4 1, 0, 1;
    %store/vec4 v0x60d17ec78530_0, 0, 1;
T_5.72 ;
    ; show_stmt_assign_vector: Get l-value for compressed += operand
    %load/vec4 v0x60d17ec76d80_0;
    %pushi/vec4 1, 0, 32;
    %add;
    %cast2;
    %store/vec4 v0x60d17ec76d80_0, 0, 32;
    %jmp T_5.69;
T_5.70 ;
    %end;
    .scope S_0x60d17ec75520;
t_10 %join;
T_5.51 ;
T_5.49 ;
    %jmp T_5.47;
T_5.46 ;
    %load/vec4 v0x60d17ec77160_0;
    %cmpi/e 1, 0, 32;
    %jmp/0xz  T_5.75, 4;
    %ix/getv/s 4, v0x60d17ec77160_0;
    %load/vec4a v0x60d17ec785f0, 4;
    %pad/u 32;
    %cmpi/ne 1, 0, 32;
    %flag_get/vec4 6;
    %jmp/0 T_5.79, 6;
    %load/vec4 v0x60d17ec78530_0;
    %nor/r;
    %and;
T_5.79;
    %flag_set/vec4 8;
    %jmp/0xz  T_5.77, 8;
    %load/vec4 v0x60d17ec78e30_0;
    %load/vec4 v0x60d17ec77160_0;
    %part/s 1;
    %pad/u 32;
    %cmpi/ne 1, 0, 32;
    %jmp/0xz  T_5.80, 6;
    %vpi_call/w 6 149 "$display" {0 0 0};
    %vpi_call/w 6 150 "$display", "%12s ***time = %0d, TEST of LD maintains 0 then 1", "\000", $time {0 0 0};
    %vpi_call/w 6 151 "$display" {0 0 0};
    %pushi/vec4 1, 0, 1;
    %ix/getv/s 4, v0x60d17ec77160_0;
    %store/vec4 v0x60d17ec78e30_0, 4, 1;
T_5.80 ;
    %pushi/vec4 0, 0, 1;
    %store/vec4 v0x60d17ec78530_0, 0, 1;
    %fork t_13, S_0x60d17ec76e80;
    %jmp t_12;
    .scope S_0x60d17ec76e80;
t_13 ;
    %pushi/vec4 0, 0, 32;
    %store/vec4 v0x60d17ec77060_0, 0, 32;
T_5.82 ;
    %load/vec4 v0x60d17ec77060_0;
    %ix/getv/s 4, v0x60d17ec77160_0;
    %load/vec4a v0x60d17ec78bb0, 4;
    %cmp/u;
    %jmp/0xz T_5.83, 5;
    %load/vec4 v0x60d17ec77060_0;
    %ix/getv/s 5, v0x60d17ec77160_0;
    %load/vec4a v0x60d17ec78cf0, 5;
    %add;
    %ix/vec4 4;
    %load/vec4a v0x60d17ec78890, 4;
    %cmpi/e 0, 0, 32;
    %flag_get/vec4 6;
    %jmp/0 T_5.86, 6;
    %load/vec4 v0x60d17ec78530_0;
    %nor/r;
    %and;
T_5.86;
    %flag_set/vec4 8;
    %jmp/0xz  T_5.84, 8;
    %load/vec4 v0x60d17ec77060_0;
    %parti/s 2, 0, 2;
    %load/vec4 v0x60d17ec782d0_0;
    %concat/vec4; draw_concat_vec4
    %store/vec4 v0x60d17ec77ec0_0, 0, 10;
    %pushi/vec4 1, 0, 1;
    %store/vec4 v0x60d17ec78530_0, 0, 1;
T_5.84 ;
    ; show_stmt_assign_vector: Get l-value for compressed += operand
    %load/vec4 v0x60d17ec77060_0;
    %pushi/vec4 1, 0, 32;
    %add;
    %cast2;
    %store/vec4 v0x60d17ec77060_0, 0, 32;
    %jmp T_5.82;
T_5.83 ;
    %end;
    .scope S_0x60d17ec75520;
t_12 %join;
    %load/vec4 v0x60d17ec78f10_0;
    %addi 1, 0, 32;
    %store/vec4 v0x60d17ec78f10_0, 0, 32;
    %fork t_15, S_0x60d17ec75700;
    %jmp t_14;
    .scope S_0x60d17ec75700;
t_15 ;
    %pushi/vec4 0, 0, 32;
    %store/vec4 v0x60d17ec75900_0, 0, 32;
T_5.87 ;
    %load/vec4 v0x60d17ec75900_0;
    %ix/getv/s 4, v0x60d17ec77160_0;
    %load/vec4a v0x60d17ec78bb0, 4;
    %cmp/u;
    %jmp/0xz T_5.88, 5;
    %load/vec4 v0x60d17ec75900_0;
    %cmpi/e 0, 0, 32;
    %jmp/0xz  T_5.89, 4;
    %load/vec4 v0x60d17ec78f10_0;
    %cmpi/e 4, 0, 32;
    %jmp/0xz  T_5.91, 4;
    ; show_stmt_assign_vector: Get l-value for compressed += operand
    %load/vec4 v0x60d17ec75900_0;
    %ix/getv/s 5, v0x60d17ec77160_0;
    %load/vec4a v0x60d17ec78cf0, 5;
    %add;
    %ix/vec4 4;
    %flag_mov 8, 4;
    %load/vec4a v0x60d17ec78890, 4;
    %pushi/vec4 1, 0, 32;
    %add;
    %flag_mov 4, 8;
    %store/vec4a v0x60d17ec78890, 4, 0;
    %pushi/vec4 1, 0, 1;
    %store/vec4 v0x60d17ec78530_0, 0, 1;
T_5.91 ;
    %jmp T_5.90;
T_5.89 ;
    %load/vec4 v0x60d17ec78f10_0;
    %cmpi/e 8, 0, 32;
    %jmp/0xz  T_5.93, 4;
    ; show_stmt_assign_vector: Get l-value for compressed += operand
    %load/vec4 v0x60d17ec75900_0;
    %ix/getv/s 5, v0x60d17ec77160_0;
    %load/vec4a v0x60d17ec78cf0, 5;
    %add;
    %ix/vec4 4;
    %flag_mov 8, 4;
    %load/vec4a v0x60d17ec78890, 4;
    %pushi/vec4 1, 0, 32;
    %add;
    %flag_mov 4, 8;
    %store/vec4a v0x60d17ec78890, 4, 0;
    %pushi/vec4 1, 0, 1;
    %store/vec4 v0x60d17ec78530_0, 0, 1;
T_5.93 ;
T_5.90 ;
    ; show_stmt_assign_vector: Get l-value for compressed += operand
    %load/vec4 v0x60d17ec75900_0;
    %pushi/vec4 1, 0, 32;
    %add;
    %cast2;
    %store/vec4 v0x60d17ec75900_0, 0, 32;
    %jmp T_5.87;
T_5.88 ;
    %end;
    .scope S_0x60d17ec75520;
t_14 %join;
    %fork t_17, S_0x60d17ec75a00;
    %jmp t_16;
    .scope S_0x60d17ec75a00;
t_17 ;
    %pushi/vec4 0, 0, 32;
    %store/vec4 v0x60d17ec75c00_0, 0, 32;
T_5.95 ;
    %load/vec4 v0x60d17ec75c00_0;
    %ix/getv/s 4, v0x60d17ec77160_0;
    %load/vec4a v0x60d17ec78bb0, 4;
    %cmp/u;
    %jmp/0xz T_5.96, 5;
    %load/vec4 v0x60d17ec75c00_0;
    %ix/getv/s 4, v0x60d17ec77160_0;
    %load/vec4a v0x60d17ec78bb0, 4;
    %subi 1, 0, 32;
    %cmp/e;
    %jmp/0xz  T_5.97, 4;
    %load/vec4 v0x60d17ec75c00_0;
    %ix/getv/s 5, v0x60d17ec77160_0;
    %load/vec4a v0x60d17ec78cf0, 5;
    %add;
    %ix/vec4 4;
    %load/vec4a v0x60d17ec78890, 4;
    %cmpi/ne 0, 0, 32;
    %jmp/0xz  T_5.99, 4;
    %pushi/vec4 1, 0, 1;
    %ix/getv/s 4, v0x60d17ec77160_0;
    %store/vec4a v0x60d17ec785f0, 4, 0;
    %pushi/vec4 0, 0, 32;
    %store/vec4 v0x60d17ec78f10_0, 0, 32;
    %pushi/vec4 1, 0, 1;
    %store/vec4 v0x60d17ec78530_0, 0, 1;
T_5.99 ;
    %jmp T_5.98;
T_5.97 ;
    %pushi/vec4 0, 0, 1;
    %ix/getv/s 4, v0x60d17ec77160_0;
    %store/vec4a v0x60d17ec785f0, 4, 0;
    %pushi/vec4 1, 0, 1;
    %store/vec4 v0x60d17ec78530_0, 0, 1;
T_5.98 ;
    ; show_stmt_assign_vector: Get l-value for compressed += operand
    %load/vec4 v0x60d17ec75c00_0;
    %pushi/vec4 1, 0, 32;
    %add;
    %cast2;
    %store/vec4 v0x60d17ec75c00_0, 0, 32;
    %jmp T_5.95;
T_5.96 ;
    %end;
    .scope S_0x60d17ec75520;
t_16 %join;
T_5.77 ;
T_5.75 ;
T_5.47 ;
    %load/vec4 v0x60d17ec77160_0;
    %cmpi/e 2, 0, 32;
    %jmp/0xz  T_5.101, 4;
    %ix/getv/s 4, v0x60d17ec77160_0;
    %load/vec4a v0x60d17ec785f0, 4;
    %pad/u 32;
    %cmpi/ne 1, 0, 32;
    %flag_get/vec4 6;
    %jmp/0 T_5.105, 6;
    %load/vec4 v0x60d17ec78530_0;
    %nor/r;
    %and;
T_5.105;
    %flag_set/vec4 8;
    %jmp/0xz  T_5.103, 8;
    %load/vec4 v0x60d17ec78e30_0;
    %load/vec4 v0x60d17ec77160_0;
    %part/s 1;
    %pad/u 32;
    %cmpi/ne 1, 0, 32;
    %jmp/0xz  T_5.106, 6;
    %vpi_call/w 6 213 "$display" {0 0 0};
    %vpi_call/w 6 214 "$display", "%12s ***time = %0d, TEST of ENABLE changes frequently***", "\000", $time {0 0 0};
    %vpi_call/w 6 215 "$display" {0 0 0};
    %pushi/vec4 1, 0, 1;
    %ix/getv/s 4, v0x60d17ec77160_0;
    %store/vec4 v0x60d17ec78e30_0, 4, 1;
T_5.106 ;
    %pushi/vec4 0, 0, 1;
    %store/vec4 v0x60d17ec78530_0, 0, 1;
    %fork t_19, S_0x60d17ec75ce0;
    %jmp t_18;
    .scope S_0x60d17ec75ce0;
t_19 ;
    %pushi/vec4 0, 0, 32;
    %store/vec4 v0x60d17ec75ef0_0, 0, 32;
T_5.108 ;
    %load/vec4 v0x60d17ec75ef0_0;
    %ix/getv/s 4, v0x60d17ec77160_0;
    %load/vec4a v0x60d17ec78bb0, 4;
    %cmp/u;
    %jmp/0xz T_5.109, 5;
    %load/vec4 v0x60d17ec75ef0_0;
    %ix/getv/s 5, v0x60d17ec77160_0;
    %load/vec4a v0x60d17ec78cf0, 5;
    %add;
    %ix/vec4 4;
    %load/vec4a v0x60d17ec78890, 4;
    %cmpi/ne 1, 0, 32;
    %flag_get/vec4 6;
    %jmp/0 T_5.112, 6;
    %load/vec4 v0x60d17ec78530_0;
    %nor/r;
    %and;
T_5.112;
    %flag_set/vec4 8;
    %jmp/0xz  T_5.110, 8;
    %load/vec4 v0x60d17ec77ec0_0;
    %parti/s 1, 9, 5;
    %load/vec4 v0x60d17ec77ec0_0;
    %parti/s 1, 8, 5;
    %concat/vec4; draw_concat_vec4
    %dup/vec4;
    %pushi/vec4 1, 0, 2;
    %cmp/u;
    %jmp/1 T_5.113, 6;
    %dup/vec4;
    %pushi/vec4 2, 0, 2;
    %cmp/u;
    %jmp/1 T_5.114, 6;
    %load/vec4 v0x60d17ec77ec0_0;
    %parti/s 2, 8, 5;
    %load/vec4 v0x60d17ec782d0_0;
    %concat/vec4; draw_concat_vec4
    %store/vec4 v0x60d17ec77ec0_0, 0, 10;
    %jmp T_5.116;
T_5.113 ;
    %load/vec4 v0x60d17ec77ec0_0;
    %parti/s 2, 8, 5;
    %inv;
    %load/vec4 v0x60d17ec782d0_0;
    %concat/vec4; draw_concat_vec4
    %store/vec4 v0x60d17ec77ec0_0, 0, 10;
    %jmp T_5.116;
T_5.114 ;
    %load/vec4 v0x60d17ec77ec0_0;
    %parti/s 2, 8, 5;
    %inv;
    %load/vec4 v0x60d17ec782d0_0;
    %concat/vec4; draw_concat_vec4
    %store/vec4 v0x60d17ec77ec0_0, 0, 10;
    %jmp T_5.116;
T_5.116 ;
    %pop/vec4 1;
    %pushi/vec4 1, 0, 1;
    %store/vec4 v0x60d17ec78530_0, 0, 1;
T_5.110 ;
    ; show_stmt_assign_vector: Get l-value for compressed += operand
    %load/vec4 v0x60d17ec75ef0_0;
    %pushi/vec4 1, 0, 32;
    %add;
    %cast2;
    %store/vec4 v0x60d17ec75ef0_0, 0, 32;
    %jmp T_5.108;
T_5.109 ;
    %end;
    .scope S_0x60d17ec75520;
t_18 %join;
    %load/vec4 v0x60d17ec78f10_0;
    %addi 1, 0, 32;
    %store/vec4 v0x60d17ec78f10_0, 0, 32;
    %fork t_21, S_0x60d17ec75fd0;
    %jmp t_20;
    .scope S_0x60d17ec75fd0;
t_21 ;
    %pushi/vec4 0, 0, 32;
    %store/vec4 v0x60d17ec761b0_0, 0, 32;
T_5.117 ;
    %load/vec4 v0x60d17ec761b0_0;
    %ix/getv/s 4, v0x60d17ec77160_0;
    %load/vec4a v0x60d17ec78bb0, 4;
    %cmp/u;
    %jmp/0xz T_5.118, 5;
    %load/vec4 v0x60d17ec761b0_0;
    %cmpi/e 0, 0, 32;
    %jmp/0xz  T_5.119, 4;
    %load/vec4 v0x60d17ec78f10_0;
    %cmpi/e 8, 0, 32;
    %jmp/0xz  T_5.121, 4;
    ; show_stmt_assign_vector: Get l-value for compressed += operand
    %load/vec4 v0x60d17ec761b0_0;
    %ix/getv/s 5, v0x60d17ec77160_0;
    %load/vec4a v0x60d17ec78cf0, 5;
    %add;
    %ix/vec4 4;
    %flag_mov 8, 4;
    %load/vec4a v0x60d17ec78890, 4;
    %pushi/vec4 1, 0, 32;
    %add;
    %flag_mov 4, 8;
    %store/vec4a v0x60d17ec78890, 4, 0;
T_5.121 ;
    %jmp T_5.120;
T_5.119 ;
    %load/vec4 v0x60d17ec78f10_0;
    %cmpi/e 8, 0, 32;
    %jmp/0xz  T_5.123, 4;
    ; show_stmt_assign_vector: Get l-value for compressed += operand
    %load/vec4 v0x60d17ec761b0_0;
    %ix/getv/s 5, v0x60d17ec77160_0;
    %load/vec4a v0x60d17ec78cf0, 5;
    %add;
    %ix/vec4 4;
    %flag_mov 8, 4;
    %load/vec4a v0x60d17ec78890, 4;
    %pushi/vec4 1, 0, 32;
    %add;
    %flag_mov 4, 8;
    %store/vec4a v0x60d17ec78890, 4, 0;
T_5.123 ;
T_5.120 ;
    ; show_stmt_assign_vector: Get l-value for compressed += operand
    %load/vec4 v0x60d17ec761b0_0;
    %pushi/vec4 1, 0, 32;
    %add;
    %cast2;
    %store/vec4 v0x60d17ec761b0_0, 0, 32;
    %jmp T_5.117;
T_5.118 ;
    %end;
    .scope S_0x60d17ec75520;
t_20 %join;
    %fork t_23, S_0x60d17ec762b0;
    %jmp t_22;
    .scope S_0x60d17ec762b0;
t_23 ;
    %pushi/vec4 0, 0, 32;
    %store/vec4 v0x60d17ec764e0_0, 0, 32;
T_5.125 ;
    %load/vec4 v0x60d17ec764e0_0;
    %ix/getv/s 4, v0x60d17ec77160_0;
    %load/vec4a v0x60d17ec78bb0, 4;
    %cmp/u;
    %jmp/0xz T_5.126, 5;
    %load/vec4 v0x60d17ec764e0_0;
    %ix/getv/s 4, v0x60d17ec77160_0;
    %load/vec4a v0x60d17ec78bb0, 4;
    %subi 1, 0, 32;
    %cmp/e;
    %jmp/0xz  T_5.127, 4;
    %load/vec4 v0x60d17ec764e0_0;
    %ix/getv/s 5, v0x60d17ec77160_0;
    %load/vec4a v0x60d17ec78cf0, 5;
    %add;
    %ix/vec4 4;
    %load/vec4a v0x60d17ec78890, 4;
    %cmpi/ne 0, 0, 32;
    %jmp/0xz  T_5.129, 4;
    %pushi/vec4 1, 0, 1;
    %ix/getv/s 4, v0x60d17ec77160_0;
    %store/vec4a v0x60d17ec785f0, 4, 0;
    %pushi/vec4 0, 0, 32;
    %store/vec4 v0x60d17ec78f10_0, 0, 32;
    %pushi/vec4 1, 0, 1;
    %store/vec4 v0x60d17ec78530_0, 0, 1;
T_5.129 ;
    %jmp T_5.128;
T_5.127 ;
    %pushi/vec4 0, 0, 1;
    %ix/getv/s 4, v0x60d17ec77160_0;
    %store/vec4a v0x60d17ec785f0, 4, 0;
    %pushi/vec4 1, 0, 1;
    %store/vec4 v0x60d17ec78530_0, 0, 1;
T_5.128 ;
    ; show_stmt_assign_vector: Get l-value for compressed += operand
    %load/vec4 v0x60d17ec764e0_0;
    %pushi/vec4 1, 0, 32;
    %add;
    %cast2;
    %store/vec4 v0x60d17ec764e0_0, 0, 32;
    %jmp T_5.125;
T_5.126 ;
    %end;
    .scope S_0x60d17ec75520;
t_22 %join;
    %jmp T_5.104;
T_5.103 ;
    %ix/getv/s 4, v0x60d17ec77160_0;
    %load/vec4a v0x60d17ec785f0, 4;
    %flag_set/vec4 8;
    %jmp/0xz  T_5.131, 8;
    %pushi/vec4 1, 0, 1;
    %store/vec4 v0x60d17ec78470_0, 0, 1;
T_5.131 ;
T_5.104 ;
T_5.101 ;
    ; show_stmt_assign_vector: Get l-value for compressed += operand
    %load/vec4 v0x60d17ec77160_0;
    %pushi/vec4 1, 0, 32;
    %add;
    %cast2;
    %store/vec4 v0x60d17ec77160_0, 0, 32;
    %jmp T_5.44;
T_5.45 ;
    %end;
    .scope S_0x60d17ec75310;
t_4 %join;
    %end;
S_0x60d17ec75520 .scope begin, "$ivl_for_loop5" "$ivl_for_loop5" 6 76, 6 76 0, S_0x60d17ec75310;
 .timescale -9 -12;
v0x60d17ec77160_0 .var/2s "i", 31 0;
S_0x60d17ec75700 .scope begin, "$ivl_for_loop10" "$ivl_for_loop10" 6 172, 6 172 0, S_0x60d17ec75520;
 .timescale -9 -12;
v0x60d17ec75900_0 .var/2s "j", 31 0;
S_0x60d17ec75a00 .scope begin, "$ivl_for_loop11" "$ivl_for_loop11" 6 187, 6 187 0, S_0x60d17ec75520;
 .timescale -9 -12;
v0x60d17ec75c00_0 .var/2s "j", 31 0;
S_0x60d17ec75ce0 .scope begin, "$ivl_for_loop12" "$ivl_for_loop12" 6 222, 6 222 0, S_0x60d17ec75520;
 .timescale -9 -12;
v0x60d17ec75ef0_0 .var/2s "j", 31 0;
S_0x60d17ec75fd0 .scope begin, "$ivl_for_loop13" "$ivl_for_loop13" 6 237, 6 237 0, S_0x60d17ec75520;
 .timescale -9 -12;
v0x60d17ec761b0_0 .var/2s "j", 31 0;
S_0x60d17ec762b0 .scope begin, "$ivl_for_loop14" "$ivl_for_loop14" 6 251, 6 251 0, S_0x60d17ec75520;
 .timescale -9 -12;
v0x60d17ec764e0_0 .var/2s "j", 31 0;
S_0x60d17ec765e0 .scope begin, "$ivl_for_loop6" "$ivl_for_loop6" 6 102, 6 102 0, S_0x60d17ec75520;
 .timescale -9 -12;
v0x60d17ec767c0_0 .var/2s "j", 31 0;
S_0x60d17ec768c0 .scope begin, "$ivl_for_loop7" "$ivl_for_loop7" 6 111, 6 111 0, S_0x60d17ec75520;
 .timescale -9 -12;
v0x60d17ec76aa0_0 .var/2s "j", 31 0;
S_0x60d17ec76ba0 .scope begin, "$ivl_for_loop8" "$ivl_for_loop8" 6 124, 6 124 0, S_0x60d17ec75520;
 .timescale -9 -12;
v0x60d17ec76d80_0 .var/2s "j", 31 0;
S_0x60d17ec76e80 .scope begin, "$ivl_for_loop9" "$ivl_for_loop9" 6 159, 6 159 0, S_0x60d17ec75520;
 .timescale -9 -12;
v0x60d17ec77060_0 .var/2s "j", 31 0;
S_0x60d17ec77260 .scope task, "initialize" "initialize" 6 46, 6 46 0, S_0x60d17ec74570;
 .timescale -9 -12;
TD_tb_register_8_bit_posedge_sync_ld_and_clr.input_register1.initialize ;
    %vpi_func 6 48 "$urandom_range" 32, 32'sb00000000000000000000000000100000, 32'sb00000000000000000000000001111110 {0 0 0};
    %pad/u 8;
    %store/vec4 v0x60d17ec782d0_0, 0, 8;
    %pushi/vec4 0, 0, 2;
    %load/vec4 v0x60d17ec782d0_0;
    %concat/vec4; draw_concat_vec4
    %store/vec4 v0x60d17ec77ec0_0, 0, 10;
    %pushi/vec4 0, 0, 1;
    %store/vec4 v0x60d17ec78470_0, 0, 1;
    %fork t_25, S_0x60d17ec773f0;
    %jmp t_24;
    .scope S_0x60d17ec773f0;
t_25 ;
    %pushi/vec4 0, 0, 32;
    %store/vec4 v0x60d17ec775f0_0, 0, 32;
T_6.133 ;
    %load/vec4 v0x60d17ec775f0_0;
    %pad/u 36;
    %cmpi/u 7, 0, 36;
    %jmp/0xz T_6.134, 5;
    %pushi/vec4 0, 0, 32;
    %ix/getv/s 4, v0x60d17ec775f0_0;
    %store/vec4a v0x60d17ec78890, 4, 0;
    ; show_stmt_assign_vector: Get l-value for compressed += operand
    %load/vec4 v0x60d17ec775f0_0;
    %pushi/vec4 1, 0, 32;
    %add;
    %cast2;
    %store/vec4 v0x60d17ec775f0_0, 0, 32;
    %jmp T_6.133;
T_6.134 ;
    %end;
    .scope S_0x60d17ec77260;
t_24 %join;
    %pushi/vec4 0, 0, 32;
    %store/vec4 v0x60d17ec78f10_0, 0, 32;
    %end;
S_0x60d17ec773f0 .scope begin, "$ivl_for_loop4" "$ivl_for_loop4" 6 56, 6 56 0, S_0x60d17ec77260;
 .timescale -9 -12;
v0x60d17ec775f0_0 .var/2s "j", 31 0;
S_0x60d17ec776f0 .scope task, "random_in" "random_in" 6 286, 6 286 0, S_0x60d17ec74570;
 .timescale -9 -12;
E_0x60d17ebbe7e0 .event negedge, v0x60d17ec73e70_0;
TD_tb_register_8_bit_posedge_sync_ld_and_clr.input_register1.random_in ;
    %vpi_func 6 288 "$urandom_range" 32, 32'sb00000000000000000000000000100000, 32'sb00000000000000000000000001111110 {0 0 0};
    %pad/u 8;
    %store/vec4 v0x60d17ec782d0_0, 0, 8;
    %vpi_func 6 290 "$urandom_range" 32, 32'sb00000000000000000000000000000001, 32'b00000000000000000000000000000100 {0 0 0};
    %cast2;
    %store/vec4 v0x60d17ec78ad0_0, 0, 32;
    %vpi_func 6 291 "$urandom_range" 32, 32'sb00000000000000000000000000000001, 32'sb00000000000000000000000000000101 {0 0 0};
    %cast2;
    %store/vec4 v0x60d17ec78210_0, 0, 32;
    %load/vec4 v0x60d17ec78210_0;
T_7.135 %dup/vec4;
    %pushi/vec4 0, 0, 32;
    %cmp/s;
    %jmp/1xz T_7.136, 5;
    %jmp/1 T_7.136, 4;
    %pushi/vec4 1, 0, 32;
    %sub;
    %wait E_0x60d17ebbe7e0;
    %vpi_func 6 295 "$urandom_range" 32, 32'sb00000000000000000000000000000000, 32'sb00000000000000000000000000001010 {0 0 0};
    %pad/u 64;
    %muli 1000, 0, 64;
    %ix/vec4 4;
    %delayx 4;
    %fork t_27, S_0x60d17ec77960;
    %jmp t_26;
    .scope S_0x60d17ec77960;
t_27 ;
    %pushi/vec4 0, 0, 32;
    %store/vec4 v0x60d17ec77b60_0, 0, 32;
T_7.137 ;
    %load/vec4 v0x60d17ec77b60_0;
    %load/vec4 v0x60d17ec78ad0_0;
    %cmp/s;
    %jmp/0xz T_7.138, 5;
    %load/vec4 v0x60d17ec77b60_0;
    %load/vec4 v0x60d17ec78ad0_0;
    %subi 1, 0, 32;
    %cmp/e;
    %jmp/0xz  T_7.139, 4;
    %load/vec4 v0x60d17ec77b60_0;
    %parti/s 2, 0, 2;
    %load/vec4 v0x60d17ec782d0_0;
    %concat/vec4; draw_concat_vec4
    %store/vec4 v0x60d17ec77ec0_0, 0, 10;
T_7.139 ;
    ; show_stmt_assign_vector: Get l-value for compressed += operand
    %load/vec4 v0x60d17ec77b60_0;
    %pushi/vec4 1, 0, 32;
    %add;
    %cast2;
    %store/vec4 v0x60d17ec77b60_0, 0, 32;
    %jmp T_7.137;
T_7.138 ;
    %end;
    .scope S_0x60d17ec776f0;
t_26 %join;
    %jmp T_7.135;
T_7.136 ;
    %pop/vec4 1;
    %end;
S_0x60d17ec77960 .scope begin, "$ivl_for_loop15" "$ivl_for_loop15" 6 297, 6 297 0, S_0x60d17ec776f0;
 .timescale -9 -12;
v0x60d17ec77b60_0 .var/2s "j", 31 0;
S_0x60d17ec79330 .scope task, "strobe_file" "strobe_file" 3 198, 3 198 0, S_0x60d17ec22e40;
 .timescale -9 -12;
TD_tb_register_8_bit_posedge_sync_ld_and_clr.strobe_file ;
    %vpi_call/w 3 200 "$strobe", "%10d %20s | %4d |    %1b    |   %1b    | %8b | %8b |     %8b      | ", v0x60d17ec79e10_0, v0x60d17ec79760_0, $time, v0x60d17ec796a0_0, v0x60d17ec79ca0_0, v0x60d17ec79820_0, v0x60d17ec79920_0, v0x60d17ec799f0_0 {0 0 0};
    %end;
S_0x60d17ec794c0 .scope task, "vectorcount" "vectorcount" 3 188, 3 188 0, S_0x60d17ec22e40;
 .timescale -9 -12;
TD_tb_register_8_bit_posedge_sync_ld_and_clr.vectorcount ;
    %load/vec4 v0x60d17ec79e10_0;
    %addi 1, 0, 32;
    %store/vec4 v0x60d17ec79e10_0, 0, 32;
    %end;
    .scope S_0x60d17ec74570;
T_10 ;
    %fork TD_tb_register_8_bit_posedge_sync_ld_and_clr.input_register1.initialize, S_0x60d17ec77260;
    %join;
    %end;
    .thread T_10;
    .scope S_0x60d17ec74570;
T_11 ;
    %wait E_0x60d17ebbe7e0;
    %fork t_29, S_0x60d17ec74e20;
    %jmp t_28;
    .scope S_0x60d17ec74e20;
t_29 ;
    %pushi/vec4 0, 0, 32;
    %store/vec4 v0x60d17ec74b00_0, 0, 32;
T_11.0 ;
    %load/vec4 v0x60d17ec74b00_0;
    %cmpi/s 3, 0, 32;
    %jmp/0xz T_11.1, 5;
    ; show_stmt_assign_vector: Get l-value for compressed += operand
    %load/vec4 v0x60d17ec74b00_0;
    %pushi/vec4 1, 0, 32;
    %add;
    %cast2;
    %store/vec4 v0x60d17ec74b00_0, 0, 32;
    %jmp T_11.0;
T_11.1 ;
    %end;
    .scope S_0x60d17ec74570;
t_28 %join;
    %load/vec4 v0x60d17ec78470_0;
    %nor/r;
    %flag_set/vec4 8;
    %jmp/0xz  T_11.2, 8;
    %fork TD_tb_register_8_bit_posedge_sync_ld_and_clr.input_register1.general_input, S_0x60d17ec75310;
    %join;
T_11.2 ;
    %jmp T_11;
    .thread T_11;
    .scope S_0x60d17ec74570;
T_12 ;
T_12.0 ;
    %load/vec4 v0x60d17ec78470_0;
    %cmpi/ne 1, 0, 1;
    %jmp/0xz T_12.1, 6;
    %wait E_0x60d17ec1c9e0;
    %jmp T_12.0;
T_12.1 ;
    %fork t_31, S_0x60d17ec75030;
    %jmp t_30;
    .scope S_0x60d17ec75030;
t_31 ;
    %pushi/vec4 0, 0, 32;
    %store/vec4 v0x60d17ec75230_0, 0, 32;
T_12.2 ;
    %load/vec4 v0x60d17ec75230_0;
    %cmpi/s 50, 0, 32;
    %jmp/0xz T_12.3, 5;
    %load/vec4 v0x60d17ec75230_0;
    %cmpi/e 49, 0, 32;
    %jmp/0xz  T_12.4, 4;
    %fork TD_tb_register_8_bit_posedge_sync_ld_and_clr.input_register1.random_in, S_0x60d17ec776f0;
    %join;
    %pushi/vec4 1, 0, 1;
    %store/vec4 v0x60d17ec783b0_0, 0, 1;
    %jmp T_12.5;
T_12.4 ;
    %fork TD_tb_register_8_bit_posedge_sync_ld_and_clr.input_register1.random_in, S_0x60d17ec776f0;
    %join;
T_12.5 ;
    ; show_stmt_assign_vector: Get l-value for compressed += operand
    %load/vec4 v0x60d17ec75230_0;
    %pushi/vec4 1, 0, 32;
    %add;
    %cast2;
    %store/vec4 v0x60d17ec75230_0, 0, 32;
    %jmp T_12.2;
T_12.3 ;
    %end;
    .scope S_0x60d17ec74570;
t_30 %join;
    %end;
    .thread T_12;
    .scope S_0x60d17ec739d0;
T_13 ;
    %wait E_0x60d17ebfcfa0;
    %load/vec4 v0x60d17ec73f40_0;
    %inv;
    %flag_set/vec4 8;
    %jmp/0xz  T_13.0, 8;
    %pushi/vec4 0, 0, 8;
    %assign/vec4 v0x60d17ec73d90_0, 0;
    %jmp T_13.1;
T_13.0 ;
    %load/vec4 v0x60d17ec74000_0;
    %inv;
    %flag_set/vec4 8;
    %jmp/0xz  T_13.2, 8;
    %load/vec4 v0x60d17ec73c90_0;
    %assign/vec4 v0x60d17ec73d90_0, 0;
T_13.2 ;
T_13.1 ;
    %jmp T_13;
    .thread T_13;
    .scope S_0x60d17ec22e40;
T_14 ;
    %fork t_33, S_0x60d17ebf5ff0;
    %jmp t_32;
    .scope S_0x60d17ebf5ff0;
t_33 ;
    %pushi/vec4 0, 0, 32;
    %store/vec4 v0x60d17ec53a30_0, 0, 32;
T_14.0 ;
    %load/vec4 v0x60d17ec53a30_0;
    %cmpi/s 3, 0, 32;
    %jmp/0xz T_14.1, 5;
    %load/vec4 v0x60d17ec53a30_0;
    %cmpi/e 0, 0, 32;
    %jmp/0xz  T_14.2, 4;
    %pushi/vec4 0, 0, 32;
    %ix/getv/s 4, v0x60d17ec53a30_0;
    %store/vec4a v0x60d17ec7a730, 4, 0;
    %pushi/vec4 4, 0, 32;
    %ix/getv/s 4, v0x60d17ec53a30_0;
    %store/vec4a v0x60d17ec7a510, 4, 0;
    %ix/getv/s 4, v0x60d17ec53a30_0;
    %load/vec4a v0x60d17ec7a510, 4;
    %ix/getv/s 4, v0x60d17ec53a30_0;
    %load/vec4a v0x60d17ec7a730, 4;
    %add;
    %ix/getv/s 4, v0x60d17ec53a30_0;
    %store/vec4a v0x60d17ec7aa00, 4, 0;
    %jmp T_14.3;
T_14.2 ;
    %load/vec4 v0x60d17ec53a30_0;
    %cmpi/e 1, 0, 32;
    %jmp/0xz  T_14.4, 4;
    %load/vec4 v0x60d17ec53a30_0;
    %subi 1, 0, 32;
    %ix/vec4/s 4;
    %load/vec4a v0x60d17ec7aa00, 4;
    %ix/getv/s 4, v0x60d17ec53a30_0;
    %store/vec4a v0x60d17ec7a730, 4, 0;
    %pushi/vec4 2, 0, 32;
    %ix/getv/s 4, v0x60d17ec53a30_0;
    %store/vec4a v0x60d17ec7a510, 4, 0;
    %ix/getv/s 4, v0x60d17ec53a30_0;
    %load/vec4a v0x60d17ec7a510, 4;
    %ix/getv/s 4, v0x60d17ec53a30_0;
    %load/vec4a v0x60d17ec7a730, 4;
    %add;
    %ix/getv/s 4, v0x60d17ec53a30_0;
    %store/vec4a v0x60d17ec7aa00, 4, 0;
    %jmp T_14.5;
T_14.4 ;
    %load/vec4 v0x60d17ec53a30_0;
    %subi 1, 0, 32;
    %ix/vec4/s 4;
    %load/vec4a v0x60d17ec7aa00, 4;
    %ix/getv/s 4, v0x60d17ec53a30_0;
    %store/vec4a v0x60d17ec7a730, 4, 0;
    %pushi/vec4 1, 0, 32;
    %ix/getv/s 4, v0x60d17ec53a30_0;
    %store/vec4a v0x60d17ec7a510, 4, 0;
    %ix/getv/s 4, v0x60d17ec53a30_0;
    %load/vec4a v0x60d17ec7a510, 4;
    %ix/getv/s 4, v0x60d17ec53a30_0;
    %load/vec4a v0x60d17ec7a730, 4;
    %add;
    %ix/getv/s 4, v0x60d17ec53a30_0;
    %store/vec4a v0x60d17ec7aa00, 4, 0;
T_14.5 ;
T_14.3 ;
    ; show_stmt_assign_vector: Get l-value for compressed += operand
    %load/vec4 v0x60d17ec53a30_0;
    %pushi/vec4 1, 0, 32;
    %add;
    %cast2;
    %store/vec4 v0x60d17ec53a30_0, 0, 32;
    %jmp T_14.0;
T_14.1 ;
    %end;
    .scope S_0x60d17ec22e40;
t_32 %join;
    %end;
    .thread T_14;
    .scope S_0x60d17ec22e40;
T_15 ;
    %vpi_call/w 3 44 "$dumpfile", "tb_register_8_bit_posedge_sync_ld_and_clr.vcd" {0 0 0};
    %vpi_call/w 3 45 "$dumpvars", 32'sb00000000000000000000000000000000, S_0x60d17ec22e40 {0 0 0};
    %end;
    .thread T_15;
    .scope S_0x60d17ec22e40;
T_16 ;
    %delay 10000, 0;
    %load/vec4 v0x60d17ec79d70_0;
    %inv;
    %assign/vec4 v0x60d17ec79d70_0, 0;
    %jmp T_16;
    .thread T_16;
    .scope S_0x60d17ec22e40;
T_17 ;
    %fork TD_tb_register_8_bit_posedge_sync_ld_and_clr.initialize, S_0x60d17ec74390;
    %join;
    %end;
    .thread T_17;
    .scope S_0x60d17ec22e40;
T_18 ;
    %wait E_0x60d17ebfcfa0;
    %fork t_35, S_0x60d17ec72d20;
    %jmp t_34;
    .scope S_0x60d17ec72d20;
t_35 ;
    %pushi/vec4 0, 0, 32;
    %store/vec4 v0x60d17ec53fd0_0, 0, 32;
T_18.0 ;
    %load/vec4 v0x60d17ec53fd0_0;
    %cmpi/s 3, 0, 32;
    %jmp/0xz T_18.1, 5;
    ; show_stmt_assign_vector: Get l-value for compressed += operand
    %load/vec4 v0x60d17ec53fd0_0;
    %pushi/vec4 1, 0, 32;
    %add;
    %cast2;
    %store/vec4 v0x60d17ec53fd0_0, 0, 32;
    %jmp T_18.0;
T_18.1 ;
    %end;
    .scope S_0x60d17ec22e40;
t_34 %join;
    %load/vec4 v0x60d17ec796a0_0;
    %inv;
    %flag_set/vec4 8;
    %jmp/0xz  T_18.2, 8;
    %pushi/vec4 0, 0, 8;
    %assign/vec4 v0x60d17ec799f0_0, 0;
    %jmp T_18.3;
T_18.2 ;
    %load/vec4 v0x60d17ec79ca0_0;
    %inv;
    %flag_set/vec4 8;
    %jmp/0xz  T_18.4, 8;
    %load/vec4 v0x60d17ec79820_0;
    %assign/vec4 v0x60d17ec799f0_0, 0;
T_18.4 ;
T_18.3 ;
    %fork TD_tb_register_8_bit_posedge_sync_ld_and_clr.coverage_update, S_0x60d17ec737a0;
    %join;
    %event E_0x60d17ebfefc0;
    %jmp T_18;
    .thread T_18;
    .scope S_0x60d17ec22e40;
T_19 ;
    %wait E_0x60d17ebfefc0;
    %fork TD_tb_register_8_bit_posedge_sync_ld_and_clr.comment, S_0x60d17ec735c0;
    %join;
    %fork TD_tb_register_8_bit_posedge_sync_ld_and_clr.strobe_file, S_0x60d17ec79330;
    %join;
    %fork TD_tb_register_8_bit_posedge_sync_ld_and_clr.errors_warnings_check, S_0x60d17ec741b0;
    %join;
    %fork TD_tb_register_8_bit_posedge_sync_ld_and_clr.vectorcount, S_0x60d17ec794c0;
    %join;
    %jmp T_19;
    .thread T_19;
    .scope S_0x60d17ec22e40;
T_20 ;
T_20.0 ;
    %load/vec4 v0x60d17ec7a110_0;
    %cmpi/ne 1, 0, 1;
    %jmp/0xz T_20.1, 6;
    %wait E_0x60d17ec1c9e0;
    %jmp T_20.0;
T_20.1 ;
    %vpi_call/w 3 298 "$display" {0 0 0};
    %vpi_call/w 3 299 "$display", "%13s ***time = %0d,eof ***", "\000", $time {0 0 0};
    %vpi_call/w 3 300 "$display" {0 0 0};
    %vpi_call/w 3 301 "$display", "random stimulus to improve coverage" {0 0 0};
    %end;
    .thread T_20;
    .scope S_0x60d17ec22e40;
T_21 ;
    %wait E_0x60d17ebfcfa0;
    %load/vec4 v0x60d17ec799f0_0;
    %pad/u 9;
    %cmpi/e 256, 0, 9;
    %jmp/0xz  T_21.0, 6;
    %fork TD_tb_register_8_bit_posedge_sync_ld_and_clr.vectorcount, S_0x60d17ec794c0;
    %join;
    %fork TD_tb_register_8_bit_posedge_sync_ld_and_clr.close, S_0x60d17ec72f60;
    %join;
    %jmp T_21.1;
T_21.0 ;
    %load/vec4 v0x60d17ec7a070_0;
    %flag_set/vec4 8;
    %jmp/0xz  T_21.2, 8;
    %fork TD_tb_register_8_bit_posedge_sync_ld_and_clr.close, S_0x60d17ec72f60;
    %join;
T_21.2 ;
T_21.1 ;
    %jmp T_21;
    .thread T_21;
# The file index is used to find the file name in the following table.
:file_names 7;
    "N/A";
    "<interactive>";
    "-";
    "tb_register_8_bit_posedge_sync_ld_and_clr.v";
    "./parameter_section.vh";
    "register_8_bit_posedge_sync_ld_and_clr.v";
    "input_register.v";
