#! /usr/bin/vvp
:ivl_version "12.0 (stable)";
:ivl_delay_selection "TYPICAL";
:vpi_time_precision - 11;
:vpi_module "/usr/lib/x86_64-linux-gnu/ivl/system.vpi";
:vpi_module "/usr/lib/x86_64-linux-gnu/ivl/vhdl_sys.vpi";
:vpi_module "/usr/lib/x86_64-linux-gnu/ivl/vhdl_textio.vpi";
:vpi_module "/usr/lib/x86_64-linux-gnu/ivl/v2005_math.vpi";
:vpi_module "/usr/lib/x86_64-linux-gnu/ivl/va_math.vpi";
:vpi_module "/usr/lib/x86_64-linux-gnu/ivl/v2009.vpi";
S_0x59efb15e8ea0 .scope package, "$unit" "$unit" 2 1;
 .timescale 0 0;
S_0x59efb15eb310 .scope module, "tb_t_flip_flop" "tb_t_flip_flop" 3 3;
 .timescale -9 -11;
P_0x59efb15b0d70 .param/l "TICKPERIOD" 1 3 50, +C4<00000000000000000000000000010100>;
v0x59efb16140d0_0 .var "COMMENT", 71 0;
v0x59efb16141d0_0 .var "COMMENT1", 71 0;
v0x59efb16142b0_0 .var "COMMENT2", 71 0;
v0x59efb1614370_0 .var/i "COUNT", 31 0;
v0x59efb1614450_0 .var "ERRORS", 31 0;
v0x59efb1614580_0 .var/i "FD", 31 0;
v0x59efb1614660_0 .var "QBAREXPECTED", 0 0;
v0x59efb1614720_0 .net "QBAR_beh", 0 0, L_0x59efb16174b0;  1 drivers
v0x59efb16147c0_0 .net "QBAR_data", 0 0, L_0x59efb16172e0;  1 drivers
v0x59efb1614860_0 .net "QBAR_gate", 0 0, L_0x59efb1615e20;  1 drivers
v0x59efb1614900_0 .var "QEXPECTED", 0 0;
v0x59efb16149a0_0 .net "Q_beh", 0 0, v0x59efb15f0240_0;  1 drivers
v0x59efb1614a40_0 .net "Q_data", 0 0, L_0x59efb1617020;  1 drivers
v0x59efb1614b10_0 .net "Q_gate", 0 0, L_0x59efb1615d20;  1 drivers
v0x59efb1614be0_0 .var "T", 0 0;
v0x59efb1614c80_0 .var "TICK", 0 0;
v0x59efb1614d20_0 .var "VECTORCOUNT", 31 0;
v0x59efb1614dc0_0 .var "eof", 0 0;
v0x59efb1614e60_0 .var/2s "i", 31 0;
v0x59efb1614f00 .array "input_coverage", 3 0, 31 0;
v0x59efb1614fc0_0 .var "prev_QEx", 0 0;
v0x59efb1615080_0 .var "prev_QExbar", 0 0;
v0x59efb1615140_0 .net "prev_Qbarbeh", 0 0, v0x59efb15ea730_0;  1 drivers
v0x59efb1615210_0 .net "prev_Qbardata", 0 0, L_0x59efb16160a0;  1 drivers
v0x59efb16152e0_0 .net "prev_Qbargate", 0 0, L_0x59efb15f2ff0;  1 drivers
v0x59efb16153b0_0 .net "prev_Qbeh", 0 0, v0x59efb15e0760_0;  1 drivers
v0x59efb1615480_0 .net "prev_Qdata", 0 0, L_0x59efb1615fe0;  1 drivers
v0x59efb1615550_0 .net "prev_Qgate", 0 0, L_0x59efb15f2480;  1 drivers
v0x59efb1615620_0 .var "prev_T", 0 0;
E_0x59efb15d82e0 .event anyedge, v0x59efb1614dc0_0;
E_0x59efb15d8500 .event negedge, v0x59efb15f3110_0;
S_0x59efb15eb690 .scope task, "QEXP" "QEXP" 3 155, 3 155 0, S_0x59efb15eb310;
 .timescale -9 -11;
TD_tb_t_flip_flop.QEXP ;
    %load/vec4 v0x59efb1615550_0;
    %load/vec4 v0x59efb16152e0_0;
    %concat/vec4; draw_concat_vec4
    %cmpi/ne 0, 0, 2;
    %jmp/1 T_0.5, 4;
    %flag_mov 9, 4;
    %load/vec4 v0x59efb1615480_0;
    %load/vec4 v0x59efb1615210_0;
    %concat/vec4; draw_concat_vec4
    %cmpi/ne 0, 0, 2;
    %flag_or 4, 9;
T_0.5;
    %flag_get/vec4 4;
    %jmp/1 T_0.4, 4;
    %load/vec4 v0x59efb16153b0_0;
    %load/vec4 v0x59efb1615140_0;
    %concat/vec4; draw_concat_vec4
    %pushi/vec4 0, 0, 2;
    %cmp/ne;
    %flag_get/vec4 4;
    %or;
T_0.4;
    %pad/u 2;
    %cmpi/e 3, 0, 2;
    %jmp/1 T_0.3, 4;
    %flag_mov 9, 4;
    %load/vec4 v0x59efb1615550_0;
    %load/vec4 v0x59efb16152e0_0;
    %concat/vec4; draw_concat_vec4
    %cmpi/ne 0, 0, 2;
    %jmp/1 T_0.7, 4;
    %flag_mov 10, 4;
    %load/vec4 v0x59efb1615480_0;
    %load/vec4 v0x59efb1615210_0;
    %concat/vec4; draw_concat_vec4
    %cmpi/ne 0, 0, 2;
    %flag_or 4, 10;
T_0.7;
    %flag_get/vec4 4;
    %jmp/1 T_0.6, 4;
    %load/vec4 v0x59efb16153b0_0;
    %load/vec4 v0x59efb1615140_0;
    %concat/vec4; draw_concat_vec4
    %pushi/vec4 0, 0, 2;
    %cmp/ne;
    %flag_get/vec4 4;
    %or;
T_0.6;
    %pad/u 2;
    %cmpi/e 0, 0, 2;
    %flag_or 4, 9;
T_0.3;
    %flag_get/vec4 4;
    %jmp/0 T_0.2, 4;
    %load/vec4 v0x59efb1614be0_0;
    %cmpi/e 0, 0, 1;
    %flag_get/vec4 4;
    %jmp/1 T_0.8, 4;
    %load/vec4 v0x59efb1614be0_0;
    %pushi/vec4 1, 0, 1;
    %cmp/e;
    %flag_get/vec4 4;
    %or;
T_0.8;
    %and;
T_0.2;
    %flag_set/vec4 8;
    %jmp/0xz  T_0.0, 8;
    %pushi/vec4 1, 1, 1;
    %store/vec4 v0x59efb1614900_0, 0, 1;
    %pushi/vec4 1, 1, 1;
    %store/vec4 v0x59efb1614660_0, 0, 1;
    %jmp T_0.1;
T_0.0 ;
    %load/vec4 v0x59efb1614be0_0;
    %dup/vec4;
    %pushi/vec4 0, 0, 1;
    %cmp/u;
    %jmp/1 T_0.9, 6;
    %dup/vec4;
    %pushi/vec4 1, 0, 1;
    %cmp/u;
    %jmp/1 T_0.10, 6;
    %jmp T_0.11;
T_0.9 ;
    %load/vec4 v0x59efb1614fc0_0;
    %store/vec4 v0x59efb1614900_0, 0, 1;
    %load/vec4 v0x59efb1615080_0;
    %store/vec4 v0x59efb1614660_0, 0, 1;
    %jmp T_0.11;
T_0.10 ;
    %load/vec4 v0x59efb1614fc0_0;
    %inv;
    %store/vec4 v0x59efb1614900_0, 0, 1;
    %load/vec4 v0x59efb1615080_0;
    %inv;
    %store/vec4 v0x59efb1614660_0, 0, 1;
    %jmp T_0.11;
T_0.11 ;
    %pop/vec4 1;
T_0.1 ;
    %end;
S_0x59efb15e8ac0 .scope task, "close" "close" 3 189, 3 189 0, S_0x59efb15eb310;
 .timescale -9 -11;
TD_tb_t_flip_flop.close ;
    %delay 1000, 0;
    %vpi_call/w 3 192 "$fclose", v0x59efb1614580_0 {0 0 0};
    %vpi_call/w 3 194 "$display" {0 0 0};
    %vpi_call/w 3 195 "$display", "COVERAGE_REPORT" {0 0 0};
    %pushi/vec4 0, 0, 32;
    %store/vec4 v0x59efb1614e60_0, 0, 32;
T_1.12 ;
    %load/vec4 v0x59efb1614e60_0;
    %cmpi/s 4, 0, 32;
    %jmp/0xz T_1.13, 5;
    %ix/getv/s 4, v0x59efb1614e60_0;
    %load/vec4a v0x59efb1614f00, 4;
    %cmpi/e 0, 0, 32;
    %jmp/0xz  T_1.14, 4;
    %vpi_call/w 3 201 "$display", "input %b to input %b has occured %d times (***ERROR***)", &PV<v0x59efb1614e60_0, 1, 1>, &PV<v0x59efb1614e60_0, 0, 1>, &A<v0x59efb1614f00, v0x59efb1614e60_0 > {0 0 0};
    %load/vec4 v0x59efb1614450_0;
    %addi 1, 0, 32;
    %store/vec4 v0x59efb1614450_0, 0, 32;
    %jmp T_1.15;
T_1.14 ;
    %vpi_call/w 3 208 "$display", "input %b to input %b has occured %d times", &PV<v0x59efb1614e60_0, 1, 1>, &PV<v0x59efb1614e60_0, 0, 1>, &A<v0x59efb1614f00, v0x59efb1614e60_0 > {0 0 0};
T_1.15 ;
    ; show_stmt_assign_vector: Get l-value for compressed += operand
    %load/vec4 v0x59efb1614e60_0;
    %pushi/vec4 1, 0, 32;
    %add;
    %cast2;
    %store/vec4 v0x59efb1614e60_0, 0, 32;
    %jmp T_1.12;
T_1.13 ;
    %vpi_call/w 3 214 "$display" {0 0 0};
    %vpi_call/w 3 215 "$display", "VECTORCOUNT = %d", v0x59efb1614d20_0 {0 0 0};
    %vpi_call/w 3 216 "$display", "ERRORS = %15d", v0x59efb1614450_0 {0 0 0};
    %vpi_call/w 3 217 "$display" {0 0 0};
    %vpi_call/w 3 218 "$display", "TEST_END--------------------------------------------------------------------------------------------------------------------------" {0 0 0};
    %vpi_call/w 3 219 "$display" {0 0 0};
    %vpi_call/w 3 221 "$finish" {0 0 0};
    %end;
S_0x59efb15efb30 .scope task, "coverage_update" "coverage_update" 3 248, 3 248 0, S_0x59efb15eb310;
 .timescale -9 -11;
TD_tb_t_flip_flop.coverage_update ;
    ; show_stmt_assign_vector: Get l-value for compressed += operand
    %load/vec4 v0x59efb1615620_0;
    %load/vec4 v0x59efb1614be0_0;
    %concat/vec4; draw_concat_vec4
    %pad/u 4;
    %ix/vec4 4;
    %flag_mov 8, 4;
    %load/vec4a v0x59efb1614f00, 4;
    %pushi/vec4 1, 0, 32;
    %add;
    %flag_mov 4, 8;
    %store/vec4a v0x59efb1614f00, 4, 0;
    %end;
S_0x59efb15ef370 .scope task, "display_file" "display_file" 3 239, 3 239 0, S_0x59efb15eb310;
 .timescale -9 -11;
TD_tb_t_flip_flop.display_file ;
    %vpi_call/w 3 241 "$display", "%10d %9s | %4d | %1d | %4d     | %4d     | %4d    | %5d     | %5d     | %5d     | %6d       |", v0x59efb1614d20_0, v0x59efb16140d0_0, $time, v0x59efb1614be0_0, v0x59efb1614b10_0, v0x59efb1614a40_0, v0x59efb16149a0_0, v0x59efb1614860_0, v0x59efb16147c0_0, v0x59efb1614900_0, v0x59efb1614660_0 {0 0 0};
    %end;
S_0x59efb15eebb0 .scope module, "dut_t_flip_flop_behavioral" "t_flip_flop_behavioral" 3 35, 4 91 0, S_0x59efb15eb310;
 .timescale -9 -11;
    .port_info 0 /INPUT 1 "t";
    .port_info 1 /INPUT 1 "clk";
    .port_info 2 /OUTPUT 1 "prev_q";
    .port_info 3 /OUTPUT 1 "prev_qbar";
    .port_info 4 /OUTPUT 1 "q";
    .port_info 5 /OUTPUT 1 "qbar";
L_0x59efb16174b0 .functor NOT 1, v0x59efb15f0240_0, C4<0>, C4<0>, C4<0>;
v0x59efb15f3110_0 .net "clk", 0 0, v0x59efb1614c80_0;  1 drivers
v0x59efb15e0760_0 .var "prev_q", 0 0;
v0x59efb15ea730_0 .var "prev_qbar", 0 0;
v0x59efb15f0240_0 .var "q", 0 0;
v0x59efb15f0c60_0 .net "qbar", 0 0, L_0x59efb16174b0;  alias, 1 drivers
v0x59efb1610d00_0 .net "t", 0 0, v0x59efb1614be0_0;  1 drivers
E_0x59efb15d8540 .event posedge, v0x59efb15f3110_0;
S_0x59efb1610e80 .scope module, "dut_t_flip_flop_dataflow" "t_flip_flop_dataflow" 3 34, 4 47 0, S_0x59efb15eb310;
 .timescale -9 -11;
    .port_info 0 /INPUT 1 "t";
    .port_info 1 /INPUT 1 "clk";
    .port_info 2 /OUTPUT 1 "prev_qI";
    .port_info 3 /OUTPUT 1 "prev_qbarI";
    .port_info 4 /OUTPUT 1 "q";
    .port_info 5 /OUTPUT 1 "qbar";
L_0x59efb1615fe0 .functor BUFZ 1, v0x59efb1611c10_0, C4<0>, C4<0>, C4<0>;
L_0x59efb16160a0 .functor BUFZ 1, v0x59efb1611d90_0, C4<0>, C4<0>, C4<0>;
L_0x59efb1616160 .functor BUFZ 1, v0x59efb1614be0_0, C4<0>, C4<0>, C4<0>;
L_0x59efb16161d0 .functor BUFZ 1, v0x59efb1614be0_0, C4<0>, C4<0>, C4<0>;
L_0x59efb1616240 .functor AND 1, L_0x59efb1616160, v0x59efb1614c80_0, C4<1>, C4<1>;
L_0x59efb1616300 .functor AND 1, L_0x59efb1616240, v0x59efb1611d90_0, C4<1>, C4<1>;
L_0x59efb1616450 .functor NOT 1, L_0x59efb1616300, C4<0>, C4<0>, C4<0>;
L_0x59efb1616510 .functor AND 1, L_0x59efb16161d0, v0x59efb1614c80_0, C4<1>, C4<1>;
L_0x59efb1616620 .functor AND 1, L_0x59efb1616510, v0x59efb1611c10_0, C4<1>, C4<1>;
L_0x59efb1616730 .functor NOT 1, L_0x59efb1616620, C4<0>, C4<0>, C4<0>;
L_0x59efb1616850 .functor AND 1, L_0x59efb1616450, v0x59efb1611d90_0, C4<1>, C4<1>;
L_0x59efb16168c0 .functor NOT 1, L_0x59efb1616850, C4<0>, C4<0>, C4<0>;
L_0x59efb16169f0 .functor AND 1, L_0x59efb1616730, v0x59efb1611c10_0, C4<1>, C4<1>;
L_0x59efb1616ab0 .functor NOT 1, L_0x59efb16169f0, C4<0>, C4<0>, C4<0>;
L_0x59efb1616980 .functor AND 1, L_0x59efb1616450, L_0x59efb1616ab0, C4<1>, C4<1>;
L_0x59efb1616c40 .functor NOT 1, L_0x59efb1616980, C4<0>, C4<0>, C4<0>;
L_0x59efb1616d90 .functor AND 1, L_0x59efb1616730, L_0x59efb16168c0, C4<1>, C4<1>;
L_0x59efb1616e50 .functor NOT 1, L_0x59efb1616d90, C4<0>, C4<0>, C4<0>;
L_0x59efb1616fb0 .functor AND 1, L_0x59efb1616450, L_0x59efb1616e50, C4<1>, C4<1>;
L_0x59efb1617020 .functor NOT 1, L_0x59efb1616fb0, C4<0>, C4<0>, C4<0>;
L_0x59efb16171e0 .functor AND 1, L_0x59efb1616730, L_0x59efb1616c40, C4<1>, C4<1>;
L_0x59efb16172e0 .functor NOT 1, L_0x59efb16171e0, C4<0>, C4<0>, C4<0>;
v0x59efb1611100_0 .net *"_ivl_10", 0 0, L_0x59efb1616300;  1 drivers
v0x59efb1611200_0 .net *"_ivl_14", 0 0, L_0x59efb1616510;  1 drivers
v0x59efb16112e0_0 .net *"_ivl_16", 0 0, L_0x59efb1616620;  1 drivers
v0x59efb16113a0_0 .net *"_ivl_20", 0 0, L_0x59efb1616850;  1 drivers
v0x59efb1611480_0 .net *"_ivl_24", 0 0, L_0x59efb16169f0;  1 drivers
v0x59efb16115b0_0 .net *"_ivl_28", 0 0, L_0x59efb1616980;  1 drivers
v0x59efb1611690_0 .net *"_ivl_32", 0 0, L_0x59efb1616d90;  1 drivers
v0x59efb1611770_0 .net *"_ivl_36", 0 0, L_0x59efb1616fb0;  1 drivers
v0x59efb1611850_0 .net *"_ivl_40", 0 0, L_0x59efb16171e0;  1 drivers
v0x59efb1611930_0 .net *"_ivl_8", 0 0, L_0x59efb1616240;  1 drivers
v0x59efb1611a10_0 .net "clk", 0 0, v0x59efb1614c80_0;  alias, 1 drivers
v0x59efb1611ab0_0 .net "j", 0 0, L_0x59efb1616160;  1 drivers
v0x59efb1611b50_0 .net "k", 0 0, L_0x59efb16161d0;  1 drivers
v0x59efb1611c10_0 .var "prev_q", 0 0;
v0x59efb1611cd0_0 .net "prev_qI", 0 0, L_0x59efb1615fe0;  alias, 1 drivers
v0x59efb1611d90_0 .var "prev_qbar", 0 0;
v0x59efb1611e50_0 .net "prev_qbarI", 0 0, L_0x59efb16160a0;  alias, 1 drivers
v0x59efb1611f10_0 .net "q", 0 0, L_0x59efb1617020;  alias, 1 drivers
v0x59efb1611fd0_0 .net "q1", 0 0, L_0x59efb16168c0;  1 drivers
v0x59efb1612090_0 .net "q2", 0 0, L_0x59efb1616c40;  1 drivers
v0x59efb1612150_0 .net "qbar", 0 0, L_0x59efb16172e0;  alias, 1 drivers
v0x59efb1612210_0 .net "qbar1", 0 0, L_0x59efb1616ab0;  1 drivers
v0x59efb16122d0_0 .net "qbar2", 0 0, L_0x59efb1616e50;  1 drivers
v0x59efb1612390_0 .net "r", 0 0, L_0x59efb1616730;  1 drivers
v0x59efb1612450_0 .net "s", 0 0, L_0x59efb1616450;  1 drivers
v0x59efb1612510_0 .net "t", 0 0, v0x59efb1614be0_0;  alias, 1 drivers
S_0x59efb1612650 .scope module, "dut_t_flip_flop_gate" "t_flip_flop_gate" 3 33, 4 3 0, S_0x59efb15eb310;
 .timescale -9 -11;
    .port_info 0 /INPUT 1 "t";
    .port_info 1 /INPUT 1 "clk";
    .port_info 2 /OUTPUT 1 "prev_qI";
    .port_info 3 /OUTPUT 1 "prev_qbarI";
    .port_info 4 /OUTPUT 1 "q";
    .port_info 5 /OUTPUT 1 "qbar";
L_0x59efb15f2480 .functor BUFZ 1, v0x59efb1612af0_0, C4<0>, C4<0>, C4<0>;
L_0x59efb15f2ff0 .functor BUFZ 1, v0x59efb1612cc0_0, C4<0>, C4<0>, C4<0>;
L_0x59efb15a7ae0 .functor BUFZ 1, v0x59efb1614be0_0, C4<0>, C4<0>, C4<0>;
L_0x59efb15ea610 .functor BUFZ 1, v0x59efb1614be0_0, C4<0>, C4<0>, C4<0>;
L_0x59efb15f0120 .functor NAND 1, L_0x59efb15a7ae0, v0x59efb1614c80_0, v0x59efb1612cc0_0, C4<1>;
L_0x59efb15f0b40 .functor NAND 1, L_0x59efb15ea610, v0x59efb1614c80_0, v0x59efb1612af0_0, C4<1>;
L_0x59efb1615970 .functor NAND 1, L_0x59efb15f0120, v0x59efb1612cc0_0, C4<1>, C4<1>;
L_0x59efb1615a30 .functor NAND 1, L_0x59efb15f0b40, v0x59efb1612af0_0, C4<1>, C4<1>;
L_0x59efb1615b40 .functor NAND 1, L_0x59efb15f0120, L_0x59efb1615a30, C4<1>, C4<1>;
L_0x59efb1615c00 .functor NAND 1, L_0x59efb15f0b40, L_0x59efb1615970, C4<1>, C4<1>;
L_0x59efb1615d20 .functor NAND 1, L_0x59efb15f0120, L_0x59efb1615c00, C4<1>, C4<1>;
L_0x59efb1615e20 .functor NAND 1, L_0x59efb15f0b40, L_0x59efb1615b40, C4<1>, C4<1>;
v0x59efb1612880_0 .net "clk", 0 0, v0x59efb1614c80_0;  alias, 1 drivers
v0x59efb1612990_0 .net "j", 0 0, L_0x59efb15a7ae0;  1 drivers
v0x59efb1612a50_0 .net "k", 0 0, L_0x59efb15ea610;  1 drivers
v0x59efb1612af0_0 .var "prev_q", 0 0;
v0x59efb1612bb0_0 .net "prev_qI", 0 0, L_0x59efb15f2480;  alias, 1 drivers
v0x59efb1612cc0_0 .var "prev_qbar", 0 0;
v0x59efb1612d80_0 .net "prev_qbarI", 0 0, L_0x59efb15f2ff0;  alias, 1 drivers
v0x59efb1612e40_0 .net "q", 0 0, L_0x59efb1615d20;  alias, 1 drivers
v0x59efb1612f00_0 .net "q1", 0 0, L_0x59efb1615970;  1 drivers
v0x59efb1612fc0_0 .net "q2", 0 0, L_0x59efb1615b40;  1 drivers
v0x59efb1613080_0 .net "qbar", 0 0, L_0x59efb1615e20;  alias, 1 drivers
v0x59efb1613140_0 .net "qbar1", 0 0, L_0x59efb1615a30;  1 drivers
v0x59efb1613200_0 .net "qbar2", 0 0, L_0x59efb1615c00;  1 drivers
v0x59efb16132c0_0 .net "r", 0 0, L_0x59efb15f0b40;  1 drivers
v0x59efb1613380_0 .net "s", 0 0, L_0x59efb15f0120;  1 drivers
v0x59efb1613440_0 .net "t", 0 0, v0x59efb1614be0_0;  alias, 1 drivers
S_0x59efb16135e0 .scope task, "errors_check" "errors_check" 3 257, 3 257 0, S_0x59efb15eb310;
 .timescale -9 -11;
TD_tb_t_flip_flop.errors_check ;
    %load/vec4 v0x59efb1615550_0;
    %load/vec4 v0x59efb16152e0_0;
    %concat/vec4; draw_concat_vec4
    %cmpi/ne 0, 0, 2;
    %jmp/1 T_4.20, 4;
    %flag_mov 9, 4;
    %load/vec4 v0x59efb1615480_0;
    %load/vec4 v0x59efb1615210_0;
    %concat/vec4; draw_concat_vec4
    %cmpi/ne 0, 0, 2;
    %flag_or 4, 9;
T_4.20;
    %flag_get/vec4 4;
    %jmp/1 T_4.19, 4;
    %load/vec4 v0x59efb16153b0_0;
    %load/vec4 v0x59efb1615140_0;
    %concat/vec4; draw_concat_vec4
    %pushi/vec4 0, 0, 2;
    %cmp/ne;
    %flag_get/vec4 4;
    %or;
T_4.19;
    %pad/u 2;
    %cmpi/e 0, 0, 2;
    %flag_get/vec4 4;
    %jmp/0 T_4.18, 4;
    %load/vec4 v0x59efb1614be0_0;
    %cmpi/e 0, 0, 1;
    %flag_get/vec4 4;
    %jmp/1 T_4.21, 4;
    %load/vec4 v0x59efb1614be0_0;
    %pushi/vec4 1, 0, 1;
    %cmp/e;
    %flag_get/vec4 4;
    %or;
T_4.21;
    %and;
T_4.18;
    %flag_set/vec4 8;
    %jmp/0xz  T_4.16, 8;
    %vpi_call/w 3 262 "$display", "***ERROR: ILLEGAL CONDITION,RACING CONDITION" {0 0 0};
    %load/vec4 v0x59efb1614450_0;
    %addi 1, 0, 32;
    %store/vec4 v0x59efb1614450_0, 0, 32;
T_4.16 ;
    %load/vec4 v0x59efb1615550_0;
    %load/vec4 v0x59efb16152e0_0;
    %concat/vec4; draw_concat_vec4
    %cmpi/ne 0, 0, 2;
    %jmp/1 T_4.26, 4;
    %flag_mov 9, 4;
    %load/vec4 v0x59efb1615480_0;
    %load/vec4 v0x59efb1615210_0;
    %concat/vec4; draw_concat_vec4
    %cmpi/ne 0, 0, 2;
    %flag_or 4, 9;
T_4.26;
    %flag_get/vec4 4;
    %jmp/1 T_4.25, 4;
    %load/vec4 v0x59efb16153b0_0;
    %load/vec4 v0x59efb1615140_0;
    %concat/vec4; draw_concat_vec4
    %pushi/vec4 0, 0, 2;
    %cmp/ne;
    %flag_get/vec4 4;
    %or;
T_4.25;
    %pad/u 2;
    %cmpi/e 3, 0, 2;
    %flag_get/vec4 4;
    %jmp/0 T_4.24, 4;
    %load/vec4 v0x59efb1614be0_0;
    %cmpi/e 1, 0, 1;
    %flag_get/vec4 4;
    %jmp/1 T_4.27, 4;
    %load/vec4 v0x59efb1614be0_0;
    %pushi/vec4 0, 0, 1;
    %cmp/e;
    %flag_get/vec4 4;
    %or;
T_4.27;
    %and;
T_4.24;
    %flag_set/vec4 8;
    %jmp/0xz  T_4.22, 8;
    %vpi_call/w 3 269 "$display", "***ERROR: ILLEGAL CONDITION, q = %b and qbar = %b", v0x59efb1614900_0, v0x59efb1614660_0 {0 0 0};
    %load/vec4 v0x59efb1614450_0;
    %addi 1, 0, 32;
    %store/vec4 v0x59efb1614450_0, 0, 32;
T_4.22 ;
    %load/vec4 v0x59efb1614b10_0;
    %load/vec4 v0x59efb1614900_0;
    %cmp/ne;
    %jmp/0xz  T_4.28, 6;
    %vpi_call/w 3 278 "$display", "***ERROR: Q_gate = %b, Q_expected = %b", v0x59efb1614b10_0, v0x59efb1614900_0 {0 0 0};
    %load/vec4 v0x59efb1614450_0;
    %addi 1, 0, 32;
    %store/vec4 v0x59efb1614450_0, 0, 32;
T_4.28 ;
    %load/vec4 v0x59efb1614a40_0;
    %load/vec4 v0x59efb1614900_0;
    %cmp/ne;
    %jmp/0xz  T_4.30, 6;
    %vpi_call/w 3 285 "$display", "***ERROR: Q_dataflow = %b, Q_expected = %b", v0x59efb1614a40_0, v0x59efb1614900_0 {0 0 0};
    %load/vec4 v0x59efb1614450_0;
    %addi 1, 0, 32;
    %store/vec4 v0x59efb1614450_0, 0, 32;
T_4.30 ;
    %load/vec4 v0x59efb16149a0_0;
    %load/vec4 v0x59efb1614900_0;
    %cmp/ne;
    %jmp/0xz  T_4.32, 6;
    %vpi_call/w 3 292 "$display", "***ERROR: Q_behavioral = %b, Q_expected = %b", v0x59efb16149a0_0, v0x59efb1614900_0 {0 0 0};
    %load/vec4 v0x59efb1614450_0;
    %addi 1, 0, 32;
    %store/vec4 v0x59efb1614450_0, 0, 32;
T_4.32 ;
    %load/vec4 v0x59efb1614860_0;
    %load/vec4 v0x59efb1614660_0;
    %cmp/ne;
    %jmp/0xz  T_4.34, 6;
    %vpi_call/w 3 299 "$display", "***ERROR: QBAR_gate = %b, QBAR_expected = %b", v0x59efb1614860_0, v0x59efb1614660_0 {0 0 0};
    %load/vec4 v0x59efb1614450_0;
    %addi 1, 0, 32;
    %store/vec4 v0x59efb1614450_0, 0, 32;
T_4.34 ;
    %load/vec4 v0x59efb16147c0_0;
    %load/vec4 v0x59efb1614660_0;
    %cmp/ne;
    %jmp/0xz  T_4.36, 6;
    %vpi_call/w 3 306 "$display", "***ERROR: QBAR_dataflow = %b, QBAR_expected = %b", v0x59efb16147c0_0, v0x59efb1614660_0 {0 0 0};
    %load/vec4 v0x59efb1614450_0;
    %addi 1, 0, 32;
    %store/vec4 v0x59efb1614450_0, 0, 32;
T_4.36 ;
    %load/vec4 v0x59efb1614be0_0;
    %load/vec4 v0x59efb1615620_0;
    %cmp/ne;
    %jmp/0xz  T_4.38, 6;
    %vpi_call/w 3 313 "$display", "***ERROR: Racing Condition Occur" {0 0 0};
    %load/vec4 v0x59efb1614450_0;
    %addi 1, 0, 32;
    %store/vec4 v0x59efb1614450_0, 0, 32;
T_4.38 ;
    %end;
S_0x59efb16137c0 .scope task, "force_release" "force_release" 3 93, 3 93 0, S_0x59efb15eb310;
 .timescale -9 -11;
TD_tb_t_flip_flop.force_release ;
    %delay 11, 0;
    %pushi/vec4 0, 0, 1;
    %force/vec4 v0x59efb1614b10_0;
    %pushi/vec4 1, 0, 1;
    %force/vec4 v0x59efb1614860_0;
    %pushi/vec4 0, 0, 1;
    %force/vec4 v0x59efb1614a40_0;
    %pushi/vec4 1, 0, 1;
    %force/vec4 v0x59efb16147c0_0;
    %pushi/vec4 0, 0, 1;
    %force/vec4 v0x59efb16149a0_0;
    %pushi/vec4 1, 0, 1;
    %force/vec4 v0x59efb1614720_0;
    %pushi/vec4 0, 0, 1;
    %force/vec4 v0x59efb1614900_0;
    %pushi/vec4 1, 0, 1;
    %force/vec4 v0x59efb1614660_0;
    %delay 1000, 0;
    %release/net v0x59efb1614b10_0, 0, 1;
    %release/net v0x59efb1614860_0, 0, 1;
    %release/net v0x59efb1614a40_0, 0, 1;
    %release/net v0x59efb16147c0_0, 0, 1;
    %release/reg v0x59efb1614900_0, 0, 1;
    %release/reg v0x59efb1614660_0, 0, 1;
    %wait E_0x59efb15d8540;
    %delay 10, 0;
    %release/net v0x59efb16149a0_0, 0, 1;
    %release/net v0x59efb1614720_0, 0, 1;
    %end;
S_0x59efb16139a0 .scope task, "initialize" "initialize" 3 64, 3 64 0, S_0x59efb15eb310;
 .timescale -9 -11;
TD_tb_t_flip_flop.initialize ;
    %vpi_func 3 66 "$fopen" 32, "tb_t_flip_flop.tv", "r" {0 0 0};
    %store/vec4 v0x59efb1614580_0, 0, 32;
    %vpi_func 3 67 "$fscanf" 32, v0x59efb1614580_0, "%s", v0x59efb16140d0_0 {0 0 0};
    %store/vec4 v0x59efb1614370_0, 0, 32;
    %vpi_func 3 69 "$fscanf" 32, v0x59efb1614580_0, "%s %b %s %s", v0x59efb16140d0_0, v0x59efb1614be0_0, v0x59efb16141d0_0, v0x59efb16142b0_0 {0 0 0};
    %store/vec4 v0x59efb1614370_0, 0, 32;
    %pushi/vec4 0, 0, 1;
    %store/vec4 v0x59efb1614c80_0, 0, 1;
    %pushi/vec4 0, 0, 32;
    %store/vec4 v0x59efb1614d20_0, 0, 32;
    %pushi/vec4 0, 0, 32;
    %store/vec4 v0x59efb1614450_0, 0, 32;
    %pushi/vec4 0, 0, 32;
    %store/vec4 v0x59efb1614e60_0, 0, 32;
T_6.40 ;
    %load/vec4 v0x59efb1614e60_0;
    %cmpi/s 4, 0, 32;
    %jmp/0xz T_6.41, 5;
    %pushi/vec4 0, 0, 32;
    %ix/getv/s 4, v0x59efb1614e60_0;
    %store/vec4a v0x59efb1614f00, 4, 0;
    ; show_stmt_assign_vector: Get l-value for compressed += operand
    %load/vec4 v0x59efb1614e60_0;
    %pushi/vec4 1, 0, 32;
    %add;
    %cast2;
    %store/vec4 v0x59efb1614e60_0, 0, 32;
    %jmp T_6.40;
T_6.41 ;
    %pushi/vec4 0, 0, 1;
    %store/vec4 v0x59efb1614dc0_0, 0, 1;
    %vpi_call/w 3 80 "$display" {0 0 0};
    %vpi_call/w 3 81 "$display", "TEST_START------------------------------------------------------------------------------------------------------------------------" {0 0 0};
    %vpi_call/w 3 82 "$display" {0 0 0};
    %vpi_call/w 3 83 "$display", "                     | TIME | T |  Q_gate  |  Q_data  |  Q_beh  | QBAR_gate | QBAR_data | QEXPECTED | QBAREXPECTED |" {0 0 0};
    %vpi_call/w 3 84 "$display", "----------------------------------------------------------------------------------------------------------------------------------" {0 0 0};
    %end;
S_0x59efb1613b30 .scope task, "random_in" "random_in" 3 138, 3 138 0, S_0x59efb15eb310;
 .timescale -9 -11;
TD_tb_t_flip_flop.random_in ;
    %vpi_func 3 140 "$urandom" 32 {0 0 0};
    %pushi/vec4 2, 0, 32;
    %mod;
    %pad/u 1;
    %store/vec4 v0x59efb1614be0_0, 0, 1;
    %load/vec4 v0x59efb1614be0_0;
    %dup/vec4;
    %pushi/vec4 0, 0, 1;
    %cmp/u;
    %jmp/1 T_7.42, 6;
    %dup/vec4;
    %pushi/vec4 1, 0, 1;
    %cmp/u;
    %jmp/1 T_7.43, 6;
    %jmp T_7.44;
T_7.42 ;
    %load/vec4 v0x59efb1615550_0;
    %load/vec4 v0x59efb16152e0_0;
    %concat/vec4; draw_concat_vec4
    %cmpi/ne 0, 0, 2;
    %jmp/1 T_7.49, 4;
    %flag_mov 8, 4;
    %load/vec4 v0x59efb1615480_0;
    %load/vec4 v0x59efb1615210_0;
    %concat/vec4; draw_concat_vec4
    %cmpi/ne 0, 0, 2;
    %flag_or 4, 8;
T_7.49;
    %flag_get/vec4 4;
    %jmp/1 T_7.48, 4;
    %load/vec4 v0x59efb16153b0_0;
    %load/vec4 v0x59efb1615140_0;
    %concat/vec4; draw_concat_vec4
    %pushi/vec4 0, 0, 2;
    %cmp/ne;
    %flag_get/vec4 4;
    %or;
T_7.48;
    %pad/u 2;
    %cmpi/e 3, 0, 2;
    %jmp/1 T_7.47, 4;
    %flag_mov 8, 4;
    %load/vec4 v0x59efb1615550_0;
    %load/vec4 v0x59efb16152e0_0;
    %concat/vec4; draw_concat_vec4
    %cmpi/ne 0, 0, 2;
    %jmp/1 T_7.51, 4;
    %flag_mov 9, 4;
    %load/vec4 v0x59efb1615480_0;
    %load/vec4 v0x59efb1615210_0;
    %concat/vec4; draw_concat_vec4
    %cmpi/ne 0, 0, 2;
    %flag_or 4, 9;
T_7.51;
    %flag_get/vec4 4;
    %jmp/1 T_7.50, 4;
    %load/vec4 v0x59efb16153b0_0;
    %load/vec4 v0x59efb1615140_0;
    %concat/vec4; draw_concat_vec4
    %pushi/vec4 0, 0, 2;
    %cmp/ne;
    %flag_get/vec4 4;
    %or;
T_7.50;
    %pad/u 2;
    %cmpi/e 0, 0, 2;
    %flag_or 4, 8;
T_7.47;
    %flag_mov 8, 4;
    %jmp/0 T_7.45, 8;
    %pushi/vec4 18764, 0, 32; draw_string_vec4
    %pushi/vec4 1279608641, 0, 32; draw_string_vec4
    %concat/vec4; draw_string_vec4
    %pushi/vec4 76, 0, 8; draw_string_vec4
    %concat/vec4; draw_string_vec4
    %jmp/1 T_7.46, 8;
T_7.45 ; End of true expr.
    %pushi/vec4 0, 0, 32; draw_string_vec4
    %pushi/vec4 4738892, 0, 32; draw_string_vec4
    %concat/vec4; draw_string_vec4
    %pushi/vec4 68, 0, 8; draw_string_vec4
    %concat/vec4; draw_string_vec4
    %jmp/0 T_7.46, 8;
 ; End of false expr.
    %blend;
T_7.46;
    %store/vec4 v0x59efb16140d0_0, 0, 72;
    %jmp T_7.44;
T_7.43 ;
    %load/vec4 v0x59efb1615550_0;
    %load/vec4 v0x59efb16152e0_0;
    %concat/vec4; draw_concat_vec4
    %cmpi/ne 0, 0, 2;
    %jmp/1 T_7.56, 4;
    %flag_mov 8, 4;
    %load/vec4 v0x59efb1615480_0;
    %load/vec4 v0x59efb1615210_0;
    %concat/vec4; draw_concat_vec4
    %cmpi/ne 0, 0, 2;
    %flag_or 4, 8;
T_7.56;
    %flag_get/vec4 4;
    %jmp/1 T_7.55, 4;
    %load/vec4 v0x59efb16153b0_0;
    %load/vec4 v0x59efb1615140_0;
    %concat/vec4; draw_concat_vec4
    %pushi/vec4 0, 0, 2;
    %cmp/ne;
    %flag_get/vec4 4;
    %or;
T_7.55;
    %pad/u 2;
    %cmpi/e 3, 0, 2;
    %jmp/1 T_7.54, 4;
    %flag_mov 8, 4;
    %load/vec4 v0x59efb1615550_0;
    %load/vec4 v0x59efb16152e0_0;
    %concat/vec4; draw_concat_vec4
    %cmpi/ne 0, 0, 2;
    %jmp/1 T_7.58, 4;
    %flag_mov 9, 4;
    %load/vec4 v0x59efb1615480_0;
    %load/vec4 v0x59efb1615210_0;
    %concat/vec4; draw_concat_vec4
    %cmpi/ne 0, 0, 2;
    %flag_or 4, 9;
T_7.58;
    %flag_get/vec4 4;
    %jmp/1 T_7.57, 4;
    %load/vec4 v0x59efb16153b0_0;
    %load/vec4 v0x59efb1615140_0;
    %concat/vec4; draw_concat_vec4
    %pushi/vec4 0, 0, 2;
    %cmp/ne;
    %flag_get/vec4 4;
    %or;
T_7.57;
    %pad/u 2;
    %cmpi/e 0, 0, 2;
    %flag_or 4, 8;
T_7.54;
    %flag_mov 8, 4;
    %jmp/0 T_7.52, 8;
    %pushi/vec4 18764, 0, 32; draw_string_vec4
    %pushi/vec4 1279608641, 0, 32; draw_string_vec4
    %concat/vec4; draw_string_vec4
    %pushi/vec4 76, 0, 8; draw_string_vec4
    %concat/vec4; draw_string_vec4
    %jmp/1 T_7.53, 8;
T_7.52 ; End of true expr.
    %pushi/vec4 84, 0, 32; draw_string_vec4
    %pushi/vec4 1330071372, 0, 32; draw_string_vec4
    %concat/vec4; draw_string_vec4
    %pushi/vec4 69, 0, 8; draw_string_vec4
    %concat/vec4; draw_string_vec4
    %jmp/0 T_7.53, 8;
 ; End of false expr.
    %blend;
T_7.53;
    %store/vec4 v0x59efb16140d0_0, 0, 72;
    %jmp T_7.44;
T_7.44 ;
    %pop/vec4 1;
    %pushi/real 1717986918, 4062; load=0.100000
    %pushi/real 1677722, 4040; load=0.100000
    %add/wr;
    %vpi_func 3 148 "$urandom_range" 32, W<0,r>, 32'sb00000000000000000000000000001010 {0 1 0};
    %pad/u 64;
    %muli 100, 0, 64;
    %ix/vec4 4;
    %delayx 4;
    %end;
S_0x59efb1613d10 .scope task, "scan_file" "scan_file" 3 127, 3 127 0, S_0x59efb15eb310;
 .timescale -9 -11;
TD_tb_t_flip_flop.scan_file ;
    %vpi_func 3 130 "$fscanf" 32, v0x59efb1614580_0, "%s %b %b %b", v0x59efb16140d0_0, v0x59efb1614be0_0, v0x59efb1614900_0, v0x59efb1614660_0 {0 0 0};
    %store/vec4 v0x59efb1614370_0, 0, 32;
    %load/vec4 v0x59efb1614370_0;
    %pushi/vec4 4294967295, 0, 32;
    %cmp/e;
    %flag_get/vec4 4;
    %store/vec4 v0x59efb1614dc0_0, 0, 1;
    %end;
S_0x59efb1613ef0 .scope task, "vectorcount" "vectorcount" 3 229, 3 229 0, S_0x59efb15eb310;
 .timescale -9 -11;
TD_tb_t_flip_flop.vectorcount ;
    %load/vec4 v0x59efb1614d20_0;
    %addi 1, 0, 32;
    %store/vec4 v0x59efb1614d20_0, 0, 32;
    %end;
    .scope S_0x59efb1612650;
T_10 ;
    %wait E_0x59efb15d8540;
    %delay 20, 0;
    %load/vec4 v0x59efb1612e40_0;
    %store/vec4 v0x59efb1612af0_0, 0, 1;
    %load/vec4 v0x59efb1613080_0;
    %store/vec4 v0x59efb1612cc0_0, 0, 1;
    %jmp T_10;
    .thread T_10;
    .scope S_0x59efb1610e80;
T_11 ;
    %wait E_0x59efb15d8540;
    %delay 20, 0;
    %load/vec4 v0x59efb1611f10_0;
    %store/vec4 v0x59efb1611c10_0, 0, 1;
    %load/vec4 v0x59efb1612150_0;
    %store/vec4 v0x59efb1611d90_0, 0, 1;
    %jmp T_11;
    .thread T_11;
    .scope S_0x59efb15eebb0;
T_12 ;
    %wait E_0x59efb15d8540;
    %delay 20, 0;
    %load/vec4 v0x59efb15f0240_0;
    %store/vec4 v0x59efb15e0760_0, 0, 1;
    %load/vec4 v0x59efb15f0c60_0;
    %store/vec4 v0x59efb15ea730_0, 0, 1;
    %jmp T_12;
    .thread T_12;
    .scope S_0x59efb15eebb0;
T_13 ;
    %wait E_0x59efb15d8540;
    %load/vec4 v0x59efb1610d00_0;
    %dup/vec4;
    %pushi/vec4 0, 0, 1;
    %cmp/u;
    %jmp/1 T_13.0, 6;
    %dup/vec4;
    %pushi/vec4 1, 0, 1;
    %cmp/u;
    %jmp/1 T_13.1, 6;
    %jmp T_13.2;
T_13.0 ;
    %load/vec4 v0x59efb15f0240_0;
    %assign/vec4 v0x59efb15f0240_0, 0;
    %jmp T_13.2;
T_13.1 ;
    %load/vec4 v0x59efb15f0c60_0;
    %assign/vec4 v0x59efb15f0240_0, 0;
    %jmp T_13.2;
T_13.2 ;
    %pop/vec4 1;
    %jmp T_13;
    .thread T_13;
    .scope S_0x59efb15eb310;
T_14 ;
    %vpi_call/w 3 43 "$dumpfile", "tb_t_flip_flop.vcd" {0 0 0};
    %vpi_call/w 3 44 "$dumpvars", 32'sb00000000000000000000000000000000, S_0x59efb15eb310 {0 0 0};
    %end;
    .thread T_14;
    .scope S_0x59efb15eb310;
T_15 ;
    %delay 1000, 0;
    %load/vec4 v0x59efb1614c80_0;
    %inv;
    %store/vec4 v0x59efb1614c80_0, 0, 1;
    %jmp T_15;
    .thread T_15;
    .scope S_0x59efb15eb310;
T_16 ;
    %fork TD_tb_t_flip_flop.initialize, S_0x59efb16139a0;
    %join;
    %wait E_0x59efb15d8540;
    %fork TD_tb_t_flip_flop.force_release, S_0x59efb16137c0;
    %join;
    %end;
    .thread T_16;
    .scope S_0x59efb15eb310;
T_17 ;
    %wait E_0x59efb15d8500;
    %delay 120, 0;
    %load/vec4 v0x59efb1614dc0_0;
    %nor/r;
    %flag_set/vec4 8;
    %jmp/0xz  T_17.0, 8;
    %fork TD_tb_t_flip_flop.scan_file, S_0x59efb1613d10;
    %join;
T_17.0 ;
    %jmp T_17;
    .thread T_17;
    .scope S_0x59efb15eb310;
T_18 ;
    %wait E_0x59efb15d8540;
    %fork TD_tb_t_flip_flop.coverage_update, S_0x59efb15efb30;
    %join;
    %load/vec4 v0x59efb1614be0_0;
    %store/vec4 v0x59efb1615620_0, 0, 1;
    %delay 10, 0;
    %fork TD_tb_t_flip_flop.QEXP, S_0x59efb15eb690;
    %join;
    %fork TD_tb_t_flip_flop.display_file, S_0x59efb15ef370;
    %join;
    %fork TD_tb_t_flip_flop.errors_check, S_0x59efb16135e0;
    %join;
    %fork TD_tb_t_flip_flop.vectorcount, S_0x59efb1613ef0;
    %join;
    %delay 10, 0;
    %load/vec4 v0x59efb1614900_0;
    %store/vec4 v0x59efb1614fc0_0, 0, 1;
    %load/vec4 v0x59efb1614660_0;
    %store/vec4 v0x59efb1615080_0, 0, 1;
    %jmp T_18;
    .thread T_18;
    .scope S_0x59efb15eb310;
T_19 ;
T_19.0 ;
    %load/vec4 v0x59efb1614dc0_0;
    %cmpi/ne 1, 0, 1;
    %jmp/0xz T_19.1, 6;
    %wait E_0x59efb15d82e0;
    %jmp T_19.0;
T_19.1 ;
    %vpi_call/w 3 390 "$display" {0 0 0};
    %vpi_call/w 3 391 "$display", "%13s ***time = %0d,eof ***", "\000", $time {0 0 0};
    %vpi_call/w 3 392 "$display" {0 0 0};
    %pushi/vec4 0, 0, 32;
    %store/vec4 v0x59efb1614e60_0, 0, 32;
T_19.2 ;
    %load/vec4 v0x59efb1614e60_0;
    %cmpi/s 50, 0, 32;
    %jmp/0xz T_19.3, 5;
    %load/vec4 v0x59efb1614be0_0;
    %pad/u 32;
    %cmpi/e 2, 0, 32;
    %jmp/0xz  T_19.4, 4;
    %fork TD_tb_t_flip_flop.vectorcount, S_0x59efb1613ef0;
    %join;
    %fork TD_tb_t_flip_flop.close, S_0x59efb15e8ac0;
    %join;
    %jmp T_19.5;
T_19.4 ;
    %fork TD_tb_t_flip_flop.random_in, S_0x59efb1613b30;
    %join;
T_19.5 ;
    ; show_stmt_assign_vector: Get l-value for compressed += operand
    %load/vec4 v0x59efb1614e60_0;
    %pushi/vec4 1, 0, 32;
    %add;
    %cast2;
    %store/vec4 v0x59efb1614e60_0, 0, 32;
    %jmp T_19.2;
T_19.3 ;
    %fork TD_tb_t_flip_flop.close, S_0x59efb15e8ac0;
    %join;
    %end;
    .thread T_19;
# The file index is used to find the file name in the following table.
:file_names 5;
    "N/A";
    "<interactive>";
    "-";
    "tb_t_flip_flop.v";
    "t_flip_flop.v";
