#! /usr/bin/vvp
:ivl_version "12.0 (stable)";
:ivl_delay_selection "TYPICAL";
:vpi_time_precision + 0;
:vpi_module "/usr/lib/x86_64-linux-gnu/ivl/system.vpi";
:vpi_module "/usr/lib/x86_64-linux-gnu/ivl/vhdl_sys.vpi";
:vpi_module "/usr/lib/x86_64-linux-gnu/ivl/vhdl_textio.vpi";
:vpi_module "/usr/lib/x86_64-linux-gnu/ivl/v2005_math.vpi";
:vpi_module "/usr/lib/x86_64-linux-gnu/ivl/va_math.vpi";
:vpi_module "/usr/lib/x86_64-linux-gnu/ivl/v2009.vpi";
S_0x63b5e4d63d20 .scope package, "$unit" "$unit" 2 1;
 .timescale 0 0;
S_0x63b5e4d6b960 .scope module, "tb_lifo_synchronous" "tb_lifo_synchronous" 3 1;
 .timescale 0 0;
P_0x63b5e4d6f4e0 .param/l "ADDR_WIDTH" 0 3 37, +C4<00000000000000000000000000000100>;
P_0x63b5e4d6f520 .param/l "DATA_WIDTH" 0 3 37, +C4<00000000000000000000000000001000>;
P_0x63b5e4d6f560 .param/l "MEM_DEPTH" 0 3 37, +C4<00000000000000000000000000010000>;
P_0x63b5e4d6f5a0 .param/l "TICKPERIOD" 0 3 37, +C4<00000000000000000000000000010100>;
L_0x63b5e4d67930 .functor AND 1, v0x63b5e4d8ce30_0, L_0x63b5e4da4ef0, C4<1>, C4<1>;
L_0x63b5e4d683e0 .functor AND 1, v0x63b5e4d8cb70_0, L_0x63b5e4da5080, C4<1>, C4<1>;
v0x63b5e4d92290_0 .net "ADDR0", 4 0, v0x63b5e4d903d0_0;  1 drivers
v0x63b5e4d92370_0 .var "ADDR0_EXPECTED", 4 0;
v0x63b5e4d92430_0 .net "ADDR_EXPECTED", 3 0, L_0x63b5e4da51e0;  1 drivers
v0x63b5e4d92500_0 .var "COMMENT", 247 0;
v0x63b5e4d925e0_0 .net "DATA_IN", 7 0, v0x63b5e4d8c9b0_0;  1 drivers
v0x63b5e4d92780_0 .net "DATA_OUT", 7 0, v0x63b5e4d8f580_0;  1 drivers
v0x63b5e4d92840_0 .net "DATA_OUT_EXPECTED", 7 0, v0x63b5e4d91b10_0;  1 drivers
v0x63b5e4d92900_0 .net "EMPTY", 0 0, L_0x63b5e4da4a10;  1 drivers
v0x63b5e4d929f0_0 .net "EMPTY_EXPECTED", 0 0, L_0x63b5e4da5420;  1 drivers
v0x63b5e4d92b20_0 .var "ERRORS", 31 0;
v0x63b5e4d92c00_0 .net "FULL", 0 0, L_0x63b5e4da4c80;  1 drivers
v0x63b5e4d92ca0_0 .net "FULL_EXPECTED", 0 0, L_0x63b5e4da56e0;  1 drivers
v0x63b5e4d92d60_0 .net "NEXTW", 0 0, L_0x63b5e4d65160;  1 drivers
v0x63b5e4d92e00_0 .net "NEXT_R", 0 0, L_0x63b5e4d683e0;  1 drivers
v0x63b5e4d92ea0_0 .net "NEXT_W", 0 0, L_0x63b5e4d67930;  1 drivers
v0x63b5e4d92f40_0 .net "PTR", 4 0, v0x63b5e4d8fed0_0;  1 drivers
v0x63b5e4d92fe0_0 .var "PTR_EXPECTED", 4 0;
v0x63b5e4d931d0_0 .net "RST", 0 0, v0x63b5e4d8cab0_0;  1 drivers
v0x63b5e4d93270_0 .net "R_EN", 0 0, v0x63b5e4d8cb70_0;  1 drivers
v0x63b5e4d93360_0 .var "TICK", 0 0;
v0x63b5e4d93400_0 .var "VECTORCOUNT", 31 0;
v0x63b5e4d934e0_0 .net "WRAP", 0 0, L_0x63b5e4da5870;  1 drivers
v0x63b5e4d935a0_0 .net "W_EN", 0 0, v0x63b5e4d8ce30_0;  1 drivers
v0x63b5e4d93690_0 .net *"_ivl_11", 0 0, L_0x63b5e4da5080;  1 drivers
v0x63b5e4d93750_0 .net *"_ivl_16", 31 0, L_0x63b5e4da5280;  1 drivers
L_0x7b8be1c402a0 .functor BUFT 1, C4<000000000000000000000000000>, C4<0>, C4<0>, C4<0>;
v0x63b5e4d93830_0 .net *"_ivl_19", 26 0, L_0x7b8be1c402a0;  1 drivers
L_0x7b8be1c402e8 .functor BUFT 1, C4<00000000000000000000000000000000>, C4<0>, C4<0>, C4<0>;
v0x63b5e4d93910_0 .net/2u *"_ivl_20", 31 0, L_0x7b8be1c402e8;  1 drivers
v0x63b5e4d939f0_0 .net *"_ivl_24", 31 0, L_0x63b5e4da55b0;  1 drivers
L_0x7b8be1c40330 .functor BUFT 1, C4<000000000000000000000000000>, C4<0>, C4<0>, C4<0>;
v0x63b5e4d93ad0_0 .net *"_ivl_27", 26 0, L_0x7b8be1c40330;  1 drivers
L_0x7b8be1c40378 .functor BUFT 1, C4<00000000000000000000000000010000>, C4<0>, C4<0>, C4<0>;
v0x63b5e4d93bb0_0 .net/2u *"_ivl_28", 31 0, L_0x7b8be1c40378;  1 drivers
L_0x7b8be1c403c0 .functor BUFT 1, C4<10000>, C4<0>, C4<0>, C4<0>;
v0x63b5e4d93c90_0 .net/2u *"_ivl_32", 4 0, L_0x7b8be1c403c0;  1 drivers
v0x63b5e4d93d70_0 .net *"_ivl_7", 0 0, L_0x63b5e4da4ef0;  1 drivers
v0x63b5e4d93e30_0 .net "done", 0 0, v0x63b5e4d8cfd0_0;  1 drivers
v0x63b5e4d93ed0_0 .net "eof", 0 0, v0x63b5e4d8d090_0;  1 drivers
v0x63b5e4d93f70_0 .var/2s "i", 31 0;
v0x63b5e4d94010_0 .var "prev_ADDR_EXPECTED", 3 0;
v0x63b5e4d940f0_0 .var "prev_state", 1 0;
v0x63b5e4d941b0 .array "state_input_coverage", 23 0, 31 0;
v0x63b5e4d94250_0 .var "wrap_coverage", 31 0;
L_0x63b5e4da4ef0 .reduce/nor L_0x63b5e4da56e0;
L_0x63b5e4da5080 .reduce/nor L_0x63b5e4da5420;
L_0x63b5e4da51e0 .part v0x63b5e4d92fe0_0, 0, 4;
L_0x63b5e4da5280 .concat [ 5 27 0 0], v0x63b5e4d92fe0_0, L_0x7b8be1c402a0;
L_0x63b5e4da5420 .cmp/eq 32, L_0x63b5e4da5280, L_0x7b8be1c402e8;
L_0x63b5e4da55b0 .concat [ 5 27 0 0], v0x63b5e4d92fe0_0, L_0x7b8be1c40330;
L_0x63b5e4da56e0 .cmp/eq 32, L_0x63b5e4da55b0, L_0x7b8be1c40378;
L_0x63b5e4da5870 .cmp/eq 5, v0x63b5e4d92fe0_0, L_0x7b8be1c403c0;
S_0x63b5e4d637e0 .scope task, "OUT_EXP" "OUT_EXP" 3 121, 3 121 0, S_0x63b5e4d6b960;
 .timescale 0 0;
TD_tb_lifo_synchronous.OUT_EXP ;
    %load/vec4 v0x63b5e4d931d0_0;
    %flag_set/vec4 8;
    %jmp/0xz  T_0.0, 8;
    %pushi/vec4 0, 0, 5;
    %assign/vec4 v0x63b5e4d92fe0_0, 0;
    %jmp T_0.1;
T_0.0 ;
    %load/vec4 v0x63b5e4d92ea0_0;
    %load/vec4 v0x63b5e4d92e00_0;
    %concat/vec4; draw_concat_vec4
    %dup/vec4;
    %pushi/vec4 1, 0, 2;
    %cmp/u;
    %jmp/1 T_0.2, 6;
    %dup/vec4;
    %pushi/vec4 2, 0, 2;
    %cmp/u;
    %jmp/1 T_0.3, 6;
    %load/vec4 v0x63b5e4d92fe0_0;
    %assign/vec4 v0x63b5e4d92fe0_0, 0;
    %jmp T_0.5;
T_0.2 ;
    %load/vec4 v0x63b5e4d92fe0_0;
    %subi 1, 0, 5;
    %assign/vec4 v0x63b5e4d92fe0_0, 0;
    %jmp T_0.5;
T_0.3 ;
    %load/vec4 v0x63b5e4d92fe0_0;
    %addi 1, 0, 5;
    %assign/vec4 v0x63b5e4d92fe0_0, 0;
    %jmp T_0.5;
T_0.5 ;
    %pop/vec4 1;
T_0.1 ;
    %load/vec4 v0x63b5e4d92fe0_0;
    %assign/vec4 v0x63b5e4d92370_0, 0;
    %end;
S_0x63b5e4d156b0 .scope task, "close" "close" 3 142, 3 142 0, S_0x63b5e4d6b960;
 .timescale 0 0;
TD_tb_lifo_synchronous.close ;
    %delay 10, 0;
    %vpi_call/w 3 146 "$display" {0 0 0};
    %vpi_call/w 3 147 "$display", "COVERAGE_REPORT" {0 0 0};
    %vpi_call/w 3 148 "$display" {0 0 0};
    %vpi_call/w 3 149 "$display" {0 0 0};
    %vpi_call/w 3 150 "$display" {0 0 0};
    %load/vec4 v0x63b5e4d94250_0;
    %cmpi/e 0, 0, 32;
    %jmp/0xz  T_1.6, 4;
    %vpi_call/w 3 155 "$display", "wrap around has occured %58d times ***ERROR***", v0x63b5e4d94250_0 {0 0 0};
    %load/vec4 v0x63b5e4d92b20_0;
    %addi 1, 0, 32;
    %store/vec4 v0x63b5e4d92b20_0, 0, 32;
    %jmp T_1.7;
T_1.6 ;
    %vpi_call/w 3 161 "$display", "wrap around has occured %58d times", v0x63b5e4d94250_0 {0 0 0};
T_1.7 ;
    %fork t_1, S_0x63b5e4d15840;
    %jmp t_0;
    .scope S_0x63b5e4d15840;
t_1 ;
    %pushi/vec4 0, 0, 32;
    %store/vec4 v0x63b5e4d65280_0, 0, 32;
T_1.8 ;
    %load/vec4 v0x63b5e4d65280_0;
    %cmpi/s 15, 0, 32;
    %jmp/0xz T_1.9, 5;
    %fork t_3, S_0x63b5e4d0ea80;
    %jmp t_2;
    .scope S_0x63b5e4d0ea80;
t_3 ;
    %load/vec4 v0x63b5e4d65280_0;
    %addi 3, 0, 32;
    %cast2;
    %store/vec4 v0x63b5e4d6a660_0, 0, 32;
    %load/vec4 v0x63b5e4d65280_0;
    %addi 6, 0, 32;
    %cast2;
    %store/vec4 v0x63b5e4d68f10_0, 0, 32;
    %load/vec4 v0x63b5e4d65280_0;
    %cmpi/u 8, 0, 32;
    %jmp/0xz  T_1.10, 5;
    %ix/getv/s 4, v0x63b5e4d65280_0;
    %load/vec4a v0x63b5e4d941b0, 4;
    %cmpi/e 0, 0, 32;
    %jmp/0xz  T_1.12, 4;
    %vpi_call/w 3 173 "$display", "state FULL = %b, EMPTY = %b, input RST = %b, W_EN = %b, R_EN = %b has occured %d times ***ERROR***", &PV<v0x63b5e4d65280_0, 4, 1>, &PV<v0x63b5e4d65280_0, 3, 1>, &PV<v0x63b5e4d65280_0, 2, 1>, &PV<v0x63b5e4d65280_0, 1, 1>, &PV<v0x63b5e4d65280_0, 0, 1>, &A<v0x63b5e4d941b0, v0x63b5e4d65280_0 > {0 0 0};
    %load/vec4 v0x63b5e4d92b20_0;
    %addi 1, 0, 32;
    %store/vec4 v0x63b5e4d92b20_0, 0, 32;
    %jmp T_1.13;
T_1.12 ;
    %vpi_call/w 3 177 "$display", "state FULL = %b, EMPTY = %b, input RST = %b, W_EN = %b, R_EN = %b has occured %d times", &PV<v0x63b5e4d65280_0, 4, 1>, &PV<v0x63b5e4d65280_0, 3, 1>, &PV<v0x63b5e4d65280_0, 2, 1>, &PV<v0x63b5e4d65280_0, 1, 1>, &PV<v0x63b5e4d65280_0, 0, 1>, &A<v0x63b5e4d941b0, v0x63b5e4d65280_0 > {0 0 0};
T_1.13 ;
    %jmp T_1.11;
T_1.10 ;
    %pushi/vec4 7, 0, 32;
    %load/vec4 v0x63b5e4d65280_0;
    %cmp/u;
    %flag_get/vec4 5;
    %pad/u 5;
    %cmpi/u 16, 0, 5;
    %jmp/0xz  T_1.14, 5;
    %ix/getv/s 4, v0x63b5e4d65280_0;
    %load/vec4a v0x63b5e4d941b0, 4;
    %cmpi/e 0, 0, 32;
    %jmp/0xz  T_1.16, 4;
    %vpi_call/w 3 183 "$display", "state FULL = %b, EMPTY = %b, input RST = %b, W_EN = %b, R_EN = %b has occured %d times ***ERROR***", &PV<v0x63b5e4d6a660_0, 4, 1>, &PV<v0x63b5e4d6a660_0, 3, 1>, &PV<v0x63b5e4d6a660_0, 2, 1>, &PV<v0x63b5e4d6a660_0, 1, 1>, &PV<v0x63b5e4d6a660_0, 0, 1>, &A<v0x63b5e4d941b0, v0x63b5e4d65280_0 > {0 0 0};
    %load/vec4 v0x63b5e4d92b20_0;
    %addi 1, 0, 32;
    %store/vec4 v0x63b5e4d92b20_0, 0, 32;
    %jmp T_1.17;
T_1.16 ;
    %vpi_call/w 3 187 "$display", "state FULL = %b, EMPTY = %b, input RST = %b, W_EN = %b, R_EN = %b has occured %d times", &PV<v0x63b5e4d6a660_0, 4, 1>, &PV<v0x63b5e4d6a660_0, 3, 1>, &PV<v0x63b5e4d6a660_0, 2, 1>, &PV<v0x63b5e4d6a660_0, 1, 1>, &PV<v0x63b5e4d6a660_0, 0, 1>, &A<v0x63b5e4d941b0, v0x63b5e4d65280_0 > {0 0 0};
T_1.17 ;
    %jmp T_1.15;
T_1.14 ;
    %load/vec4 v0x63b5e4d65280_0;
    %cmpi/u 15, 0, 32;
    %flag_or 5, 4; GT is !LE
    %flag_inv 5;
    %jmp/0xz  T_1.18, 5;
    %ix/getv/s 4, v0x63b5e4d65280_0;
    %load/vec4a v0x63b5e4d941b0, 4;
    %cmpi/e 0, 0, 32;
    %jmp/0xz  T_1.20, 4;
    %vpi_call/w 3 193 "$display", "state FULL = %b, EMPTY = %b, input RST = %b, W_EN = %b, R_EN = %b has occured %d times ***ERROR***", &PV<v0x63b5e4d68f10_0, 4, 1>, &PV<v0x63b5e4d68f10_0, 3, 1>, &PV<v0x63b5e4d68f10_0, 2, 1>, &PV<v0x63b5e4d68f10_0, 1, 1>, &PV<v0x63b5e4d68f10_0, 0, 1>, &A<v0x63b5e4d941b0, v0x63b5e4d65280_0 > {0 0 0};
    %load/vec4 v0x63b5e4d92b20_0;
    %addi 1, 0, 32;
    %store/vec4 v0x63b5e4d92b20_0, 0, 32;
    %jmp T_1.21;
T_1.20 ;
    %vpi_call/w 3 197 "$display", "state FULL = %b, EMPTY = %b, input RST = %b, W_EN = %b, R_EN = %b has occured %d times", &PV<v0x63b5e4d68f10_0, 4, 1>, &PV<v0x63b5e4d68f10_0, 3, 1>, &PV<v0x63b5e4d68f10_0, 2, 1>, &PV<v0x63b5e4d68f10_0, 1, 1>, &PV<v0x63b5e4d68f10_0, 0, 1>, &A<v0x63b5e4d941b0, v0x63b5e4d65280_0 > {0 0 0};
T_1.21 ;
T_1.18 ;
T_1.15 ;
T_1.11 ;
    %end;
    .scope S_0x63b5e4d15840;
t_2 %join;
    ; show_stmt_assign_vector: Get l-value for compressed += operand
    %load/vec4 v0x63b5e4d65280_0;
    %pushi/vec4 1, 0, 32;
    %add;
    %cast2;
    %store/vec4 v0x63b5e4d65280_0, 0, 32;
    %jmp T_1.8;
T_1.9 ;
    %end;
    .scope S_0x63b5e4d156b0;
t_0 %join;
    %vpi_call/w 3 203 "$display" {0 0 0};
    %vpi_call/w 3 204 "$display", "VECTORCOUNT = %d", v0x63b5e4d93400_0 {0 0 0};
    %vpi_call/w 3 205 "$display", "ERRORS = %15d", v0x63b5e4d92b20_0 {0 0 0};
    %vpi_call/w 3 206 "$display" {0 0 0};
    %vpi_call/w 3 207 "$display", "TEST_END--------------------------------------------------------------------------------------------------------------------------" {0 0 0};
    %vpi_call/w 3 208 "$display" {0 0 0};
    %vpi_call/w 3 210 "$finish" {0 0 0};
    %end;
S_0x63b5e4d15840 .scope begin, "$ivl_for_loop0" "$ivl_for_loop0" 3 165, 3 165 0, S_0x63b5e4d156b0;
 .timescale 0 0;
v0x63b5e4d65280_0 .var/2s "j", 31 0;
S_0x63b5e4d0ea80 .scope begin, "$unm_blk_11" "$unm_blk_11" 3 165, 3 165 0, S_0x63b5e4d15840;
 .timescale 0 0;
v0x63b5e4d6a660_0 .var/2s "j3", 31 0;
v0x63b5e4d68f10_0 .var/2s "j6", 31 0;
S_0x63b5e4d89cc0 .scope task, "comment" "comment" 3 105, 3 105 0, S_0x63b5e4d6b960;
 .timescale 0 0;
TD_tb_lifo_synchronous.comment ;
    %load/vec4 v0x63b5e4d92ca0_0;
    %load/vec4 v0x63b5e4d929f0_0;
    %concat/vec4; draw_concat_vec4
    %dup/vec4;
    %pushi/vec4 0, 0, 2;
    %cmp/u;
    %jmp/1 T_2.22, 6;
    %dup/vec4;
    %pushi/vec4 1, 0, 2;
    %cmp/u;
    %jmp/1 T_2.23, 6;
    %dup/vec4;
    %pushi/vec4 2, 0, 2;
    %cmp/u;
    %jmp/1 T_2.24, 6;
    %pushi/vec4 0, 0, 32; draw_string_vec4
    %pushi/vec4 0, 0, 32; draw_string_vec4
    %concat/vec4; draw_string_vec4
    %pushi/vec4 0, 0, 32; draw_string_vec4
    %concat/vec4; draw_string_vec4
    %pushi/vec4 0, 0, 32; draw_string_vec4
    %concat/vec4; draw_string_vec4
    %pushi/vec4 0, 0, 32; draw_string_vec4
    %concat/vec4; draw_string_vec4
    %pushi/vec4 0, 0, 32; draw_string_vec4
    %concat/vec4; draw_string_vec4
    %pushi/vec4 1229737029, 0, 32; draw_string_vec4
    %concat/vec4; draw_string_vec4
    %pushi/vec4 4669772, 0, 24; draw_string_vec4
    %concat/vec4; draw_string_vec4
    %store/vec4 v0x63b5e4d92500_0, 0, 248;
    %jmp T_2.26;
T_2.22 ;
    %pushi/vec4 0, 0, 32; draw_string_vec4
    %pushi/vec4 0, 0, 32; draw_string_vec4
    %concat/vec4; draw_string_vec4
    %pushi/vec4 0, 0, 32; draw_string_vec4
    %concat/vec4; draw_string_vec4
    %pushi/vec4 0, 0, 32; draw_string_vec4
    %concat/vec4; draw_string_vec4
    %pushi/vec4 0, 0, 32; draw_string_vec4
    %concat/vec4; draw_string_vec4
    %pushi/vec4 78, 0, 32; draw_string_vec4
    %concat/vec4; draw_string_vec4
    %pushi/vec4 1330929478, 0, 32; draw_string_vec4
    %concat/vec4; draw_string_vec4
    %pushi/vec4 5590092, 0, 24; draw_string_vec4
    %concat/vec4; draw_string_vec4
    %store/vec4 v0x63b5e4d92500_0, 0, 248;
    %jmp T_2.26;
T_2.23 ;
    %pushi/vec4 0, 0, 32; draw_string_vec4
    %pushi/vec4 0, 0, 32; draw_string_vec4
    %concat/vec4; draw_string_vec4
    %pushi/vec4 0, 0, 32; draw_string_vec4
    %concat/vec4; draw_string_vec4
    %pushi/vec4 0, 0, 32; draw_string_vec4
    %concat/vec4; draw_string_vec4
    %pushi/vec4 0, 0, 32; draw_string_vec4
    %concat/vec4; draw_string_vec4
    %pushi/vec4 0, 0, 32; draw_string_vec4
    %concat/vec4; draw_string_vec4
    %pushi/vec4 17741, 0, 32; draw_string_vec4
    %concat/vec4; draw_string_vec4
    %pushi/vec4 5264473, 0, 24; draw_string_vec4
    %concat/vec4; draw_string_vec4
    %store/vec4 v0x63b5e4d92500_0, 0, 248;
    %jmp T_2.26;
T_2.24 ;
    %pushi/vec4 0, 0, 32; draw_string_vec4
    %pushi/vec4 0, 0, 32; draw_string_vec4
    %concat/vec4; draw_string_vec4
    %pushi/vec4 0, 0, 32; draw_string_vec4
    %concat/vec4; draw_string_vec4
    %pushi/vec4 0, 0, 32; draw_string_vec4
    %concat/vec4; draw_string_vec4
    %pushi/vec4 0, 0, 32; draw_string_vec4
    %concat/vec4; draw_string_vec4
    %pushi/vec4 0, 0, 32; draw_string_vec4
    %concat/vec4; draw_string_vec4
    %pushi/vec4 70, 0, 32; draw_string_vec4
    %concat/vec4; draw_string_vec4
    %pushi/vec4 5590092, 0, 24; draw_string_vec4
    %concat/vec4; draw_string_vec4
    %store/vec4 v0x63b5e4d92500_0, 0, 248;
    %jmp T_2.26;
T_2.26 ;
    %pop/vec4 1;
    %end;
S_0x63b5e4d89ea0 .scope task, "coverage_update" "coverage_update" 3 239, 3 239 0, S_0x63b5e4d6b960;
 .timescale 0 0;
TD_tb_lifo_synchronous.coverage_update ;
    %load/vec4 v0x63b5e4d940f0_0;
    %load/vec4 v0x63b5e4d931d0_0;
    %concat/vec4; draw_concat_vec4
    %load/vec4 v0x63b5e4d935a0_0;
    %concat/vec4; draw_concat_vec4
    %load/vec4 v0x63b5e4d93270_0;
    %concat/vec4; draw_concat_vec4
    %cmpi/u 8, 0, 5;
    %jmp/0xz  T_3.27, 5;
    ; show_stmt_assign_vector: Get l-value for compressed += operand
    %load/vec4 v0x63b5e4d940f0_0;
    %load/vec4 v0x63b5e4d931d0_0;
    %concat/vec4; draw_concat_vec4
    %load/vec4 v0x63b5e4d935a0_0;
    %concat/vec4; draw_concat_vec4
    %load/vec4 v0x63b5e4d93270_0;
    %concat/vec4; draw_concat_vec4
    %pad/u 6;
    %ix/vec4 4;
    %flag_mov 8, 4;
    %load/vec4a v0x63b5e4d941b0, 4;
    %pushi/vec4 1, 0, 32;
    %add;
    %flag_mov 4, 8;
    %store/vec4a v0x63b5e4d941b0, 4, 0;
    %jmp T_3.28;
T_3.27 ;
    %pushi/vec4 7, 0, 5;
    %load/vec4 v0x63b5e4d940f0_0;
    %load/vec4 v0x63b5e4d931d0_0;
    %concat/vec4; draw_concat_vec4
    %load/vec4 v0x63b5e4d935a0_0;
    %concat/vec4; draw_concat_vec4
    %load/vec4 v0x63b5e4d93270_0;
    %concat/vec4; draw_concat_vec4
    %cmp/u;
    %flag_get/vec4 5;
    %pad/u 5;
    %cmpi/u 16, 0, 5;
    %jmp/0xz  T_3.29, 5;
    ; show_stmt_assign_vector: Get l-value for compressed += operand
    %load/vec4 v0x63b5e4d940f0_0;
    %load/vec4 v0x63b5e4d931d0_0;
    %concat/vec4; draw_concat_vec4
    %load/vec4 v0x63b5e4d935a0_0;
    %concat/vec4; draw_concat_vec4
    %load/vec4 v0x63b5e4d93270_0;
    %concat/vec4; draw_concat_vec4
    %pad/u 32;
    %subi 3, 0, 32;
    %ix/vec4 4;
    %flag_mov 8, 4;
    %load/vec4a v0x63b5e4d941b0, 4;
    %pushi/vec4 1, 0, 32;
    %add;
    %flag_mov 4, 8;
    %store/vec4a v0x63b5e4d941b0, 4, 0;
    %jmp T_3.30;
T_3.29 ;
    %load/vec4 v0x63b5e4d940f0_0;
    %load/vec4 v0x63b5e4d931d0_0;
    %concat/vec4; draw_concat_vec4
    %load/vec4 v0x63b5e4d935a0_0;
    %concat/vec4; draw_concat_vec4
    %load/vec4 v0x63b5e4d93270_0;
    %concat/vec4; draw_concat_vec4
    %cmpi/u 15, 0, 5;
    %flag_or 5, 4; GT is !LE
    %flag_inv 5;
    %jmp/0xz  T_3.31, 5;
    ; show_stmt_assign_vector: Get l-value for compressed += operand
    %load/vec4 v0x63b5e4d940f0_0;
    %load/vec4 v0x63b5e4d931d0_0;
    %concat/vec4; draw_concat_vec4
    %load/vec4 v0x63b5e4d935a0_0;
    %concat/vec4; draw_concat_vec4
    %load/vec4 v0x63b5e4d93270_0;
    %concat/vec4; draw_concat_vec4
    %pad/u 32;
    %subi 6, 0, 32;
    %ix/vec4 4;
    %flag_mov 8, 4;
    %load/vec4a v0x63b5e4d941b0, 4;
    %pushi/vec4 1, 0, 32;
    %add;
    %flag_mov 4, 8;
    %store/vec4a v0x63b5e4d941b0, 4, 0;
T_3.31 ;
T_3.30 ;
T_3.28 ;
    %fork t_5, S_0x63b5e4d8a080;
    %jmp t_4;
    .scope S_0x63b5e4d8a080;
t_5 ;
    %pushi/vec4 0, 0, 32;
    %store/vec4 v0x63b5e4d68500_0, 0, 32;
T_3.33 ;
    %load/vec4 v0x63b5e4d68500_0;
    %cmpi/s 3, 0, 32;
    %jmp/0xz T_3.34, 5;
    %load/vec4 v0x63b5e4d940f0_0;
    %load/vec4 v0x63b5e4d68500_0;
    %parti/s 2, 0, 2;
    %cmp/e;
    %flag_get/vec4 4;
    %jmp/0 T_3.37, 4;
    %load/vec4 v0x63b5e4d931d0_0;
    %load/vec4 v0x63b5e4d935a0_0;
    %concat/vec4; draw_concat_vec4
    %load/vec4 v0x63b5e4d93270_0;
    %concat/vec4; draw_concat_vec4
    %pushi/vec4 4, 0, 3;
    %cmp/e;
    %flag_get/vec4 4;
    %and;
T_3.37;
    %flag_set/vec4 8;
    %jmp/0xz  T_3.35, 8;
    %fork t_7, S_0x63b5e4d8a260;
    %jmp t_6;
    .scope S_0x63b5e4d8a260;
t_7 ;
    %pushi/vec4 7, 0, 32;
    %store/vec4 v0x63b5e4d67a50_0, 0, 32;
T_3.38 ;
    %load/vec4 v0x63b5e4d67a50_0;
    %cmpi/s 4, 0, 32;
    %flag_or 5, 4; GT is !LE
    %flag_inv 5;
    %jmp/0xz T_3.39, 5;
    ; show_stmt_assign_vector: Get l-value for compressed += operand
    %load/vec4 v0x63b5e4d68500_0;
    %parti/s 2, 0, 2;
    %load/vec4 v0x63b5e4d67a50_0;
    %parti/s 3, 0, 2;
    %concat/vec4; draw_concat_vec4
    %pad/u 6;
    %ix/vec4 4;
    %flag_mov 8, 4;
    %load/vec4a v0x63b5e4d941b0, 4;
    %pushi/vec4 1, 0, 32;
    %add;
    %flag_mov 4, 8;
    %store/vec4a v0x63b5e4d941b0, 4, 0;
    ; show_stmt_assign_vector: Get l-value for compressed -= operand
    %load/vec4 v0x63b5e4d67a50_0;
    %pushi/vec4 1, 0, 32;
    %sub;
    %cast2;
    %store/vec4 v0x63b5e4d67a50_0, 0, 32;
    %jmp T_3.38;
T_3.39 ;
    %end;
    .scope S_0x63b5e4d8a080;
t_6 %join;
T_3.35 ;
    ; show_stmt_assign_vector: Get l-value for compressed += operand
    %load/vec4 v0x63b5e4d68500_0;
    %pushi/vec4 1, 0, 32;
    %add;
    %cast2;
    %store/vec4 v0x63b5e4d68500_0, 0, 32;
    %jmp T_3.33;
T_3.34 ;
    %end;
    .scope S_0x63b5e4d89ea0;
t_4 %join;
    %load/vec4 v0x63b5e4d934e0_0;
    %flag_set/vec4 8;
    %jmp/0xz  T_3.40, 8;
    ; show_stmt_assign_vector: Get l-value for compressed += operand
    %load/vec4 v0x63b5e4d94250_0;
    %pushi/vec4 1, 0, 32;
    %add;
    %store/vec4 v0x63b5e4d94250_0, 0, 32;
T_3.40 ;
    %end;
S_0x63b5e4d8a080 .scope begin, "$ivl_for_loop1" "$ivl_for_loop1" 3 250, 3 250 0, S_0x63b5e4d89ea0;
 .timescale 0 0;
v0x63b5e4d68500_0 .var/2s "j", 31 0;
S_0x63b5e4d8a260 .scope begin, "$ivl_for_loop2" "$ivl_for_loop2" 3 254, 3 254 0, S_0x63b5e4d8a080;
 .timescale 0 0;
v0x63b5e4d67a50_0 .var/2s "k", 31 0;
S_0x63b5e4d8a520 .scope task, "display_file" "display_file" 3 228, 3 228 0, S_0x63b5e4d6b960;
 .timescale 0 0;
TD_tb_lifo_synchronous.display_file ;
    %vpi_call/w 3 230 "$display", "%10d %9s | %4d | %2b  | %2b   | %2b   | %4c    | %5b  | %10b      | %4b    | %2b   | %7b       | %3b   | %7b        | %5b | %9b      | %4c     | %9c         |", v0x63b5e4d93400_0, v0x63b5e4d92500_0, $time, v0x63b5e4d931d0_0, v0x63b5e4d935a0_0, v0x63b5e4d93270_0, v0x63b5e4d925e0_0, &PV<v0x63b5e4d92290_0, 0, 4>, &PV<v0x63b5e4d92370_0, 0, 4>, v0x63b5e4d934e0_0, v0x63b5e4d92c00_0, v0x63b5e4d92ca0_0, v0x63b5e4d92900_0, v0x63b5e4d929f0_0, v0x63b5e4d92f40_0, v0x63b5e4d92fe0_0, v0x63b5e4d92780_0, v0x63b5e4d92840_0 {0 0 0};
    %end;
S_0x63b5e4d8a750 .scope module, "dut_input_lifo" "input_lifo" 3 42, 4 1 0, S_0x63b5e4d6b960;
 .timescale 0 0;
    .port_info 0 /INPUT 32 "TICKPERIOD";
    .port_info 1 /INPUT 1 "TICK";
    .port_info 2 /INPUT 2 "prev_state";
    .port_info 3 /OUTPUT 1 "RST";
    .port_info 4 /OUTPUT 1 "W_EN";
    .port_info 5 /OUTPUT 1 "R_EN";
    .port_info 6 /OUTPUT 8 "DATA_IN";
    .port_info 7 /OUTPUT 1 "eof";
    .port_info 8 /OUTPUT 1 "done";
P_0x63b5e4d6f0c0 .param/l "ADDR_WIDTH" 0 4 28, +C4<00000000000000000000000000000100>;
P_0x63b5e4d6f100 .param/l "DATA_WIDTH" 0 4 28, +C4<00000000000000000000000000001000>;
v0x63b5e4d8c9b0_0 .var "DATA_IN", 7 0;
v0x63b5e4d8cab0_0 .var "RST", 0 0;
v0x63b5e4d8cb70_0 .var "R_EN", 0 0;
v0x63b5e4d8cc40_0 .net "TICK", 0 0, v0x63b5e4d93360_0;  1 drivers
L_0x7b8be1c40018 .functor BUFT 1, C4<00000000000000000000000000010100>, C4<0>, C4<0>, C4<0>;
v0x63b5e4d8cd00_0 .net/2s "TICKPERIOD", 31 0, L_0x7b8be1c40018;  1 drivers
v0x63b5e4d8ce30_0 .var "W_EN", 0 0;
v0x63b5e4d8cef0_0 .var "ch", 7 0;
v0x63b5e4d8cfd0_0 .var "done", 0 0;
v0x63b5e4d8d090_0 .var "eof", 0 0;
v0x63b5e4d8d150_0 .var "flag_done", 0 0;
v0x63b5e4d8d210 .array "flag_group_all", 3 0, 0 0;
v0x63b5e4d8d2b0 .array "flag_group_count", 32 0, 31 0;
v0x63b5e4d8d370_0 .var "flag_group_init", 0 0;
v0x63b5e4d8d430_0 .var "flag_group_r_stress", 0 0;
v0x63b5e4d8d4f0_0 .var "flag_group_w_stress", 0 0;
v0x63b5e4d8d5b0_0 .var "flag_init", 0 0;
v0x63b5e4d8d670_0 .var "flag_rst", 0 0;
v0x63b5e4d8d730_0 .var "flag_rst_r_interrupt", 0 0;
v0x63b5e4d8d7f0_0 .var "flag_rst_w_interrupt", 0 0;
v0x63b5e4d8d8b0_0 .var "flag_start_stress", 0 0;
v0x63b5e4d8d970 .array "flag_x", 2 0, 0 0;
v0x63b5e4d8da10_0 .net "prev_state", 1 0, v0x63b5e4d940f0_0;  1 drivers
v0x63b5e4d8daf0_0 .net "prev_state_empty", 0 0, L_0x63b5e4d94420;  1 drivers
v0x63b5e4d8dbb0_0 .net "prev_state_full", 0 0, L_0x63b5e4d94330;  1 drivers
v0x63b5e4d8dc70 .array "start_test", 31 0, 0 0;
E_0x63b5e4d0ba10 .event anyedge, v0x63b5e4d8d090_0;
L_0x63b5e4d94330 .part v0x63b5e4d940f0_0, 1, 1;
L_0x63b5e4d94420 .part v0x63b5e4d940f0_0, 0, 1;
S_0x63b5e4d8aa90 .scope begin, "$ivl_for_loop11" "$ivl_for_loop11" 4 497, 4 497 0, S_0x63b5e4d8a750;
 .timescale 0 0;
v0x63b5e4d61640_0 .var/2s "i", 31 0;
S_0x63b5e4d8acf0 .scope task, "general_input" "general_input" 4 51, 4 51 0, S_0x63b5e4d8a750;
 .timescale 0 0;
E_0x63b5e4d0b660 .event posedge, v0x63b5e4d8cc40_0;
TD_tb_lifo_synchronous.dut_input_lifo.general_input ;
    %vpi_func 4 53 "$urandom_range" 32, 32'sb00000000000000000000000000100000, 32'sb00000000000000000000000001111110 {0 0 0};
    %pad/u 8;
    %store/vec4 v0x63b5e4d8cef0_0, 0, 8;
    %load/vec4 v0x63b5e4d8d730_0;
    %flag_set/vec4 8;
    %jmp/0xz  T_5.42, 8;
    %vpi_call/w 4 57 "$display", "aaaaaaaaaaaaaaaaaaaaaaaaaaaaaaaaaaaaaaaaaa" {0 0 0};
    %pushi/vec4 4, 0, 3;
    %load/vec4 v0x63b5e4d8cef0_0;
    %concat/vec4; draw_concat_vec4
    %split/vec4 8;
    %store/vec4 v0x63b5e4d8c9b0_0, 0, 8;
    %split/vec4 1;
    %store/vec4 v0x63b5e4d8cb70_0, 0, 1;
    %split/vec4 1;
    %store/vec4 v0x63b5e4d8ce30_0, 0, 1;
    %store/vec4 v0x63b5e4d8cab0_0, 0, 1;
    %pushi/vec4 1, 0, 1;
    %store/vec4 v0x63b5e4d8d090_0, 0, 1;
    %jmp T_5.43;
T_5.42 ;
    %load/vec4 v0x63b5e4d8d7f0_0;
    %flag_set/vec4 8;
    %jmp/0xz  T_5.44, 8;
    %vpi_call/w 4 68 "$display", "bbbbbbbbbbbbbbbbbbbbbbbbbbbbbbbbbbbbbbbbbbbbb" {0 0 0};
    %ix/load 4, 1, 0;
    %flag_set/imm 4, 0;
    %load/vec4a v0x63b5e4d8dc70, 4;
    %pad/u 32;
    %cmpi/ne 1, 0, 32;
    %jmp/0xz  T_5.46, 6;
    %vpi_call/w 4 72 "$display" {0 0 0};
    %vpi_call/w 4 73 "$display", "%12s ***time = %0d,SHARP INTERRUPT OF RST WHILE READ TEST***", "\000", $time {0 0 0};
    %vpi_call/w 4 74 "$display", "%12s ***(interrupt with RST between posedges of TICK)***", "\000" {0 0 0};
    %vpi_call/w 4 75 "$display" {0 0 0};
    %pushi/vec4 1, 0, 1;
    %ix/load 4, 1, 0;
    %flag_set/imm 4, 0;
    %store/vec4a v0x63b5e4d8dc70, 4, 0;
T_5.46 ;
    %load/vec4 v0x63b5e4d8d670_0;
    %flag_set/vec4 8;
    %jmp/0xz  T_5.48, 8;
    %pushi/vec4 4, 0, 3;
    %load/vec4 v0x63b5e4d8cef0_0;
    %concat/vec4; draw_concat_vec4
    %split/vec4 8;
    %assign/vec4 v0x63b5e4d8c9b0_0, 0;
    %split/vec4 1;
    %assign/vec4 v0x63b5e4d8cb70_0, 0;
    %split/vec4 1;
    %assign/vec4 v0x63b5e4d8ce30_0, 0;
    %assign/vec4 v0x63b5e4d8cab0_0, 0;
    %pushi/vec4 0, 0, 1;
    %assign/vec4 v0x63b5e4d8d670_0, 0;
    %pushi/vec4 0, 0, 1;
    %assign/vec4 v0x63b5e4d8d8b0_0, 0;
    %pushi/vec4 1, 0, 1;
    %assign/vec4 v0x63b5e4d8d730_0, 0;
    %jmp T_5.49;
T_5.48 ;
    %load/vec4 v0x63b5e4d8d150_0;
    %flag_set/vec4 8;
    %jmp/0xz  T_5.50, 8;
    %pushi/vec4 0, 0, 3;
    %load/vec4 v0x63b5e4d8cef0_0;
    %concat/vec4; draw_concat_vec4
    %split/vec4 8;
    %assign/vec4 v0x63b5e4d8c9b0_0, 0;
    %split/vec4 1;
    %assign/vec4 v0x63b5e4d8cb70_0, 0;
    %split/vec4 1;
    %assign/vec4 v0x63b5e4d8ce30_0, 0;
    %assign/vec4 v0x63b5e4d8cab0_0, 0;
    %pushi/vec4 1, 0, 1;
    %assign/vec4 v0x63b5e4d8d670_0, 0;
    %jmp T_5.51;
T_5.50 ;
    %load/vec4 v0x63b5e4d8d8b0_0;
    %flag_set/vec4 8;
    %jmp/0xz  T_5.52, 8;
    %pushi/vec4 1, 0, 3;
    %load/vec4 v0x63b5e4d8cef0_0;
    %concat/vec4; draw_concat_vec4
    %split/vec4 8;
    %assign/vec4 v0x63b5e4d8c9b0_0, 0;
    %split/vec4 1;
    %assign/vec4 v0x63b5e4d8cb70_0, 0;
    %split/vec4 1;
    %assign/vec4 v0x63b5e4d8ce30_0, 0;
    %assign/vec4 v0x63b5e4d8cab0_0, 0;
    %wait E_0x63b5e4d0b660;
    %delay 0, 0;
    %pushi/vec4 4, 0, 3;
    %load/vec4 v0x63b5e4d8cef0_0;
    %concat/vec4; draw_concat_vec4
    %split/vec4 8;
    %assign/vec4 v0x63b5e4d8c9b0_0, 0;
    %split/vec4 1;
    %assign/vec4 v0x63b5e4d8cb70_0, 0;
    %split/vec4 1;
    %assign/vec4 v0x63b5e4d8ce30_0, 0;
    %assign/vec4 v0x63b5e4d8cab0_0, 0;
    %pushi/vec4 1, 0, 1;
    %assign/vec4 v0x63b5e4d8d150_0, 0;
    %jmp T_5.53;
T_5.52 ;
    %pushi/vec4 2, 0, 3;
    %load/vec4 v0x63b5e4d8cef0_0;
    %concat/vec4; draw_concat_vec4
    %pad/u 9;
    %split/vec4 8;
    %assign/vec4 v0x63b5e4d8c9b0_0, 0;
    %assign/vec4 v0x63b5e4d8ce30_0, 0;
    %load/vec4 v0x63b5e4d8dbb0_0;
    %flag_set/vec4 8;
    %jmp/0xz  T_5.54, 8;
    %pushi/vec4 0, 0, 3;
    %load/vec4 v0x63b5e4d8cef0_0;
    %concat/vec4; draw_concat_vec4
    %pad/u 9;
    %split/vec4 8;
    %assign/vec4 v0x63b5e4d8c9b0_0, 0;
    %assign/vec4 v0x63b5e4d8ce30_0, 0;
    %pushi/vec4 1, 0, 1;
    %assign/vec4 v0x63b5e4d8d8b0_0, 0;
T_5.54 ;
T_5.53 ;
T_5.51 ;
T_5.49 ;
    %jmp T_5.45;
T_5.44 ;
    %load/vec4 v0x63b5e4d8d430_0;
    %flag_set/vec4 8;
    %jmp/0xz  T_5.56, 8;
    %vpi_call/w 4 115 "$display", "cccccccccccccccccccccccccccccccccccccccccccccccccccccccccc" {0 0 0};
    %ix/load 4, 5, 0;
    %flag_set/imm 4, 0;
    %load/vec4a v0x63b5e4d8dc70, 4;
    %pad/u 32;
    %cmpi/ne 1, 0, 32;
    %jmp/0xz  T_5.58, 6;
    %vpi_call/w 4 119 "$display" {0 0 0};
    %vpi_call/w 4 120 "$display", "%12s ***time = %0d,SHARP INTERRUPT OF RST WHILE WRITE TEST***", "\000", $time {0 0 0};
    %vpi_call/w 4 121 "$display", "%12s ***(interrupt with RST between posedges of TICK)***", "\000" {0 0 0};
    %vpi_call/w 4 122 "$display" {0 0 0};
    %pushi/vec4 1, 0, 1;
    %ix/load 4, 5, 0;
    %flag_set/imm 4, 0;
    %store/vec4a v0x63b5e4d8dc70, 4, 0;
T_5.58 ;
    %load/vec4 v0x63b5e4d8d670_0;
    %flag_set/vec4 8;
    %jmp/0xz  T_5.60, 8;
    %pushi/vec4 4, 0, 3;
    %load/vec4 v0x63b5e4d8cef0_0;
    %concat/vec4; draw_concat_vec4
    %split/vec4 8;
    %assign/vec4 v0x63b5e4d8c9b0_0, 0;
    %split/vec4 1;
    %assign/vec4 v0x63b5e4d8cb70_0, 0;
    %split/vec4 1;
    %assign/vec4 v0x63b5e4d8ce30_0, 0;
    %assign/vec4 v0x63b5e4d8cab0_0, 0;
    %pushi/vec4 0, 0, 1;
    %assign/vec4 v0x63b5e4d8d670_0, 0;
    %pushi/vec4 0, 0, 1;
    %assign/vec4 v0x63b5e4d8d150_0, 0;
    %pushi/vec4 1, 0, 1;
    %assign/vec4 v0x63b5e4d8d7f0_0, 0;
    %jmp T_5.61;
T_5.60 ;
    %load/vec4 v0x63b5e4d8d150_0;
    %flag_set/vec4 8;
    %jmp/0xz  T_5.62, 8;
    %pushi/vec4 0, 0, 3;
    %load/vec4 v0x63b5e4d8cef0_0;
    %concat/vec4; draw_concat_vec4
    %split/vec4 8;
    %assign/vec4 v0x63b5e4d8c9b0_0, 0;
    %split/vec4 1;
    %assign/vec4 v0x63b5e4d8cb70_0, 0;
    %split/vec4 1;
    %assign/vec4 v0x63b5e4d8ce30_0, 0;
    %assign/vec4 v0x63b5e4d8cab0_0, 0;
    %pushi/vec4 1, 0, 1;
    %assign/vec4 v0x63b5e4d8d670_0, 0;
    %jmp T_5.63;
T_5.62 ;
    %pushi/vec4 2, 0, 3;
    %load/vec4 v0x63b5e4d8cef0_0;
    %concat/vec4; draw_concat_vec4
    %split/vec4 8;
    %assign/vec4 v0x63b5e4d8c9b0_0, 0;
    %split/vec4 1;
    %assign/vec4 v0x63b5e4d8cb70_0, 0;
    %split/vec4 1;
    %assign/vec4 v0x63b5e4d8ce30_0, 0;
    %assign/vec4 v0x63b5e4d8cab0_0, 0;
    %wait E_0x63b5e4d0b660;
    %delay 0, 0;
    %pushi/vec4 4, 0, 3;
    %load/vec4 v0x63b5e4d8cef0_0;
    %concat/vec4; draw_concat_vec4
    %split/vec4 8;
    %assign/vec4 v0x63b5e4d8c9b0_0, 0;
    %split/vec4 1;
    %assign/vec4 v0x63b5e4d8cb70_0, 0;
    %split/vec4 1;
    %assign/vec4 v0x63b5e4d8ce30_0, 0;
    %assign/vec4 v0x63b5e4d8cab0_0, 0;
    %pushi/vec4 1, 0, 1;
    %assign/vec4 v0x63b5e4d8d150_0, 0;
T_5.63 ;
T_5.61 ;
    %jmp T_5.57;
T_5.56 ;
    %load/vec4 v0x63b5e4d8d4f0_0;
    %flag_set/vec4 8;
    %jmp/0xz  T_5.64, 8;
    %vpi_call/w 4 153 "$display", "dddddddddddddddddddddddddddddddddddddddddddddddddddddddddddddddddddddddd" {0 0 0};
    %ix/load 4, 4, 0;
    %flag_set/imm 4, 0;
    %load/vec4a v0x63b5e4d8dc70, 4;
    %pad/u 32;
    %cmpi/ne 1, 0, 32;
    %jmp/0xz  T_5.66, 6;
    %vpi_call/w 4 157 "$display" {0 0 0};
    %vpi_call/w 4 158 "$display", "%12s ***time = %0d,READ STRESS TEST***", "\000", $time {0 0 0};
    %vpi_call/w 4 159 "$display", "%12s ***(READ FROM FULL UNTIL EMPTY)***", "\000" {0 0 0};
    %vpi_call/w 4 160 "$display" {0 0 0};
    %pushi/vec4 1, 0, 1;
    %ix/load 4, 4, 0;
    %flag_set/imm 4, 0;
    %store/vec4a v0x63b5e4d8dc70, 4, 0;
T_5.66 ;
    %load/vec4 v0x63b5e4d8d670_0;
    %flag_set/vec4 8;
    %jmp/0xz  T_5.68, 8;
    %pushi/vec4 4, 0, 3;
    %load/vec4 v0x63b5e4d8cef0_0;
    %concat/vec4; draw_concat_vec4
    %split/vec4 8;
    %store/vec4 v0x63b5e4d8c9b0_0, 0, 8;
    %split/vec4 1;
    %store/vec4 v0x63b5e4d8cb70_0, 0, 1;
    %split/vec4 1;
    %store/vec4 v0x63b5e4d8ce30_0, 0, 1;
    %store/vec4 v0x63b5e4d8cab0_0, 0, 1;
    %pushi/vec4 0, 0, 1;
    %store/vec4 v0x63b5e4d8d670_0, 0, 1;
    %pushi/vec4 0, 0, 1;
    %store/vec4 v0x63b5e4d8d8b0_0, 0, 1;
    %pushi/vec4 1, 0, 1;
    %store/vec4 v0x63b5e4d8d430_0, 0, 1;
    %jmp T_5.69;
T_5.68 ;
    %load/vec4 v0x63b5e4d8d8b0_0;
    %pad/u 32;
    %cmpi/ne 1, 0, 32;
    %jmp/0xz  T_5.70, 6;
    %load/vec4 v0x63b5e4d8dbb0_0;
    %nor/r;
    %flag_set/vec4 8;
    %jmp/0xz  T_5.72, 8;
    %pushi/vec4 2, 0, 3;
    %load/vec4 v0x63b5e4d8cef0_0;
    %concat/vec4; draw_concat_vec4
    %split/vec4 8;
    %store/vec4 v0x63b5e4d8c9b0_0, 0, 8;
    %split/vec4 1;
    %store/vec4 v0x63b5e4d8cb70_0, 0, 1;
    %split/vec4 1;
    %store/vec4 v0x63b5e4d8ce30_0, 0, 1;
    %store/vec4 v0x63b5e4d8cab0_0, 0, 1;
    %jmp T_5.73;
T_5.72 ;
    %pushi/vec4 0, 0, 3;
    %load/vec4 v0x63b5e4d8cef0_0;
    %concat/vec4; draw_concat_vec4
    %split/vec4 8;
    %store/vec4 v0x63b5e4d8c9b0_0, 0, 8;
    %split/vec4 1;
    %store/vec4 v0x63b5e4d8cb70_0, 0, 1;
    %split/vec4 1;
    %store/vec4 v0x63b5e4d8ce30_0, 0, 1;
    %store/vec4 v0x63b5e4d8cab0_0, 0, 1;
    %pushi/vec4 1, 0, 1;
    %store/vec4 v0x63b5e4d8d8b0_0, 0, 1;
T_5.73 ;
    %jmp T_5.71;
T_5.70 ;
    %load/vec4 v0x63b5e4d8daf0_0;
    %nor/r;
    %flag_set/vec4 8;
    %jmp/0xz  T_5.74, 8;
    %pushi/vec4 1, 0, 3;
    %load/vec4 v0x63b5e4d8cef0_0;
    %concat/vec4; draw_concat_vec4
    %split/vec4 8;
    %store/vec4 v0x63b5e4d8c9b0_0, 0, 8;
    %split/vec4 1;
    %store/vec4 v0x63b5e4d8cb70_0, 0, 1;
    %split/vec4 1;
    %store/vec4 v0x63b5e4d8ce30_0, 0, 1;
    %store/vec4 v0x63b5e4d8cab0_0, 0, 1;
    %jmp T_5.75;
T_5.74 ;
    %pushi/vec4 0, 0, 3;
    %load/vec4 v0x63b5e4d8cef0_0;
    %concat/vec4; draw_concat_vec4
    %split/vec4 8;
    %store/vec4 v0x63b5e4d8c9b0_0, 0, 8;
    %split/vec4 1;
    %store/vec4 v0x63b5e4d8cb70_0, 0, 1;
    %split/vec4 1;
    %store/vec4 v0x63b5e4d8ce30_0, 0, 1;
    %store/vec4 v0x63b5e4d8cab0_0, 0, 1;
    %pushi/vec4 1, 0, 1;
    %store/vec4 v0x63b5e4d8d670_0, 0, 1;
T_5.75 ;
T_5.71 ;
T_5.69 ;
    %jmp T_5.65;
T_5.64 ;
    %ix/load 4, 0, 0;
    %flag_set/imm 4, 0;
    %load/vec4a v0x63b5e4d8d210, 4;
    %flag_set/vec4 8;
    %jmp/0xz  T_5.76, 8;
    %vpi_call/w 4 204 "$display", "eeeeeeeeeeeeeeeeeeeeeeeeeeeeeeeeeeeeeeeeeeeeeeeeeeeeeeeeeeeeeeeeeeeeeeeeeeee" {0 0 0};
    %ix/load 4, 3, 0;
    %flag_set/imm 4, 0;
    %load/vec4a v0x63b5e4d8dc70, 4;
    %pad/u 32;
    %cmpi/ne 1, 0, 32;
    %jmp/0xz  T_5.78, 6;
    %vpi_call/w 4 208 "$display" {0 0 0};
    %vpi_call/w 4 209 "$display", "%12s ***time = %0d,WRITE STRESS TEST***", "\000", $time {0 0 0};
    %vpi_call/w 4 210 "$display", "%12s ***(WRITE FROM EMPTY UNTIL FULL)***", "\000" {0 0 0};
    %vpi_call/w 4 211 "$display" {0 0 0};
    %pushi/vec4 1, 0, 1;
    %ix/load 4, 3, 0;
    %flag_set/imm 4, 0;
    %store/vec4a v0x63b5e4d8dc70, 4, 0;
T_5.78 ;
    %load/vec4 v0x63b5e4d8d670_0;
    %flag_set/vec4 8;
    %jmp/0xz  T_5.80, 8;
    %pushi/vec4 4, 0, 3;
    %load/vec4 v0x63b5e4d8cef0_0;
    %concat/vec4; draw_concat_vec4
    %split/vec4 8;
    %store/vec4 v0x63b5e4d8c9b0_0, 0, 8;
    %split/vec4 1;
    %store/vec4 v0x63b5e4d8cb70_0, 0, 1;
    %split/vec4 1;
    %store/vec4 v0x63b5e4d8ce30_0, 0, 1;
    %store/vec4 v0x63b5e4d8cab0_0, 0, 1;
    %pushi/vec4 0, 0, 1;
    %store/vec4 v0x63b5e4d8d670_0, 0, 1;
    %pushi/vec4 1, 0, 1;
    %store/vec4 v0x63b5e4d8d4f0_0, 0, 1;
    %jmp T_5.81;
T_5.80 ;
    %load/vec4 v0x63b5e4d8d4f0_0;
    %pad/u 32;
    %cmpi/ne 1, 0, 32;
    %jmp/0xz  T_5.82, 6;
    %load/vec4 v0x63b5e4d8dbb0_0;
    %nor/r;
    %flag_set/vec4 8;
    %jmp/0xz  T_5.84, 8;
    %pushi/vec4 2, 0, 3;
    %load/vec4 v0x63b5e4d8cef0_0;
    %concat/vec4; draw_concat_vec4
    %split/vec4 8;
    %store/vec4 v0x63b5e4d8c9b0_0, 0, 8;
    %split/vec4 1;
    %store/vec4 v0x63b5e4d8cb70_0, 0, 1;
    %split/vec4 1;
    %store/vec4 v0x63b5e4d8ce30_0, 0, 1;
    %store/vec4 v0x63b5e4d8cab0_0, 0, 1;
    %jmp T_5.85;
T_5.84 ;
    %load/vec4 v0x63b5e4d8dbb0_0;
    %flag_set/vec4 8;
    %jmp/0xz  T_5.86, 8;
    %pushi/vec4 0, 0, 3;
    %load/vec4 v0x63b5e4d8cef0_0;
    %concat/vec4; draw_concat_vec4
    %split/vec4 8;
    %store/vec4 v0x63b5e4d8c9b0_0, 0, 8;
    %split/vec4 1;
    %store/vec4 v0x63b5e4d8cb70_0, 0, 1;
    %split/vec4 1;
    %store/vec4 v0x63b5e4d8ce30_0, 0, 1;
    %store/vec4 v0x63b5e4d8cab0_0, 0, 1;
    %pushi/vec4 1, 0, 1;
    %store/vec4 v0x63b5e4d8d670_0, 0, 1;
T_5.86 ;
T_5.85 ;
T_5.82 ;
T_5.81 ;
    %jmp T_5.77;
T_5.76 ;
    %ix/load 4, 2, 0;
    %flag_set/imm 4, 0;
    %load/vec4a v0x63b5e4d8d210, 4;
    %flag_set/vec4 8;
    %jmp/0xz  T_5.88, 8;
    %vpi_call/w 4 247 "$display", "ffffffffffffffffffffffffffffffffffffffffffffffffffffffffff" {0 0 0};
    %load/vec4 v0x63b5e4d8d670_0;
    %flag_set/vec4 8;
    %jmp/0xz  T_5.90, 8;
    %pushi/vec4 4, 0, 3;
    %load/vec4 v0x63b5e4d8cef0_0;
    %concat/vec4; draw_concat_vec4
    %split/vec4 8;
    %store/vec4 v0x63b5e4d8c9b0_0, 0, 8;
    %split/vec4 1;
    %store/vec4 v0x63b5e4d8cb70_0, 0, 1;
    %split/vec4 1;
    %store/vec4 v0x63b5e4d8ce30_0, 0, 1;
    %store/vec4 v0x63b5e4d8cab0_0, 0, 1;
    %pushi/vec4 0, 0, 1;
    %store/vec4 v0x63b5e4d8d670_0, 0, 1;
    %jmp T_5.91;
T_5.90 ;
    %ix/load 4, 2, 0;
    %flag_set/imm 4, 0;
    %load/vec4a v0x63b5e4d8dc70, 4;
    %pad/u 32;
    %cmpi/ne 1, 0, 32;
    %jmp/0xz  T_5.92, 6;
    %vpi_call/w 4 262 "$display" {0 0 0};
    %vpi_call/w 4 263 "$display", "%12s ***time = %0d, TEST for prev_state = {FULL_EXPECTED,!EMPTY_EXPECTED} and current_state = {RST,W_EN,R_EN}***", "\000", $time {0 0 0};
    %vpi_call/w 4 264 "$display" {0 0 0};
    %pushi/vec4 1, 0, 1;
    %ix/load 4, 2, 0;
    %flag_set/imm 4, 0;
    %store/vec4a v0x63b5e4d8dc70, 4, 0;
T_5.92 ;
    %pushi/vec4 0, 0, 1;
    %ix/load 4, 0, 0;
    %flag_set/imm 4, 0;
    %store/vec4a v0x63b5e4d8d970, 4, 0;
    %fork t_9, S_0x63b5e4d8b170;
    %jmp t_8;
    .scope S_0x63b5e4d8b170;
t_9 ;
    %pushi/vec4 0, 0, 32;
    %store/vec4 v0x63b5e4d8b370_0, 0, 32;
T_5.94 ;
    %load/vec4 v0x63b5e4d8b370_0;
    %cmpi/s 5, 0, 32;
    %jmp/0xz T_5.95, 5;
    %load/vec4 v0x63b5e4d8b370_0;
    %addi 10, 0, 32;
    %ix/vec4/s 4;
    %load/vec4a v0x63b5e4d8d2b0, 4;
    %nor/r;
    %flag_set/vec4 9;
    %flag_get/vec4 9;
    %jmp/0 T_5.98, 9;
    %ix/load 4, 0, 0;
    %flag_set/imm 4, 0;
    %load/vec4a v0x63b5e4d8d970, 4;
    %nor/r;
    %and;
T_5.98;
    %flag_set/vec4 8;
    %jmp/0xz  T_5.96, 8;
    %load/vec4 v0x63b5e4d8da10_0;
    %cmpi/ne 2, 0, 2;
    %jmp/0xz  T_5.99, 6;
    %pushi/vec4 2, 0, 3;
    %load/vec4 v0x63b5e4d8cef0_0;
    %concat/vec4; draw_concat_vec4
    %split/vec4 8;
    %store/vec4 v0x63b5e4d8c9b0_0, 0, 8;
    %split/vec4 1;
    %store/vec4 v0x63b5e4d8cb70_0, 0, 1;
    %split/vec4 1;
    %store/vec4 v0x63b5e4d8ce30_0, 0, 1;
    %store/vec4 v0x63b5e4d8cab0_0, 0, 1;
    %pushi/vec4 1, 0, 1;
    %ix/load 4, 0, 0;
    %flag_set/imm 4, 0;
    %store/vec4a v0x63b5e4d8d970, 4, 0;
    %jmp T_5.100;
T_5.99 ;
    %load/vec4 v0x63b5e4d8b370_0;
    %parti/s 2, 0, 2;
    %load/vec4 v0x63b5e4d8cef0_0;
    %concat/vec4; draw_concat_vec4
    %split/vec4 8;
    %store/vec4 v0x63b5e4d8c9b0_0, 0, 8;
    %split/vec4 1;
    %store/vec4 v0x63b5e4d8ce30_0, 0, 1;
    %store/vec4 v0x63b5e4d8cab0_0, 0, 1;
    %pushi/vec4 1, 0, 1;
    %ix/load 4, 0, 0;
    %flag_set/imm 4, 0;
    %store/vec4a v0x63b5e4d8d970, 4, 0;
    %pushi/vec4 1, 0, 1;
    %store/vec4 v0x63b5e4d8d670_0, 0, 1;
T_5.100 ;
T_5.96 ;
    ; show_stmt_assign_vector: Get l-value for compressed += operand
    %load/vec4 v0x63b5e4d8b370_0;
    %pushi/vec4 1, 0, 32;
    %add;
    %cast2;
    %store/vec4 v0x63b5e4d8b370_0, 0, 32;
    %jmp T_5.94;
T_5.95 ;
    %end;
    .scope S_0x63b5e4d8acf0;
t_8 %join;
    %pushi/vec4 1, 0, 1;
    %ix/load 4, 3, 0;
    %flag_set/imm 4, 0;
    %store/vec4a v0x63b5e4d8d210, 4, 0;
    %fork t_11, S_0x63b5e4d8b450;
    %jmp t_10;
    .scope S_0x63b5e4d8b450;
t_11 ;
    %pushi/vec4 10, 0, 32;
    %store/vec4 v0x63b5e4d8b660_0, 0, 32;
T_5.101 ;
    %load/vec4 v0x63b5e4d8b660_0;
    %cmpi/s 15, 0, 32;
    %jmp/0xz T_5.102, 5;
    %ix/getv/s 4, v0x63b5e4d8b660_0;
    %load/vec4a v0x63b5e4d8d2b0, 4;
    %nor/r;
    %flag_set/vec4 8;
    %jmp/0xz  T_5.103, 8;
    %pushi/vec4 0, 0, 1;
    %ix/load 4, 3, 0;
    %flag_set/imm 4, 0;
    %store/vec4a v0x63b5e4d8d210, 4, 0;
T_5.103 ;
    ; show_stmt_assign_vector: Get l-value for compressed += operand
    %load/vec4 v0x63b5e4d8b660_0;
    %pushi/vec4 1, 0, 32;
    %add;
    %cast2;
    %store/vec4 v0x63b5e4d8b660_0, 0, 32;
    %jmp T_5.101;
T_5.102 ;
    %end;
    .scope S_0x63b5e4d8acf0;
t_10 %join;
T_5.91 ;
    %jmp T_5.89;
T_5.88 ;
    %ix/load 4, 1, 0;
    %flag_set/imm 4, 0;
    %load/vec4a v0x63b5e4d8d210, 4;
    %flag_set/vec4 8;
    %jmp/0xz  T_5.105, 8;
    %vpi_call/w 4 301 "$display", "ggggggggggggggggggggggggggggggggggggggggggggggg" {0 0 0};
    %load/vec4 v0x63b5e4d8d670_0;
    %flag_set/vec4 8;
    %jmp/0xz  T_5.107, 8;
    %pushi/vec4 4, 0, 3;
    %load/vec4 v0x63b5e4d8cef0_0;
    %concat/vec4; draw_concat_vec4
    %split/vec4 8;
    %store/vec4 v0x63b5e4d8c9b0_0, 0, 8;
    %split/vec4 1;
    %store/vec4 v0x63b5e4d8cb70_0, 0, 1;
    %split/vec4 1;
    %store/vec4 v0x63b5e4d8ce30_0, 0, 1;
    %store/vec4 v0x63b5e4d8cab0_0, 0, 1;
    %pushi/vec4 0, 0, 1;
    %store/vec4 v0x63b5e4d8d670_0, 0, 1;
    %jmp T_5.108;
T_5.107 ;
    %ix/load 4, 1, 0;
    %flag_set/imm 4, 0;
    %load/vec4a v0x63b5e4d8dc70, 4;
    %pad/u 32;
    %cmpi/ne 1, 0, 32;
    %jmp/0xz  T_5.109, 6;
    %vpi_call/w 4 316 "$display" {0 0 0};
    %vpi_call/w 4 317 "$display", "%12s ***time = %0d, TEST for prev_state = {!FULL_EXPECTED,EMPTY_EXPECTED} and current_state = {RST,W_EN,R_EN}***", "\000", $time {0 0 0};
    %vpi_call/w 4 318 "$display" {0 0 0};
    %pushi/vec4 1, 0, 1;
    %ix/load 4, 1, 0;
    %flag_set/imm 4, 0;
    %store/vec4a v0x63b5e4d8dc70, 4, 0;
T_5.109 ;
    %pushi/vec4 0, 0, 1;
    %ix/load 4, 0, 0;
    %flag_set/imm 4, 0;
    %store/vec4a v0x63b5e4d8d970, 4, 0;
    %fork t_13, S_0x63b5e4d8b740;
    %jmp t_12;
    .scope S_0x63b5e4d8b740;
t_13 ;
    %pushi/vec4 0, 0, 32;
    %store/vec4 v0x63b5e4d8b920_0, 0, 32;
T_5.111 ;
    %load/vec4 v0x63b5e4d8b920_0;
    %cmpi/s 5, 0, 32;
    %jmp/0xz T_5.112, 5;
    %load/vec4 v0x63b5e4d8b920_0;
    %addi 5, 0, 32;
    %ix/vec4/s 4;
    %load/vec4a v0x63b5e4d8d2b0, 4;
    %nor/r;
    %flag_set/vec4 9;
    %flag_get/vec4 9;
    %jmp/0 T_5.115, 9;
    %ix/load 4, 0, 0;
    %flag_set/imm 4, 0;
    %load/vec4a v0x63b5e4d8d970, 4;
    %nor/r;
    %and;
T_5.115;
    %flag_set/vec4 8;
    %jmp/0xz  T_5.113, 8;
    %load/vec4 v0x63b5e4d8da10_0;
    %cmpi/ne 1, 0, 2;
    %jmp/0xz  T_5.116, 6;
    %pushi/vec4 4, 0, 3;
    %load/vec4 v0x63b5e4d8cef0_0;
    %concat/vec4; draw_concat_vec4
    %split/vec4 8;
    %store/vec4 v0x63b5e4d8c9b0_0, 0, 8;
    %split/vec4 1;
    %store/vec4 v0x63b5e4d8cb70_0, 0, 1;
    %split/vec4 1;
    %store/vec4 v0x63b5e4d8ce30_0, 0, 1;
    %store/vec4 v0x63b5e4d8cab0_0, 0, 1;
    %pushi/vec4 1, 0, 1;
    %ix/load 4, 0, 0;
    %flag_set/imm 4, 0;
    %store/vec4a v0x63b5e4d8d970, 4, 0;
    %jmp T_5.117;
T_5.116 ;
    %load/vec4 v0x63b5e4d8b920_0;
    %parti/s 2, 0, 2;
    %load/vec4 v0x63b5e4d8cef0_0;
    %concat/vec4; draw_concat_vec4
    %split/vec4 8;
    %store/vec4 v0x63b5e4d8c9b0_0, 0, 8;
    %split/vec4 1;
    %store/vec4 v0x63b5e4d8ce30_0, 0, 1;
    %store/vec4 v0x63b5e4d8cab0_0, 0, 1;
    %pushi/vec4 1, 0, 1;
    %ix/load 4, 0, 0;
    %flag_set/imm 4, 0;
    %store/vec4a v0x63b5e4d8d970, 4, 0;
    %pushi/vec4 1, 0, 1;
    %store/vec4 v0x63b5e4d8d670_0, 0, 1;
T_5.117 ;
T_5.113 ;
    ; show_stmt_assign_vector: Get l-value for compressed += operand
    %load/vec4 v0x63b5e4d8b920_0;
    %pushi/vec4 1, 0, 32;
    %add;
    %cast2;
    %store/vec4 v0x63b5e4d8b920_0, 0, 32;
    %jmp T_5.111;
T_5.112 ;
    %end;
    .scope S_0x63b5e4d8acf0;
t_12 %join;
    %pushi/vec4 1, 0, 1;
    %ix/load 4, 2, 0;
    %flag_set/imm 4, 0;
    %store/vec4a v0x63b5e4d8d210, 4, 0;
    %fork t_15, S_0x63b5e4d8ba20;
    %jmp t_14;
    .scope S_0x63b5e4d8ba20;
t_15 ;
    %pushi/vec4 5, 0, 32;
    %store/vec4 v0x63b5e4d8bc50_0, 0, 32;
T_5.118 ;
    %load/vec4 v0x63b5e4d8bc50_0;
    %cmpi/s 10, 0, 32;
    %jmp/0xz T_5.119, 5;
    %ix/getv/s 4, v0x63b5e4d8bc50_0;
    %load/vec4a v0x63b5e4d8d2b0, 4;
    %nor/r;
    %flag_set/vec4 8;
    %jmp/0xz  T_5.120, 8;
    %pushi/vec4 0, 0, 1;
    %ix/load 4, 2, 0;
    %flag_set/imm 4, 0;
    %store/vec4a v0x63b5e4d8d210, 4, 0;
T_5.120 ;
    ; show_stmt_assign_vector: Get l-value for compressed += operand
    %load/vec4 v0x63b5e4d8bc50_0;
    %pushi/vec4 1, 0, 32;
    %add;
    %cast2;
    %store/vec4 v0x63b5e4d8bc50_0, 0, 32;
    %jmp T_5.118;
T_5.119 ;
    %end;
    .scope S_0x63b5e4d8acf0;
t_14 %join;
T_5.108 ;
    %jmp T_5.106;
T_5.105 ;
    %load/vec4 v0x63b5e4d8d5b0_0;
    %flag_set/vec4 8;
    %jmp/0xz  T_5.122, 8;
    %load/vec4 v0x63b5e4d8d670_0;
    %flag_set/vec4 8;
    %jmp/0xz  T_5.124, 8;
    %vpi_call/w 4 359 "$display", "hhhhhhhhhhhhhhhhhhhhhhhhhhhhhhhhhhhhhhhhhh" {0 0 0};
    %vpi_call/w 4 360 "$display", "ch=%b", v0x63b5e4d8cef0_0 {0 0 0};
    %vpi_call/w 4 361 "$display", "\000" {0 0 0};
    %pushi/vec4 4, 0, 3;
    %load/vec4 v0x63b5e4d8cef0_0;
    %concat/vec4; draw_concat_vec4
    %split/vec4 8;
    %store/vec4 v0x63b5e4d8c9b0_0, 0, 8;
    %split/vec4 1;
    %store/vec4 v0x63b5e4d8cb70_0, 0, 1;
    %split/vec4 1;
    %store/vec4 v0x63b5e4d8ce30_0, 0, 1;
    %store/vec4 v0x63b5e4d8cab0_0, 0, 1;
    %pushi/vec4 0, 0, 1;
    %store/vec4 v0x63b5e4d8d670_0, 0, 1;
    %jmp T_5.125;
T_5.124 ;
    %ix/load 4, 0, 0;
    %flag_set/imm 4, 0;
    %load/vec4a v0x63b5e4d8dc70, 4;
    %pad/u 32;
    %cmpi/ne 1, 0, 32;
    %jmp/0xz  T_5.126, 6;
    %vpi_call/w 4 370 "$display" {0 0 0};
    %vpi_call/w 4 371 "$display", "%12s ***time = %0d, TEST for prev_state = {!FULL_EXPECTED,!EMPTY_EXPECTED} and current_state = {RST,W_EN,R_EN}***", "\000", $time {0 0 0};
    %vpi_call/w 4 372 "$display" {0 0 0};
    %pushi/vec4 1, 0, 1;
    %ix/load 4, 0, 0;
    %flag_set/imm 4, 0;
    %store/vec4a v0x63b5e4d8dc70, 4, 0;
T_5.126 ;
    %pushi/vec4 0, 0, 1;
    %ix/load 4, 0, 0;
    %flag_set/imm 4, 0;
    %store/vec4a v0x63b5e4d8d970, 4, 0;
    %fork t_17, S_0x63b5e4d8bd50;
    %jmp t_16;
    .scope S_0x63b5e4d8bd50;
t_17 ;
    %pushi/vec4 0, 0, 32;
    %store/vec4 v0x63b5e4d8bf30_0, 0, 32;
T_5.128 ;
    %load/vec4 v0x63b5e4d8bf30_0;
    %cmpi/s 5, 0, 32;
    %jmp/0xz T_5.129, 5;
    %ix/getv/s 4, v0x63b5e4d8bf30_0;
    %load/vec4a v0x63b5e4d8d2b0, 4;
    %nor/r;
    %flag_set/vec4 9;
    %flag_get/vec4 9;
    %jmp/0 T_5.132, 9;
    %ix/load 4, 0, 0;
    %flag_set/imm 4, 0;
    %load/vec4a v0x63b5e4d8d970, 4;
    %nor/r;
    %and;
T_5.132;
    %flag_set/vec4 8;
    %jmp/0xz  T_5.130, 8;
    %load/vec4 v0x63b5e4d8da10_0;
    %cmpi/ne 0, 0, 2;
    %jmp/0xz  T_5.133, 6;
    %pushi/vec4 2, 0, 3;
    %load/vec4 v0x63b5e4d8cef0_0;
    %concat/vec4; draw_concat_vec4
    %split/vec4 8;
    %store/vec4 v0x63b5e4d8c9b0_0, 0, 8;
    %split/vec4 1;
    %store/vec4 v0x63b5e4d8cb70_0, 0, 1;
    %split/vec4 1;
    %store/vec4 v0x63b5e4d8ce30_0, 0, 1;
    %store/vec4 v0x63b5e4d8cab0_0, 0, 1;
    %pushi/vec4 1, 0, 1;
    %ix/load 4, 0, 0;
    %flag_set/imm 4, 0;
    %store/vec4a v0x63b5e4d8d970, 4, 0;
    %jmp T_5.134;
T_5.133 ;
    %ix/load 4, 1, 0;
    %flag_set/imm 4, 0;
    %load/vec4a v0x63b5e4d8d210, 4;
    %nor/r;
    %flag_set/vec4 8;
    %jmp/0xz  T_5.135, 8;
    %load/vec4 v0x63b5e4d8bf30_0;
    %parti/s 2, 0, 2;
    %load/vec4 v0x63b5e4d8cef0_0;
    %concat/vec4; draw_concat_vec4
    %pad/u 11;
    %split/vec4 8;
    %store/vec4 v0x63b5e4d8c9b0_0, 0, 8;
    %split/vec4 1;
    %store/vec4 v0x63b5e4d8cb70_0, 0, 1;
    %split/vec4 1;
    %store/vec4 v0x63b5e4d8ce30_0, 0, 1;
    %store/vec4 v0x63b5e4d8cab0_0, 0, 1;
    %pushi/vec4 1, 0, 1;
    %ix/load 4, 0, 0;
    %flag_set/imm 4, 0;
    %store/vec4a v0x63b5e4d8d970, 4, 0;
    %jmp T_5.136;
T_5.135 ;
    %pushi/vec4 0, 0, 3;
    %load/vec4 v0x63b5e4d8cef0_0;
    %concat/vec4; draw_concat_vec4
    %pad/u 10;
    %split/vec4 8;
    %store/vec4 v0x63b5e4d8c9b0_0, 0, 8;
    %split/vec4 1;
    %store/vec4 v0x63b5e4d8ce30_0, 0, 1;
    %store/vec4 v0x63b5e4d8cab0_0, 0, 1;
    %pushi/vec4 1, 0, 1;
    %store/vec4 v0x63b5e4d8d670_0, 0, 1;
T_5.136 ;
T_5.134 ;
T_5.130 ;
    ; show_stmt_assign_vector: Get l-value for compressed += operand
    %load/vec4 v0x63b5e4d8bf30_0;
    %pushi/vec4 1, 0, 32;
    %add;
    %cast2;
    %store/vec4 v0x63b5e4d8bf30_0, 0, 32;
    %jmp T_5.128;
T_5.129 ;
    %end;
    .scope S_0x63b5e4d8acf0;
t_16 %join;
    %pushi/vec4 1, 0, 1;
    %ix/load 4, 1, 0;
    %flag_set/imm 4, 0;
    %store/vec4a v0x63b5e4d8d210, 4, 0;
    %fork t_19, S_0x63b5e4d8c030;
    %jmp t_18;
    .scope S_0x63b5e4d8c030;
t_19 ;
    %pushi/vec4 0, 0, 32;
    %store/vec4 v0x63b5e4d8c210_0, 0, 32;
T_5.137 ;
    %load/vec4 v0x63b5e4d8c210_0;
    %cmpi/s 5, 0, 32;
    %jmp/0xz T_5.138, 5;
    %vpi_call/w 4 398 "$display", "flag_group_count[%d]=%d", v0x63b5e4d8c210_0, &A<v0x63b5e4d8d2b0, v0x63b5e4d8c210_0 > {0 0 0};
    %ix/getv/s 4, v0x63b5e4d8c210_0;
    %load/vec4a v0x63b5e4d8d2b0, 4;
    %nor/r;
    %flag_set/vec4 8;
    %jmp/0xz  T_5.139, 8;
    %pushi/vec4 0, 0, 1;
    %ix/load 4, 1, 0;
    %flag_set/imm 4, 0;
    %store/vec4a v0x63b5e4d8d210, 4, 0;
T_5.139 ;
    ; show_stmt_assign_vector: Get l-value for compressed += operand
    %load/vec4 v0x63b5e4d8c210_0;
    %pushi/vec4 1, 0, 32;
    %add;
    %cast2;
    %store/vec4 v0x63b5e4d8c210_0, 0, 32;
    %jmp T_5.137;
T_5.138 ;
    %end;
    .scope S_0x63b5e4d8acf0;
t_18 %join;
T_5.125 ;
    %jmp T_5.123;
T_5.122 ;
    %load/vec4 v0x63b5e4d8da10_0;
    %cmpi/e 3, 3, 2;
    %flag_get/vec4 6;
    %jmp/0 T_5.141, 6;
    %vpi_func 4 411 "$time" 64 {0 0 0};
    %load/vec4 v0x63b5e4d8cd00_0;
    %pad/u 64;
    %muli 6, 0, 64;
    %pushi/vec4 2, 0, 64;
    %div;
    %cmp/u;
    %flag_get/vec4 4;
    %flag_get/vec4 5;
    %or;
    %and;
T_5.141;
    %store/vec4 v0x63b5e4d8d370_0, 0, 1;
    %load/vec4 v0x63b5e4d8d370_0;
    %flag_set/vec4 8;
    %jmp/0xz  T_5.142, 8;
    %pushi/vec4 4, 0, 3;
    %load/vec4 v0x63b5e4d8cef0_0;
    %concat/vec4; draw_concat_vec4
    %split/vec4 8;
    %store/vec4 v0x63b5e4d8c9b0_0, 0, 8;
    %split/vec4 1;
    %store/vec4 v0x63b5e4d8cb70_0, 0, 1;
    %split/vec4 1;
    %store/vec4 v0x63b5e4d8ce30_0, 0, 1;
    %store/vec4 v0x63b5e4d8cab0_0, 0, 1;
    %pushi/vec4 1, 0, 1;
    %store/vec4 v0x63b5e4d8d5b0_0, 0, 1;
T_5.142 ;
T_5.123 ;
T_5.106 ;
T_5.89 ;
    %load/vec4 v0x63b5e4d8da10_0;
    %load/vec4 v0x63b5e4d8cab0_0;
    %concat/vec4; draw_concat_vec4
    %load/vec4 v0x63b5e4d8ce30_0;
    %concat/vec4; draw_concat_vec4
    %load/vec4 v0x63b5e4d8cb70_0;
    %concat/vec4; draw_concat_vec4
    %cmpi/u 8, 0, 5;
    %jmp/0xz  T_5.144, 5;
    ; show_stmt_assign_vector: Get l-value for compressed += operand
    %load/vec4 v0x63b5e4d8da10_0;
    %load/vec4 v0x63b5e4d8cab0_0;
    %concat/vec4; draw_concat_vec4
    %load/vec4 v0x63b5e4d8ce30_0;
    %concat/vec4; draw_concat_vec4
    %load/vec4 v0x63b5e4d8cb70_0;
    %concat/vec4; draw_concat_vec4
    %pad/u 7;
    %ix/vec4 4;
    %flag_mov 8, 4;
    %load/vec4a v0x63b5e4d8d2b0, 4;
    %pushi/vec4 1, 0, 32;
    %add;
    %flag_mov 4, 8;
    %store/vec4a v0x63b5e4d8d2b0, 4, 0;
    %jmp T_5.145;
T_5.144 ;
    %load/vec4 v0x63b5e4d8da10_0;
    %load/vec4 v0x63b5e4d8cab0_0;
    %concat/vec4; draw_concat_vec4
    %load/vec4 v0x63b5e4d8ce30_0;
    %concat/vec4; draw_concat_vec4
    %pad/u 5;
    %cmpi/u 16, 0, 5;
    %flag_get/vec4 5;
    %pad/u 5;
    %cmpi/u 7, 0, 5;
    %flag_or 5, 4; GT is !LE
    %flag_inv 5;
    %jmp/0xz  T_5.146, 5;
    ; show_stmt_assign_vector: Get l-value for compressed += operand
    %load/vec4 v0x63b5e4d8da10_0;
    %load/vec4 v0x63b5e4d8cab0_0;
    %concat/vec4; draw_concat_vec4
    %load/vec4 v0x63b5e4d8ce30_0;
    %concat/vec4; draw_concat_vec4
    %load/vec4 v0x63b5e4d8cb70_0;
    %concat/vec4; draw_concat_vec4
    %pad/u 32;
    %subi 3, 0, 32;
    %ix/vec4 4;
    %flag_mov 8, 4;
    %load/vec4a v0x63b5e4d8d2b0, 4;
    %pushi/vec4 1, 0, 32;
    %add;
    %flag_mov 4, 8;
    %store/vec4a v0x63b5e4d8d2b0, 4, 0;
    %jmp T_5.147;
T_5.146 ;
    %load/vec4 v0x63b5e4d8da10_0;
    %load/vec4 v0x63b5e4d8cab0_0;
    %concat/vec4; draw_concat_vec4
    %load/vec4 v0x63b5e4d8ce30_0;
    %concat/vec4; draw_concat_vec4
    %pad/u 5;
    %cmpi/u 15, 0, 5;
    %flag_or 5, 4; GT is !LE
    %flag_inv 5;
    %jmp/0xz  T_5.148, 5;
    ; show_stmt_assign_vector: Get l-value for compressed += operand
    %load/vec4 v0x63b5e4d8da10_0;
    %load/vec4 v0x63b5e4d8cab0_0;
    %concat/vec4; draw_concat_vec4
    %load/vec4 v0x63b5e4d8ce30_0;
    %concat/vec4; draw_concat_vec4
    %load/vec4 v0x63b5e4d8cb70_0;
    %concat/vec4; draw_concat_vec4
    %pad/u 32;
    %subi 6, 0, 32;
    %ix/vec4 4;
    %flag_mov 8, 4;
    %load/vec4a v0x63b5e4d8d2b0, 4;
    %pushi/vec4 1, 0, 32;
    %add;
    %flag_mov 4, 8;
    %store/vec4a v0x63b5e4d8d2b0, 4, 0;
T_5.148 ;
T_5.147 ;
T_5.145 ;
    %pushi/vec4 1, 0, 1;
    %ix/load 4, 0, 0;
    %flag_set/imm 4, 0;
    %store/vec4a v0x63b5e4d8d210, 4, 0;
    %fork t_21, S_0x63b5e4d8af10;
    %jmp t_20;
    .scope S_0x63b5e4d8af10;
t_21 ;
    %pushi/vec4 0, 0, 32;
    %store/vec4 v0x63b5e4d32420_0, 0, 32;
T_5.150 ;
    %load/vec4 v0x63b5e4d32420_0;
    %cmpi/s 15, 0, 32;
    %jmp/0xz T_5.151, 5;
    %ix/getv/s 4, v0x63b5e4d32420_0;
    %load/vec4a v0x63b5e4d8d2b0, 4;
    %nor/r;
    %flag_set/vec4 8;
    %jmp/0xz  T_5.152, 8;
    %pushi/vec4 0, 0, 1;
    %ix/load 4, 0, 0;
    %flag_set/imm 4, 0;
    %store/vec4a v0x63b5e4d8d210, 4, 0;
T_5.152 ;
    ; show_stmt_assign_vector: Get l-value for compressed += operand
    %load/vec4 v0x63b5e4d32420_0;
    %pushi/vec4 1, 0, 32;
    %add;
    %cast2;
    %store/vec4 v0x63b5e4d32420_0, 0, 32;
    %jmp T_5.150;
T_5.151 ;
    %end;
    .scope S_0x63b5e4d8acf0;
t_20 %join;
T_5.77 ;
T_5.65 ;
T_5.57 ;
T_5.45 ;
T_5.43 ;
    %end;
S_0x63b5e4d8af10 .scope begin, "$ivl_for_loop10" "$ivl_for_loop10" 4 438, 4 438 0, S_0x63b5e4d8acf0;
 .timescale 0 0;
v0x63b5e4d32420_0 .var/2s "j", 31 0;
S_0x63b5e4d8b170 .scope begin, "$ivl_for_loop4" "$ivl_for_loop4" 4 269, 4 269 0, S_0x63b5e4d8acf0;
 .timescale 0 0;
v0x63b5e4d8b370_0 .var/2s "k", 31 0;
S_0x63b5e4d8b450 .scope begin, "$ivl_for_loop5" "$ivl_for_loop5" 4 287, 4 287 0, S_0x63b5e4d8acf0;
 .timescale 0 0;
v0x63b5e4d8b660_0 .var/2s "j", 31 0;
S_0x63b5e4d8b740 .scope begin, "$ivl_for_loop6" "$ivl_for_loop6" 4 323, 4 323 0, S_0x63b5e4d8acf0;
 .timescale 0 0;
v0x63b5e4d8b920_0 .var/2s "k", 31 0;
S_0x63b5e4d8ba20 .scope begin, "$ivl_for_loop7" "$ivl_for_loop7" 4 341, 4 341 0, S_0x63b5e4d8acf0;
 .timescale 0 0;
v0x63b5e4d8bc50_0 .var/2s "j", 31 0;
S_0x63b5e4d8bd50 .scope begin, "$ivl_for_loop8" "$ivl_for_loop8" 4 377, 4 377 0, S_0x63b5e4d8acf0;
 .timescale 0 0;
v0x63b5e4d8bf30_0 .var/2s "k", 31 0;
S_0x63b5e4d8c030 .scope begin, "$ivl_for_loop9" "$ivl_for_loop9" 4 397, 4 397 0, S_0x63b5e4d8acf0;
 .timescale 0 0;
v0x63b5e4d8c210_0 .var/2s "j", 31 0;
S_0x63b5e4d8c310 .scope task, "initialize" "initialize" 4 33, 4 33 0, S_0x63b5e4d8a750;
 .timescale 0 0;
TD_tb_lifo_synchronous.dut_input_lifo.initialize ;
    %vpi_func 4 34 "$urandom_range" 32, 32'sb00000000000000000000000000100000, 32'sb00000000000000000000000001111110 {0 0 0};
    %pad/u 8;
    %store/vec4 v0x63b5e4d8cef0_0, 0, 8;
    %pushi/vec4 0, 0, 3;
    %load/vec4 v0x63b5e4d8cef0_0;
    %concat/vec4; draw_concat_vec4
    %split/vec4 8;
    %store/vec4 v0x63b5e4d8c9b0_0, 0, 8;
    %split/vec4 1;
    %store/vec4 v0x63b5e4d8cb70_0, 0, 1;
    %split/vec4 1;
    %store/vec4 v0x63b5e4d8ce30_0, 0, 1;
    %store/vec4 v0x63b5e4d8cab0_0, 0, 1;
    %fork t_23, S_0x63b5e4d8c4f0;
    %jmp t_22;
    .scope S_0x63b5e4d8c4f0;
t_23 ;
    %pushi/vec4 0, 0, 32;
    %store/vec4 v0x63b5e4d8c6d0_0, 0, 32;
T_6.154 ;
    %load/vec4 v0x63b5e4d8c6d0_0;
    %cmpi/s 6, 0, 32;
    %jmp/0xz T_6.155, 5;
    %pushi/vec4 0, 0, 32;
    %ix/getv/s 4, v0x63b5e4d8c6d0_0;
    %store/vec4a v0x63b5e4d8d2b0, 4, 0;
    %pushi/vec4 0, 0, 32;
    %ix/getv/s 4, v0x63b5e4d8c6d0_0;
    %store/vec4a v0x63b5e4d8d2b0, 4, 0;
    ; show_stmt_assign_vector: Get l-value for compressed += operand
    %load/vec4 v0x63b5e4d8c6d0_0;
    %pushi/vec4 1, 0, 32;
    %add;
    %cast2;
    %store/vec4 v0x63b5e4d8c6d0_0, 0, 32;
    %jmp T_6.154;
T_6.155 ;
    %end;
    .scope S_0x63b5e4d8c310;
t_22 %join;
    %pushi/vec4 0, 0, 1;
    %store/vec4 v0x63b5e4d8d090_0, 0, 1;
    %end;
S_0x63b5e4d8c4f0 .scope begin, "$ivl_for_loop3" "$ivl_for_loop3" 4 38, 4 38 0, S_0x63b5e4d8c310;
 .timescale 0 0;
v0x63b5e4d8c6d0_0 .var/2s "i", 31 0;
S_0x63b5e4d8c7d0 .scope task, "random_in" "random_in" 4 455, 4 455 0, S_0x63b5e4d8a750;
 .timescale 0 0;
TD_tb_lifo_synchronous.dut_input_lifo.random_in ;
    %vpi_func 4 457 "$urandom" 32 {0 0 0};
    %pushi/vec4 2, 0, 32;
    %mod;
    %pad/u 1;
    %store/vec4 v0x63b5e4d8cab0_0, 0, 1;
    %vpi_func 4 458 "$urandom" 32 {0 0 0};
    %pushi/vec4 2, 0, 32;
    %mod;
    %pad/u 1;
    %store/vec4 v0x63b5e4d8cb70_0, 0, 1;
    %vpi_func 4 459 "$urandom" 32 {0 0 0};
    %pushi/vec4 2, 0, 32;
    %mod;
    %pad/u 1;
    %store/vec4 v0x63b5e4d8ce30_0, 0, 1;
    %pushi/real 1717986918, 4062; load=0.100000
    %pushi/real 1677722, 4040; load=0.100000
    %add/wr;
    %vpi_func 4 462 "$urandom_range" 32, W<0,r>, 32'sb00000000000000000000000000001010 {0 1 0};
    %pad/u 64;
    %muli 1, 0, 64;
    %ix/vec4 4;
    %delayx 4;
    %end;
S_0x63b5e4d8de30 .scope module, "dut_lifo" "lifo" 3 45, 5 1 0, S_0x63b5e4d6b960;
 .timescale 0 0;
    .port_info 0 /INPUT 1 "clk";
    .port_info 1 /INPUT 1 "rst";
    .port_info 2 /INPUT 1 "w_en";
    .port_info 3 /INPUT 1 "r_en";
    .port_info 4 /INPUT 8 "data_in";
    .port_info 5 /OUTPUT 1 "full";
    .port_info 6 /OUTPUT 1 "empty";
    .port_info 7 /OUTPUT 5 "ptr";
    .port_info 8 /OUTPUT 8 "data_out";
    .port_info 9 /OUTPUT 5 "addr0";
    .port_info 10 /OUTPUT 1 "nextw";
P_0x63b5e4d8dfc0 .param/l "addr_width" 0 5 13, +C4<00000000000000000000000000000100>;
L_0x63b5e4d6a540 .functor AND 1, v0x63b5e4d8ce30_0, L_0x63b5e4da4530, C4<1>, C4<1>;
L_0x63b5e4d68df0 .functor AND 1, v0x63b5e4d8cb70_0, L_0x63b5e4da4670, C4<1>, C4<1>;
L_0x63b5e4d65160 .functor BUFZ 1, L_0x63b5e4d6a540, C4<0>, C4<0>, C4<0>;
v0x63b5e4d90140_0 .net *"_ivl_1", 0 0, L_0x63b5e4da4530;  1 drivers
v0x63b5e4d90220_0 .net *"_ivl_5", 0 0, L_0x63b5e4da4670;  1 drivers
v0x63b5e4d902e0_0 .net "addr", 3 0, L_0x63b5e4da4820;  1 drivers
v0x63b5e4d903d0_0 .var "addr0", 4 0;
v0x63b5e4d904b0_0 .net "clk", 0 0, v0x63b5e4d93360_0;  alias, 1 drivers
v0x63b5e4d905a0_0 .net "data_in", 7 0, v0x63b5e4d8c9b0_0;  alias, 1 drivers
v0x63b5e4d906b0_0 .net "data_out", 7 0, v0x63b5e4d8f580_0;  alias, 1 drivers
v0x63b5e4d90770_0 .net "empty", 0 0, L_0x63b5e4da4a10;  alias, 1 drivers
v0x63b5e4d90810_0 .net "full", 0 0, L_0x63b5e4da4c80;  alias, 1 drivers
v0x63b5e4d908b0_0 .net "next_r", 0 0, L_0x63b5e4d68df0;  1 drivers
v0x63b5e4d90950_0 .net "next_w", 0 0, L_0x63b5e4d6a540;  1 drivers
v0x63b5e4d909f0_0 .net "nextw", 0 0, L_0x63b5e4d65160;  alias, 1 drivers
v0x63b5e4d90a90_0 .net "ptr", 4 0, v0x63b5e4d8fed0_0;  alias, 1 drivers
v0x63b5e4d90b80_0 .net "r_en", 0 0, v0x63b5e4d8cb70_0;  alias, 1 drivers
v0x63b5e4d90c20_0 .net "rst", 0 0, v0x63b5e4d8cab0_0;  alias, 1 drivers
v0x63b5e4d90cc0_0 .net "w_en", 0 0, v0x63b5e4d8ce30_0;  alias, 1 drivers
L_0x63b5e4da4530 .reduce/nor L_0x63b5e4da4c80;
L_0x63b5e4da4670 .reduce/nor L_0x63b5e4da4a10;
L_0x63b5e4da4820 .part v0x63b5e4d8fed0_0, 0, 4;
S_0x63b5e4d8e170 .scope module, "dut_compare_and_status_section" "compare_and_status_section" 5 40, 5 55 0, S_0x63b5e4d8de30;
 .timescale 0 0;
    .port_info 0 /INPUT 5 "ptr";
    .port_info 1 /OUTPUT 1 "empty";
    .port_info 2 /OUTPUT 1 "full";
P_0x63b5e4d8e370 .param/l "mem_DEPTH" 0 5 62, +C4<00000000000000000000000000010000>;
v0x63b5e4d8e4b0_0 .net *"_ivl_0", 31 0, L_0x63b5e4da4950;  1 drivers
L_0x7b8be1c400f0 .functor BUFT 1, C4<000000000000000000000000000>, C4<0>, C4<0>, C4<0>;
v0x63b5e4d8e5b0_0 .net *"_ivl_11", 26 0, L_0x7b8be1c400f0;  1 drivers
L_0x7b8be1c40138 .functor BUFT 1, C4<00000000000000000000000000010000>, C4<0>, C4<0>, C4<0>;
v0x63b5e4d8e690_0 .net/2u *"_ivl_12", 31 0, L_0x7b8be1c40138;  1 drivers
L_0x7b8be1c40060 .functor BUFT 1, C4<000000000000000000000000000>, C4<0>, C4<0>, C4<0>;
v0x63b5e4d8e780_0 .net *"_ivl_3", 26 0, L_0x7b8be1c40060;  1 drivers
L_0x7b8be1c400a8 .functor BUFT 1, C4<00000000000000000000000000000000>, C4<0>, C4<0>, C4<0>;
v0x63b5e4d8e860_0 .net/2u *"_ivl_4", 31 0, L_0x7b8be1c400a8;  1 drivers
v0x63b5e4d8e990_0 .net *"_ivl_8", 31 0, L_0x63b5e4da4b40;  1 drivers
v0x63b5e4d8ea70_0 .net "empty", 0 0, L_0x63b5e4da4a10;  alias, 1 drivers
v0x63b5e4d8eb30_0 .net "full", 0 0, L_0x63b5e4da4c80;  alias, 1 drivers
v0x63b5e4d8ebf0_0 .net "ptr", 4 0, v0x63b5e4d8fed0_0;  alias, 1 drivers
L_0x63b5e4da4950 .concat [ 5 27 0 0], v0x63b5e4d8fed0_0, L_0x7b8be1c40060;
L_0x63b5e4da4a10 .cmp/eq 32, L_0x63b5e4da4950, L_0x7b8be1c400a8;
L_0x63b5e4da4b40 .concat [ 5 27 0 0], v0x63b5e4d8fed0_0, L_0x7b8be1c400f0;
L_0x63b5e4da4c80 .cmp/eq 32, L_0x63b5e4da4b40, L_0x7b8be1c40138;
S_0x63b5e4d8ed50 .scope module, "dut_dual_port_ram_synchronous" "dual_port_ram_synchronous" 5 46, 6 1 0, S_0x63b5e4d8de30;
 .timescale 0 0;
    .port_info 0 /INPUT 1 "clk";
    .port_info 1 /INPUT 1 "rst";
    .port_info 2 /INPUT 1 "we_a";
    .port_info 3 /INPUT 4 "addr_a";
    .port_info 4 /INPUT 8 "data_in_a";
    .port_info 5 /OUTPUT 8 "data_out_a";
    .port_info 6 /INPUT 1 "we_b";
    .port_info 7 /INPUT 4 "addr_b";
    .port_info 8 /INPUT 8 "data_in_b";
    .port_info 9 /OUTPUT 8 "data_out_b";
P_0x63b5e4d393e0 .param/l "ADDR_WIDTH" 0 6 15, +C4<00000000000000000000000000000100>;
P_0x63b5e4d39420 .param/l "DATA_WIDTH" 0 6 15, +C4<00000000000000000000000000001000>;
P_0x63b5e4d39460 .param/l "MEM_DEPTH" 0 6 15, +C4<00000000000000000000000000010000>;
v0x63b5e4d8f030_0 .net "addr_a", 3 0, L_0x63b5e4da4820;  alias, 1 drivers
v0x63b5e4d8f110_0 .net "addr_b", 3 0, L_0x63b5e4da4820;  alias, 1 drivers
v0x63b5e4d8f200_0 .net "clk", 0 0, v0x63b5e4d93360_0;  alias, 1 drivers
v0x63b5e4d8f300_0 .net "data_in_a", 7 0, v0x63b5e4d8c9b0_0;  alias, 1 drivers
L_0x7b8be1c401c8 .functor BUFT 1, C4<00000000>, C4<0>, C4<0>, C4<0>;
v0x63b5e4d8f3d0_0 .net "data_in_b", 7 0, L_0x7b8be1c401c8;  1 drivers
v0x63b5e4d8f4c0_0 .var "data_out_a", 7 0;
v0x63b5e4d8f580_0 .var "data_out_b", 7 0;
v0x63b5e4d8f660 .array "mem", 0 15, 7 0;
v0x63b5e4d8f720_0 .net "rst", 0 0, v0x63b5e4d8cab0_0;  alias, 1 drivers
v0x63b5e4d8f7c0_0 .net "we_a", 0 0, L_0x63b5e4d6a540;  alias, 1 drivers
L_0x7b8be1c40180 .functor BUFT 1, C4<0>, C4<0>, C4<0>, C4<0>;
v0x63b5e4d8f860_0 .net "we_b", 0 0, L_0x7b8be1c40180;  1 drivers
S_0x63b5e4d8fa60 .scope module, "dut_ptr_section" "ptr_section" 5 35, 5 75 0, S_0x63b5e4d8de30;
 .timescale 0 0;
    .port_info 0 /INPUT 1 "clk";
    .port_info 1 /INPUT 1 "rst";
    .port_info 2 /INPUT 1 "next_w";
    .port_info 3 /INPUT 1 "next_r";
    .port_info 4 /OUTPUT 5 "ptr";
v0x63b5e4d8fc50_0 .net "clk", 0 0, v0x63b5e4d93360_0;  alias, 1 drivers
v0x63b5e4d8fd40_0 .net "next_r", 0 0, L_0x63b5e4d68df0;  alias, 1 drivers
v0x63b5e4d8fe00_0 .net "next_w", 0 0, L_0x63b5e4d6a540;  alias, 1 drivers
v0x63b5e4d8fed0_0 .var "ptr", 4 0;
v0x63b5e4d8ffa0_0 .net "rst", 0 0, v0x63b5e4d8cab0_0;  alias, 1 drivers
S_0x63b5e4d90e40 .scope task, "errors_warnings_check" "errors_warnings_check" 3 274, 3 274 0, S_0x63b5e4d6b960;
 .timescale 0 0;
TD_tb_lifo_synchronous.errors_warnings_check ;
    %load/vec4 v0x63b5e4d92290_0;
    %load/vec4 v0x63b5e4d92370_0;
    %cmp/ne;
    %jmp/0xz  T_8.156, 6;
    %vpi_call/w 3 278 "$display", "***ERROR: ADDR = %b, ADDR_expected = %b", v0x63b5e4d92290_0, v0x63b5e4d92370_0 {0 0 0};
    %load/vec4 v0x63b5e4d92b20_0;
    %addi 1, 0, 32;
    %store/vec4 v0x63b5e4d92b20_0, 0, 32;
T_8.156 ;
    %load/vec4 v0x63b5e4d92c00_0;
    %load/vec4 v0x63b5e4d92ca0_0;
    %cmp/ne;
    %jmp/0xz  T_8.158, 6;
    %vpi_call/w 3 288 "$display", "***ERROR: FULL = %b, FULL_expected = %b", v0x63b5e4d92c00_0, v0x63b5e4d92ca0_0 {0 0 0};
    %load/vec4 v0x63b5e4d92b20_0;
    %addi 1, 0, 32;
    %store/vec4 v0x63b5e4d92b20_0, 0, 32;
T_8.158 ;
    %load/vec4 v0x63b5e4d92900_0;
    %load/vec4 v0x63b5e4d929f0_0;
    %cmp/ne;
    %jmp/0xz  T_8.160, 6;
    %vpi_call/w 3 296 "$display", "***ERROR: EMPTY = %b, EMPTY_expected = %b", v0x63b5e4d92900_0, v0x63b5e4d929f0_0 {0 0 0};
    %load/vec4 v0x63b5e4d92b20_0;
    %addi 1, 0, 32;
    %store/vec4 v0x63b5e4d92b20_0, 0, 32;
T_8.160 ;
    %load/vec4 v0x63b5e4d92f40_0;
    %load/vec4 v0x63b5e4d92fe0_0;
    %cmp/ne;
    %jmp/0xz  T_8.162, 6;
    %vpi_call/w 3 304 "$display", "***ERROR: PTR = %b, PTR_EXPECTED = %b", v0x63b5e4d92f40_0, v0x63b5e4d92fe0_0 {0 0 0};
    %load/vec4 v0x63b5e4d92b20_0;
    %addi 1, 0, 32;
    %store/vec4 v0x63b5e4d92b20_0, 0, 32;
T_8.162 ;
    %load/vec4 v0x63b5e4d92780_0;
    %load/vec4 v0x63b5e4d92840_0;
    %cmp/ne;
    %jmp/0xz  T_8.164, 6;
    %vpi_call/w 3 312 "$display", "***ERROR: DATA_OUT = %b, DATA_OUT_expected = %b", v0x63b5e4d92780_0, v0x63b5e4d92840_0 {0 0 0};
    %load/vec4 v0x63b5e4d92b20_0;
    %addi 1, 0, 32;
    %store/vec4 v0x63b5e4d92b20_0, 0, 32;
T_8.164 ;
    %end;
S_0x63b5e4d91020 .scope task, "initialize" "initialize" 3 78, 3 78 0, S_0x63b5e4d6b960;
 .timescale 0 0;
TD_tb_lifo_synchronous.initialize ;
    %pushi/vec4 0, 0, 1;
    %store/vec4 v0x63b5e4d93360_0, 0, 1;
    %pushi/vec4 0, 0, 32;
    %store/vec4 v0x63b5e4d93400_0, 0, 32;
    %pushi/vec4 0, 0, 32;
    %store/vec4 v0x63b5e4d92b20_0, 0, 32;
    %pushi/vec4 0, 0, 32;
    %store/vec4 v0x63b5e4d93f70_0, 0, 32;
T_9.166 ;
    %load/vec4 v0x63b5e4d93f70_0;
    %cmpi/s 15, 0, 32;
    %jmp/0xz T_9.167, 5;
    %pushi/vec4 0, 0, 32;
    %ix/getv/s 4, v0x63b5e4d93f70_0;
    %store/vec4a v0x63b5e4d941b0, 4, 0;
    ; show_stmt_assign_vector: Get l-value for compressed += operand
    %load/vec4 v0x63b5e4d93f70_0;
    %pushi/vec4 1, 0, 32;
    %add;
    %cast2;
    %store/vec4 v0x63b5e4d93f70_0, 0, 32;
    %jmp T_9.166;
T_9.167 ;
    %pushi/vec4 0, 0, 32;
    %store/vec4 v0x63b5e4d94250_0, 0, 32;
    %vpi_call/w 3 91 "$display" {0 0 0};
    %vpi_call/w 3 92 "$display", "TEST_START---------------------------------------------------------------------------------------------------------------------------------------------------------------------------------------------------------------------------------------" {0 0 0};
    %vpi_call/w 3 93 "$display" {0 0 0};
    %vpi_call/w 3 94 "$display", "                     | TIME | RST | W_EN | R_EN | DATA_IN | ADDR0 | ADDR0_EXPECTED | WRAP | FULL | FULL_EXPECTED | EMPTY | EMPTY_EXPECTED | PTR | PTR_EXPECTED | DATA_OUT | DATA_OUT_EXPECTED |" {0 0 0};
    %vpi_call/w 3 95 "$display", "-------------------------------------------------------------------------------------------------------------------------------------------------------------------------------------------------------------------------------------------------" {0 0 0};
    %end;
S_0x63b5e4d91200 .scope module, "test_dual_port_ram_synchronous1" "dual_port_ram_synchronous1" 3 48, 7 1 0, S_0x63b5e4d6b960;
 .timescale 0 0;
    .port_info 0 /INPUT 1 "clk";
    .port_info 1 /INPUT 1 "rst";
    .port_info 2 /INPUT 1 "we_a";
    .port_info 3 /INPUT 4 "addr_a";
    .port_info 4 /INPUT 8 "data_in_a";
    .port_info 5 /OUTPUT 8 "data_out_a";
    .port_info 6 /INPUT 1 "we_b";
    .port_info 7 /INPUT 4 "addr_b";
    .port_info 8 /INPUT 8 "data_in_b";
    .port_info 9 /OUTPUT 8 "data_out_b";
P_0x63b5e4d394b0 .param/l "ADDR_WIDTH" 0 7 15, +C4<00000000000000000000000000000100>;
P_0x63b5e4d394f0 .param/l "DATA_WIDTH" 0 7 15, +C4<00000000000000000000000000001000>;
P_0x63b5e4d39530 .param/l "MEM_DEPTH" 0 7 15, +C4<00000000000000000000000000010000>;
v0x63b5e4d91610_0 .net "addr_a", 3 0, L_0x63b5e4da51e0;  alias, 1 drivers
v0x63b5e4d91710_0 .net "addr_b", 3 0, L_0x63b5e4da51e0;  alias, 1 drivers
v0x63b5e4d91800_0 .net "clk", 0 0, v0x63b5e4d93360_0;  alias, 1 drivers
v0x63b5e4d918d0_0 .net "data_in_a", 7 0, v0x63b5e4d8c9b0_0;  alias, 1 drivers
L_0x7b8be1c40258 .functor BUFT 1, C4<00000000>, C4<0>, C4<0>, C4<0>;
v0x63b5e4d91970_0 .net "data_in_b", 7 0, L_0x7b8be1c40258;  1 drivers
v0x63b5e4d91a30_0 .var "data_out_a", 7 0;
v0x63b5e4d91b10_0 .var "data_out_b", 7 0;
v0x63b5e4d91bf0 .array "mem", 0 15, 7 0;
v0x63b5e4d91cb0_0 .net "rst", 0 0, v0x63b5e4d8cab0_0;  alias, 1 drivers
v0x63b5e4d91de0_0 .net "we_a", 0 0, L_0x63b5e4d67930;  alias, 1 drivers
L_0x7b8be1c40210 .functor BUFT 1, C4<0>, C4<0>, C4<0>, C4<0>;
v0x63b5e4d91ea0_0 .net "we_b", 0 0, L_0x7b8be1c40210;  1 drivers
S_0x63b5e4d92100 .scope task, "vectorcount" "vectorcount" 3 218, 3 218 0, S_0x63b5e4d6b960;
 .timescale 0 0;
TD_tb_lifo_synchronous.vectorcount ;
    %load/vec4 v0x63b5e4d93400_0;
    %addi 1, 0, 32;
    %store/vec4 v0x63b5e4d93400_0, 0, 32;
    %end;
    .scope S_0x63b5e4d8a750;
T_11 ;
    %fork TD_tb_lifo_synchronous.dut_input_lifo.initialize, S_0x63b5e4d8c310;
    %join;
    %end;
    .thread T_11;
    .scope S_0x63b5e4d8a750;
T_12 ;
    %wait E_0x63b5e4d0b660;
    %load/vec4 v0x63b5e4d8d090_0;
    %nor/r;
    %flag_set/vec4 8;
    %jmp/0xz  T_12.0, 8;
    %fork TD_tb_lifo_synchronous.dut_input_lifo.general_input, S_0x63b5e4d8acf0;
    %join;
T_12.0 ;
    %jmp T_12;
    .thread T_12;
    .scope S_0x63b5e4d8a750;
T_13 ;
T_13.0 ;
    %load/vec4 v0x63b5e4d8d090_0;
    %cmpi/ne 1, 0, 1;
    %jmp/0xz T_13.1, 6;
    %wait E_0x63b5e4d0ba10;
    %jmp T_13.0;
T_13.1 ;
    %fork t_25, S_0x63b5e4d8aa90;
    %jmp t_24;
    .scope S_0x63b5e4d8aa90;
t_25 ;
    %pushi/vec4 0, 0, 32;
    %store/vec4 v0x63b5e4d61640_0, 0, 32;
T_13.2 ;
    %load/vec4 v0x63b5e4d61640_0;
    %cmpi/s 50, 0, 32;
    %jmp/0xz T_13.3, 5;
    %load/vec4 v0x63b5e4d61640_0;
    %cmpi/e 49, 0, 32;
    %jmp/0xz  T_13.4, 4;
    %fork TD_tb_lifo_synchronous.dut_input_lifo.random_in, S_0x63b5e4d8c7d0;
    %join;
    %pushi/vec4 1, 0, 1;
    %assign/vec4 v0x63b5e4d8cfd0_0, 0;
    %jmp T_13.5;
T_13.4 ;
    %fork TD_tb_lifo_synchronous.dut_input_lifo.random_in, S_0x63b5e4d8c7d0;
    %join;
T_13.5 ;
    ; show_stmt_assign_vector: Get l-value for compressed += operand
    %load/vec4 v0x63b5e4d61640_0;
    %pushi/vec4 1, 0, 32;
    %add;
    %cast2;
    %store/vec4 v0x63b5e4d61640_0, 0, 32;
    %jmp T_13.2;
T_13.3 ;
    %end;
    .scope S_0x63b5e4d8a750;
t_24 %join;
    %end;
    .thread T_13;
    .scope S_0x63b5e4d8fa60;
T_14 ;
    %wait E_0x63b5e4d0b660;
    %load/vec4 v0x63b5e4d8ffa0_0;
    %flag_set/vec4 8;
    %jmp/0xz  T_14.0, 8;
    %pushi/vec4 0, 0, 5;
    %assign/vec4 v0x63b5e4d8fed0_0, 0;
    %jmp T_14.1;
T_14.0 ;
    %load/vec4 v0x63b5e4d8fe00_0;
    %load/vec4 v0x63b5e4d8fd40_0;
    %concat/vec4; draw_concat_vec4
    %dup/vec4;
    %pushi/vec4 1, 0, 2;
    %cmp/u;
    %jmp/1 T_14.2, 6;
    %dup/vec4;
    %pushi/vec4 2, 0, 2;
    %cmp/u;
    %jmp/1 T_14.3, 6;
    %load/vec4 v0x63b5e4d8fed0_0;
    %assign/vec4 v0x63b5e4d8fed0_0, 0;
    %jmp T_14.5;
T_14.2 ;
    %load/vec4 v0x63b5e4d8fed0_0;
    %subi 1, 0, 5;
    %assign/vec4 v0x63b5e4d8fed0_0, 0;
    %jmp T_14.5;
T_14.3 ;
    %load/vec4 v0x63b5e4d8fed0_0;
    %addi 1, 0, 5;
    %assign/vec4 v0x63b5e4d8fed0_0, 0;
    %jmp T_14.5;
T_14.5 ;
    %pop/vec4 1;
T_14.1 ;
    %jmp T_14;
    .thread T_14;
    .scope S_0x63b5e4d8ed50;
T_15 ;
    %wait E_0x63b5e4d0b660;
    %load/vec4 v0x63b5e4d8f720_0;
    %flag_set/vec4 8;
    %jmp/0xz  T_15.0, 8;
    %pushi/vec4 0, 0, 8;
    %assign/vec4 v0x63b5e4d8f4c0_0, 0;
    %jmp T_15.1;
T_15.0 ;
    %load/vec4 v0x63b5e4d8f7c0_0;
    %flag_set/vec4 8;
    %jmp/0xz  T_15.2, 8;
    %load/vec4 v0x63b5e4d8f300_0;
    %load/vec4 v0x63b5e4d8f030_0;
    %pad/u 6;
    %ix/vec4 3;
    %ix/load 4, 0, 0; Constant delay
    %assign/vec4/a/d v0x63b5e4d8f660, 0, 4;
    %load/vec4 v0x63b5e4d8f030_0;
    %pad/u 6;
    %ix/vec4 4;
    %load/vec4a v0x63b5e4d8f660, 4;
    %assign/vec4 v0x63b5e4d8f4c0_0, 0;
    %jmp T_15.3;
T_15.2 ;
    %load/vec4 v0x63b5e4d8f030_0;
    %pad/u 6;
    %ix/vec4 4;
    %load/vec4a v0x63b5e4d8f660, 4;
    %assign/vec4 v0x63b5e4d8f4c0_0, 0;
T_15.3 ;
T_15.1 ;
    %jmp T_15;
    .thread T_15;
    .scope S_0x63b5e4d8ed50;
T_16 ;
    %wait E_0x63b5e4d0b660;
    %load/vec4 v0x63b5e4d8f720_0;
    %flag_set/vec4 8;
    %jmp/0xz  T_16.0, 8;
    %pushi/vec4 0, 0, 8;
    %assign/vec4 v0x63b5e4d8f580_0, 0;
    %jmp T_16.1;
T_16.0 ;
    %load/vec4 v0x63b5e4d8f860_0;
    %flag_set/vec4 8;
    %jmp/0xz  T_16.2, 8;
    %load/vec4 v0x63b5e4d8f3d0_0;
    %load/vec4 v0x63b5e4d8f110_0;
    %pad/u 6;
    %ix/vec4 3;
    %ix/load 4, 0, 0; Constant delay
    %assign/vec4/a/d v0x63b5e4d8f660, 0, 4;
    %load/vec4 v0x63b5e4d8f110_0;
    %pad/u 6;
    %ix/vec4 4;
    %load/vec4a v0x63b5e4d8f660, 4;
    %assign/vec4 v0x63b5e4d8f580_0, 0;
    %jmp T_16.3;
T_16.2 ;
    %load/vec4 v0x63b5e4d8f110_0;
    %pad/u 6;
    %ix/vec4 4;
    %load/vec4a v0x63b5e4d8f660, 4;
    %assign/vec4 v0x63b5e4d8f580_0, 0;
T_16.3 ;
T_16.1 ;
    %jmp T_16;
    .thread T_16;
    .scope S_0x63b5e4d8de30;
T_17 ;
    %wait E_0x63b5e4d0b660;
    %load/vec4 v0x63b5e4d90a90_0;
    %assign/vec4 v0x63b5e4d903d0_0, 0;
    %jmp T_17;
    .thread T_17;
    .scope S_0x63b5e4d91200;
T_18 ;
    %wait E_0x63b5e4d0b660;
    %load/vec4 v0x63b5e4d91cb0_0;
    %flag_set/vec4 8;
    %jmp/0xz  T_18.0, 8;
    %pushi/vec4 0, 0, 8;
    %assign/vec4 v0x63b5e4d91a30_0, 0;
    %jmp T_18.1;
T_18.0 ;
    %load/vec4 v0x63b5e4d91de0_0;
    %flag_set/vec4 8;
    %jmp/0xz  T_18.2, 8;
    %load/vec4 v0x63b5e4d918d0_0;
    %load/vec4 v0x63b5e4d91610_0;
    %pad/u 6;
    %ix/vec4 3;
    %ix/load 4, 0, 0; Constant delay
    %assign/vec4/a/d v0x63b5e4d91bf0, 0, 4;
    %load/vec4 v0x63b5e4d91610_0;
    %pad/u 6;
    %ix/vec4 4;
    %load/vec4a v0x63b5e4d91bf0, 4;
    %assign/vec4 v0x63b5e4d91a30_0, 0;
    %jmp T_18.3;
T_18.2 ;
    %load/vec4 v0x63b5e4d91610_0;
    %pad/u 6;
    %ix/vec4 4;
    %load/vec4a v0x63b5e4d91bf0, 4;
    %assign/vec4 v0x63b5e4d91a30_0, 0;
T_18.3 ;
T_18.1 ;
    %jmp T_18;
    .thread T_18;
    .scope S_0x63b5e4d91200;
T_19 ;
    %wait E_0x63b5e4d0b660;
    %load/vec4 v0x63b5e4d91cb0_0;
    %flag_set/vec4 8;
    %jmp/0xz  T_19.0, 8;
    %pushi/vec4 0, 0, 8;
    %assign/vec4 v0x63b5e4d91b10_0, 0;
    %jmp T_19.1;
T_19.0 ;
    %load/vec4 v0x63b5e4d91ea0_0;
    %flag_set/vec4 8;
    %jmp/0xz  T_19.2, 8;
    %load/vec4 v0x63b5e4d91970_0;
    %load/vec4 v0x63b5e4d91710_0;
    %pad/u 6;
    %ix/vec4 3;
    %ix/load 4, 0, 0; Constant delay
    %assign/vec4/a/d v0x63b5e4d91bf0, 0, 4;
    %load/vec4 v0x63b5e4d91710_0;
    %pad/u 6;
    %ix/vec4 4;
    %load/vec4a v0x63b5e4d91bf0, 4;
    %assign/vec4 v0x63b5e4d91b10_0, 0;
    %jmp T_19.3;
T_19.2 ;
    %load/vec4 v0x63b5e4d91710_0;
    %pad/u 6;
    %ix/vec4 4;
    %load/vec4a v0x63b5e4d91bf0, 4;
    %assign/vec4 v0x63b5e4d91b10_0, 0;
T_19.3 ;
T_19.1 ;
    %jmp T_19;
    .thread T_19;
    .scope S_0x63b5e4d6b960;
T_20 ;
    %vpi_call/w 3 59 "$dumpfile", "tb_lifo_synchronous.vcd" {0 0 0};
    %vpi_call/w 3 60 "$dumpvars", 32'sb00000000000000000000000000000000, S_0x63b5e4d6b960 {0 0 0};
    %end;
    .thread T_20;
    .scope S_0x63b5e4d6b960;
T_21 ;
    %delay 10, 0;
    %load/vec4 v0x63b5e4d93360_0;
    %inv;
    %assign/vec4 v0x63b5e4d93360_0, 0;
    %jmp T_21;
    .thread T_21;
    .scope S_0x63b5e4d6b960;
T_22 ;
    %fork TD_tb_lifo_synchronous.initialize, S_0x63b5e4d91020;
    %join;
    %end;
    .thread T_22;
    .scope S_0x63b5e4d6b960;
T_23 ;
    %wait E_0x63b5e4d0b660;
    %fork TD_tb_lifo_synchronous.coverage_update, S_0x63b5e4d89ea0;
    %join;
    %fork TD_tb_lifo_synchronous.OUT_EXP, S_0x63b5e4d637e0;
    %join;
    %delay 0, 0;
    %fork TD_tb_lifo_synchronous.comment, S_0x63b5e4d89cc0;
    %join;
    %fork TD_tb_lifo_synchronous.display_file, S_0x63b5e4d8a520;
    %join;
    %fork TD_tb_lifo_synchronous.errors_warnings_check, S_0x63b5e4d90e40;
    %join;
    %fork TD_tb_lifo_synchronous.vectorcount, S_0x63b5e4d92100;
    %join;
    %delay 0, 0;
    %load/vec4 v0x63b5e4d92430_0;
    %assign/vec4 v0x63b5e4d94010_0, 0;
    %load/vec4 v0x63b5e4d92ca0_0;
    %load/vec4 v0x63b5e4d929f0_0;
    %concat/vec4; draw_concat_vec4
    %store/vec4 v0x63b5e4d940f0_0, 0, 2;
    %jmp T_23;
    .thread T_23;
    .scope S_0x63b5e4d6b960;
T_24 ;
T_24.0 ;
    %load/vec4 v0x63b5e4d93ed0_0;
    %cmpi/ne 1, 0, 1;
    %jmp/0xz T_24.1, 6;
    %wait E_0x63b5e4d0ba10;
    %jmp T_24.0;
T_24.1 ;
    %vpi_call/w 3 364 "$display" {0 0 0};
    %vpi_call/w 3 365 "$display", "%13s ***time = %0d,eof ***", "\000", $time {0 0 0};
    %vpi_call/w 3 366 "$display" {0 0 0};
    %load/vec4 v0x63b5e4d92c00_0;
    %load/vec4 v0x63b5e4d92900_0;
    %concat/vec4; draw_concat_vec4
    %load/vec4 v0x63b5e4d931d0_0;
    %concat/vec4; draw_concat_vec4
    %load/vec4 v0x63b5e4d935a0_0;
    %concat/vec4; draw_concat_vec4
    %load/vec4 v0x63b5e4d93270_0;
    %concat/vec4; draw_concat_vec4
    %pad/u 6;
    %cmpi/e 32, 0, 6;
    %jmp/0xz  T_24.2, 4;
    %fork TD_tb_lifo_synchronous.vectorcount, S_0x63b5e4d92100;
    %join;
    %fork TD_tb_lifo_synchronous.close, S_0x63b5e4d156b0;
    %join;
    %jmp T_24.3;
T_24.2 ;
    %load/vec4 v0x63b5e4d93e30_0;
    %flag_set/vec4 8;
    %jmp/0xz  T_24.4, 8;
    %fork TD_tb_lifo_synchronous.close, S_0x63b5e4d156b0;
    %join;
T_24.4 ;
T_24.3 ;
    %end;
    .thread T_24;
# The file index is used to find the file name in the following table.
:file_names 8;
    "N/A";
    "<interactive>";
    "-";
    "tb_lifo_synchronous.v";
    "input_lifo.v";
    "lifo_synchronous.v";
    "dual_port_ram_synchronous.v";
    "dual_port_ram_synchronous1.v";
