#! /usr/bin/vvp
:ivl_version "12.0 (stable)";
:ivl_delay_selection "TYPICAL";
:vpi_time_precision - 12;
:vpi_module "/usr/lib/x86_64-linux-gnu/ivl/system.vpi";
:vpi_module "/usr/lib/x86_64-linux-gnu/ivl/vhdl_sys.vpi";
:vpi_module "/usr/lib/x86_64-linux-gnu/ivl/vhdl_textio.vpi";
:vpi_module "/usr/lib/x86_64-linux-gnu/ivl/v2005_math.vpi";
:vpi_module "/usr/lib/x86_64-linux-gnu/ivl/va_math.vpi";
:vpi_module "/usr/lib/x86_64-linux-gnu/ivl/v2009.vpi";
S_0x5be0338f3030 .scope package, "$unit" "$unit" 2 1;
 .timescale 0 0;
S_0x5be0338fcf80 .scope module, "tb_lifo_synchronous" "tb_lifo_synchronous" 3 2;
 .timescale -9 -12;
P_0x5be0338fc4c0 .param/l "ADDR_WIDTH" 0 3 38, +C4<00000000000000000000000000000100>;
P_0x5be0338fc500 .param/l "DATA_WIDTH" 0 3 38, +C4<00000000000000000000000000001000>;
P_0x5be0338fc540 .param/l "MEM_DEPTH" 0 3 38, +C4<00000000000000000000000000010000>;
P_0x5be0338fc580 .param/l "TICKPERIOD" 0 3 38, +C4<00000000000000000000000000010100>;
L_0x5be0338f5820 .functor AND 1, v0x5be033919fa0_0, L_0x5be033932a50, C4<1>, C4<1>;
L_0x5be0338ee220 .functor AND 1, v0x5be033919ce0_0, L_0x5be033932c20, C4<1>, C4<1>;
v0x5be03391f8e0_0 .net "ADDR0", 4 0, v0x5be03391cbd0_0;  1 drivers
v0x5be03391f9c0_0 .var "ADDR0_EXPECTED", 4 0;
v0x5be03391faa0_0 .net "ADDR_EXPECTED", 3 0, L_0x5be033932de0;  1 drivers
v0x5be03391fb90_0 .var "COMMENT", 247 0;
v0x5be03391fc70_0 .net "DATA_IN", 7 0, v0x5be033919b20_0;  1 drivers
v0x5be03391fe10_0 .net "DATA_OUT", 7 0, v0x5be03391c470_0;  1 drivers
v0x5be03391fed0_0 .net "DATA_OUT_EXPECTED", 7 0, v0x5be03391f1f0_0;  1 drivers
v0x5be03391ff90_0 .net "EMPTY", 0 0, L_0x5be033931cc0;  1 drivers
v0x5be033920080_0 .net "EMPTY_EXPECTED", 0 0, L_0x5be033932680;  1 drivers
v0x5be0339201b0_0 .var "ERRORS", 31 0;
v0x5be033920290_0 .net "FULL", 0 0, L_0x5be033931f40;  1 drivers
v0x5be033920330_0 .net "FULL_EXPECTED", 0 0, L_0x5be0339328e0;  1 drivers
v0x5be0339203f0_0 .net "NEXTW", 0 0, L_0x5be0338f4d70;  1 drivers
v0x5be033920490_0 .net "NEXT_R", 0 0, L_0x5be0338ee220;  1 drivers
v0x5be033920530_0 .net "NEXT_W", 0 0, L_0x5be0338f5820;  1 drivers
v0x5be0339205d0_0 .net "PTR", 4 0, v0x5be03391cf50_0;  1 drivers
v0x5be033920670_0 .var "PTR_EXPECTED", 4 0;
v0x5be033920860_0 .net "RST", 0 0, v0x5be033919c20_0;  1 drivers
v0x5be033920900_0 .net "R_EN", 0 0, v0x5be033919ce0_0;  1 drivers
v0x5be0339209f0_0 .var "TICK", 0 0;
v0x5be033920a90_0 .var "VECTORCOUNT", 31 0;
v0x5be033920b70_0 .net "WRAP", 0 0, L_0x5be033932e80;  1 drivers
v0x5be033920c30_0 .net "W_EN", 0 0, v0x5be033919fa0_0;  1 drivers
L_0x75efd86402e8 .functor BUFT 1, C4<00000000000000000000000000000000>, C4<0>, C4<0>, C4<0>;
v0x5be033920d20_0 .net/2u *"_ivl_10", 31 0, L_0x75efd86402e8;  1 drivers
v0x5be033920e00_0 .net *"_ivl_14", 31 0, L_0x5be0339327a0;  1 drivers
L_0x75efd8640330 .functor BUFT 1, C4<000000000000000000000000000>, C4<0>, C4<0>, C4<0>;
v0x5be033920ee0_0 .net *"_ivl_17", 26 0, L_0x75efd8640330;  1 drivers
L_0x75efd8640378 .functor BUFT 1, C4<00000000000000000000000000010000>, C4<0>, C4<0>, C4<0>;
v0x5be033920fc0_0 .net/2u *"_ivl_18", 31 0, L_0x75efd8640378;  1 drivers
v0x5be0339210a0_0 .net *"_ivl_23", 0 0, L_0x5be033932a50;  1 drivers
v0x5be033921160_0 .net *"_ivl_27", 0 0, L_0x5be033932c20;  1 drivers
L_0x75efd86403c0 .functor BUFT 1, C4<10000>, C4<0>, C4<0>, C4<0>;
v0x5be033921220_0 .net/2u *"_ivl_32", 4 0, L_0x75efd86403c0;  1 drivers
v0x5be033921300_0 .net *"_ivl_6", 31 0, L_0x5be0339325b0;  1 drivers
L_0x75efd86402a0 .functor BUFT 1, C4<000000000000000000000000000>, C4<0>, C4<0>, C4<0>;
v0x5be0339213e0_0 .net *"_ivl_9", 26 0, L_0x75efd86402a0;  1 drivers
v0x5be0339214c0_0 .net "done", 0 0, v0x5be03391a220_0;  1 drivers
v0x5be033921560_0 .net "eof", 0 0, v0x5be03391a2e0_0;  1 drivers
v0x5be033921600_0 .var/2s "i", 31 0;
v0x5be0339216a0_0 .var "prev_ADDR_EXPECTED", 3 0;
v0x5be033921780_0 .var "prev_state", 1 0;
v0x5be033921840 .array "state_input_coverage", 23 0, 31 0;
v0x5be0339218e0_0 .var "wrap_coverage", 31 0;
L_0x5be0339325b0 .concat [ 5 27 0 0], v0x5be033920670_0, L_0x75efd86402a0;
L_0x5be033932680 .cmp/eq 32, L_0x5be0339325b0, L_0x75efd86402e8;
L_0x5be0339327a0 .concat [ 5 27 0 0], v0x5be033920670_0, L_0x75efd8640330;
L_0x5be0339328e0 .cmp/eq 32, L_0x5be0339327a0, L_0x75efd8640378;
L_0x5be033932a50 .reduce/nor L_0x5be0339328e0;
L_0x5be033932c20 .reduce/nor L_0x5be033932680;
L_0x5be033932de0 .part v0x5be033920670_0, 0, 4;
L_0x5be033932e80 .cmp/eq 5, v0x5be033920670_0, L_0x75efd86403c0;
S_0x5be0338fa660 .scope task, "OUT_EXP" "OUT_EXP" 3 122, 3 122 0, S_0x5be0338fcf80;
 .timescale -9 -12;
TD_tb_lifo_synchronous.OUT_EXP ;
    %load/vec4 v0x5be033920670_0;
    %assign/vec4 v0x5be03391f9c0_0, 0;
    %load/vec4 v0x5be033920860_0;
    %flag_set/vec4 8;
    %jmp/0xz  T_0.0, 8;
    %pushi/vec4 0, 0, 5;
    %assign/vec4 v0x5be033920670_0, 0;
    %jmp T_0.1;
T_0.0 ;
    %load/vec4 v0x5be033920530_0;
    %load/vec4 v0x5be033920490_0;
    %concat/vec4; draw_concat_vec4
    %dup/vec4;
    %pushi/vec4 1, 0, 2;
    %cmp/u;
    %jmp/1 T_0.2, 6;
    %dup/vec4;
    %pushi/vec4 2, 0, 2;
    %cmp/u;
    %jmp/1 T_0.3, 6;
    %load/vec4 v0x5be033920670_0;
    %assign/vec4 v0x5be033920670_0, 0;
    %jmp T_0.5;
T_0.2 ;
    %load/vec4 v0x5be033920670_0;
    %subi 1, 0, 5;
    %assign/vec4 v0x5be033920670_0, 0;
    %jmp T_0.5;
T_0.3 ;
    %load/vec4 v0x5be033920670_0;
    %addi 1, 0, 5;
    %assign/vec4 v0x5be033920670_0, 0;
    %jmp T_0.5;
T_0.5 ;
    %pop/vec4 1;
T_0.1 ;
    %end;
S_0x5be0338f2310 .scope task, "close" "close" 3 143, 3 143 0, S_0x5be0338fcf80;
 .timescale -9 -12;
TD_tb_lifo_synchronous.close ;
    %delay 10000, 0;
    %vpi_call/w 3 147 "$display" {0 0 0};
    %vpi_call/w 3 148 "$display", "COVERAGE_REPORT" {0 0 0};
    %vpi_call/w 3 149 "$display" {0 0 0};
    %vpi_call/w 3 150 "$display" {0 0 0};
    %vpi_call/w 3 151 "$display" {0 0 0};
    %load/vec4 v0x5be0339218e0_0;
    %cmpi/e 0, 0, 32;
    %jmp/0xz  T_1.6, 4;
    %vpi_call/w 3 156 "$display", "wrap around has occured %58d times ***ERROR***", v0x5be0339218e0_0 {0 0 0};
    %load/vec4 v0x5be0339201b0_0;
    %addi 1, 0, 32;
    %store/vec4 v0x5be0339201b0_0, 0, 32;
    %jmp T_1.7;
T_1.6 ;
    %vpi_call/w 3 162 "$display", "wrap around has occured %58d times", v0x5be0339218e0_0 {0 0 0};
T_1.7 ;
    %fork t_1, S_0x5be0338a7ef0;
    %jmp t_0;
    .scope S_0x5be0338a7ef0;
t_1 ;
    %pushi/vec4 0, 0, 32;
    %store/vec4 v0x5be0338f6b10_0, 0, 32;
T_1.8 ;
    %load/vec4 v0x5be0338f6b10_0;
    %cmpi/u 24, 0, 32;
    %jmp/0xz T_1.9, 5;
    %ix/getv/s 4, v0x5be0338f6b10_0;
    %load/vec4a v0x5be033921840, 4;
    %cmpi/e 0, 0, 32;
    %jmp/0xz  T_1.10, 4;
    %vpi_call/w 3 170 "$display", "state FULL = %b, EMPTY = %b, input RST = %b, W_EN = %b, R_EN = %b has occured %d times ***ERROR***", &PV<v0x5be0338f6b10_0, 4, 1>, &PV<v0x5be0338f6b10_0, 3, 1>, &PV<v0x5be0338f6b10_0, 2, 1>, &PV<v0x5be0338f6b10_0, 1, 1>, &PV<v0x5be0338f6b10_0, 0, 1>, &A<v0x5be033921840, v0x5be0338f6b10_0 > {0 0 0};
    %load/vec4 v0x5be0339201b0_0;
    %addi 1, 0, 32;
    %store/vec4 v0x5be0339201b0_0, 0, 32;
    %jmp T_1.11;
T_1.10 ;
    %load/vec4 v0x5be0338f6b10_0;
    %parti/s 1, 2, 3;
    %pad/u 32;
    %cmpi/e 1, 0, 32;
    %flag_get/vec4 4;
    %jmp/0 T_1.14, 4;
    %load/vec4 v0x5be0338f6b10_0;
    %parti/s 2, 0, 2;
    %pushi/vec4 0, 0, 2;
    %cmp/ne;
    %flag_get/vec4 6;
    %and;
T_1.14;
    %flag_set/vec4 8;
    %jmp/0xz  T_1.12, 8;
    %vpi_call/w 3 175 "$display", "state FULL = %b, EMPTY = %b, input RST = %b, W_EN = %b, R_EN = %b has occured %d times***identical behavior as RST=1,W_EN=0,R_EN=0,so it is left out from verification***", &PV<v0x5be0338f6b10_0, 4, 1>, &PV<v0x5be0338f6b10_0, 3, 1>, &PV<v0x5be0338f6b10_0, 2, 1>, &PV<v0x5be0338f6b10_0, 1, 1>, &PV<v0x5be0338f6b10_0, 0, 1>, &A<v0x5be033921840, v0x5be0338f6b10_0 > {0 0 0};
    %jmp T_1.13;
T_1.12 ;
    %vpi_call/w 3 179 "$display", "state FULL = %b, EMPTY = %b, input RST = %b, W_EN = %b, R_EN = %b has occured %d times", &PV<v0x5be0338f6b10_0, 4, 1>, &PV<v0x5be0338f6b10_0, 3, 1>, &PV<v0x5be0338f6b10_0, 2, 1>, &PV<v0x5be0338f6b10_0, 1, 1>, &PV<v0x5be0338f6b10_0, 0, 1>, &A<v0x5be033921840, v0x5be0338f6b10_0 > {0 0 0};
T_1.13 ;
T_1.11 ;
    ; show_stmt_assign_vector: Get l-value for compressed += operand
    %load/vec4 v0x5be0338f6b10_0;
    %pushi/vec4 1, 0, 32;
    %add;
    %cast2;
    %store/vec4 v0x5be0338f6b10_0, 0, 32;
    %jmp T_1.8;
T_1.9 ;
    %end;
    .scope S_0x5be0338f2310;
t_0 %join;
    %vpi_call/w 3 185 "$display" {0 0 0};
    %vpi_call/w 3 186 "$display", "VECTORCOUNT = %d", v0x5be033920a90_0 {0 0 0};
    %vpi_call/w 3 187 "$display", "ERRORS = %15d", v0x5be0339201b0_0 {0 0 0};
    %vpi_call/w 3 188 "$display" {0 0 0};
    %vpi_call/w 3 189 "$display", "TEST_END--------------------------------------------------------------------------------------------------------------------------" {0 0 0};
    %vpi_call/w 3 190 "$display" {0 0 0};
    %vpi_call/w 3 192 "$finish" {0 0 0};
    %end;
S_0x5be0338a7ef0 .scope begin, "$ivl_for_loop0" "$ivl_for_loop0" 3 166, 3 166 0, S_0x5be0338f2310;
 .timescale -9 -12;
v0x5be0338f6b10_0 .var/2s "j", 31 0;
S_0x5be033916c90 .scope task, "comment" "comment" 3 106, 3 106 0, S_0x5be0338fcf80;
 .timescale -9 -12;
TD_tb_lifo_synchronous.comment ;
    %load/vec4 v0x5be033920330_0;
    %load/vec4 v0x5be033920080_0;
    %concat/vec4; draw_concat_vec4
    %dup/vec4;
    %pushi/vec4 0, 0, 2;
    %cmp/u;
    %jmp/1 T_2.15, 6;
    %dup/vec4;
    %pushi/vec4 1, 0, 2;
    %cmp/u;
    %jmp/1 T_2.16, 6;
    %dup/vec4;
    %pushi/vec4 2, 0, 2;
    %cmp/u;
    %jmp/1 T_2.17, 6;
    %pushi/vec4 0, 0, 32; draw_string_vec4
    %pushi/vec4 0, 0, 32; draw_string_vec4
    %concat/vec4; draw_string_vec4
    %pushi/vec4 0, 0, 32; draw_string_vec4
    %concat/vec4; draw_string_vec4
    %pushi/vec4 0, 0, 32; draw_string_vec4
    %concat/vec4; draw_string_vec4
    %pushi/vec4 0, 0, 32; draw_string_vec4
    %concat/vec4; draw_string_vec4
    %pushi/vec4 0, 0, 32; draw_string_vec4
    %concat/vec4; draw_string_vec4
    %pushi/vec4 1229737029, 0, 32; draw_string_vec4
    %concat/vec4; draw_string_vec4
    %pushi/vec4 4669772, 0, 24; draw_string_vec4
    %concat/vec4; draw_string_vec4
    %store/vec4 v0x5be03391fb90_0, 0, 248;
    %jmp T_2.19;
T_2.15 ;
    %pushi/vec4 0, 0, 32; draw_string_vec4
    %pushi/vec4 0, 0, 32; draw_string_vec4
    %concat/vec4; draw_string_vec4
    %pushi/vec4 0, 0, 32; draw_string_vec4
    %concat/vec4; draw_string_vec4
    %pushi/vec4 0, 0, 32; draw_string_vec4
    %concat/vec4; draw_string_vec4
    %pushi/vec4 0, 0, 32; draw_string_vec4
    %concat/vec4; draw_string_vec4
    %pushi/vec4 78, 0, 32; draw_string_vec4
    %concat/vec4; draw_string_vec4
    %pushi/vec4 1330929478, 0, 32; draw_string_vec4
    %concat/vec4; draw_string_vec4
    %pushi/vec4 5590092, 0, 24; draw_string_vec4
    %concat/vec4; draw_string_vec4
    %store/vec4 v0x5be03391fb90_0, 0, 248;
    %jmp T_2.19;
T_2.16 ;
    %pushi/vec4 0, 0, 32; draw_string_vec4
    %pushi/vec4 0, 0, 32; draw_string_vec4
    %concat/vec4; draw_string_vec4
    %pushi/vec4 0, 0, 32; draw_string_vec4
    %concat/vec4; draw_string_vec4
    %pushi/vec4 0, 0, 32; draw_string_vec4
    %concat/vec4; draw_string_vec4
    %pushi/vec4 0, 0, 32; draw_string_vec4
    %concat/vec4; draw_string_vec4
    %pushi/vec4 0, 0, 32; draw_string_vec4
    %concat/vec4; draw_string_vec4
    %pushi/vec4 17741, 0, 32; draw_string_vec4
    %concat/vec4; draw_string_vec4
    %pushi/vec4 5264473, 0, 24; draw_string_vec4
    %concat/vec4; draw_string_vec4
    %store/vec4 v0x5be03391fb90_0, 0, 248;
    %jmp T_2.19;
T_2.17 ;
    %pushi/vec4 0, 0, 32; draw_string_vec4
    %pushi/vec4 0, 0, 32; draw_string_vec4
    %concat/vec4; draw_string_vec4
    %pushi/vec4 0, 0, 32; draw_string_vec4
    %concat/vec4; draw_string_vec4
    %pushi/vec4 0, 0, 32; draw_string_vec4
    %concat/vec4; draw_string_vec4
    %pushi/vec4 0, 0, 32; draw_string_vec4
    %concat/vec4; draw_string_vec4
    %pushi/vec4 0, 0, 32; draw_string_vec4
    %concat/vec4; draw_string_vec4
    %pushi/vec4 70, 0, 32; draw_string_vec4
    %concat/vec4; draw_string_vec4
    %pushi/vec4 5590092, 0, 24; draw_string_vec4
    %concat/vec4; draw_string_vec4
    %store/vec4 v0x5be03391fb90_0, 0, 248;
    %jmp T_2.19;
T_2.19 ;
    %pop/vec4 1;
    %end;
S_0x5be033916e70 .scope task, "coverage_update" "coverage_update" 3 220, 3 220 0, S_0x5be0338fcf80;
 .timescale -9 -12;
TD_tb_lifo_synchronous.coverage_update ;
    ; show_stmt_assign_vector: Get l-value for compressed += operand
    %load/vec4 v0x5be033921780_0;
    %load/vec4 v0x5be033920860_0;
    %concat/vec4; draw_concat_vec4
    %load/vec4 v0x5be033920c30_0;
    %concat/vec4; draw_concat_vec4
    %load/vec4 v0x5be033920900_0;
    %concat/vec4; draw_concat_vec4
    %pad/u 6;
    %ix/vec4 4;
    %flag_mov 8, 4;
    %load/vec4a v0x5be033921840, 4;
    %pushi/vec4 1, 0, 32;
    %add;
    %flag_mov 4, 8;
    %store/vec4a v0x5be033921840, 4, 0;
    %fork t_3, S_0x5be033917050;
    %jmp t_2;
    .scope S_0x5be033917050;
t_3 ;
    %pushi/vec4 0, 0, 32;
    %store/vec4 v0x5be0338f4e90_0, 0, 32;
T_3.20 ;
    %load/vec4 v0x5be0338f4e90_0;
    %cmpi/s 3, 0, 32;
    %jmp/0xz T_3.21, 5;
    %fork t_5, S_0x5be033917230;
    %jmp t_4;
    .scope S_0x5be033917230;
t_5 ;
    %pushi/vec4 7, 0, 32;
    %store/vec4 v0x5be0338f7590_0, 0, 32;
T_3.22 ;
    %load/vec4 v0x5be0338f7590_0;
    %cmpi/s 4, 0, 32;
    %flag_or 5, 4; GT is !LE
    %flag_inv 5;
    %jmp/0xz T_3.23, 5;
    %load/vec4 v0x5be033921780_0;
    %load/vec4 v0x5be0338f4e90_0;
    %parti/s 2, 0, 2;
    %cmp/e;
    %flag_get/vec4 4;
    %jmp/0 T_3.26, 4;
    %load/vec4 v0x5be033920860_0;
    %load/vec4 v0x5be033920c30_0;
    %concat/vec4; draw_concat_vec4
    %load/vec4 v0x5be033920900_0;
    %concat/vec4; draw_concat_vec4
    %pushi/vec4 4, 0, 3;
    %cmp/e;
    %flag_get/vec4 4;
    %and;
T_3.26;
    %flag_set/vec4 8;
    %jmp/0xz  T_3.24, 8;
    ; show_stmt_assign_vector: Get l-value for compressed += operand
    %load/vec4 v0x5be0338f4e90_0;
    %parti/s 2, 0, 2;
    %load/vec4 v0x5be0338f7590_0;
    %parti/s 3, 0, 2;
    %concat/vec4; draw_concat_vec4
    %pad/u 6;
    %ix/vec4 4;
    %flag_mov 8, 4;
    %load/vec4a v0x5be033921840, 4;
    %pushi/vec4 1, 0, 32;
    %add;
    %flag_mov 4, 8;
    %store/vec4a v0x5be033921840, 4, 0;
T_3.24 ;
    ; show_stmt_assign_vector: Get l-value for compressed -= operand
    %load/vec4 v0x5be0338f7590_0;
    %pushi/vec4 1, 0, 32;
    %sub;
    %cast2;
    %store/vec4 v0x5be0338f7590_0, 0, 32;
    %jmp T_3.22;
T_3.23 ;
    %end;
    .scope S_0x5be033917050;
t_4 %join;
    ; show_stmt_assign_vector: Get l-value for compressed += operand
    %load/vec4 v0x5be0338f4e90_0;
    %pushi/vec4 1, 0, 32;
    %add;
    %cast2;
    %store/vec4 v0x5be0338f4e90_0, 0, 32;
    %jmp T_3.20;
T_3.21 ;
    %end;
    .scope S_0x5be033916e70;
t_2 %join;
    %load/vec4 v0x5be033920b70_0;
    %flag_set/vec4 8;
    %jmp/0xz  T_3.27, 8;
    ; show_stmt_assign_vector: Get l-value for compressed += operand
    %load/vec4 v0x5be0339218e0_0;
    %pushi/vec4 1, 0, 32;
    %add;
    %store/vec4 v0x5be0339218e0_0, 0, 32;
T_3.27 ;
    %end;
S_0x5be033917050 .scope begin, "$ivl_for_loop1" "$ivl_for_loop1" 3 224, 3 224 0, S_0x5be033916e70;
 .timescale -9 -12;
v0x5be0338f4e90_0 .var/2s "j", 31 0;
S_0x5be033917230 .scope begin, "$ivl_for_loop2" "$ivl_for_loop2" 3 225, 3 225 0, S_0x5be033917050;
 .timescale -9 -12;
v0x5be0338f7590_0 .var/2s "k", 31 0;
S_0x5be0339174f0 .scope task, "display_file" "display_file" 3 210, 3 210 0, S_0x5be0338fcf80;
 .timescale -9 -12;
TD_tb_lifo_synchronous.display_file ;
    %vpi_call/w 3 212 "$display", "%10d %9s | %4d | %2b  | %2b   | %2b   | %4c    | %5b  | %10b      | %4b    | %2b   | %7b       | %3b   | %7b        | %5b | %9b      | %4c     | %9c         |", v0x5be033920a90_0, v0x5be03391fb90_0, $time, v0x5be033920860_0, v0x5be033920c30_0, v0x5be033920900_0, v0x5be03391fc70_0, &PV<v0x5be03391f8e0_0, 0, 4>, &PV<v0x5be03391f9c0_0, 0, 4>, v0x5be033920b70_0, v0x5be033920290_0, v0x5be033920330_0, v0x5be03391ff90_0, v0x5be033920080_0, v0x5be0339205d0_0, v0x5be033920670_0, v0x5be03391fe10_0, v0x5be03391fed0_0 {0 0 0};
    %end;
S_0x5be033917720 .scope module, "dut_input_lifo" "input_lifo" 3 43, 4 1 0, S_0x5be0338fcf80;
 .timescale -9 -12;
    .port_info 0 /INPUT 32 "TICKPERIOD";
    .port_info 1 /INPUT 1 "TICK";
    .port_info 2 /INPUT 2 "prev_state";
    .port_info 3 /OUTPUT 1 "RST";
    .port_info 4 /OUTPUT 1 "W_EN";
    .port_info 5 /OUTPUT 1 "R_EN";
    .port_info 6 /OUTPUT 8 "DATA_IN";
    .port_info 7 /OUTPUT 1 "eof";
    .port_info 8 /OUTPUT 1 "done";
P_0x5be0338fadb0 .param/l "ADDR_WIDTH" 0 4 31, +C4<00000000000000000000000000000100>;
P_0x5be0338fadf0 .param/l "DATA_WIDTH" 0 4 31, +C4<00000000000000000000000000001000>;
v0x5be033919b20_0 .var "DATA_IN", 7 0;
v0x5be033919c20_0 .var "RST", 0 0;
v0x5be033919ce0_0 .var "R_EN", 0 0;
v0x5be033919db0_0 .net "TICK", 0 0, v0x5be0339209f0_0;  1 drivers
L_0x75efd8640018 .functor BUFT 1, C4<00000000000000000000000000010100>, C4<0>, C4<0>, C4<0>;
v0x5be033919e70_0 .net/2s "TICKPERIOD", 31 0, L_0x75efd8640018;  1 drivers
v0x5be033919fa0_0 .var "W_EN", 0 0;
v0x5be03391a060_0 .var/2s "burst", 31 0;
v0x5be03391a140_0 .var "ch", 7 0;
v0x5be03391a220_0 .var "done", 0 0;
v0x5be03391a2e0_0 .var "eof", 0 0;
v0x5be03391a3a0_0 .var "flag_done", 0 0;
v0x5be03391a460 .array "flag_group_all", 3 0, 0 0;
v0x5be03391a500 .array "flag_group_count", 32 0, 31 0;
v0x5be03391a5c0 .array "flag_group_finish", 3 0, 0 0;
v0x5be03391a660_0 .var "flag_group_init", 0 0;
v0x5be03391a720_0 .var "flag_group_r_stress", 0 0;
v0x5be03391a7e0_0 .var "flag_group_w_stress", 0 0;
v0x5be03391a8a0_0 .var "flag_init", 0 0;
v0x5be03391a960_0 .var "flag_rst", 0 0;
v0x5be03391aa20_0 .var "flag_rst_r_interrupt", 0 0;
v0x5be03391aae0_0 .var "flag_rst_w_interrupt", 0 0;
v0x5be03391aba0_0 .var "flag_start_stress", 0 0;
v0x5be03391ac60 .array "flag_x", 2 0, 0 0;
v0x5be03391ad00_0 .var/2s "mode", 31 0;
v0x5be03391ade0_0 .net "prev_state", 1 0, v0x5be033921780_0;  1 drivers
v0x5be03391aec0_0 .net "prev_state_empty", 0 0, L_0x5be033921ab0;  1 drivers
v0x5be03391af80_0 .net "prev_state_full", 0 0, L_0x5be0339219c0;  1 drivers
v0x5be03391b040 .array "start_test", 31 0, 0 0;
E_0x5be03389dc60 .event anyedge, v0x5be03391a2e0_0;
L_0x5be0339219c0 .part v0x5be033921780_0, 1, 1;
L_0x5be033921ab0 .part v0x5be033921780_0, 0, 1;
S_0x5be033917a60 .scope begin, "$ivl_for_loop12" "$ivl_for_loop12" 4 548, 4 548 0, S_0x5be033917720;
 .timescale -9 -12;
v0x5be0338f5940_0 .var/2s "i", 31 0;
S_0x5be033917cc0 .scope task, "general_input" "general_input" 4 53, 4 53 0, S_0x5be033917720;
 .timescale -9 -12;
E_0x5be03389deb0 .event posedge, v0x5be033919db0_0;
TD_tb_lifo_synchronous.dut_input_lifo.general_input ;
    %vpi_func 4 55 "$urandom_range" 32, 32'sb00000000000000000000000000100000, 32'sb00000000000000000000000001111110 {0 0 0};
    %pad/u 8;
    %store/vec4 v0x5be03391a140_0, 0, 8;
    %load/vec4 v0x5be03391aa20_0;
    %flag_set/vec4 8;
    %jmp/0xz  T_5.29, 8;
    %pushi/vec4 4, 0, 3;
    %load/vec4 v0x5be03391a140_0;
    %concat/vec4; draw_concat_vec4
    %split/vec4 8;
    %store/vec4 v0x5be033919b20_0, 0, 8;
    %split/vec4 1;
    %store/vec4 v0x5be033919ce0_0, 0, 1;
    %split/vec4 1;
    %store/vec4 v0x5be033919fa0_0, 0, 1;
    %store/vec4 v0x5be033919c20_0, 0, 1;
    %pushi/vec4 1, 0, 1;
    %store/vec4 v0x5be03391a2e0_0, 0, 1;
    %jmp T_5.30;
T_5.29 ;
    %load/vec4 v0x5be03391aae0_0;
    %flag_set/vec4 8;
    %jmp/0xz  T_5.31, 8;
    %ix/load 4, 6, 0;
    %flag_set/imm 4, 0;
    %load/vec4a v0x5be03391b040, 4;
    %pad/u 32;
    %cmpi/ne 1, 0, 32;
    %jmp/0xz  T_5.33, 6;
    %vpi_call/w 4 73 "$display" {0 0 0};
    %vpi_call/w 4 74 "$display", "%12s ***time = %0d,SHARP INTERRUPT OF RST WHILE READ TEST***", "\000", $time {0 0 0};
    %vpi_call/w 4 75 "$display", "%12s ***(interrupt with RST between posedges of TICK)***", "\000" {0 0 0};
    %vpi_call/w 4 76 "$display" {0 0 0};
    %pushi/vec4 1, 0, 1;
    %ix/load 4, 6, 0;
    %flag_set/imm 4, 0;
    %store/vec4a v0x5be03391b040, 4, 0;
T_5.33 ;
    %load/vec4 v0x5be03391a960_0;
    %flag_set/vec4 8;
    %jmp/0xz  T_5.35, 8;
    %pushi/vec4 4, 0, 3;
    %load/vec4 v0x5be03391a140_0;
    %concat/vec4; draw_concat_vec4
    %split/vec4 8;
    %assign/vec4 v0x5be033919b20_0, 0;
    %split/vec4 1;
    %assign/vec4 v0x5be033919ce0_0, 0;
    %split/vec4 1;
    %assign/vec4 v0x5be033919fa0_0, 0;
    %assign/vec4 v0x5be033919c20_0, 0;
    %pushi/vec4 0, 0, 1;
    %assign/vec4 v0x5be03391a960_0, 0;
    %pushi/vec4 0, 0, 1;
    %assign/vec4 v0x5be03391aba0_0, 0;
    %pushi/vec4 1, 0, 1;
    %assign/vec4 v0x5be03391aa20_0, 0;
    %jmp T_5.36;
T_5.35 ;
    %load/vec4 v0x5be03391a3a0_0;
    %flag_set/vec4 8;
    %jmp/0xz  T_5.37, 8;
    %pushi/vec4 0, 0, 3;
    %load/vec4 v0x5be03391a140_0;
    %concat/vec4; draw_concat_vec4
    %split/vec4 8;
    %assign/vec4 v0x5be033919b20_0, 0;
    %split/vec4 1;
    %assign/vec4 v0x5be033919ce0_0, 0;
    %split/vec4 1;
    %assign/vec4 v0x5be033919fa0_0, 0;
    %assign/vec4 v0x5be033919c20_0, 0;
    %pushi/vec4 1, 0, 1;
    %assign/vec4 v0x5be03391a960_0, 0;
    %jmp T_5.38;
T_5.37 ;
    %load/vec4 v0x5be03391aba0_0;
    %flag_set/vec4 8;
    %jmp/0xz  T_5.39, 8;
    %pushi/vec4 1, 0, 3;
    %load/vec4 v0x5be03391a140_0;
    %concat/vec4; draw_concat_vec4
    %split/vec4 8;
    %assign/vec4 v0x5be033919b20_0, 0;
    %split/vec4 1;
    %assign/vec4 v0x5be033919ce0_0, 0;
    %split/vec4 1;
    %assign/vec4 v0x5be033919fa0_0, 0;
    %assign/vec4 v0x5be033919c20_0, 0;
    %wait E_0x5be03389deb0;
    %delay 200, 0;
    %pushi/vec4 4, 0, 3;
    %load/vec4 v0x5be03391a140_0;
    %concat/vec4; draw_concat_vec4
    %split/vec4 8;
    %assign/vec4 v0x5be033919b20_0, 0;
    %split/vec4 1;
    %assign/vec4 v0x5be033919ce0_0, 0;
    %split/vec4 1;
    %assign/vec4 v0x5be033919fa0_0, 0;
    %assign/vec4 v0x5be033919c20_0, 0;
    %pushi/vec4 1, 0, 1;
    %assign/vec4 v0x5be03391a3a0_0, 0;
    %jmp T_5.40;
T_5.39 ;
    %pushi/vec4 2, 0, 3;
    %load/vec4 v0x5be03391a140_0;
    %concat/vec4; draw_concat_vec4
    %split/vec4 8;
    %assign/vec4 v0x5be033919b20_0, 0;
    %split/vec4 1;
    %assign/vec4 v0x5be033919ce0_0, 0;
    %split/vec4 1;
    %assign/vec4 v0x5be033919fa0_0, 0;
    %assign/vec4 v0x5be033919c20_0, 0;
    %load/vec4 v0x5be03391af80_0;
    %flag_set/vec4 8;
    %jmp/0xz  T_5.41, 8;
    %pushi/vec4 0, 0, 3;
    %load/vec4 v0x5be03391a140_0;
    %concat/vec4; draw_concat_vec4
    %split/vec4 8;
    %assign/vec4 v0x5be033919b20_0, 0;
    %split/vec4 1;
    %assign/vec4 v0x5be033919ce0_0, 0;
    %split/vec4 1;
    %assign/vec4 v0x5be033919fa0_0, 0;
    %assign/vec4 v0x5be033919c20_0, 0;
    %pushi/vec4 1, 0, 1;
    %assign/vec4 v0x5be03391aba0_0, 0;
T_5.41 ;
T_5.40 ;
T_5.38 ;
T_5.36 ;
    %jmp T_5.32;
T_5.31 ;
    %load/vec4 v0x5be03391a720_0;
    %flag_set/vec4 8;
    %jmp/0xz  T_5.43, 8;
    %ix/load 4, 5, 0;
    %flag_set/imm 4, 0;
    %load/vec4a v0x5be03391b040, 4;
    %pad/u 32;
    %cmpi/ne 1, 0, 32;
    %jmp/0xz  T_5.45, 6;
    %vpi_call/w 4 122 "$display" {0 0 0};
    %vpi_call/w 4 123 "$display", "%12s ***time = %0d,SHARP INTERRUPT OF RST WHILE WRITE TEST***", "\000", $time {0 0 0};
    %vpi_call/w 4 124 "$display", "%12s ***(interrupt with RST between posedges of TICK)***", "\000" {0 0 0};
    %vpi_call/w 4 125 "$display" {0 0 0};
    %pushi/vec4 1, 0, 1;
    %ix/load 4, 5, 0;
    %flag_set/imm 4, 0;
    %store/vec4a v0x5be03391b040, 4, 0;
T_5.45 ;
    %load/vec4 v0x5be03391a960_0;
    %flag_set/vec4 8;
    %jmp/0xz  T_5.47, 8;
    %pushi/vec4 4, 0, 3;
    %load/vec4 v0x5be03391a140_0;
    %concat/vec4; draw_concat_vec4
    %split/vec4 8;
    %assign/vec4 v0x5be033919b20_0, 0;
    %split/vec4 1;
    %assign/vec4 v0x5be033919ce0_0, 0;
    %split/vec4 1;
    %assign/vec4 v0x5be033919fa0_0, 0;
    %assign/vec4 v0x5be033919c20_0, 0;
    %pushi/vec4 0, 0, 1;
    %assign/vec4 v0x5be03391a960_0, 0;
    %pushi/vec4 0, 0, 1;
    %assign/vec4 v0x5be03391a3a0_0, 0;
    %pushi/vec4 1, 0, 1;
    %assign/vec4 v0x5be03391aae0_0, 0;
    %jmp T_5.48;
T_5.47 ;
    %load/vec4 v0x5be03391a3a0_0;
    %flag_set/vec4 8;
    %jmp/0xz  T_5.49, 8;
    %pushi/vec4 0, 0, 3;
    %load/vec4 v0x5be03391a140_0;
    %concat/vec4; draw_concat_vec4
    %split/vec4 8;
    %assign/vec4 v0x5be033919b20_0, 0;
    %split/vec4 1;
    %assign/vec4 v0x5be033919ce0_0, 0;
    %split/vec4 1;
    %assign/vec4 v0x5be033919fa0_0, 0;
    %assign/vec4 v0x5be033919c20_0, 0;
    %pushi/vec4 1, 0, 1;
    %assign/vec4 v0x5be03391a960_0, 0;
    %jmp T_5.50;
T_5.49 ;
    %pushi/vec4 2, 0, 3;
    %load/vec4 v0x5be03391a140_0;
    %concat/vec4; draw_concat_vec4
    %split/vec4 8;
    %assign/vec4 v0x5be033919b20_0, 0;
    %split/vec4 1;
    %assign/vec4 v0x5be033919ce0_0, 0;
    %split/vec4 1;
    %assign/vec4 v0x5be033919fa0_0, 0;
    %assign/vec4 v0x5be033919c20_0, 0;
    %wait E_0x5be03389deb0;
    %delay 200, 0;
    %pushi/vec4 4, 0, 3;
    %load/vec4 v0x5be03391a140_0;
    %concat/vec4; draw_concat_vec4
    %split/vec4 8;
    %assign/vec4 v0x5be033919b20_0, 0;
    %split/vec4 1;
    %assign/vec4 v0x5be033919ce0_0, 0;
    %split/vec4 1;
    %assign/vec4 v0x5be033919fa0_0, 0;
    %assign/vec4 v0x5be033919c20_0, 0;
    %pushi/vec4 1, 0, 1;
    %assign/vec4 v0x5be03391a3a0_0, 0;
T_5.50 ;
T_5.48 ;
    %jmp T_5.44;
T_5.43 ;
    %load/vec4 v0x5be03391a7e0_0;
    %flag_set/vec4 8;
    %jmp/0xz  T_5.51, 8;
    %ix/load 4, 4, 0;
    %flag_set/imm 4, 0;
    %load/vec4a v0x5be03391b040, 4;
    %pad/u 32;
    %cmpi/ne 1, 0, 32;
    %jmp/0xz  T_5.53, 6;
    %vpi_call/w 4 160 "$display" {0 0 0};
    %vpi_call/w 4 161 "$display", "%12s ***time = %0d,READ STRESS TEST***", "\000", $time {0 0 0};
    %vpi_call/w 4 162 "$display", "%12s ***(READ FROM FULL UNTIL EMPTY)***", "\000" {0 0 0};
    %vpi_call/w 4 163 "$display" {0 0 0};
    %pushi/vec4 1, 0, 1;
    %ix/load 4, 4, 0;
    %flag_set/imm 4, 0;
    %store/vec4a v0x5be03391b040, 4, 0;
T_5.53 ;
    %load/vec4 v0x5be03391a960_0;
    %flag_set/vec4 8;
    %jmp/0xz  T_5.55, 8;
    %pushi/vec4 4, 0, 3;
    %load/vec4 v0x5be03391a140_0;
    %concat/vec4; draw_concat_vec4
    %split/vec4 8;
    %store/vec4 v0x5be033919b20_0, 0, 8;
    %split/vec4 1;
    %store/vec4 v0x5be033919ce0_0, 0, 1;
    %split/vec4 1;
    %store/vec4 v0x5be033919fa0_0, 0, 1;
    %store/vec4 v0x5be033919c20_0, 0, 1;
    %pushi/vec4 0, 0, 1;
    %store/vec4 v0x5be03391a960_0, 0, 1;
    %pushi/vec4 0, 0, 1;
    %store/vec4 v0x5be03391aba0_0, 0, 1;
    %pushi/vec4 1, 0, 1;
    %store/vec4 v0x5be03391a720_0, 0, 1;
    %jmp T_5.56;
T_5.55 ;
    %load/vec4 v0x5be03391aba0_0;
    %pad/u 32;
    %cmpi/ne 1, 0, 32;
    %jmp/0xz  T_5.57, 6;
    %load/vec4 v0x5be03391af80_0;
    %nor/r;
    %flag_set/vec4 8;
    %jmp/1 T_5.61, 8;
    %load/vec4 v0x5be033919c20_0;
    %flag_set/vec4 9;
    %flag_or 8, 9;
T_5.61;
    %jmp/0xz  T_5.59, 8;
    %pushi/vec4 2, 0, 3;
    %load/vec4 v0x5be03391a140_0;
    %concat/vec4; draw_concat_vec4
    %split/vec4 8;
    %store/vec4 v0x5be033919b20_0, 0, 8;
    %split/vec4 1;
    %store/vec4 v0x5be033919ce0_0, 0, 1;
    %split/vec4 1;
    %store/vec4 v0x5be033919fa0_0, 0, 1;
    %store/vec4 v0x5be033919c20_0, 0, 1;
    %jmp T_5.60;
T_5.59 ;
    %pushi/vec4 0, 0, 3;
    %load/vec4 v0x5be03391a140_0;
    %concat/vec4; draw_concat_vec4
    %split/vec4 8;
    %store/vec4 v0x5be033919b20_0, 0, 8;
    %split/vec4 1;
    %store/vec4 v0x5be033919ce0_0, 0, 1;
    %split/vec4 1;
    %store/vec4 v0x5be033919fa0_0, 0, 1;
    %store/vec4 v0x5be033919c20_0, 0, 1;
    %pushi/vec4 1, 0, 1;
    %store/vec4 v0x5be03391aba0_0, 0, 1;
T_5.60 ;
    %jmp T_5.58;
T_5.57 ;
    %load/vec4 v0x5be03391aec0_0;
    %nor/r;
    %flag_set/vec4 8;
    %jmp/0xz  T_5.62, 8;
    %pushi/vec4 1, 0, 3;
    %load/vec4 v0x5be03391a140_0;
    %concat/vec4; draw_concat_vec4
    %split/vec4 8;
    %store/vec4 v0x5be033919b20_0, 0, 8;
    %split/vec4 1;
    %store/vec4 v0x5be033919ce0_0, 0, 1;
    %split/vec4 1;
    %store/vec4 v0x5be033919fa0_0, 0, 1;
    %store/vec4 v0x5be033919c20_0, 0, 1;
    %jmp T_5.63;
T_5.62 ;
    %pushi/vec4 0, 0, 3;
    %load/vec4 v0x5be03391a140_0;
    %concat/vec4; draw_concat_vec4
    %split/vec4 8;
    %store/vec4 v0x5be033919b20_0, 0, 8;
    %split/vec4 1;
    %store/vec4 v0x5be033919ce0_0, 0, 1;
    %split/vec4 1;
    %store/vec4 v0x5be033919fa0_0, 0, 1;
    %store/vec4 v0x5be033919c20_0, 0, 1;
    %pushi/vec4 1, 0, 1;
    %store/vec4 v0x5be03391a960_0, 0, 1;
T_5.63 ;
T_5.58 ;
T_5.56 ;
    %jmp T_5.52;
T_5.51 ;
    %ix/load 4, 2, 0;
    %flag_set/imm 4, 0;
    %load/vec4a v0x5be03391a5c0, 4;
    %flag_set/vec4 8;
    %jmp/0xz  T_5.64, 8;
    %ix/load 4, 3, 0;
    %flag_set/imm 4, 0;
    %load/vec4a v0x5be03391b040, 4;
    %pad/u 32;
    %cmpi/ne 1, 0, 32;
    %jmp/0xz  T_5.66, 6;
    %vpi_call/w 4 210 "$display" {0 0 0};
    %vpi_call/w 4 211 "$display", "%12s ***time = %0d,WRITE STRESS TEST***", "\000", $time {0 0 0};
    %vpi_call/w 4 212 "$display", "%12s ***(WRITE FROM EMPTY UNTIL FULL)***", "\000" {0 0 0};
    %vpi_call/w 4 213 "$display" {0 0 0};
    %pushi/vec4 1, 0, 1;
    %ix/load 4, 3, 0;
    %flag_set/imm 4, 0;
    %store/vec4a v0x5be03391b040, 4, 0;
T_5.66 ;
    %load/vec4 v0x5be03391a960_0;
    %flag_set/vec4 8;
    %jmp/0xz  T_5.68, 8;
    %pushi/vec4 4, 0, 3;
    %load/vec4 v0x5be03391a140_0;
    %concat/vec4; draw_concat_vec4
    %split/vec4 8;
    %store/vec4 v0x5be033919b20_0, 0, 8;
    %split/vec4 1;
    %store/vec4 v0x5be033919ce0_0, 0, 1;
    %split/vec4 1;
    %store/vec4 v0x5be033919fa0_0, 0, 1;
    %store/vec4 v0x5be033919c20_0, 0, 1;
    %pushi/vec4 0, 0, 1;
    %store/vec4 v0x5be03391a960_0, 0, 1;
    %pushi/vec4 1, 0, 1;
    %store/vec4 v0x5be03391a7e0_0, 0, 1;
    %jmp T_5.69;
T_5.68 ;
    %load/vec4 v0x5be03391a7e0_0;
    %pad/u 32;
    %cmpi/ne 1, 0, 32;
    %jmp/0xz  T_5.70, 6;
    %load/vec4 v0x5be03391af80_0;
    %nor/r;
    %flag_set/vec4 8;
    %jmp/0xz  T_5.72, 8;
    %pushi/vec4 2, 0, 3;
    %load/vec4 v0x5be03391a140_0;
    %concat/vec4; draw_concat_vec4
    %split/vec4 8;
    %store/vec4 v0x5be033919b20_0, 0, 8;
    %split/vec4 1;
    %store/vec4 v0x5be033919ce0_0, 0, 1;
    %split/vec4 1;
    %store/vec4 v0x5be033919fa0_0, 0, 1;
    %store/vec4 v0x5be033919c20_0, 0, 1;
    %jmp T_5.73;
T_5.72 ;
    %load/vec4 v0x5be03391af80_0;
    %flag_set/vec4 8;
    %jmp/0xz  T_5.74, 8;
    %pushi/vec4 0, 0, 3;
    %load/vec4 v0x5be03391a140_0;
    %concat/vec4; draw_concat_vec4
    %split/vec4 8;
    %store/vec4 v0x5be033919b20_0, 0, 8;
    %split/vec4 1;
    %store/vec4 v0x5be033919ce0_0, 0, 1;
    %split/vec4 1;
    %store/vec4 v0x5be033919fa0_0, 0, 1;
    %store/vec4 v0x5be033919c20_0, 0, 1;
    %pushi/vec4 1, 0, 1;
    %store/vec4 v0x5be03391a960_0, 0, 1;
T_5.74 ;
T_5.73 ;
T_5.70 ;
T_5.69 ;
    %jmp T_5.65;
T_5.64 ;
    %ix/load 4, 1, 0;
    %flag_set/imm 4, 0;
    %load/vec4a v0x5be03391a5c0, 4;
    %flag_set/vec4 8;
    %jmp/0xz  T_5.76, 8;
    %ix/load 4, 2, 0;
    %flag_set/imm 4, 0;
    %load/vec4a v0x5be03391b040, 4;
    %pad/u 32;
    %cmpi/ne 1, 0, 32;
    %jmp/0xz  T_5.78, 6;
    %vpi_call/w 4 253 "$display" {0 0 0};
    %vpi_call/w 4 254 "$display", "%12s ***time = %0d, TEST for prev_state = {FULL_EXPECTED,!EMPTY_EXPECTED} and current_state = {RST,W_EN,R_EN}***", "\000", $time {0 0 0};
    %vpi_call/w 4 255 "$display" {0 0 0};
    %pushi/vec4 1, 0, 1;
    %ix/load 4, 2, 0;
    %flag_set/imm 4, 0;
    %store/vec4a v0x5be03391b040, 4, 0;
T_5.78 ;
    %pushi/vec4 1, 0, 1;
    %ix/load 4, 3, 0;
    %flag_set/imm 4, 0;
    %store/vec4a v0x5be03391a460, 4, 0;
    %fork t_7, S_0x5be033918380;
    %jmp t_6;
    .scope S_0x5be033918380;
t_7 ;
    %pushi/vec4 10, 0, 32;
    %store/vec4 v0x5be0338b70b0_0, 0, 32;
T_5.80 ;
    %load/vec4 v0x5be0338b70b0_0;
    %cmpi/s 15, 0, 32;
    %jmp/0xz T_5.81, 5;
    %ix/getv/s 4, v0x5be0338b70b0_0;
    %load/vec4a v0x5be03391a500, 4;
    %nor/r;
    %flag_set/vec4 8;
    %jmp/0xz  T_5.82, 8;
    %pushi/vec4 0, 0, 1;
    %ix/load 4, 3, 0;
    %flag_set/imm 4, 0;
    %store/vec4a v0x5be03391a460, 4, 0;
T_5.82 ;
    ; show_stmt_assign_vector: Get l-value for compressed += operand
    %load/vec4 v0x5be0338b70b0_0;
    %pushi/vec4 1, 0, 32;
    %add;
    %cast2;
    %store/vec4 v0x5be0338b70b0_0, 0, 32;
    %jmp T_5.80;
T_5.81 ;
    %end;
    .scope S_0x5be033917cc0;
t_6 %join;
    %load/vec4 v0x5be03391a960_0;
    %flag_set/vec4 8;
    %jmp/0xz  T_5.84, 8;
    %pushi/vec4 4, 0, 3;
    %load/vec4 v0x5be03391a140_0;
    %concat/vec4; draw_concat_vec4
    %split/vec4 8;
    %store/vec4 v0x5be033919b20_0, 0, 8;
    %split/vec4 1;
    %store/vec4 v0x5be033919ce0_0, 0, 1;
    %split/vec4 1;
    %store/vec4 v0x5be033919fa0_0, 0, 1;
    %store/vec4 v0x5be033919c20_0, 0, 1;
    %pushi/vec4 0, 0, 1;
    %store/vec4 v0x5be03391a960_0, 0, 1;
    %pushi/vec4 1, 0, 1;
    %ix/load 4, 2, 0;
    %flag_set/imm 4, 0;
    %store/vec4a v0x5be03391a5c0, 4, 0;
    %jmp T_5.85;
T_5.84 ;
    %ix/load 4, 3, 0;
    %flag_set/imm 4, 0;
    %load/vec4a v0x5be03391a460, 4;
    %pad/u 32;
    %cmpi/ne 1, 0, 32;
    %jmp/0xz  T_5.86, 6;
    %pushi/vec4 0, 0, 1;
    %ix/load 4, 0, 0;
    %flag_set/imm 4, 0;
    %store/vec4a v0x5be03391ac60, 4, 0;
    %fork t_9, S_0x5be0339185d0;
    %jmp t_8;
    .scope S_0x5be0339185d0;
t_9 ;
    %pushi/vec4 0, 0, 32;
    %store/vec4 v0x5be0339187b0_0, 0, 32;
T_5.88 ;
    %load/vec4 v0x5be0339187b0_0;
    %cmpi/s 5, 0, 32;
    %jmp/0xz T_5.89, 5;
    %load/vec4 v0x5be0339187b0_0;
    %addi 10, 0, 32;
    %ix/vec4/s 4;
    %load/vec4a v0x5be03391a500, 4;
    %nor/r;
    %flag_set/vec4 9;
    %flag_get/vec4 9;
    %jmp/0 T_5.92, 9;
    %ix/load 4, 0, 0;
    %flag_set/imm 4, 0;
    %load/vec4a v0x5be03391ac60, 4;
    %nor/r;
    %and;
T_5.92;
    %flag_set/vec4 8;
    %jmp/0xz  T_5.90, 8;
    %load/vec4 v0x5be03391ade0_0;
    %cmpi/ne 2, 0, 2;
    %jmp/0xz  T_5.93, 6;
    %pushi/vec4 2, 0, 3;
    %load/vec4 v0x5be03391a140_0;
    %concat/vec4; draw_concat_vec4
    %split/vec4 8;
    %store/vec4 v0x5be033919b20_0, 0, 8;
    %split/vec4 1;
    %store/vec4 v0x5be033919ce0_0, 0, 1;
    %split/vec4 1;
    %store/vec4 v0x5be033919fa0_0, 0, 1;
    %store/vec4 v0x5be033919c20_0, 0, 1;
    %pushi/vec4 1, 0, 1;
    %ix/load 4, 0, 0;
    %flag_set/imm 4, 0;
    %store/vec4a v0x5be03391ac60, 4, 0;
    %jmp T_5.94;
T_5.93 ;
    %load/vec4 v0x5be0339187b0_0;
    %parti/s 3, 0, 2;
    %load/vec4 v0x5be03391a140_0;
    %concat/vec4; draw_concat_vec4
    %split/vec4 8;
    %store/vec4 v0x5be033919b20_0, 0, 8;
    %split/vec4 1;
    %store/vec4 v0x5be033919ce0_0, 0, 1;
    %split/vec4 1;
    %store/vec4 v0x5be033919fa0_0, 0, 1;
    %store/vec4 v0x5be033919c20_0, 0, 1;
    %pushi/vec4 1, 0, 1;
    %ix/load 4, 0, 0;
    %flag_set/imm 4, 0;
    %store/vec4a v0x5be03391ac60, 4, 0;
T_5.94 ;
T_5.90 ;
    ; show_stmt_assign_vector: Get l-value for compressed += operand
    %load/vec4 v0x5be0339187b0_0;
    %pushi/vec4 1, 0, 32;
    %add;
    %cast2;
    %store/vec4 v0x5be0339187b0_0, 0, 32;
    %jmp T_5.88;
T_5.89 ;
    %end;
    .scope S_0x5be033917cc0;
t_8 %join;
    %jmp T_5.87;
T_5.86 ;
    %pushi/vec4 0, 0, 3;
    %load/vec4 v0x5be03391a140_0;
    %concat/vec4; draw_concat_vec4
    %split/vec4 8;
    %store/vec4 v0x5be033919b20_0, 0, 8;
    %split/vec4 1;
    %store/vec4 v0x5be033919ce0_0, 0, 1;
    %split/vec4 1;
    %store/vec4 v0x5be033919fa0_0, 0, 1;
    %store/vec4 v0x5be033919c20_0, 0, 1;
    %pushi/vec4 1, 0, 1;
    %store/vec4 v0x5be03391a960_0, 0, 1;
T_5.87 ;
T_5.85 ;
    %jmp T_5.77;
T_5.76 ;
    %ix/load 4, 0, 0;
    %flag_set/imm 4, 0;
    %load/vec4a v0x5be03391a5c0, 4;
    %flag_set/vec4 8;
    %jmp/0xz  T_5.95, 8;
    %ix/load 4, 1, 0;
    %flag_set/imm 4, 0;
    %load/vec4a v0x5be03391b040, 4;
    %pad/u 32;
    %cmpi/ne 1, 0, 32;
    %jmp/0xz  T_5.97, 6;
    %vpi_call/w 4 311 "$display" {0 0 0};
    %vpi_call/w 4 312 "$display", "%12s ***time = %0d, TEST for prev_state = {!FULL_EXPECTED,EMPTY_EXPECTED} and current_state = {RST,W_EN,R_EN}***", "\000", $time {0 0 0};
    %vpi_call/w 4 313 "$display" {0 0 0};
    %pushi/vec4 1, 0, 1;
    %ix/load 4, 1, 0;
    %flag_set/imm 4, 0;
    %store/vec4a v0x5be03391b040, 4, 0;
T_5.97 ;
    %pushi/vec4 1, 0, 1;
    %ix/load 4, 2, 0;
    %flag_set/imm 4, 0;
    %store/vec4a v0x5be03391a460, 4, 0;
    %fork t_11, S_0x5be0339188b0;
    %jmp t_10;
    .scope S_0x5be0339188b0;
t_11 ;
    %pushi/vec4 5, 0, 32;
    %store/vec4 v0x5be033918ae0_0, 0, 32;
T_5.99 ;
    %load/vec4 v0x5be033918ae0_0;
    %cmpi/s 10, 0, 32;
    %jmp/0xz T_5.100, 5;
    %ix/getv/s 4, v0x5be033918ae0_0;
    %load/vec4a v0x5be03391a500, 4;
    %nor/r;
    %flag_set/vec4 8;
    %jmp/0xz  T_5.101, 8;
    %pushi/vec4 0, 0, 1;
    %ix/load 4, 2, 0;
    %flag_set/imm 4, 0;
    %store/vec4a v0x5be03391a460, 4, 0;
T_5.101 ;
    ; show_stmt_assign_vector: Get l-value for compressed += operand
    %load/vec4 v0x5be033918ae0_0;
    %pushi/vec4 1, 0, 32;
    %add;
    %cast2;
    %store/vec4 v0x5be033918ae0_0, 0, 32;
    %jmp T_5.99;
T_5.100 ;
    %end;
    .scope S_0x5be033917cc0;
t_10 %join;
    %load/vec4 v0x5be03391a960_0;
    %flag_set/vec4 8;
    %jmp/0xz  T_5.103, 8;
    %pushi/vec4 4, 0, 3;
    %load/vec4 v0x5be03391a140_0;
    %concat/vec4; draw_concat_vec4
    %split/vec4 8;
    %store/vec4 v0x5be033919b20_0, 0, 8;
    %split/vec4 1;
    %store/vec4 v0x5be033919ce0_0, 0, 1;
    %split/vec4 1;
    %store/vec4 v0x5be033919fa0_0, 0, 1;
    %store/vec4 v0x5be033919c20_0, 0, 1;
    %pushi/vec4 0, 0, 1;
    %store/vec4 v0x5be03391a960_0, 0, 1;
    %pushi/vec4 1, 0, 1;
    %ix/load 4, 1, 0;
    %flag_set/imm 4, 0;
    %store/vec4a v0x5be03391a5c0, 4, 0;
    %jmp T_5.104;
T_5.103 ;
    %fork t_13, S_0x5be033918be0;
    %jmp t_12;
    .scope S_0x5be033918be0;
t_13 ;
    %pushi/vec4 5, 0, 32;
    %store/vec4 v0x5be033918dc0_0, 0, 32;
T_5.105 ;
    %load/vec4 v0x5be033918dc0_0;
    %cmpi/s 10, 0, 32;
    %jmp/0xz T_5.106, 5;
    ; show_stmt_assign_vector: Get l-value for compressed += operand
    %load/vec4 v0x5be033918dc0_0;
    %pushi/vec4 1, 0, 32;
    %add;
    %cast2;
    %store/vec4 v0x5be033918dc0_0, 0, 32;
    %jmp T_5.105;
T_5.106 ;
    %end;
    .scope S_0x5be033917cc0;
t_12 %join;
    %ix/load 4, 2, 0;
    %flag_set/imm 4, 0;
    %load/vec4a v0x5be03391a460, 4;
    %pad/u 32;
    %cmpi/ne 1, 0, 32;
    %jmp/0xz  T_5.107, 6;
    %pushi/vec4 0, 0, 1;
    %ix/load 4, 0, 0;
    %flag_set/imm 4, 0;
    %store/vec4a v0x5be03391ac60, 4, 0;
    %fork t_15, S_0x5be033918ec0;
    %jmp t_14;
    .scope S_0x5be033918ec0;
t_15 ;
    %pushi/vec4 0, 0, 32;
    %store/vec4 v0x5be0339190a0_0, 0, 32;
T_5.109 ;
    %load/vec4 v0x5be0339190a0_0;
    %cmpi/s 5, 0, 32;
    %jmp/0xz T_5.110, 5;
    %load/vec4 v0x5be0339190a0_0;
    %addi 5, 0, 32;
    %ix/vec4/s 4;
    %load/vec4a v0x5be03391a500, 4;
    %nor/r;
    %flag_set/vec4 9;
    %flag_get/vec4 9;
    %jmp/0 T_5.113, 9;
    %ix/load 4, 0, 0;
    %flag_set/imm 4, 0;
    %load/vec4a v0x5be03391ac60, 4;
    %nor/r;
    %and;
T_5.113;
    %flag_set/vec4 8;
    %jmp/0xz  T_5.111, 8;
    %load/vec4 v0x5be03391ade0_0;
    %cmpi/ne 1, 0, 2;
    %jmp/0xz  T_5.114, 6;
    %pushi/vec4 4, 0, 3;
    %load/vec4 v0x5be03391a140_0;
    %concat/vec4; draw_concat_vec4
    %split/vec4 8;
    %store/vec4 v0x5be033919b20_0, 0, 8;
    %split/vec4 1;
    %store/vec4 v0x5be033919ce0_0, 0, 1;
    %split/vec4 1;
    %store/vec4 v0x5be033919fa0_0, 0, 1;
    %store/vec4 v0x5be033919c20_0, 0, 1;
    %pushi/vec4 1, 0, 1;
    %ix/load 4, 0, 0;
    %flag_set/imm 4, 0;
    %store/vec4a v0x5be03391ac60, 4, 0;
    %jmp T_5.115;
T_5.114 ;
    %load/vec4 v0x5be0339190a0_0;
    %parti/s 3, 0, 2;
    %load/vec4 v0x5be03391a140_0;
    %concat/vec4; draw_concat_vec4
    %split/vec4 8;
    %store/vec4 v0x5be033919b20_0, 0, 8;
    %split/vec4 1;
    %store/vec4 v0x5be033919ce0_0, 0, 1;
    %split/vec4 1;
    %store/vec4 v0x5be033919fa0_0, 0, 1;
    %store/vec4 v0x5be033919c20_0, 0, 1;
    %pushi/vec4 1, 0, 1;
    %ix/load 4, 0, 0;
    %flag_set/imm 4, 0;
    %store/vec4a v0x5be03391ac60, 4, 0;
T_5.115 ;
T_5.111 ;
    ; show_stmt_assign_vector: Get l-value for compressed += operand
    %load/vec4 v0x5be0339190a0_0;
    %pushi/vec4 1, 0, 32;
    %add;
    %cast2;
    %store/vec4 v0x5be0339190a0_0, 0, 32;
    %jmp T_5.109;
T_5.110 ;
    %end;
    .scope S_0x5be033917cc0;
t_14 %join;
    %jmp T_5.108;
T_5.107 ;
    %pushi/vec4 0, 0, 3;
    %load/vec4 v0x5be03391a140_0;
    %concat/vec4; draw_concat_vec4
    %split/vec4 8;
    %store/vec4 v0x5be033919b20_0, 0, 8;
    %split/vec4 1;
    %store/vec4 v0x5be033919ce0_0, 0, 1;
    %split/vec4 1;
    %store/vec4 v0x5be033919fa0_0, 0, 1;
    %store/vec4 v0x5be033919c20_0, 0, 1;
    %pushi/vec4 1, 0, 1;
    %store/vec4 v0x5be03391a960_0, 0, 1;
T_5.108 ;
T_5.104 ;
    %jmp T_5.96;
T_5.95 ;
    %load/vec4 v0x5be03391a8a0_0;
    %flag_set/vec4 8;
    %jmp/0xz  T_5.116, 8;
    %ix/load 4, 0, 0;
    %flag_set/imm 4, 0;
    %load/vec4a v0x5be03391b040, 4;
    %pad/u 32;
    %cmpi/ne 1, 0, 32;
    %jmp/0xz  T_5.118, 6;
    %vpi_call/w 4 377 "$display" {0 0 0};
    %vpi_call/w 4 378 "$display", "%12s ***time = %0d, TEST for prev_state = {!FULL_EXPECTED,!EMPTY_EXPECTED} and current_state = {RST,W_EN,R_EN}***", "\000", $time {0 0 0};
    %vpi_call/w 4 379 "$display" {0 0 0};
    %pushi/vec4 1, 0, 1;
    %ix/load 4, 0, 0;
    %flag_set/imm 4, 0;
    %store/vec4a v0x5be03391b040, 4, 0;
T_5.118 ;
    %pushi/vec4 1, 0, 1;
    %ix/load 4, 1, 0;
    %flag_set/imm 4, 0;
    %store/vec4a v0x5be03391a460, 4, 0;
    %fork t_17, S_0x5be0339191a0;
    %jmp t_16;
    .scope S_0x5be0339191a0;
t_17 ;
    %pushi/vec4 0, 0, 32;
    %store/vec4 v0x5be033919380_0, 0, 32;
T_5.120 ;
    %load/vec4 v0x5be033919380_0;
    %cmpi/s 5, 0, 32;
    %jmp/0xz T_5.121, 5;
    %ix/getv/s 4, v0x5be033919380_0;
    %load/vec4a v0x5be03391a500, 4;
    %nor/r;
    %flag_set/vec4 8;
    %jmp/0xz  T_5.122, 8;
    %pushi/vec4 0, 0, 1;
    %ix/load 4, 1, 0;
    %flag_set/imm 4, 0;
    %store/vec4a v0x5be03391a460, 4, 0;
T_5.122 ;
    ; show_stmt_assign_vector: Get l-value for compressed += operand
    %load/vec4 v0x5be033919380_0;
    %pushi/vec4 1, 0, 32;
    %add;
    %cast2;
    %store/vec4 v0x5be033919380_0, 0, 32;
    %jmp T_5.120;
T_5.121 ;
    %end;
    .scope S_0x5be033917cc0;
t_16 %join;
    %load/vec4 v0x5be03391a960_0;
    %flag_set/vec4 8;
    %jmp/0xz  T_5.124, 8;
    %pushi/vec4 4, 0, 3;
    %load/vec4 v0x5be03391a140_0;
    %concat/vec4; draw_concat_vec4
    %split/vec4 8;
    %store/vec4 v0x5be033919b20_0, 0, 8;
    %split/vec4 1;
    %store/vec4 v0x5be033919ce0_0, 0, 1;
    %split/vec4 1;
    %store/vec4 v0x5be033919fa0_0, 0, 1;
    %store/vec4 v0x5be033919c20_0, 0, 1;
    %pushi/vec4 0, 0, 1;
    %store/vec4 v0x5be03391a960_0, 0, 1;
    %pushi/vec4 1, 0, 1;
    %ix/load 4, 0, 0;
    %flag_set/imm 4, 0;
    %store/vec4a v0x5be03391a5c0, 4, 0;
    %jmp T_5.125;
T_5.124 ;
    %ix/load 4, 1, 0;
    %flag_set/imm 4, 0;
    %load/vec4a v0x5be03391a460, 4;
    %pad/u 32;
    %cmpi/ne 1, 0, 32;
    %jmp/0xz  T_5.126, 6;
    %pushi/vec4 0, 0, 1;
    %ix/load 4, 0, 0;
    %flag_set/imm 4, 0;
    %store/vec4a v0x5be03391ac60, 4, 0;
    %fork t_19, S_0x5be033917ee0;
    %jmp t_18;
    .scope S_0x5be033917ee0;
t_19 ;
    %pushi/vec4 0, 0, 32;
    %store/vec4 v0x5be0338ee380_0, 0, 32;
T_5.128 ;
    %load/vec4 v0x5be0338ee380_0;
    %cmpi/s 5, 0, 32;
    %jmp/0xz T_5.129, 5;
    %ix/getv/s 4, v0x5be0338ee380_0;
    %load/vec4a v0x5be03391a500, 4;
    %nor/r;
    %flag_set/vec4 9;
    %flag_get/vec4 9;
    %jmp/0 T_5.132, 9;
    %ix/load 4, 0, 0;
    %flag_set/imm 4, 0;
    %load/vec4a v0x5be03391ac60, 4;
    %nor/r;
    %and;
T_5.132;
    %flag_set/vec4 8;
    %jmp/0xz  T_5.130, 8;
    %load/vec4 v0x5be03391ade0_0;
    %cmpi/ne 0, 0, 2;
    %jmp/0xz  T_5.133, 6;
    %pushi/vec4 2, 0, 3;
    %load/vec4 v0x5be03391a140_0;
    %concat/vec4; draw_concat_vec4
    %split/vec4 8;
    %store/vec4 v0x5be033919b20_0, 0, 8;
    %split/vec4 1;
    %store/vec4 v0x5be033919ce0_0, 0, 1;
    %split/vec4 1;
    %store/vec4 v0x5be033919fa0_0, 0, 1;
    %store/vec4 v0x5be033919c20_0, 0, 1;
    %pushi/vec4 1, 0, 1;
    %ix/load 4, 0, 0;
    %flag_set/imm 4, 0;
    %store/vec4a v0x5be03391ac60, 4, 0;
    %jmp T_5.134;
T_5.133 ;
    %load/vec4 v0x5be0338ee380_0;
    %parti/s 3, 0, 2;
    %load/vec4 v0x5be03391a140_0;
    %concat/vec4; draw_concat_vec4
    %split/vec4 8;
    %store/vec4 v0x5be033919b20_0, 0, 8;
    %split/vec4 1;
    %store/vec4 v0x5be033919ce0_0, 0, 1;
    %split/vec4 1;
    %store/vec4 v0x5be033919fa0_0, 0, 1;
    %store/vec4 v0x5be033919c20_0, 0, 1;
    %pushi/vec4 1, 0, 1;
    %ix/load 4, 0, 0;
    %flag_set/imm 4, 0;
    %store/vec4a v0x5be03391ac60, 4, 0;
T_5.134 ;
T_5.130 ;
    ; show_stmt_assign_vector: Get l-value for compressed += operand
    %load/vec4 v0x5be0338ee380_0;
    %pushi/vec4 1, 0, 32;
    %add;
    %cast2;
    %store/vec4 v0x5be0338ee380_0, 0, 32;
    %jmp T_5.128;
T_5.129 ;
    %end;
    .scope S_0x5be033917cc0;
t_18 %join;
    %jmp T_5.127;
T_5.126 ;
    %pushi/vec4 0, 0, 3;
    %load/vec4 v0x5be03391a140_0;
    %concat/vec4; draw_concat_vec4
    %split/vec4 8;
    %store/vec4 v0x5be033919b20_0, 0, 8;
    %split/vec4 1;
    %store/vec4 v0x5be033919ce0_0, 0, 1;
    %split/vec4 1;
    %store/vec4 v0x5be033919fa0_0, 0, 1;
    %store/vec4 v0x5be033919c20_0, 0, 1;
    %pushi/vec4 1, 0, 1;
    %store/vec4 v0x5be03391a960_0, 0, 1;
T_5.127 ;
T_5.125 ;
    %jmp T_5.117;
T_5.116 ;
    %load/vec4 v0x5be03391ade0_0;
    %cmpi/e 3, 3, 2;
    %flag_get/vec4 6;
    %jmp/0 T_5.135, 6;
    %vpi_func 4 436 "$time" 64 {0 0 0};
    %load/vec4 v0x5be033919e70_0;
    %pad/u 64;
    %muli 6, 0, 64;
    %pushi/vec4 2, 0, 64;
    %div;
    %cmp/u;
    %flag_get/vec4 4;
    %flag_get/vec4 5;
    %or;
    %and;
T_5.135;
    %store/vec4 v0x5be03391a660_0, 0, 1;
    %load/vec4 v0x5be03391a660_0;
    %flag_set/vec4 8;
    %jmp/0xz  T_5.136, 8;
    %pushi/vec4 4, 0, 3;
    %load/vec4 v0x5be03391a140_0;
    %concat/vec4; draw_concat_vec4
    %split/vec4 8;
    %store/vec4 v0x5be033919b20_0, 0, 8;
    %split/vec4 1;
    %store/vec4 v0x5be033919ce0_0, 0, 1;
    %split/vec4 1;
    %store/vec4 v0x5be033919fa0_0, 0, 1;
    %store/vec4 v0x5be033919c20_0, 0, 1;
    %pushi/vec4 1, 0, 1;
    %store/vec4 v0x5be03391a8a0_0, 0, 1;
T_5.136 ;
T_5.117 ;
T_5.96 ;
T_5.77 ;
    %load/vec4 v0x5be03391ade0_0;
    %load/vec4 v0x5be033919c20_0;
    %concat/vec4; draw_concat_vec4
    %load/vec4 v0x5be033919fa0_0;
    %concat/vec4; draw_concat_vec4
    %load/vec4 v0x5be033919ce0_0;
    %concat/vec4; draw_concat_vec4
    %cmpi/u 8, 0, 5;
    %jmp/0xz  T_5.138, 5;
    ; show_stmt_assign_vector: Get l-value for compressed += operand
    %load/vec4 v0x5be03391ade0_0;
    %load/vec4 v0x5be033919c20_0;
    %concat/vec4; draw_concat_vec4
    %load/vec4 v0x5be033919fa0_0;
    %concat/vec4; draw_concat_vec4
    %load/vec4 v0x5be033919ce0_0;
    %concat/vec4; draw_concat_vec4
    %pad/u 7;
    %ix/vec4 4;
    %flag_mov 8, 4;
    %load/vec4a v0x5be03391a500, 4;
    %pushi/vec4 1, 0, 32;
    %add;
    %flag_mov 4, 8;
    %store/vec4a v0x5be03391a500, 4, 0;
    %jmp T_5.139;
T_5.138 ;
    %load/vec4 v0x5be03391ade0_0;
    %load/vec4 v0x5be033919c20_0;
    %concat/vec4; draw_concat_vec4
    %load/vec4 v0x5be033919fa0_0;
    %concat/vec4; draw_concat_vec4
    %load/vec4 v0x5be033919ce0_0;
    %concat/vec4; draw_concat_vec4
    %cmpi/u 16, 0, 5;
    %flag_get/vec4 5;
    %jmp/0 T_5.142, 5;
    %pushi/vec4 7, 0, 5;
    %load/vec4 v0x5be03391ade0_0;
    %load/vec4 v0x5be033919c20_0;
    %concat/vec4; draw_concat_vec4
    %load/vec4 v0x5be033919fa0_0;
    %concat/vec4; draw_concat_vec4
    %load/vec4 v0x5be033919ce0_0;
    %concat/vec4; draw_concat_vec4
    %cmp/u;
    %flag_get/vec4 5;
    %and;
T_5.142;
    %flag_set/vec4 8;
    %jmp/0xz  T_5.140, 8;
    ; show_stmt_assign_vector: Get l-value for compressed += operand
    %load/vec4 v0x5be03391ade0_0;
    %load/vec4 v0x5be033919c20_0;
    %concat/vec4; draw_concat_vec4
    %load/vec4 v0x5be033919fa0_0;
    %concat/vec4; draw_concat_vec4
    %load/vec4 v0x5be033919ce0_0;
    %concat/vec4; draw_concat_vec4
    %pad/u 32;
    %subi 3, 0, 32;
    %ix/vec4 4;
    %flag_mov 8, 4;
    %load/vec4a v0x5be03391a500, 4;
    %pushi/vec4 1, 0, 32;
    %add;
    %flag_mov 4, 8;
    %store/vec4a v0x5be03391a500, 4, 0;
    %jmp T_5.141;
T_5.140 ;
    %load/vec4 v0x5be03391ade0_0;
    %load/vec4 v0x5be033919c20_0;
    %concat/vec4; draw_concat_vec4
    %load/vec4 v0x5be033919fa0_0;
    %concat/vec4; draw_concat_vec4
    %load/vec4 v0x5be033919ce0_0;
    %concat/vec4; draw_concat_vec4
    %cmpi/u 15, 0, 5;
    %flag_or 5, 4; GT is !LE
    %flag_inv 5;
    %jmp/0xz  T_5.143, 5;
    ; show_stmt_assign_vector: Get l-value for compressed += operand
    %load/vec4 v0x5be03391ade0_0;
    %load/vec4 v0x5be033919c20_0;
    %concat/vec4; draw_concat_vec4
    %load/vec4 v0x5be033919fa0_0;
    %concat/vec4; draw_concat_vec4
    %load/vec4 v0x5be033919ce0_0;
    %concat/vec4; draw_concat_vec4
    %pad/u 32;
    %subi 6, 0, 32;
    %ix/vec4 4;
    %flag_mov 8, 4;
    %load/vec4a v0x5be03391a500, 4;
    %pushi/vec4 1, 0, 32;
    %add;
    %flag_mov 4, 8;
    %store/vec4a v0x5be03391a500, 4, 0;
T_5.143 ;
T_5.141 ;
T_5.139 ;
    %pushi/vec4 1, 0, 1;
    %ix/load 4, 0, 0;
    %flag_set/imm 4, 0;
    %store/vec4a v0x5be03391a460, 4, 0;
    %fork t_21, S_0x5be033918140;
    %jmp t_20;
    .scope S_0x5be033918140;
t_21 ;
    %pushi/vec4 0, 0, 32;
    %store/vec4 v0x5be0338eb710_0, 0, 32;
T_5.145 ;
    %load/vec4 v0x5be0338eb710_0;
    %cmpi/s 15, 0, 32;
    %jmp/0xz T_5.146, 5;
    %ix/getv/s 4, v0x5be0338eb710_0;
    %load/vec4a v0x5be03391a500, 4;
    %nor/r;
    %flag_set/vec4 8;
    %jmp/0xz  T_5.147, 8;
    %pushi/vec4 0, 0, 1;
    %ix/load 4, 0, 0;
    %flag_set/imm 4, 0;
    %store/vec4a v0x5be03391a460, 4, 0;
T_5.147 ;
    ; show_stmt_assign_vector: Get l-value for compressed += operand
    %load/vec4 v0x5be0338eb710_0;
    %pushi/vec4 1, 0, 32;
    %add;
    %cast2;
    %store/vec4 v0x5be0338eb710_0, 0, 32;
    %jmp T_5.145;
T_5.146 ;
    %end;
    .scope S_0x5be033917cc0;
t_20 %join;
T_5.65 ;
T_5.52 ;
T_5.44 ;
T_5.32 ;
T_5.30 ;
    %end;
S_0x5be033917ee0 .scope begin, "$ivl_for_loop10" "$ivl_for_loop10" 4 405, 4 405 0, S_0x5be033917cc0;
 .timescale -9 -12;
v0x5be0338ee380_0 .var/2s "k", 31 0;
S_0x5be033918140 .scope begin, "$ivl_for_loop11" "$ivl_for_loop11" 4 463, 4 463 0, S_0x5be033917cc0;
 .timescale -9 -12;
v0x5be0338eb710_0 .var/2s "j", 31 0;
S_0x5be033918380 .scope begin, "$ivl_for_loop4" "$ivl_for_loop4" 4 262, 4 262 0, S_0x5be033917cc0;
 .timescale -9 -12;
v0x5be0338b70b0_0 .var/2s "j", 31 0;
S_0x5be0339185d0 .scope begin, "$ivl_for_loop5" "$ivl_for_loop5" 4 281, 4 281 0, S_0x5be033917cc0;
 .timescale -9 -12;
v0x5be0339187b0_0 .var/2s "k", 31 0;
S_0x5be0339188b0 .scope begin, "$ivl_for_loop6" "$ivl_for_loop6" 4 320, 4 320 0, S_0x5be033917cc0;
 .timescale -9 -12;
v0x5be033918ae0_0 .var/2s "j", 31 0;
S_0x5be033918be0 .scope begin, "$ivl_for_loop7" "$ivl_for_loop7" 4 341, 4 341 0, S_0x5be033917cc0;
 .timescale -9 -12;
v0x5be033918dc0_0 .var/2s "j", 31 0;
S_0x5be033918ec0 .scope begin, "$ivl_for_loop8" "$ivl_for_loop8" 4 346, 4 346 0, S_0x5be033917cc0;
 .timescale -9 -12;
v0x5be0339190a0_0 .var/2s "k", 31 0;
S_0x5be0339191a0 .scope begin, "$ivl_for_loop9" "$ivl_for_loop9" 4 386, 4 386 0, S_0x5be033917cc0;
 .timescale -9 -12;
v0x5be033919380_0 .var/2s "j", 31 0;
S_0x5be033919480 .scope task, "initialize" "initialize" 4 36, 4 36 0, S_0x5be033917720;
 .timescale -9 -12;
TD_tb_lifo_synchronous.dut_input_lifo.initialize ;
    %vpi_func 4 37 "$urandom_range" 32, 32'sb00000000000000000000000000100000, 32'sb00000000000000000000000001111110 {0 0 0};
    %pad/u 8;
    %store/vec4 v0x5be03391a140_0, 0, 8;
    %pushi/vec4 0, 0, 3;
    %load/vec4 v0x5be03391a140_0;
    %concat/vec4; draw_concat_vec4
    %split/vec4 8;
    %store/vec4 v0x5be033919b20_0, 0, 8;
    %split/vec4 1;
    %store/vec4 v0x5be033919ce0_0, 0, 1;
    %split/vec4 1;
    %store/vec4 v0x5be033919fa0_0, 0, 1;
    %store/vec4 v0x5be033919c20_0, 0, 1;
    %fork t_23, S_0x5be033919660;
    %jmp t_22;
    .scope S_0x5be033919660;
t_23 ;
    %pushi/vec4 0, 0, 32;
    %store/vec4 v0x5be033919840_0, 0, 32;
T_6.149 ;
    %load/vec4 v0x5be033919840_0;
    %cmpi/s 15, 0, 32;
    %jmp/0xz T_6.150, 5;
    %pushi/vec4 0, 0, 32;
    %ix/getv/s 4, v0x5be033919840_0;
    %store/vec4a v0x5be03391a500, 4, 0;
    ; show_stmt_assign_vector: Get l-value for compressed += operand
    %load/vec4 v0x5be033919840_0;
    %pushi/vec4 1, 0, 32;
    %add;
    %cast2;
    %store/vec4 v0x5be033919840_0, 0, 32;
    %jmp T_6.149;
T_6.150 ;
    %end;
    .scope S_0x5be033919480;
t_22 %join;
    %pushi/vec4 0, 0, 1;
    %store/vec4 v0x5be03391a2e0_0, 0, 1;
    %end;
S_0x5be033919660 .scope begin, "$ivl_for_loop3" "$ivl_for_loop3" 4 41, 4 41 0, S_0x5be033919480;
 .timescale -9 -12;
v0x5be033919840_0 .var/2s "i", 31 0;
S_0x5be033919940 .scope task, "random_in" "random_in" 4 480, 4 480 0, S_0x5be033917720;
 .timescale -9 -12;
TD_tb_lifo_synchronous.dut_input_lifo.random_in ;
    %vpi_func 4 482 "$urandom_range" 32, 32'sb00000000000000000000000000100000, 32'sb00000000000000000000000001111110 {0 0 0};
    %pad/u 8;
    %store/vec4 v0x5be03391a140_0, 0, 8;
    %vpi_func 4 484 "$urandom_range" 32, 32'sb00000000000000000000000000000000, 32'sb00000000000000000000000000000100 {0 0 0};
    %cast2;
    %store/vec4 v0x5be03391ad00_0, 0, 32;
    %vpi_func 4 485 "$urandom_range" 32, 32'sb00000000000000000000000000000001, 32'sb00000000000000000000000000010100 {0 0 0};
    %cast2;
    %store/vec4 v0x5be03391a060_0, 0, 32;
    %load/vec4 v0x5be03391a060_0;
T_7.151 %dup/vec4;
    %pushi/vec4 0, 0, 32;
    %cmp/s;
    %jmp/1xz T_7.152, 5;
    %jmp/1 T_7.152, 4;
    %pushi/vec4 1, 0, 32;
    %sub;
    %wait E_0x5be03389deb0;
    %pushi/real 1717986918, 4062; load=0.100000
    %pushi/real 1677722, 4040; load=0.100000
    %add/wr;
    %vpi_func 4 491 "$urandom_range" 32, W<0,r>, 32'sb00000000000000000000000000001010 {0 1 0};
    %pad/u 64;
    %muli 1000, 0, 64;
    %ix/vec4 4;
    %delayx 4;
    %load/vec4 v0x5be03391ad00_0;
    %dup/vec4;
    %pushi/vec4 0, 0, 32;
    %cmp/u;
    %jmp/1 T_7.153, 6;
    %dup/vec4;
    %pushi/vec4 1, 0, 32;
    %cmp/u;
    %jmp/1 T_7.154, 6;
    %dup/vec4;
    %pushi/vec4 2, 0, 32;
    %cmp/u;
    %jmp/1 T_7.155, 6;
    %dup/vec4;
    %pushi/vec4 3, 0, 32;
    %cmp/u;
    %jmp/1 T_7.156, 6;
    %dup/vec4;
    %pushi/vec4 4, 0, 32;
    %cmp/u;
    %jmp/1 T_7.157, 6;
    %jmp T_7.158;
T_7.153 ;
    %pushi/vec4 0, 0, 1;
    %store/vec4 v0x5be033919c20_0, 0, 1;
    %pushi/vec4 0, 0, 1;
    %store/vec4 v0x5be033919fa0_0, 0, 1;
    %pushi/vec4 0, 0, 1;
    %store/vec4 v0x5be033919ce0_0, 0, 1;
    %load/vec4 v0x5be03391a140_0;
    %store/vec4 v0x5be033919b20_0, 0, 8;
    %jmp T_7.158;
T_7.154 ;
    %pushi/vec4 0, 0, 1;
    %store/vec4 v0x5be033919c20_0, 0, 1;
    %pushi/vec4 0, 0, 1;
    %store/vec4 v0x5be033919fa0_0, 0, 1;
    %pushi/vec4 1, 0, 1;
    %store/vec4 v0x5be033919ce0_0, 0, 1;
    %load/vec4 v0x5be03391a140_0;
    %store/vec4 v0x5be033919b20_0, 0, 8;
    %jmp T_7.158;
T_7.155 ;
    %pushi/vec4 0, 0, 1;
    %store/vec4 v0x5be033919c20_0, 0, 1;
    %pushi/vec4 1, 0, 1;
    %store/vec4 v0x5be033919fa0_0, 0, 1;
    %pushi/vec4 0, 0, 1;
    %store/vec4 v0x5be033919ce0_0, 0, 1;
    %load/vec4 v0x5be03391a140_0;
    %store/vec4 v0x5be033919b20_0, 0, 8;
    %jmp T_7.158;
T_7.156 ;
    %pushi/vec4 0, 0, 1;
    %store/vec4 v0x5be033919c20_0, 0, 1;
    %pushi/vec4 1, 0, 1;
    %store/vec4 v0x5be033919fa0_0, 0, 1;
    %pushi/vec4 1, 0, 1;
    %store/vec4 v0x5be033919ce0_0, 0, 1;
    %load/vec4 v0x5be03391a140_0;
    %store/vec4 v0x5be033919b20_0, 0, 8;
    %jmp T_7.158;
T_7.157 ;
    %pushi/vec4 1, 0, 1;
    %store/vec4 v0x5be033919c20_0, 0, 1;
    %pushi/vec4 0, 0, 1;
    %store/vec4 v0x5be033919fa0_0, 0, 1;
    %pushi/vec4 0, 0, 1;
    %store/vec4 v0x5be033919ce0_0, 0, 1;
    %load/vec4 v0x5be03391a140_0;
    %store/vec4 v0x5be033919b20_0, 0, 8;
    %jmp T_7.158;
T_7.158 ;
    %pop/vec4 1;
    %jmp T_7.151;
T_7.152 ;
    %pop/vec4 1;
    %end;
S_0x5be03391b200 .scope module, "dut_lifo" "lifo" 3 46, 5 1 0, S_0x5be0338fcf80;
 .timescale -9 -12;
    .port_info 0 /INPUT 1 "clk";
    .port_info 1 /INPUT 1 "rst";
    .port_info 2 /INPUT 1 "w_en";
    .port_info 3 /INPUT 1 "r_en";
    .port_info 4 /INPUT 8 "data_in";
    .port_info 5 /OUTPUT 1 "full";
    .port_info 6 /OUTPUT 1 "empty";
    .port_info 7 /OUTPUT 5 "ptr";
    .port_info 8 /OUTPUT 8 "data_out";
    .port_info 9 /OUTPUT 5 "addr0";
    .port_info 10 /OUTPUT 1 "nextw";
P_0x5be0338fc250 .param/l "addr_width" 0 5 13, +C4<00000000000000000000000000000100>;
P_0x5be0338fc290 .param/l "mem_DEPTH" 0 5 13, +C4<00000000000000000000000000010000>;
L_0x5be0338f69f0 .functor AND 1, v0x5be033919fa0_0, L_0x5be0339320b0, C4<1>, C4<1>;
L_0x5be0338f7470 .functor AND 1, v0x5be033919ce0_0, L_0x5be0339321e0, C4<1>, C4<1>;
L_0x5be0338f4d70 .functor BUFZ 1, L_0x5be0338f69f0, C4<0>, C4<0>, C4<0>;
v0x5be03391d1b0_0 .net *"_ivl_0", 31 0, L_0x5be033931b90;  1 drivers
L_0x75efd86400f0 .functor BUFT 1, C4<000000000000000000000000000>, C4<0>, C4<0>, C4<0>;
v0x5be03391d2b0_0 .net *"_ivl_11", 26 0, L_0x75efd86400f0;  1 drivers
L_0x75efd8640138 .functor BUFT 1, C4<00000000000000000000000000010000>, C4<0>, C4<0>, C4<0>;
v0x5be03391d390_0 .net/2u *"_ivl_12", 31 0, L_0x75efd8640138;  1 drivers
v0x5be03391d450_0 .net *"_ivl_17", 0 0, L_0x5be0339320b0;  1 drivers
v0x5be03391d510_0 .net *"_ivl_21", 0 0, L_0x5be0339321e0;  1 drivers
L_0x75efd8640060 .functor BUFT 1, C4<000000000000000000000000000>, C4<0>, C4<0>, C4<0>;
v0x5be03391d620_0 .net *"_ivl_3", 26 0, L_0x75efd8640060;  1 drivers
L_0x75efd86400a8 .functor BUFT 1, C4<00000000000000000000000000000000>, C4<0>, C4<0>, C4<0>;
v0x5be03391d700_0 .net/2u *"_ivl_4", 31 0, L_0x75efd86400a8;  1 drivers
v0x5be03391d7e0_0 .net *"_ivl_8", 31 0, L_0x5be033931e00;  1 drivers
v0x5be03391d8c0_0 .net "addr", 3 0, L_0x5be0339323a0;  1 drivers
v0x5be03391d980_0 .net "addr0", 4 0, v0x5be03391cbd0_0;  alias, 1 drivers
v0x5be03391da40_0 .net "clk", 0 0, v0x5be0339209f0_0;  alias, 1 drivers
v0x5be03391dae0_0 .net "data_in", 7 0, v0x5be033919b20_0;  alias, 1 drivers
v0x5be03391dbd0_0 .net "data_out", 7 0, v0x5be03391c470_0;  alias, 1 drivers
v0x5be03391dc90_0 .net "empty", 0 0, L_0x5be033931cc0;  alias, 1 drivers
v0x5be03391dd30_0 .net "full", 0 0, L_0x5be033931f40;  alias, 1 drivers
v0x5be03391de00_0 .net "next_r", 0 0, L_0x5be0338f7470;  1 drivers
v0x5be03391ded0_0 .net "next_w", 0 0, L_0x5be0338f69f0;  1 drivers
v0x5be03391e0d0_0 .net "nextw", 0 0, L_0x5be0338f4d70;  alias, 1 drivers
v0x5be03391e170_0 .net "ptr", 4 0, v0x5be03391cf50_0;  alias, 1 drivers
v0x5be03391e260_0 .net "r_en", 0 0, v0x5be033919ce0_0;  alias, 1 drivers
v0x5be03391e300_0 .net "rst", 0 0, v0x5be033919c20_0;  alias, 1 drivers
v0x5be03391e3a0_0 .net "w_en", 0 0, v0x5be033919fa0_0;  alias, 1 drivers
L_0x5be033931b90 .concat [ 5 27 0 0], v0x5be03391cf50_0, L_0x75efd8640060;
L_0x5be033931cc0 .cmp/eq 32, L_0x5be033931b90, L_0x75efd86400a8;
L_0x5be033931e00 .concat [ 5 27 0 0], v0x5be03391cf50_0, L_0x75efd86400f0;
L_0x5be033931f40 .cmp/eq 32, L_0x5be033931e00, L_0x75efd8640138;
L_0x5be0339320b0 .reduce/nor L_0x5be033931f40;
L_0x5be0339321e0 .reduce/nor L_0x5be033931cc0;
L_0x5be0339323a0 .part v0x5be03391cf50_0, 0, 4;
S_0x5be03391b570 .scope module, "dut_compare_and_status_section" "compare_and_status_section" 5 37, 5 52 0, S_0x5be03391b200;
 .timescale -9 -12;
    .port_info 0 /INPUT 5 "ptr";
    .port_info 1 /OUTPUT 1 "empty";
    .port_info 2 /OUTPUT 1 "full";
P_0x5be03391b770 .param/l "mem_DEPTH" 0 5 59, +C4<00000000000000000000000000010000>;
v0x5be03391b8b0_0 .net "empty", 0 0, L_0x5be033931cc0;  alias, 1 drivers
v0x5be03391b990_0 .net "full", 0 0, L_0x5be033931f40;  alias, 1 drivers
v0x5be03391ba50_0 .net "ptr", 4 0, v0x5be03391cf50_0;  alias, 1 drivers
S_0x5be03391bbc0 .scope module, "dut_dual_port_ram_synchronous" "dual_port_ram_synchronous" 5 43, 6 1 0, S_0x5be03391b200;
 .timescale -9 -12;
    .port_info 0 /INPUT 1 "clk";
    .port_info 1 /INPUT 1 "rst";
    .port_info 2 /INPUT 1 "we_a";
    .port_info 3 /INPUT 4 "addr_a";
    .port_info 4 /INPUT 8 "data_in_a";
    .port_info 5 /OUTPUT 8 "data_out_a";
    .port_info 6 /INPUT 1 "we_b";
    .port_info 7 /INPUT 4 "addr_b";
    .port_info 8 /INPUT 8 "data_in_b";
    .port_info 9 /OUTPUT 8 "data_out_b";
P_0x5be0338c6ad0 .param/l "ADDR_WIDTH" 0 6 15, +C4<00000000000000000000000000000100>;
P_0x5be0338c6b10 .param/l "DATA_WIDTH" 0 6 15, +C4<00000000000000000000000000001000>;
P_0x5be0338c6b50 .param/l "MEM_DEPTH" 0 6 15, +C4<00000000000000000000000000010000>;
v0x5be03391bf20_0 .net "addr_a", 3 0, L_0x5be0339323a0;  alias, 1 drivers
v0x5be03391c000_0 .net "addr_b", 3 0, L_0x5be0339323a0;  alias, 1 drivers
v0x5be03391c0f0_0 .net "clk", 0 0, v0x5be0339209f0_0;  alias, 1 drivers
v0x5be03391c1f0_0 .net "data_in_a", 7 0, v0x5be033919b20_0;  alias, 1 drivers
L_0x75efd86401c8 .functor BUFT 1, C4<00000000>, C4<0>, C4<0>, C4<0>;
v0x5be03391c2c0_0 .net "data_in_b", 7 0, L_0x75efd86401c8;  1 drivers
v0x5be03391c3b0_0 .var "data_out_a", 7 0;
v0x5be03391c470_0 .var "data_out_b", 7 0;
v0x5be03391c550 .array "mem", 0 15, 7 0;
v0x5be03391c610_0 .net "rst", 0 0, v0x5be033919c20_0;  alias, 1 drivers
v0x5be03391c6b0_0 .net "we_a", 0 0, L_0x5be0338f69f0;  alias, 1 drivers
L_0x75efd8640180 .functor BUFT 1, C4<0>, C4<0>, C4<0>, C4<0>;
v0x5be03391c750_0 .net "we_b", 0 0, L_0x75efd8640180;  1 drivers
S_0x5be03391c950 .scope module, "dut_ptr_section" "ptr_section" 5 32, 5 71 0, S_0x5be03391b200;
 .timescale -9 -12;
    .port_info 0 /INPUT 1 "clk";
    .port_info 1 /INPUT 1 "rst";
    .port_info 2 /INPUT 1 "next_w";
    .port_info 3 /INPUT 1 "next_r";
    .port_info 4 /OUTPUT 5 "ptr";
    .port_info 5 /OUTPUT 5 "addr0";
v0x5be03391cbd0_0 .var "addr0", 4 0;
v0x5be03391ccd0_0 .net "clk", 0 0, v0x5be0339209f0_0;  alias, 1 drivers
v0x5be03391cde0_0 .net "next_r", 0 0, L_0x5be0338f7470;  alias, 1 drivers
v0x5be03391ce80_0 .net "next_w", 0 0, L_0x5be0338f69f0;  alias, 1 drivers
v0x5be03391cf50_0 .var "ptr", 4 0;
v0x5be03391d040_0 .net "rst", 0 0, v0x5be033919c20_0;  alias, 1 drivers
E_0x5be033822880 .event posedge, v0x5be033919c20_0, v0x5be033919db0_0;
S_0x5be03391e520 .scope task, "errors_warnings_check" "errors_warnings_check" 3 245, 3 245 0, S_0x5be0338fcf80;
 .timescale -9 -12;
TD_tb_lifo_synchronous.errors_warnings_check ;
    %load/vec4 v0x5be03391f8e0_0;
    %load/vec4 v0x5be03391f9c0_0;
    %cmp/ne;
    %jmp/0xz  T_8.159, 6;
    %vpi_call/w 3 249 "$display", "***ERROR: ADDR = %b, ADDR_expected = %b", v0x5be03391f8e0_0, v0x5be03391f9c0_0 {0 0 0};
    %load/vec4 v0x5be0339201b0_0;
    %addi 1, 0, 32;
    %store/vec4 v0x5be0339201b0_0, 0, 32;
T_8.159 ;
    %load/vec4 v0x5be033920290_0;
    %load/vec4 v0x5be033920330_0;
    %cmp/ne;
    %jmp/0xz  T_8.161, 6;
    %vpi_call/w 3 259 "$display", "***ERROR: FULL = %b, FULL_expected = %b", v0x5be033920290_0, v0x5be033920330_0 {0 0 0};
    %load/vec4 v0x5be0339201b0_0;
    %addi 1, 0, 32;
    %store/vec4 v0x5be0339201b0_0, 0, 32;
T_8.161 ;
    %load/vec4 v0x5be03391ff90_0;
    %load/vec4 v0x5be033920080_0;
    %cmp/ne;
    %jmp/0xz  T_8.163, 6;
    %vpi_call/w 3 267 "$display", "***ERROR: EMPTY = %b, EMPTY_expected = %b", v0x5be03391ff90_0, v0x5be033920080_0 {0 0 0};
    %load/vec4 v0x5be0339201b0_0;
    %addi 1, 0, 32;
    %store/vec4 v0x5be0339201b0_0, 0, 32;
T_8.163 ;
    %load/vec4 v0x5be0339205d0_0;
    %load/vec4 v0x5be033920670_0;
    %cmp/ne;
    %jmp/0xz  T_8.165, 6;
    %vpi_call/w 3 275 "$display", "***ERROR: PTR = %b, PTR_EXPECTED = %b", v0x5be0339205d0_0, v0x5be033920670_0 {0 0 0};
    %load/vec4 v0x5be0339201b0_0;
    %addi 1, 0, 32;
    %store/vec4 v0x5be0339201b0_0, 0, 32;
T_8.165 ;
    %load/vec4 v0x5be03391fe10_0;
    %load/vec4 v0x5be03391fed0_0;
    %cmp/ne;
    %jmp/0xz  T_8.167, 6;
    %vpi_call/w 3 283 "$display", "***ERROR: DATA_OUT = %b, DATA_OUT_expected = %b", v0x5be03391fe10_0, v0x5be03391fed0_0 {0 0 0};
    %load/vec4 v0x5be0339201b0_0;
    %addi 1, 0, 32;
    %store/vec4 v0x5be0339201b0_0, 0, 32;
T_8.167 ;
    %end;
S_0x5be03391e700 .scope task, "initialize" "initialize" 3 79, 3 79 0, S_0x5be0338fcf80;
 .timescale -9 -12;
TD_tb_lifo_synchronous.initialize ;
    %pushi/vec4 0, 0, 1;
    %store/vec4 v0x5be0339209f0_0, 0, 1;
    %pushi/vec4 0, 0, 32;
    %store/vec4 v0x5be033920a90_0, 0, 32;
    %pushi/vec4 0, 0, 32;
    %store/vec4 v0x5be0339201b0_0, 0, 32;
    %pushi/vec4 0, 0, 32;
    %store/vec4 v0x5be033921600_0, 0, 32;
T_9.169 ;
    %load/vec4 v0x5be033921600_0;
    %cmpi/u 24, 0, 32;
    %jmp/0xz T_9.170, 5;
    %pushi/vec4 0, 0, 32;
    %ix/getv/s 4, v0x5be033921600_0;
    %store/vec4a v0x5be033921840, 4, 0;
    ; show_stmt_assign_vector: Get l-value for compressed += operand
    %load/vec4 v0x5be033921600_0;
    %pushi/vec4 1, 0, 32;
    %add;
    %cast2;
    %store/vec4 v0x5be033921600_0, 0, 32;
    %jmp T_9.169;
T_9.170 ;
    %pushi/vec4 0, 0, 32;
    %store/vec4 v0x5be0339218e0_0, 0, 32;
    %vpi_call/w 3 92 "$display" {0 0 0};
    %vpi_call/w 3 93 "$display", "TEST_START---------------------------------------------------------------------------------------------------------------------------------------------------------------------------------------------------------------------------------------" {0 0 0};
    %vpi_call/w 3 94 "$display" {0 0 0};
    %vpi_call/w 3 95 "$display", "                     | TIME | RST | W_EN | R_EN | DATA_IN | ADDR0 | ADDR0_EXPECTED | WRAP | FULL | FULL_EXPECTED | EMPTY | EMPTY_EXPECTED | PTR | PTR_EXPECTED | DATA_OUT | DATA_OUT_EXPECTED |" {0 0 0};
    %vpi_call/w 3 96 "$display", "-------------------------------------------------------------------------------------------------------------------------------------------------------------------------------------------------------------------------------------------------" {0 0 0};
    %end;
S_0x5be03391e8e0 .scope module, "test_dual_port_ram_synchronous1" "dual_port_ram_synchronous1" 3 49, 7 1 0, S_0x5be0338fcf80;
 .timescale -9 -12;
    .port_info 0 /INPUT 1 "clk";
    .port_info 1 /INPUT 1 "rst";
    .port_info 2 /INPUT 1 "we_a";
    .port_info 3 /INPUT 4 "addr_a";
    .port_info 4 /INPUT 8 "data_in_a";
    .port_info 5 /OUTPUT 8 "data_out_a";
    .port_info 6 /INPUT 1 "we_b";
    .port_info 7 /INPUT 4 "addr_b";
    .port_info 8 /INPUT 8 "data_in_b";
    .port_info 9 /OUTPUT 8 "data_out_b";
P_0x5be0338c7220 .param/l "ADDR_WIDTH" 0 7 15, +C4<00000000000000000000000000000100>;
P_0x5be0338c7260 .param/l "DATA_WIDTH" 0 7 15, +C4<00000000000000000000000000001000>;
P_0x5be0338c72a0 .param/l "MEM_DEPTH" 0 7 15, +C4<00000000000000000000000000010000>;
v0x5be03391ecf0_0 .net "addr_a", 3 0, L_0x5be033932de0;  alias, 1 drivers
v0x5be03391edf0_0 .net "addr_b", 3 0, L_0x5be033932de0;  alias, 1 drivers
v0x5be03391eee0_0 .net "clk", 0 0, v0x5be0339209f0_0;  alias, 1 drivers
v0x5be03391efb0_0 .net "data_in_a", 7 0, v0x5be033919b20_0;  alias, 1 drivers
L_0x75efd8640258 .functor BUFT 1, C4<00000000>, C4<0>, C4<0>, C4<0>;
v0x5be03391f050_0 .net "data_in_b", 7 0, L_0x75efd8640258;  1 drivers
v0x5be03391f110_0 .var "data_out_a", 7 0;
v0x5be03391f1f0_0 .var "data_out_b", 7 0;
v0x5be03391f2d0 .array "mem", 0 15, 7 0;
v0x5be03391f390_0 .net "rst", 0 0, v0x5be033919c20_0;  alias, 1 drivers
v0x5be03391f430_0 .net "we_a", 0 0, L_0x5be0338f5820;  alias, 1 drivers
L_0x75efd8640210 .functor BUFT 1, C4<0>, C4<0>, C4<0>, C4<0>;
v0x5be03391f4f0_0 .net "we_b", 0 0, L_0x75efd8640210;  1 drivers
S_0x5be03391f750 .scope task, "vectorcount" "vectorcount" 3 200, 3 200 0, S_0x5be0338fcf80;
 .timescale -9 -12;
TD_tb_lifo_synchronous.vectorcount ;
    %load/vec4 v0x5be033920a90_0;
    %addi 1, 0, 32;
    %store/vec4 v0x5be033920a90_0, 0, 32;
    %end;
    .scope S_0x5be033917720;
T_11 ;
    %fork TD_tb_lifo_synchronous.dut_input_lifo.initialize, S_0x5be033919480;
    %join;
    %end;
    .thread T_11;
    .scope S_0x5be033917720;
T_12 ;
    %wait E_0x5be03389deb0;
    %load/vec4 v0x5be03391a2e0_0;
    %nor/r;
    %flag_set/vec4 8;
    %jmp/0xz  T_12.0, 8;
    %fork TD_tb_lifo_synchronous.dut_input_lifo.general_input, S_0x5be033917cc0;
    %join;
T_12.0 ;
    %jmp T_12;
    .thread T_12;
    .scope S_0x5be033917720;
T_13 ;
T_13.0 ;
    %load/vec4 v0x5be03391a2e0_0;
    %cmpi/ne 1, 0, 1;
    %jmp/0xz T_13.1, 6;
    %wait E_0x5be03389dc60;
    %jmp T_13.0;
T_13.1 ;
    %fork t_25, S_0x5be033917a60;
    %jmp t_24;
    .scope S_0x5be033917a60;
t_25 ;
    %pushi/vec4 0, 0, 32;
    %store/vec4 v0x5be0338f5940_0, 0, 32;
T_13.2 ;
    %load/vec4 v0x5be0338f5940_0;
    %cmpi/s 50, 0, 32;
    %jmp/0xz T_13.3, 5;
    %load/vec4 v0x5be0338f5940_0;
    %cmpi/e 49, 0, 32;
    %jmp/0xz  T_13.4, 4;
    %fork TD_tb_lifo_synchronous.dut_input_lifo.random_in, S_0x5be033919940;
    %join;
    %pushi/vec4 1, 0, 1;
    %store/vec4 v0x5be03391a220_0, 0, 1;
    %jmp T_13.5;
T_13.4 ;
    %fork TD_tb_lifo_synchronous.dut_input_lifo.random_in, S_0x5be033919940;
    %join;
T_13.5 ;
    ; show_stmt_assign_vector: Get l-value for compressed += operand
    %load/vec4 v0x5be0338f5940_0;
    %pushi/vec4 1, 0, 32;
    %add;
    %cast2;
    %store/vec4 v0x5be0338f5940_0, 0, 32;
    %jmp T_13.2;
T_13.3 ;
    %end;
    .scope S_0x5be033917720;
t_24 %join;
    %end;
    .thread T_13;
    .scope S_0x5be03391c950;
T_14 ;
    %wait E_0x5be033822880;
    %vpi_call/w 5 81 "$display", "rst=%d", v0x5be03391d040_0 {0 0 0};
    %load/vec4 v0x5be03391cf50_0;
    %assign/vec4 v0x5be03391cbd0_0, 0;
    %load/vec4 v0x5be03391d040_0;
    %flag_set/vec4 8;
    %jmp/0xz  T_14.0, 8;
    %pushi/vec4 0, 0, 5;
    %assign/vec4 v0x5be03391cf50_0, 0;
    %jmp T_14.1;
T_14.0 ;
    %load/vec4 v0x5be03391ce80_0;
    %load/vec4 v0x5be03391cde0_0;
    %concat/vec4; draw_concat_vec4
    %dup/vec4;
    %pushi/vec4 1, 0, 2;
    %cmp/u;
    %jmp/1 T_14.2, 6;
    %dup/vec4;
    %pushi/vec4 2, 0, 2;
    %cmp/u;
    %jmp/1 T_14.3, 6;
    %load/vec4 v0x5be03391cf50_0;
    %assign/vec4 v0x5be03391cf50_0, 0;
    %jmp T_14.5;
T_14.2 ;
    %load/vec4 v0x5be03391cf50_0;
    %subi 1, 0, 5;
    %assign/vec4 v0x5be03391cf50_0, 0;
    %jmp T_14.5;
T_14.3 ;
    %load/vec4 v0x5be03391cf50_0;
    %addi 1, 0, 5;
    %assign/vec4 v0x5be03391cf50_0, 0;
    %jmp T_14.5;
T_14.5 ;
    %pop/vec4 1;
T_14.1 ;
    %jmp T_14;
    .thread T_14;
    .scope S_0x5be03391bbc0;
T_15 ;
    %wait E_0x5be03389deb0;
    %load/vec4 v0x5be03391c610_0;
    %flag_set/vec4 8;
    %jmp/0xz  T_15.0, 8;
    %pushi/vec4 0, 0, 8;
    %assign/vec4 v0x5be03391c3b0_0, 0;
    %jmp T_15.1;
T_15.0 ;
    %load/vec4 v0x5be03391c6b0_0;
    %flag_set/vec4 8;
    %jmp/0xz  T_15.2, 8;
    %load/vec4 v0x5be03391c1f0_0;
    %load/vec4 v0x5be03391bf20_0;
    %pad/u 6;
    %ix/vec4 3;
    %ix/load 4, 0, 0; Constant delay
    %assign/vec4/a/d v0x5be03391c550, 0, 4;
    %load/vec4 v0x5be03391bf20_0;
    %pad/u 6;
    %ix/vec4 4;
    %load/vec4a v0x5be03391c550, 4;
    %assign/vec4 v0x5be03391c3b0_0, 0;
    %jmp T_15.3;
T_15.2 ;
    %load/vec4 v0x5be03391bf20_0;
    %pad/u 6;
    %ix/vec4 4;
    %load/vec4a v0x5be03391c550, 4;
    %assign/vec4 v0x5be03391c3b0_0, 0;
T_15.3 ;
T_15.1 ;
    %jmp T_15;
    .thread T_15;
    .scope S_0x5be03391bbc0;
T_16 ;
    %wait E_0x5be03389deb0;
    %load/vec4 v0x5be03391c610_0;
    %flag_set/vec4 8;
    %jmp/0xz  T_16.0, 8;
    %pushi/vec4 0, 0, 8;
    %assign/vec4 v0x5be03391c470_0, 0;
    %jmp T_16.1;
T_16.0 ;
    %load/vec4 v0x5be03391c750_0;
    %flag_set/vec4 8;
    %jmp/0xz  T_16.2, 8;
    %load/vec4 v0x5be03391c2c0_0;
    %load/vec4 v0x5be03391c000_0;
    %pad/u 6;
    %ix/vec4 3;
    %ix/load 4, 0, 0; Constant delay
    %assign/vec4/a/d v0x5be03391c550, 0, 4;
    %load/vec4 v0x5be03391c000_0;
    %pad/u 6;
    %ix/vec4 4;
    %load/vec4a v0x5be03391c550, 4;
    %assign/vec4 v0x5be03391c470_0, 0;
    %jmp T_16.3;
T_16.2 ;
    %load/vec4 v0x5be03391c000_0;
    %pad/u 6;
    %ix/vec4 4;
    %load/vec4a v0x5be03391c550, 4;
    %assign/vec4 v0x5be03391c470_0, 0;
T_16.3 ;
T_16.1 ;
    %jmp T_16;
    .thread T_16;
    .scope S_0x5be03391e8e0;
T_17 ;
    %wait E_0x5be03389deb0;
    %load/vec4 v0x5be03391f390_0;
    %flag_set/vec4 8;
    %jmp/0xz  T_17.0, 8;
    %pushi/vec4 0, 0, 8;
    %assign/vec4 v0x5be03391f110_0, 0;
    %jmp T_17.1;
T_17.0 ;
    %load/vec4 v0x5be03391f430_0;
    %flag_set/vec4 8;
    %jmp/0xz  T_17.2, 8;
    %load/vec4 v0x5be03391efb0_0;
    %load/vec4 v0x5be03391ecf0_0;
    %pad/u 6;
    %ix/vec4 3;
    %ix/load 4, 0, 0; Constant delay
    %assign/vec4/a/d v0x5be03391f2d0, 0, 4;
    %load/vec4 v0x5be03391ecf0_0;
    %pad/u 6;
    %ix/vec4 4;
    %load/vec4a v0x5be03391f2d0, 4;
    %assign/vec4 v0x5be03391f110_0, 0;
    %jmp T_17.3;
T_17.2 ;
    %load/vec4 v0x5be03391ecf0_0;
    %pad/u 6;
    %ix/vec4 4;
    %load/vec4a v0x5be03391f2d0, 4;
    %assign/vec4 v0x5be03391f110_0, 0;
T_17.3 ;
T_17.1 ;
    %jmp T_17;
    .thread T_17;
    .scope S_0x5be03391e8e0;
T_18 ;
    %wait E_0x5be03389deb0;
    %load/vec4 v0x5be03391f390_0;
    %flag_set/vec4 8;
    %jmp/0xz  T_18.0, 8;
    %pushi/vec4 0, 0, 8;
    %assign/vec4 v0x5be03391f1f0_0, 0;
    %jmp T_18.1;
T_18.0 ;
    %load/vec4 v0x5be03391f4f0_0;
    %flag_set/vec4 8;
    %jmp/0xz  T_18.2, 8;
    %load/vec4 v0x5be03391f050_0;
    %load/vec4 v0x5be03391edf0_0;
    %pad/u 6;
    %ix/vec4 3;
    %ix/load 4, 0, 0; Constant delay
    %assign/vec4/a/d v0x5be03391f2d0, 0, 4;
    %load/vec4 v0x5be03391edf0_0;
    %pad/u 6;
    %ix/vec4 4;
    %load/vec4a v0x5be03391f2d0, 4;
    %assign/vec4 v0x5be03391f1f0_0, 0;
    %jmp T_18.3;
T_18.2 ;
    %load/vec4 v0x5be03391edf0_0;
    %pad/u 6;
    %ix/vec4 4;
    %load/vec4a v0x5be03391f2d0, 4;
    %assign/vec4 v0x5be03391f1f0_0, 0;
T_18.3 ;
T_18.1 ;
    %jmp T_18;
    .thread T_18;
    .scope S_0x5be0338fcf80;
T_19 ;
    %vpi_call/w 3 60 "$dumpfile", "tb_lifo_synchronous.vcd" {0 0 0};
    %vpi_call/w 3 61 "$dumpvars", 32'sb00000000000000000000000000000000, S_0x5be0338fcf80 {0 0 0};
    %end;
    .thread T_19;
    .scope S_0x5be0338fcf80;
T_20 ;
    %delay 10000, 0;
    %load/vec4 v0x5be0339209f0_0;
    %inv;
    %assign/vec4 v0x5be0339209f0_0, 0;
    %jmp T_20;
    .thread T_20;
    .scope S_0x5be0338fcf80;
T_21 ;
    %fork TD_tb_lifo_synchronous.initialize, S_0x5be03391e700;
    %join;
    %end;
    .thread T_21;
    .scope S_0x5be0338fcf80;
T_22 ;
    %wait E_0x5be033822880;
    %fork TD_tb_lifo_synchronous.OUT_EXP, S_0x5be0338fa660;
    %join;
    %jmp T_22;
    .thread T_22;
    .scope S_0x5be0338fcf80;
T_23 ;
    %wait E_0x5be033822880;
    %fork TD_tb_lifo_synchronous.coverage_update, S_0x5be033916e70;
    %join;
    %delay 100, 0;
    %fork TD_tb_lifo_synchronous.comment, S_0x5be033916c90;
    %join;
    %fork TD_tb_lifo_synchronous.display_file, S_0x5be0339174f0;
    %join;
    %fork TD_tb_lifo_synchronous.errors_warnings_check, S_0x5be03391e520;
    %join;
    %fork TD_tb_lifo_synchronous.vectorcount, S_0x5be03391f750;
    %join;
    %delay 100, 0;
    %load/vec4 v0x5be03391faa0_0;
    %store/vec4 v0x5be0339216a0_0, 0, 4;
    %jmp T_23;
    .thread T_23;
    .scope S_0x5be0338fcf80;
T_24 ;
    %wait E_0x5be03389deb0;
    %load/vec4 v0x5be033920330_0;
    %load/vec4 v0x5be033920080_0;
    %concat/vec4; draw_concat_vec4
    %store/vec4 v0x5be033921780_0, 0, 2;
    %jmp T_24;
    .thread T_24;
    .scope S_0x5be0338fcf80;
T_25 ;
T_25.0 ;
    %load/vec4 v0x5be033921560_0;
    %cmpi/ne 1, 0, 1;
    %jmp/0xz T_25.1, 6;
    %wait E_0x5be03389dc60;
    %jmp T_25.0;
T_25.1 ;
    %vpi_call/w 3 338 "$display" {0 0 0};
    %vpi_call/w 3 339 "$display", "%13s ***time = %0d,eof ***", "\000", $time {0 0 0};
    %vpi_call/w 3 340 "$display" {0 0 0};
    %end;
    .thread T_25;
    .scope S_0x5be0338fcf80;
T_26 ;
    %wait E_0x5be03389deb0;
    %load/vec4 v0x5be033920290_0;
    %load/vec4 v0x5be03391ff90_0;
    %concat/vec4; draw_concat_vec4
    %load/vec4 v0x5be033920860_0;
    %concat/vec4; draw_concat_vec4
    %load/vec4 v0x5be033920c30_0;
    %concat/vec4; draw_concat_vec4
    %load/vec4 v0x5be033920900_0;
    %concat/vec4; draw_concat_vec4
    %pad/u 6;
    %cmpi/e 32, 0, 6;
    %jmp/0xz  T_26.0, 4;
    %fork TD_tb_lifo_synchronous.vectorcount, S_0x5be03391f750;
    %join;
    %fork TD_tb_lifo_synchronous.close, S_0x5be0338f2310;
    %join;
    %jmp T_26.1;
T_26.0 ;
    %load/vec4 v0x5be0339214c0_0;
    %flag_set/vec4 8;
    %jmp/0xz  T_26.2, 8;
    %fork TD_tb_lifo_synchronous.close, S_0x5be0338f2310;
    %join;
T_26.2 ;
T_26.1 ;
    %jmp T_26;
    .thread T_26;
# The file index is used to find the file name in the following table.
:file_names 8;
    "N/A";
    "<interactive>";
    "-";
    "tb_lifo_synchronous.v";
    "input_lifo.v";
    "lifo_synchronous.v";
    "dual_port_ram_synchronous.v";
    "dual_port_ram_synchronous1.v";
