#! /usr/bin/vvp
:ivl_version "12.0 (stable)";
:ivl_delay_selection "TYPICAL";
:vpi_time_precision - 11;
:vpi_module "/usr/lib/x86_64-linux-gnu/ivl/system.vpi";
:vpi_module "/usr/lib/x86_64-linux-gnu/ivl/vhdl_sys.vpi";
:vpi_module "/usr/lib/x86_64-linux-gnu/ivl/vhdl_textio.vpi";
:vpi_module "/usr/lib/x86_64-linux-gnu/ivl/v2005_math.vpi";
:vpi_module "/usr/lib/x86_64-linux-gnu/ivl/va_math.vpi";
:vpi_module "/usr/lib/x86_64-linux-gnu/ivl/v2009.vpi";
S_0x57fbbc773bf0 .scope package, "$unit" "$unit" 2 1;
 .timescale 0 0;
S_0x57fbbc766f60 .scope module, "tb_fifo_asynchronous" "tb_fifo_asynchronous" 3 4;
 .timescale -9 -11;
P_0x57fbbc775050 .param/l "ADDR_WIDTH" 0 3 51, +C4<00000000000000000000000000000100>;
P_0x57fbbc775090 .param/l "DATA_WIDTH" 0 3 51, +C4<00000000000000000000000000001000>;
P_0x57fbbc7750d0 .param/l "MEM_DEPTH" 0 3 51, +C4<00000000000000000000000000010000>;
P_0x57fbbc775110 .param/l "TICKPERIOD" 1 3 75, +C4<00000000000000000000000000010100>;
v0x57fbbc798c50_0 .var "ADDRA_EXPECTED", 4 0;
v0x57fbbc798d50_0 .net "ADDRA_ram", 4 0, v0x57fbbc796420_0;  1 drivers
v0x57fbbc798e10_0 .var "ADDRB_EXPECTED", 4 0;
v0x57fbbc798eb0_0 .net "ADDRB_ram", 4 0, v0x57fbbc7964e0_0;  1 drivers
v0x57fbbc798f70_0 .var "COMMENT", 247 0;
v0x57fbbc799080_0 .var/i "COUNT", 31 0;
v0x57fbbc799160_0 .var "DATA_IN", 7 0;
v0x57fbbc799220_0 .net "DATA_OUT", 7 0, v0x57fbbc795af0_0;  1 drivers
v0x57fbbc799330_0 .net "DATA_OUT_EXPECTED", 7 0, v0x57fbbc7984e0_0;  1 drivers
v0x57fbbc799480_0 .net "EMPTY", 0 0, L_0x57fbbc79b470;  1 drivers
v0x57fbbc799520_0 .var "EMPTY_EXPECTED", 0 0;
v0x57fbbc7995c0_0 .var "ERRORS", 31 0;
v0x57fbbc7996a0_0 .var/i "FD", 31 0;
v0x57fbbc799780_0 .net "FULL", 0 0, L_0x57fbbc79ba90;  1 drivers
v0x57fbbc799870_0 .var "FULL_EXPECTED", 0 0;
v0x57fbbc799930_0 .net "NEXTW", 0 0, L_0x57fbbc73bcd0;  1 drivers
v0x57fbbc7999d0_0 .var "NEXT_R", 0 0;
v0x57fbbc799b80_0 .var "NEXT_W", 0 0;
v0x57fbbc799c20_0 .var "POP", 0 0;
v0x57fbbc799cc0_0 .var "PUSH", 0 0;
v0x57fbbc799d60_0 .net "R_PTR", 4 0, v0x57fbbc7947b0_0;  1 drivers
v0x57fbbc799e00_0 .var "R_PTR_EXPECTED", 4 0;
v0x57fbbc799ea0_0 .var "R_RST", 0 0;
v0x57fbbc799fd0_0 .var "TICK", 0 0;
v0x57fbbc79a090_0 .var "TICK_R", 0 0;
v0x57fbbc79a1c0_0 .var "TICK_W", 0 0;
v0x57fbbc79a2f0_0 .var "VECTORCOUNT", 31 0;
v0x57fbbc79a3d0_0 .var "WRAP_R", 0 0;
v0x57fbbc79a490_0 .var "WRAP_W", 0 0;
v0x57fbbc79a550_0 .net "W_PTR", 4 0, v0x57fbbc794ff0_0;  1 drivers
v0x57fbbc79a610_0 .var "W_PTR_EXPECTED", 4 0;
v0x57fbbc79a6f0_0 .var "W_RST", 0 0;
v0x57fbbc79a820_0 .var "eof", 0 0;
v0x57fbbc79a8e0_0 .var/2s "i", 31 0;
v0x57fbbc79a9c0_0 .var "prev_ADDRA_EXPECTED", 4 0;
v0x57fbbc79aaa0_0 .var "prev_ADDRB_EXPECTED", 4 0;
v0x57fbbc79ab80_0 .var "prev_INPUT", 11 0;
v0x57fbbc79ac60_0 .var "prev_state", 1 0;
v0x57fbbc79ad40 .array "state_input_coverage", 47 0, 31 0;
v0x57fbbc79ae00_0 .var "wrap_coverage_r", 31 0;
v0x57fbbc79aee0_0 .var "wrap_coverage_w", 31 0;
E_0x57fbbc72bad0 .event anyedge, v0x57fbbc79a820_0;
E_0x57fbbc72bd30 .event posedge, v0x57fbbc799fd0_0;
E_0x57fbbc72b820/0 .event anyedge, v0x57fbbc799870_0, v0x57fbbc799520_0, v0x57fbbc796b00_0, v0x57fbbc796ba0_0;
E_0x57fbbc72b820/1 .event anyedge, v0x57fbbc799e00_0, v0x57fbbc79a610_0;
E_0x57fbbc72b820 .event/or E_0x57fbbc72b820/0, E_0x57fbbc72b820/1;
E_0x57fbbc6f6650 .event negedge, v0x57fbbc799fd0_0;
L_0x57fbbc79bb50 .part v0x57fbbc798c50_0, 0, 4;
L_0x57fbbc79bbf0 .part v0x57fbbc798e10_0, 0, 4;
S_0x57fbbc6e0140 .scope task, "OUT_EXP_R" "OUT_EXP_R" 3 216, 3 216 0, S_0x57fbbc766f60;
 .timescale -9 -11;
TD_tb_fifo_asynchronous.OUT_EXP_R ;
    %load/vec4 v0x57fbbc799ea0_0;
    %flag_set/vec4 8;
    %jmp/0xz  T_0.0, 8;
    %pushi/vec4 0, 0, 5;
    %store/vec4 v0x57fbbc799e00_0, 0, 5;
    %jmp T_0.1;
T_0.0 ;
    %load/vec4 v0x57fbbc7999d0_0;
    %flag_set/vec4 8;
    %jmp/0xz  T_0.2, 8;
    %load/vec4 v0x57fbbc799e00_0;
    %addi 1, 0, 5;
    %store/vec4 v0x57fbbc799e00_0, 0, 5;
T_0.2 ;
T_0.1 ;
    %load/vec4 v0x57fbbc798e10_0;
    %parti/s 1, 4, 4;
    %load/vec4 v0x57fbbc79aaa0_0;
    %parti/s 1, 4, 4;
    %cmp/ne;
    %flag_get/vec4 4;
    %jmp/0 T_0.4, 4;
    %load/vec4 v0x57fbbc79aaa0_0;
    %parti/s 4, 0, 2;
    %pushi/vec4 15, 0, 4;
    %cmp/e;
    %flag_get/vec4 4;
    %and;
T_0.4;
    %store/vec4 v0x57fbbc79a3d0_0, 0, 1;
    %end;
S_0x57fbbc766aa0 .scope task, "OUT_EXP_W" "OUT_EXP_W" 3 194, 3 194 0, S_0x57fbbc766f60;
 .timescale -9 -11;
TD_tb_fifo_asynchronous.OUT_EXP_W ;
    %load/vec4 v0x57fbbc79a610_0;
    %parti/s 1, 4, 4;
    %load/vec4 v0x57fbbc799e00_0;
    %parti/s 1, 4, 4;
    %cmp/ne;
    %flag_get/vec4 4;
    %jmp/0 T_1.7, 4;
    %load/vec4 v0x57fbbc79a610_0;
    %parti/s 4, 0, 2;
    %load/vec4 v0x57fbbc799e00_0;
    %parti/s 4, 0, 2;
    %cmp/ne;
    %flag_get/vec4 6;
    %and;
T_1.7;
    %flag_set/vec4 8;
    %jmp/0xz  T_1.5, 8;
    %load/vec4 v0x57fbbc79a610_0;
    %parti/s 1, 4, 4;
    %inv;
    %ix/load 4, 4, 0;
    %flag_set/imm 4, 0;
    %store/vec4 v0x57fbbc79a610_0, 4, 1;
T_1.5 ;
    %load/vec4 v0x57fbbc79a6f0_0;
    %flag_set/vec4 8;
    %jmp/0xz  T_1.8, 8;
    %pushi/vec4 0, 0, 5;
    %store/vec4 v0x57fbbc79a610_0, 0, 5;
    %jmp T_1.9;
T_1.8 ;
    %load/vec4 v0x57fbbc799b80_0;
    %flag_set/vec4 8;
    %jmp/0xz  T_1.10, 8;
    %load/vec4 v0x57fbbc79a610_0;
    %addi 1, 0, 5;
    %store/vec4 v0x57fbbc79a610_0, 0, 5;
T_1.10 ;
T_1.9 ;
    %load/vec4 v0x57fbbc798c50_0;
    %parti/s 1, 4, 4;
    %load/vec4 v0x57fbbc79a9c0_0;
    %parti/s 1, 4, 4;
    %cmp/ne;
    %flag_get/vec4 4;
    %jmp/0 T_1.12, 4;
    %load/vec4 v0x57fbbc79a9c0_0;
    %parti/s 4, 0, 2;
    %pushi/vec4 15, 0, 4;
    %cmp/e;
    %flag_get/vec4 4;
    %and;
T_1.12;
    %store/vec4 v0x57fbbc79a490_0, 0, 1;
    %end;
S_0x57fbbc738980 .scope task, "close" "close" 3 235, 3 235 0, S_0x57fbbc766f60;
 .timescale -9 -11;
TD_tb_fifo_asynchronous.close ;
    %delay 1000, 0;
    %vpi_call/w 3 239 "$fclose", v0x57fbbc7996a0_0 {0 0 0};
    %vpi_call/w 3 241 "$display" {0 0 0};
    %vpi_call/w 3 242 "$display", "COVERAGE_REPORT" {0 0 0};
    %vpi_call/w 3 243 "$display" {0 0 0};
    %vpi_call/w 3 244 "$display" {0 0 0};
    %vpi_call/w 3 245 "$display" {0 0 0};
    %load/vec4 v0x57fbbc79aee0_0;
    %cmpi/e 0, 0, 32;
    %jmp/0xz  T_2.13, 4;
    %vpi_call/w 3 250 "$display", "wrap around for write has occured %58d times ***ERROR***", v0x57fbbc79aee0_0 {0 0 0};
    %load/vec4 v0x57fbbc7995c0_0;
    %addi 1, 0, 32;
    %store/vec4 v0x57fbbc7995c0_0, 0, 32;
    %jmp T_2.14;
T_2.13 ;
    %vpi_call/w 3 256 "$display", "wrap around for write has occured %58d times", v0x57fbbc79aee0_0 {0 0 0};
T_2.14 ;
    %load/vec4 v0x57fbbc79ae00_0;
    %cmpi/e 0, 0, 32;
    %jmp/0xz  T_2.15, 4;
    %vpi_call/w 3 260 "$display", "wrap around for read has occured %58d times ***ERROR***", v0x57fbbc79ae00_0 {0 0 0};
    %load/vec4 v0x57fbbc7995c0_0;
    %addi 1, 0, 32;
    %store/vec4 v0x57fbbc7995c0_0, 0, 32;
    %jmp T_2.16;
T_2.15 ;
    %vpi_call/w 3 266 "$display", "wrap around for read has occured %58d times", v0x57fbbc79ae00_0 {0 0 0};
T_2.16 ;
    %fork t_1, S_0x57fbbc738b60;
    %jmp t_0;
    .scope S_0x57fbbc738b60;
t_1 ;
    %pushi/vec4 0, 0, 32;
    %store/vec4 v0x57fbbc7774c0_0, 0, 32;
T_2.17 ;
    %load/vec4 v0x57fbbc7774c0_0;
    %cmpi/s 48, 0, 32;
    %jmp/0xz T_2.18, 5;
    %ix/getv/s 4, v0x57fbbc7774c0_0;
    %load/vec4a v0x57fbbc79ad40, 4;
    %cmpi/e 0, 0, 32;
    %jmp/0xz  T_2.19, 4;
    %vpi_call/w 3 274 "$display", "state FULL = %b, EMPTY = %b, input W_RST = %b, PUSH = %b, R_RST = %b, POP = %b has occured %d times ***ERROR***", &PV<v0x57fbbc7774c0_0, 5, 1>, &PV<v0x57fbbc7774c0_0, 4, 1>, &PV<v0x57fbbc7774c0_0, 3, 1>, &PV<v0x57fbbc7774c0_0, 2, 1>, &PV<v0x57fbbc7774c0_0, 1, 1>, &PV<v0x57fbbc7774c0_0, 0, 1>, &A<v0x57fbbc79ad40, v0x57fbbc7774c0_0 > {0 0 0};
    %load/vec4 v0x57fbbc7995c0_0;
    %addi 1, 0, 32;
    %store/vec4 v0x57fbbc7995c0_0, 0, 32;
    %jmp T_2.20;
T_2.19 ;
    %load/vec4 v0x57fbbc7774c0_0;
    %parti/s 2, 2, 3;
    %cmpi/e 2, 0, 2;
    %jmp/0xz  T_2.21, 4;
    %vpi_call/w 3 280 "$display", "state FULL = %b, EMPTY = %b, input W_RST = %b, PUSH = %b, R_RST = %b, POP = %b has occured %d times ***identical behavior as while W_RST == 1 and PUSH == 1***", &PV<v0x57fbbc7774c0_0, 5, 1>, &PV<v0x57fbbc7774c0_0, 4, 1>, &PV<v0x57fbbc7774c0_0, 3, 1>, &PV<v0x57fbbc7774c0_0, 2, 1>, &PV<v0x57fbbc7774c0_0, 1, 1>, &PV<v0x57fbbc7774c0_0, 0, 1>, &A<v0x57fbbc79ad40, v0x57fbbc7774c0_0 > {0 0 0};
T_2.21 ;
    %load/vec4 v0x57fbbc7774c0_0;
    %parti/s 2, 0, 2;
    %cmpi/e 2, 0, 2;
    %jmp/0xz  T_2.23, 4;
    %vpi_call/w 3 284 "$display", "state FULL = %b, EMPTY = %b, input W_RST = %b, PUSH = %b, R_RST = %b, POP = %b has occured %d times ***identical behavior as while R_RST == 1 and POP == 1***", &PV<v0x57fbbc7774c0_0, 5, 1>, &PV<v0x57fbbc7774c0_0, 4, 1>, &PV<v0x57fbbc7774c0_0, 3, 1>, &PV<v0x57fbbc7774c0_0, 2, 1>, &PV<v0x57fbbc7774c0_0, 1, 1>, &PV<v0x57fbbc7774c0_0, 0, 1>, &A<v0x57fbbc79ad40, v0x57fbbc7774c0_0 > {0 0 0};
    %jmp T_2.24;
T_2.23 ;
    %load/vec4 v0x57fbbc7774c0_0;
    %parti/s 2, 2, 3;
    %cmpi/ne 2, 0, 2;
    %flag_get/vec4 6;
    %jmp/0 T_2.27, 6;
    %load/vec4 v0x57fbbc7774c0_0;
    %parti/s 2, 0, 2;
    %pushi/vec4 2, 0, 2;
    %cmp/ne;
    %flag_get/vec4 6;
    %and;
T_2.27;
    %flag_set/vec4 8;
    %jmp/0xz  T_2.25, 8;
    %vpi_call/w 3 288 "$display", "state FULL = %b, EMPTY = %b, input W_RST = %b, PUSH = %b, R_RST = %b, POP = %b has occured %d times ", &PV<v0x57fbbc7774c0_0, 5, 1>, &PV<v0x57fbbc7774c0_0, 4, 1>, &PV<v0x57fbbc7774c0_0, 3, 1>, &PV<v0x57fbbc7774c0_0, 2, 1>, &PV<v0x57fbbc7774c0_0, 1, 1>, &PV<v0x57fbbc7774c0_0, 0, 1>, &A<v0x57fbbc79ad40, v0x57fbbc7774c0_0 > {0 0 0};
T_2.25 ;
T_2.24 ;
T_2.20 ;
    ; show_stmt_assign_vector: Get l-value for compressed += operand
    %load/vec4 v0x57fbbc7774c0_0;
    %pushi/vec4 1, 0, 32;
    %add;
    %cast2;
    %store/vec4 v0x57fbbc7774c0_0, 0, 32;
    %jmp T_2.17;
T_2.18 ;
    %end;
    .scope S_0x57fbbc738980;
t_0 %join;
    %vpi_call/w 3 298 "$display" {0 0 0};
    %vpi_call/w 3 299 "$display", "VECTORCOUNT = %d", v0x57fbbc79a2f0_0 {0 0 0};
    %vpi_call/w 3 300 "$display", "ERRORS = %15d", v0x57fbbc7995c0_0 {0 0 0};
    %vpi_call/w 3 301 "$display" {0 0 0};
    %vpi_call/w 3 302 "$display", "TEST_END--------------------------------------------------------------------------------------------------------------------------" {0 0 0};
    %vpi_call/w 3 303 "$display" {0 0 0};
    %vpi_call/w 3 305 "$finish" {0 0 0};
    %end;
S_0x57fbbc738b60 .scope begin, "$ivl_for_loop0" "$ivl_for_loop0" 3 270, 3 270 0, S_0x57fbbc738980;
 .timescale -9 -11;
v0x57fbbc7774c0_0 .var/2s "j", 31 0;
S_0x57fbbc7927b0 .scope task, "comb_logic" "comb_logic" 3 174, 3 174 0, S_0x57fbbc766f60;
 .timescale -9 -11;
TD_tb_fifo_asynchronous.comb_logic ;
    %load/vec4 v0x57fbbc79a610_0;
    %store/vec4 v0x57fbbc798c50_0, 0, 5;
    %load/vec4 v0x57fbbc799e00_0;
    %store/vec4 v0x57fbbc798e10_0, 0, 5;
    %load/vec4 v0x57fbbc799cc0_0;
    %load/vec4 v0x57fbbc799870_0;
    %nor/r;
    %and;
    %store/vec4 v0x57fbbc799b80_0, 0, 1;
    %load/vec4 v0x57fbbc799c20_0;
    %load/vec4 v0x57fbbc799520_0;
    %nor/r;
    %and;
    %store/vec4 v0x57fbbc7999d0_0, 0, 1;
    %load/vec4 v0x57fbbc79a610_0;
    %load/vec4 v0x57fbbc799e00_0;
    %cmp/e;
    %flag_get/vec4 4;
    %store/vec4 v0x57fbbc799520_0, 0, 1;
    %load/vec4 v0x57fbbc79a610_0;
    %parti/s 1, 4, 4;
    %load/vec4 v0x57fbbc799e00_0;
    %parti/s 1, 4, 4;
    %cmp/ne;
    %flag_get/vec4 4;
    %jmp/0 T_3.28, 4;
    %load/vec4 v0x57fbbc79a610_0;
    %parti/s 4, 0, 2;
    %load/vec4 v0x57fbbc799e00_0;
    %parti/s 4, 0, 2;
    %cmp/e;
    %flag_get/vec4 4;
    %and;
T_3.28;
    %store/vec4 v0x57fbbc799870_0, 0, 1;
    %end;
S_0x57fbbc792990 .scope task, "comment" "comment" 3 153, 3 153 0, S_0x57fbbc766f60;
 .timescale -9 -11;
TD_tb_fifo_asynchronous.comment ;
    %load/vec4 v0x57fbbc79a6f0_0;
    %flag_set/vec4 9;
    %flag_get/vec4 9;
    %jmp/0 T_4.31, 9;
    %load/vec4 v0x57fbbc799ea0_0;
    %and;
T_4.31;
    %flag_set/vec4 8;
    %jmp/0xz  T_4.29, 8;
    %pushi/vec4 0, 0, 32; draw_string_vec4
    %pushi/vec4 0, 0, 32; draw_string_vec4
    %concat/vec4; draw_string_vec4
    %pushi/vec4 0, 0, 32; draw_string_vec4
    %concat/vec4; draw_string_vec4
    %pushi/vec4 0, 0, 32; draw_string_vec4
    %concat/vec4; draw_string_vec4
    %pushi/vec4 0, 0, 32; draw_string_vec4
    %concat/vec4; draw_string_vec4
    %pushi/vec4 0, 0, 32; draw_string_vec4
    %concat/vec4; draw_string_vec4
    %pushi/vec4 5722719, 0, 32; draw_string_vec4
    %concat/vec4; draw_string_vec4
    %pushi/vec4 5395284, 0, 24; draw_string_vec4
    %concat/vec4; draw_string_vec4
    %store/vec4 v0x57fbbc798f70_0, 0, 248;
    %jmp T_4.30;
T_4.29 ;
    %load/vec4 v0x57fbbc79a6f0_0;
    %flag_set/vec4 8;
    %jmp/0xz  T_4.32, 8;
    %pushi/vec4 0, 0, 32; draw_string_vec4
    %pushi/vec4 0, 0, 32; draw_string_vec4
    %concat/vec4; draw_string_vec4
    %pushi/vec4 0, 0, 32; draw_string_vec4
    %concat/vec4; draw_string_vec4
    %pushi/vec4 0, 0, 32; draw_string_vec4
    %concat/vec4; draw_string_vec4
    %pushi/vec4 0, 0, 32; draw_string_vec4
    %concat/vec4; draw_string_vec4
    %pushi/vec4 0, 0, 32; draw_string_vec4
    %concat/vec4; draw_string_vec4
    %pushi/vec4 22367, 0, 32; draw_string_vec4
    %concat/vec4; draw_string_vec4
    %pushi/vec4 5395284, 0, 24; draw_string_vec4
    %concat/vec4; draw_string_vec4
    %store/vec4 v0x57fbbc798f70_0, 0, 248;
    %jmp T_4.33;
T_4.32 ;
    %load/vec4 v0x57fbbc799ea0_0;
    %flag_set/vec4 8;
    %jmp/0xz  T_4.34, 8;
    %pushi/vec4 0, 0, 32; draw_string_vec4
    %pushi/vec4 0, 0, 32; draw_string_vec4
    %concat/vec4; draw_string_vec4
    %pushi/vec4 0, 0, 32; draw_string_vec4
    %concat/vec4; draw_string_vec4
    %pushi/vec4 0, 0, 32; draw_string_vec4
    %concat/vec4; draw_string_vec4
    %pushi/vec4 0, 0, 32; draw_string_vec4
    %concat/vec4; draw_string_vec4
    %pushi/vec4 0, 0, 32; draw_string_vec4
    %concat/vec4; draw_string_vec4
    %pushi/vec4 21087, 0, 32; draw_string_vec4
    %concat/vec4; draw_string_vec4
    %pushi/vec4 5395284, 0, 24; draw_string_vec4
    %concat/vec4; draw_string_vec4
    %store/vec4 v0x57fbbc798f70_0, 0, 248;
    %jmp T_4.35;
T_4.34 ;
    %load/vec4 v0x57fbbc79a6f0_0;
    %nor/r;
    %flag_set/vec4 9;
    %flag_get/vec4 9;
    %jmp/0 T_4.38, 9;
    %load/vec4 v0x57fbbc799ea0_0;
    %nor/r;
    %and;
T_4.38;
    %flag_set/vec4 8;
    %jmp/0xz  T_4.36, 8;
    %load/vec4 v0x57fbbc799870_0;
    %load/vec4 v0x57fbbc799520_0;
    %concat/vec4; draw_concat_vec4
    %dup/vec4;
    %pushi/vec4 0, 0, 2;
    %cmp/u;
    %jmp/1 T_4.39, 6;
    %dup/vec4;
    %pushi/vec4 1, 0, 2;
    %cmp/u;
    %jmp/1 T_4.40, 6;
    %dup/vec4;
    %pushi/vec4 2, 0, 2;
    %cmp/u;
    %jmp/1 T_4.41, 6;
    %pushi/vec4 0, 0, 32; draw_string_vec4
    %pushi/vec4 0, 0, 32; draw_string_vec4
    %concat/vec4; draw_string_vec4
    %pushi/vec4 0, 0, 32; draw_string_vec4
    %concat/vec4; draw_string_vec4
    %pushi/vec4 0, 0, 32; draw_string_vec4
    %concat/vec4; draw_string_vec4
    %pushi/vec4 0, 0, 32; draw_string_vec4
    %concat/vec4; draw_string_vec4
    %pushi/vec4 0, 0, 32; draw_string_vec4
    %concat/vec4; draw_string_vec4
    %pushi/vec4 1229737029, 0, 32; draw_string_vec4
    %concat/vec4; draw_string_vec4
    %pushi/vec4 4669772, 0, 24; draw_string_vec4
    %concat/vec4; draw_string_vec4
    %store/vec4 v0x57fbbc798f70_0, 0, 248;
    %jmp T_4.43;
T_4.39 ;
    %pushi/vec4 0, 0, 32; draw_string_vec4
    %pushi/vec4 0, 0, 32; draw_string_vec4
    %concat/vec4; draw_string_vec4
    %pushi/vec4 0, 0, 32; draw_string_vec4
    %concat/vec4; draw_string_vec4
    %pushi/vec4 0, 0, 32; draw_string_vec4
    %concat/vec4; draw_string_vec4
    %pushi/vec4 0, 0, 32; draw_string_vec4
    %concat/vec4; draw_string_vec4
    %pushi/vec4 78, 0, 32; draw_string_vec4
    %concat/vec4; draw_string_vec4
    %pushi/vec4 1330929478, 0, 32; draw_string_vec4
    %concat/vec4; draw_string_vec4
    %pushi/vec4 5590092, 0, 24; draw_string_vec4
    %concat/vec4; draw_string_vec4
    %store/vec4 v0x57fbbc798f70_0, 0, 248;
    %jmp T_4.43;
T_4.40 ;
    %pushi/vec4 0, 0, 32; draw_string_vec4
    %pushi/vec4 0, 0, 32; draw_string_vec4
    %concat/vec4; draw_string_vec4
    %pushi/vec4 0, 0, 32; draw_string_vec4
    %concat/vec4; draw_string_vec4
    %pushi/vec4 0, 0, 32; draw_string_vec4
    %concat/vec4; draw_string_vec4
    %pushi/vec4 0, 0, 32; draw_string_vec4
    %concat/vec4; draw_string_vec4
    %pushi/vec4 0, 0, 32; draw_string_vec4
    %concat/vec4; draw_string_vec4
    %pushi/vec4 17741, 0, 32; draw_string_vec4
    %concat/vec4; draw_string_vec4
    %pushi/vec4 5264473, 0, 24; draw_string_vec4
    %concat/vec4; draw_string_vec4
    %store/vec4 v0x57fbbc798f70_0, 0, 248;
    %jmp T_4.43;
T_4.41 ;
    %pushi/vec4 0, 0, 32; draw_string_vec4
    %pushi/vec4 0, 0, 32; draw_string_vec4
    %concat/vec4; draw_string_vec4
    %pushi/vec4 0, 0, 32; draw_string_vec4
    %concat/vec4; draw_string_vec4
    %pushi/vec4 0, 0, 32; draw_string_vec4
    %concat/vec4; draw_string_vec4
    %pushi/vec4 0, 0, 32; draw_string_vec4
    %concat/vec4; draw_string_vec4
    %pushi/vec4 0, 0, 32; draw_string_vec4
    %concat/vec4; draw_string_vec4
    %pushi/vec4 70, 0, 32; draw_string_vec4
    %concat/vec4; draw_string_vec4
    %pushi/vec4 5590092, 0, 24; draw_string_vec4
    %concat/vec4; draw_string_vec4
    %store/vec4 v0x57fbbc798f70_0, 0, 248;
    %jmp T_4.43;
T_4.43 ;
    %pop/vec4 1;
T_4.36 ;
T_4.35 ;
T_4.33 ;
T_4.30 ;
    %end;
S_0x57fbbc792bc0 .scope task, "coverage_update" "coverage_update" 3 339, 3 339 0, S_0x57fbbc766f60;
 .timescale -9 -11;
TD_tb_fifo_asynchronous.coverage_update ;
    ; show_stmt_assign_vector: Get l-value for compressed += operand
    %load/vec4 v0x57fbbc79ac60_0;
    %load/vec4 v0x57fbbc79a6f0_0;
    %concat/vec4; draw_concat_vec4
    %load/vec4 v0x57fbbc799cc0_0;
    %concat/vec4; draw_concat_vec4
    %load/vec4 v0x57fbbc799ea0_0;
    %concat/vec4; draw_concat_vec4
    %load/vec4 v0x57fbbc799c20_0;
    %concat/vec4; draw_concat_vec4
    %pad/u 7;
    %ix/vec4 4;
    %flag_mov 8, 4;
    %load/vec4a v0x57fbbc79ad40, 4;
    %pushi/vec4 1, 0, 32;
    %add;
    %flag_mov 4, 8;
    %store/vec4a v0x57fbbc79ad40, 4, 0;
    %fork t_3, S_0x57fbbc792da0;
    %jmp t_2;
    .scope S_0x57fbbc792da0;
t_3 ;
    %pushi/vec4 0, 0, 32;
    %store/vec4 v0x57fbbc771a60_0, 0, 32;
T_5.44 ;
    %load/vec4 v0x57fbbc771a60_0;
    %cmpi/s 3, 0, 32;
    %jmp/0xz T_5.45, 5;
    %load/vec4 v0x57fbbc79ac60_0;
    %load/vec4 v0x57fbbc771a60_0;
    %parti/s 2, 0, 2;
    %cmp/e;
    %flag_get/vec4 4;
    %jmp/0 T_5.48, 4;
    %load/vec4 v0x57fbbc79a6f0_0;
    %load/vec4 v0x57fbbc799cc0_0;
    %concat/vec4; draw_concat_vec4
    %pushi/vec4 3, 0, 2;
    %cmp/e;
    %flag_get/vec4 4;
    %and;
T_5.48;
    %flag_set/vec4 8;
    %jmp/0xz  T_5.46, 8;
    %fork t_5, S_0x57fbbc792fa0;
    %jmp t_4;
    .scope S_0x57fbbc792fa0;
t_5 ;
    %pushi/vec4 0, 0, 32;
    %store/vec4 v0x57fbbc772d70_0, 0, 32;
T_5.49 ;
    %load/vec4 v0x57fbbc772d70_0;
    %cmpi/s 4, 0, 32;
    %jmp/0xz T_5.50, 5;
    ; show_stmt_assign_vector: Get l-value for compressed += operand
    %load/vec4 v0x57fbbc771a60_0;
    %parti/s 2, 0, 2;
    %concati/vec4 2, 0, 2;
    %load/vec4 v0x57fbbc772d70_0;
    %parti/s 2, 0, 2;
    %concat/vec4; draw_concat_vec4
    %pad/u 7;
    %ix/vec4 4;
    %flag_mov 8, 4;
    %load/vec4a v0x57fbbc79ad40, 4;
    %pushi/vec4 1, 0, 32;
    %add;
    %flag_mov 4, 8;
    %store/vec4a v0x57fbbc79ad40, 4, 0;
    ; show_stmt_assign_vector: Get l-value for compressed += operand
    %load/vec4 v0x57fbbc772d70_0;
    %pushi/vec4 1, 0, 32;
    %add;
    %cast2;
    %store/vec4 v0x57fbbc772d70_0, 0, 32;
    %jmp T_5.49;
T_5.50 ;
    %end;
    .scope S_0x57fbbc792da0;
t_4 %join;
T_5.46 ;
    %load/vec4 v0x57fbbc79ac60_0;
    %load/vec4 v0x57fbbc771a60_0;
    %parti/s 2, 0, 2;
    %cmp/e;
    %flag_get/vec4 4;
    %jmp/0 T_5.53, 4;
    %load/vec4 v0x57fbbc799ea0_0;
    %load/vec4 v0x57fbbc799c20_0;
    %concat/vec4; draw_concat_vec4
    %pushi/vec4 3, 0, 2;
    %cmp/e;
    %flag_get/vec4 4;
    %and;
T_5.53;
    %flag_set/vec4 8;
    %jmp/0xz  T_5.51, 8;
    %fork t_7, S_0x57fbbc793200;
    %jmp t_6;
    .scope S_0x57fbbc793200;
t_7 ;
    %pushi/vec4 0, 0, 32;
    %store/vec4 v0x57fbbc773820_0, 0, 32;
T_5.54 ;
    %load/vec4 v0x57fbbc773820_0;
    %cmpi/s 4, 0, 32;
    %jmp/0xz T_5.55, 5;
    ; show_stmt_assign_vector: Get l-value for compressed += operand
    %load/vec4 v0x57fbbc771a60_0;
    %parti/s 2, 0, 2;
    %load/vec4 v0x57fbbc773820_0;
    %parti/s 2, 0, 2;
    %concat/vec4; draw_concat_vec4
    %concati/vec4 2, 0, 2;
    %pad/u 7;
    %ix/vec4 4;
    %flag_mov 8, 4;
    %load/vec4a v0x57fbbc79ad40, 4;
    %pushi/vec4 1, 0, 32;
    %add;
    %flag_mov 4, 8;
    %store/vec4a v0x57fbbc79ad40, 4, 0;
    ; show_stmt_assign_vector: Get l-value for compressed += operand
    %load/vec4 v0x57fbbc773820_0;
    %pushi/vec4 1, 0, 32;
    %add;
    %cast2;
    %store/vec4 v0x57fbbc773820_0, 0, 32;
    %jmp T_5.54;
T_5.55 ;
    %end;
    .scope S_0x57fbbc792da0;
t_6 %join;
T_5.51 ;
    ; show_stmt_assign_vector: Get l-value for compressed += operand
    %load/vec4 v0x57fbbc771a60_0;
    %pushi/vec4 1, 0, 32;
    %add;
    %cast2;
    %store/vec4 v0x57fbbc771a60_0, 0, 32;
    %jmp T_5.44;
T_5.45 ;
    %end;
    .scope S_0x57fbbc792bc0;
t_2 %join;
    %load/vec4 v0x57fbbc79a490_0;
    %flag_set/vec4 8;
    %jmp/0xz  T_5.56, 8;
    ; show_stmt_assign_vector: Get l-value for compressed += operand
    %load/vec4 v0x57fbbc79aee0_0;
    %pushi/vec4 1, 0, 32;
    %add;
    %store/vec4 v0x57fbbc79aee0_0, 0, 32;
T_5.56 ;
    %load/vec4 v0x57fbbc79a3d0_0;
    %flag_set/vec4 8;
    %jmp/0xz  T_5.58, 8;
    ; show_stmt_assign_vector: Get l-value for compressed += operand
    %load/vec4 v0x57fbbc79ae00_0;
    %pushi/vec4 1, 0, 32;
    %add;
    %store/vec4 v0x57fbbc79ae00_0, 0, 32;
T_5.58 ;
    %end;
S_0x57fbbc792da0 .scope begin, "$ivl_for_loop1" "$ivl_for_loop1" 3 343, 3 343 0, S_0x57fbbc792bc0;
 .timescale -9 -11;
v0x57fbbc771a60_0 .var/2s "j", 31 0;
S_0x57fbbc792fa0 .scope begin, "$ivl_for_loop2" "$ivl_for_loop2" 3 346, 3 346 0, S_0x57fbbc792da0;
 .timescale -9 -11;
v0x57fbbc772d70_0 .var/2s "k", 31 0;
S_0x57fbbc793200 .scope begin, "$ivl_for_loop3" "$ivl_for_loop3" 3 351, 3 351 0, S_0x57fbbc792da0;
 .timescale -9 -11;
v0x57fbbc773820_0 .var/2s "k", 31 0;
S_0x57fbbc7934a0 .scope task, "display_file" "display_file" 3 323, 3 323 0, S_0x57fbbc766f60;
 .timescale -9 -11;
TD_tb_fifo_asynchronous.display_file ;
    %load/vec4 v0x57fbbc79a1c0_0;
    %flag_set/vec4 8;
    %jmp/0xz  T_6.60, 8;
    %vpi_call/w 3 326 "$display", "%10d %9s | %4d | %3b    | %3b   | %2b   | %4c    | %2b   | %7b       | %5b  | %10b      | %3b    | %5b | %9b      |", v0x57fbbc79a2f0_0, v0x57fbbc798f70_0, $time, v0x57fbbc79a1c0_0, v0x57fbbc79a6f0_0, v0x57fbbc799cc0_0, v0x57fbbc799160_0, v0x57fbbc799780_0, v0x57fbbc799870_0, &PV<v0x57fbbc798d50_0, 0, 4>, &PV<v0x57fbbc79a9c0_0, 0, 4>, v0x57fbbc79a490_0, v0x57fbbc79a550_0, v0x57fbbc79a610_0 {0 0 0};
T_6.60 ;
    %load/vec4 v0x57fbbc79a090_0;
    %flag_set/vec4 8;
    %jmp/0xz  T_6.62, 8;
    %vpi_call/w 3 329 "$display", "%10d %9s | %4d |%117s| %3b    | %3b   | %2b  | %3b   | %7b        | %5b  | %10b      | %3b    | %5b | %9b      | %4c     | %9c         |", v0x57fbbc79a2f0_0, v0x57fbbc798f70_0, $time, "\000", v0x57fbbc79a1c0_0, v0x57fbbc799ea0_0, v0x57fbbc799c20_0, v0x57fbbc799480_0, v0x57fbbc799520_0, &PV<v0x57fbbc798eb0_0, 0, 4>, &PV<v0x57fbbc79aaa0_0, 0, 4>, v0x57fbbc79a3d0_0, v0x57fbbc799d60_0, v0x57fbbc799e00_0, v0x57fbbc799220_0, v0x57fbbc799330_0 {0 0 0};
T_6.62 ;
    %end;
S_0x57fbbc793680 .scope module, "dut_fifo_asynchronous" "fifo_asynchronous" 3 56, 4 1 0, S_0x57fbbc766f60;
 .timescale -9 -11;
    .port_info 0 /INPUT 1 "w_clk";
    .port_info 1 /INPUT 1 "w_rst";
    .port_info 2 /INPUT 1 "push";
    .port_info 3 /INPUT 8 "data_in";
    .port_info 4 /OUTPUT 1 "full";
    .port_info 5 /OUTPUT 5 "w_ptr";
    .port_info 6 /OUTPUT 5 "addra";
    .port_info 7 /OUTPUT 1 "nextw";
    .port_info 8 /INPUT 1 "r_clk";
    .port_info 9 /INPUT 1 "r_rst";
    .port_info 10 /INPUT 1 "pop";
    .port_info 11 /OUTPUT 8 "data_out";
    .port_info 12 /OUTPUT 1 "empty";
    .port_info 13 /OUTPUT 5 "r_ptr";
    .port_info 14 /OUTPUT 5 "addrb";
P_0x57fbbc793860 .param/l "addr_width" 0 4 20, +C4<00000000000000000000000000000100>;
L_0x57fbbc771c90 .functor AND 1, v0x57fbbc799cc0_0, L_0x57fbbc79afc0, C4<1>, C4<1>;
L_0x57fbbc734bb0 .functor AND 1, v0x57fbbc799c20_0, L_0x57fbbc79b0d0, C4<1>, C4<1>;
L_0x57fbbc73bcd0 .functor BUFZ 1, L_0x57fbbc771c90, C4<0>, C4<0>, C4<0>;
v0x57fbbc7960b0_0 .net *"_ivl_1", 0 0, L_0x57fbbc79afc0;  1 drivers
v0x57fbbc796190_0 .net *"_ivl_5", 0 0, L_0x57fbbc79b0d0;  1 drivers
v0x57fbbc796250_0 .net "addr_a", 3 0, L_0x57fbbc79b270;  1 drivers
v0x57fbbc796350_0 .net "addr_b", 3 0, L_0x57fbbc79b3a0;  1 drivers
v0x57fbbc796420_0 .var "addra", 4 0;
v0x57fbbc7964e0_0 .var "addrb", 4 0;
v0x57fbbc7965c0_0 .net "data_in", 7 0, v0x57fbbc799160_0;  1 drivers
v0x57fbbc796680_0 .net "data_out", 7 0, v0x57fbbc795af0_0;  alias, 1 drivers
v0x57fbbc796750_0 .net "empty", 0 0, L_0x57fbbc79b470;  alias, 1 drivers
v0x57fbbc796820_0 .net "full", 0 0, L_0x57fbbc79ba90;  alias, 1 drivers
v0x57fbbc7968f0_0 .net "next_r", 0 0, L_0x57fbbc734bb0;  1 drivers
v0x57fbbc7969c0_0 .net "next_w", 0 0, L_0x57fbbc771c90;  1 drivers
v0x57fbbc796a60_0 .net "nextw", 0 0, L_0x57fbbc73bcd0;  alias, 1 drivers
v0x57fbbc796b00_0 .net "pop", 0 0, v0x57fbbc799c20_0;  1 drivers
v0x57fbbc796ba0_0 .net "push", 0 0, v0x57fbbc799cc0_0;  1 drivers
v0x57fbbc796c40_0 .net "r_clk", 0 0, v0x57fbbc79a090_0;  1 drivers
v0x57fbbc796d30_0 .net "r_ptr", 4 0, v0x57fbbc7947b0_0;  alias, 1 drivers
v0x57fbbc796dd0_0 .net "r_rst", 0 0, v0x57fbbc799ea0_0;  1 drivers
v0x57fbbc796ec0_0 .net "w_clk", 0 0, v0x57fbbc79a1c0_0;  1 drivers
v0x57fbbc796fb0_0 .net "w_ptr", 4 0, v0x57fbbc794ff0_0;  alias, 1 drivers
v0x57fbbc7970c0_0 .net "w_rst", 0 0, v0x57fbbc79a6f0_0;  1 drivers
L_0x57fbbc79afc0 .reduce/nor L_0x57fbbc79ba90;
L_0x57fbbc79b0d0 .reduce/nor L_0x57fbbc79b470;
L_0x57fbbc79b270 .part v0x57fbbc794ff0_0, 0, 4;
L_0x57fbbc79b3a0 .part v0x57fbbc7947b0_0, 0, 4;
S_0x57fbbc793a70 .scope module, "dut_compare_and_status_section" "compare_and_status_section" 4 56, 4 70 0, S_0x57fbbc793680;
 .timescale -9 -11;
    .port_info 0 /INPUT 5 "w_ptr";
    .port_info 1 /INPUT 5 "r_ptr";
    .port_info 2 /OUTPUT 1 "empty";
    .port_info 3 /OUTPUT 1 "full";
P_0x57fbbc793c70 .param/l "addr_width" 0 4 78, +C4<00000000000000000000000000000100>;
L_0x57fbbc79b6e0 .functor XOR 1, L_0x57fbbc79b5a0, L_0x57fbbc79b640, C4<0>, C4<0>;
L_0x57fbbc79ba90 .functor AND 1, L_0x57fbbc79b6e0, L_0x57fbbc79b910, C4<1>, C4<1>;
v0x57fbbc771db0_0 .net *"_ivl_11", 3 0, L_0x57fbbc79b870;  1 drivers
v0x57fbbc770670_0 .net *"_ivl_12", 0 0, L_0x57fbbc79b910;  1 drivers
v0x57fbbc771120_0 .net *"_ivl_3", 0 0, L_0x57fbbc79b5a0;  1 drivers
v0x57fbbc793db0_0 .net *"_ivl_5", 0 0, L_0x57fbbc79b640;  1 drivers
v0x57fbbc793e90_0 .net *"_ivl_6", 0 0, L_0x57fbbc79b6e0;  1 drivers
v0x57fbbc793fa0_0 .net *"_ivl_9", 3 0, L_0x57fbbc79b7a0;  1 drivers
v0x57fbbc794080_0 .net "empty", 0 0, L_0x57fbbc79b470;  alias, 1 drivers
v0x57fbbc794140_0 .net "full", 0 0, L_0x57fbbc79ba90;  alias, 1 drivers
v0x57fbbc794200_0 .net "r_ptr", 4 0, v0x57fbbc7947b0_0;  alias, 1 drivers
v0x57fbbc7942e0_0 .net "w_ptr", 4 0, v0x57fbbc794ff0_0;  alias, 1 drivers
L_0x57fbbc79b470 .cmp/eq 5, v0x57fbbc794ff0_0, v0x57fbbc7947b0_0;
L_0x57fbbc79b5a0 .part v0x57fbbc794ff0_0, 4, 1;
L_0x57fbbc79b640 .part v0x57fbbc7947b0_0, 4, 1;
L_0x57fbbc79b7a0 .part v0x57fbbc794ff0_0, 0, 4;
L_0x57fbbc79b870 .part v0x57fbbc7947b0_0, 0, 4;
L_0x57fbbc79b910 .cmp/eq 4, L_0x57fbbc79b7a0, L_0x57fbbc79b870;
S_0x57fbbc794440 .scope module, "dut_r_ptr_section" "r_ptr_section" 4 52, 4 123 0, S_0x57fbbc793680;
 .timescale -9 -11;
    .port_info 0 /INPUT 1 "clk";
    .port_info 1 /INPUT 1 "rst";
    .port_info 2 /INPUT 1 "next";
    .port_info 3 /OUTPUT 5 "r_ptr";
v0x57fbbc794610_0 .net "clk", 0 0, v0x57fbbc79a090_0;  alias, 1 drivers
v0x57fbbc7946f0_0 .net "next", 0 0, L_0x57fbbc734bb0;  alias, 1 drivers
v0x57fbbc7947b0_0 .var "r_ptr", 4 0;
v0x57fbbc794850_0 .net "rst", 0 0, v0x57fbbc799ea0_0;  alias, 1 drivers
E_0x57fbbc767a70 .event posedge, v0x57fbbc794610_0;
S_0x57fbbc794970 .scope module, "dut_w_ptr_section" "w_ptr_section" 4 47, 4 91 0, S_0x57fbbc793680;
 .timescale -9 -11;
    .port_info 0 /INPUT 1 "clk";
    .port_info 1 /INPUT 1 "rst";
    .port_info 2 /INPUT 1 "next";
    .port_info 3 /INPUT 5 "r_ptr";
    .port_info 4 /OUTPUT 5 "w_ptr";
P_0x57fbbc794b50 .param/l "addr_width" 0 4 99, +C4<00000000000000000000000000000100>;
v0x57fbbc794c70_0 .net "clk", 0 0, v0x57fbbc79a1c0_0;  alias, 1 drivers
v0x57fbbc794d50_0 .net "next", 0 0, L_0x57fbbc771c90;  alias, 1 drivers
v0x57fbbc794e10_0 .net "r_ptr", 4 0, v0x57fbbc7947b0_0;  alias, 1 drivers
v0x57fbbc794f30_0 .net "rst", 0 0, v0x57fbbc79a6f0_0;  alias, 1 drivers
v0x57fbbc794ff0_0 .var "w_ptr", 4 0;
E_0x57fbbc767ee0 .event posedge, v0x57fbbc794c70_0;
S_0x57fbbc795180 .scope module, "test_dual_port_ram_asynchronous" "dual_port_ram_asynchronous" 4 61, 5 1 0, S_0x57fbbc793680;
 .timescale -9 -11;
    .port_info 0 /INPUT 1 "clk_a";
    .port_info 1 /INPUT 1 "rst_a";
    .port_info 2 /INPUT 1 "we_a";
    .port_info 3 /INPUT 4 "addr_a";
    .port_info 4 /INPUT 8 "data_in_a";
    .port_info 5 /OUTPUT 8 "data_out_a";
    .port_info 6 /INPUT 1 "clk_b";
    .port_info 7 /INPUT 1 "rst_b";
    .port_info 8 /INPUT 1 "we_b";
    .port_info 9 /INPUT 4 "addr_b";
    .port_info 10 /INPUT 8 "data_in_b";
    .port_info 11 /OUTPUT 8 "data_out_b";
P_0x57fbbc7509a0 .param/l "ADDR_WIDTH" 0 5 17, +C4<00000000000000000000000000000100>;
P_0x57fbbc7509e0 .param/l "DATA_WIDTH" 0 5 17, +C4<00000000000000000000000000001000>;
P_0x57fbbc750a20 .param/l "MEM_DEPTH" 0 5 17, +C4<00000000000000000000000000010000>;
v0x57fbbc7954b0_0 .net "addr_a", 3 0, L_0x57fbbc79b270;  alias, 1 drivers
v0x57fbbc7955b0_0 .net "addr_b", 3 0, L_0x57fbbc79b3a0;  alias, 1 drivers
v0x57fbbc795690_0 .net "clk_a", 0 0, v0x57fbbc79a1c0_0;  alias, 1 drivers
v0x57fbbc795790_0 .net "clk_b", 0 0, v0x57fbbc79a090_0;  alias, 1 drivers
v0x57fbbc795860_0 .net "data_in_a", 7 0, v0x57fbbc799160_0;  alias, 1 drivers
L_0x72e48b9b7060 .functor BUFT 1, C4<00000000>, C4<0>, C4<0>, C4<0>;
v0x57fbbc795950_0 .net "data_in_b", 7 0, L_0x72e48b9b7060;  1 drivers
v0x57fbbc795a10_0 .var "data_out_a", 7 0;
v0x57fbbc795af0_0 .var "data_out_b", 7 0;
v0x57fbbc795bd0 .array "mem", 0 15, 7 0;
v0x57fbbc795c90_0 .net "rst_a", 0 0, v0x57fbbc79a6f0_0;  alias, 1 drivers
v0x57fbbc795d30_0 .net "rst_b", 0 0, v0x57fbbc799ea0_0;  alias, 1 drivers
v0x57fbbc795e00_0 .net "we_a", 0 0, L_0x57fbbc771c90;  alias, 1 drivers
L_0x72e48b9b7018 .functor BUFT 1, C4<0>, C4<0>, C4<0>, C4<0>;
v0x57fbbc795ed0_0 .net "we_b", 0 0, L_0x72e48b9b7018;  1 drivers
S_0x57fbbc797390 .scope task, "errors_warnings_check" "errors_warnings_check" 3 373, 3 373 0, S_0x57fbbc766f60;
 .timescale -9 -11;
TD_tb_fifo_asynchronous.errors_warnings_check ;
    %load/vec4 v0x57fbbc798d50_0;
    %load/vec4 v0x57fbbc79a9c0_0;
    %cmp/ne;
    %jmp/0xz  T_7.64, 6;
    %vpi_call/w 3 377 "$display", "***ERROR: ADDR_A = %b, ADDR_A_expected = %b", v0x57fbbc798d50_0, v0x57fbbc79a9c0_0 {0 0 0};
    %load/vec4 v0x57fbbc7995c0_0;
    %addi 1, 0, 32;
    %store/vec4 v0x57fbbc7995c0_0, 0, 32;
T_7.64 ;
    %load/vec4 v0x57fbbc798eb0_0;
    %load/vec4 v0x57fbbc79aaa0_0;
    %cmp/ne;
    %jmp/0xz  T_7.66, 6;
    %vpi_call/w 3 384 "$display", "***ERROR: ADDR_B = %b, ADDR_B_expected = %b", v0x57fbbc798eb0_0, v0x57fbbc79aaa0_0 {0 0 0};
    %load/vec4 v0x57fbbc7995c0_0;
    %addi 1, 0, 32;
    %store/vec4 v0x57fbbc7995c0_0, 0, 32;
T_7.66 ;
    %load/vec4 v0x57fbbc799780_0;
    %load/vec4 v0x57fbbc799870_0;
    %cmp/ne;
    %jmp/0xz  T_7.68, 6;
    %vpi_call/w 3 393 "$display", "***ERROR: FULL = %b, FULL_expected = %b", v0x57fbbc799780_0, v0x57fbbc799870_0 {0 0 0};
    %load/vec4 v0x57fbbc7995c0_0;
    %addi 1, 0, 32;
    %store/vec4 v0x57fbbc7995c0_0, 0, 32;
T_7.68 ;
    %load/vec4 v0x57fbbc799480_0;
    %load/vec4 v0x57fbbc799520_0;
    %cmp/ne;
    %jmp/0xz  T_7.70, 6;
    %vpi_call/w 3 401 "$display", "***ERROR: EMPTY = %b, EMPTY_expected = %b", v0x57fbbc799480_0, v0x57fbbc799520_0 {0 0 0};
    %load/vec4 v0x57fbbc7995c0_0;
    %addi 1, 0, 32;
    %store/vec4 v0x57fbbc7995c0_0, 0, 32;
T_7.70 ;
    %load/vec4 v0x57fbbc79a550_0;
    %load/vec4 v0x57fbbc79a610_0;
    %cmp/ne;
    %jmp/0xz  T_7.72, 6;
    %vpi_call/w 3 409 "$display", "***ERROR: W_PTR = %b, W_PTR_expected = %b", v0x57fbbc79a550_0, v0x57fbbc79a610_0 {0 0 0};
    %load/vec4 v0x57fbbc7995c0_0;
    %addi 1, 0, 32;
    %store/vec4 v0x57fbbc7995c0_0, 0, 32;
T_7.72 ;
    %load/vec4 v0x57fbbc799d60_0;
    %load/vec4 v0x57fbbc799e00_0;
    %cmp/ne;
    %jmp/0xz  T_7.74, 6;
    %vpi_call/w 3 417 "$display", "***ERROR: R_PTR = %b, R_PTR_expected = %b", v0x57fbbc799d60_0, v0x57fbbc799e00_0 {0 0 0};
    %load/vec4 v0x57fbbc7995c0_0;
    %addi 1, 0, 32;
    %store/vec4 v0x57fbbc7995c0_0, 0, 32;
T_7.74 ;
    %load/vec4 v0x57fbbc799220_0;
    %load/vec4 v0x57fbbc799330_0;
    %cmp/ne;
    %jmp/0xz  T_7.76, 6;
    %vpi_call/w 3 425 "$display", "***ERROR: DATA_OUT = %b, DATA_OUT_expected = %b", v0x57fbbc799220_0, v0x57fbbc799330_0 {0 0 0};
    %load/vec4 v0x57fbbc7995c0_0;
    %addi 1, 0, 32;
    %store/vec4 v0x57fbbc7995c0_0, 0, 32;
T_7.76 ;
    %load/vec4 v0x57fbbc79a6f0_0;
    %load/vec4 v0x57fbbc799ea0_0;
    %concat/vec4; draw_concat_vec4
    %load/vec4 v0x57fbbc799cc0_0;
    %concat/vec4; draw_concat_vec4
    %load/vec4 v0x57fbbc799c20_0;
    %concat/vec4; draw_concat_vec4
    %load/vec4 v0x57fbbc799160_0;
    %concat/vec4; draw_concat_vec4
    %load/vec4 v0x57fbbc79ab80_0;
    %cmp/ne;
    %jmp/0xz  T_7.78, 4;
    %load/vec4 v0x57fbbc79a6f0_0;
    %load/vec4 v0x57fbbc799ea0_0;
    %concat/vec4; draw_concat_vec4
    %load/vec4 v0x57fbbc799cc0_0;
    %concat/vec4; draw_concat_vec4
    %load/vec4 v0x57fbbc799c20_0;
    %concat/vec4; draw_concat_vec4
    %load/vec4 v0x57fbbc799160_0;
    %concat/vec4; draw_concat_vec4
    %vpi_call/w 3 431 "$display", "prev_INPUT = %b,INPUT=%b", v0x57fbbc79ab80_0, S<0,vec4,u12> {1 0 0};
    %vpi_call/w 3 432 "$display", "***ERROR: INPUT_B - RACING CONDITION OCCUR" {0 0 0};
    %load/vec4 v0x57fbbc7995c0_0;
    %addi 1, 0, 32;
    %store/vec4 v0x57fbbc7995c0_0, 0, 32;
T_7.78 ;
    %end;
S_0x57fbbc797570 .scope task, "initialize" "initialize" 3 97, 3 97 0, S_0x57fbbc766f60;
 .timescale -9 -11;
TD_tb_fifo_asynchronous.initialize ;
    %vpi_func 3 99 "$fopen" 32, "tb_fifo_asynchronous.tv", "r" {0 0 0};
    %store/vec4 v0x57fbbc7996a0_0, 0, 32;
    %vpi_func 3 100 "$fscanf" 32, v0x57fbbc7996a0_0, "%s", v0x57fbbc798f70_0 {0 0 0};
    %store/vec4 v0x57fbbc799080_0, 0, 32;
    %vpi_func 3 101 "$fscanf" 32, v0x57fbbc7996a0_0, "%s %b %b %b %s %b", v0x57fbbc798f70_0, v0x57fbbc79a6f0_0, v0x57fbbc799cc0_0, v0x57fbbc799c20_0, v0x57fbbc799160_0, v0x57fbbc799ea0_0 {0 0 0};
    %store/vec4 v0x57fbbc799080_0, 0, 32;
    %pushi/vec4 0, 0, 1;
    %store/vec4 v0x57fbbc799fd0_0, 0, 1;
    %pushi/vec4 0, 0, 1;
    %store/vec4 v0x57fbbc79a1c0_0, 0, 1;
    %pushi/vec4 0, 0, 1;
    %store/vec4 v0x57fbbc79a090_0, 0, 1;
    %pushi/vec4 0, 0, 32;
    %store/vec4 v0x57fbbc79a2f0_0, 0, 32;
    %pushi/vec4 0, 0, 32;
    %store/vec4 v0x57fbbc7995c0_0, 0, 32;
    %pushi/vec4 0, 0, 32;
    %store/vec4 v0x57fbbc79a8e0_0, 0, 32;
T_8.80 ;
    %load/vec4 v0x57fbbc79a8e0_0;
    %cmpi/s 48, 0, 32;
    %jmp/0xz T_8.81, 5;
    %pushi/vec4 0, 0, 32;
    %ix/getv/s 4, v0x57fbbc79a8e0_0;
    %store/vec4a v0x57fbbc79ad40, 4, 0;
    ; show_stmt_assign_vector: Get l-value for compressed += operand
    %load/vec4 v0x57fbbc79a8e0_0;
    %pushi/vec4 1, 0, 32;
    %add;
    %cast2;
    %store/vec4 v0x57fbbc79a8e0_0, 0, 32;
    %jmp T_8.80;
T_8.81 ;
    %pushi/vec4 0, 0, 32;
    %store/vec4 v0x57fbbc79aee0_0, 0, 32;
    %pushi/vec4 0, 0, 32;
    %store/vec4 v0x57fbbc79ae00_0, 0, 32;
    %pushi/vec4 0, 0, 1;
    %store/vec4 v0x57fbbc79a820_0, 0, 1;
    %vpi_call/w 3 117 "$display" {0 0 0};
    %vpi_call/w 3 118 "$display", "TEST_START-------------------------------------------------------------------------------------------------------------------------------------------------------------------------------------------------------------------------------------------------" {0 0 0};
    %vpi_call/w 3 119 "$display" {0 0 0};
    %vpi_call/w 3 120 "$display", "                     | TIME | TICK_W | W_RST | PUSH | DATA_IN | FULL | FULL_EXPECTED | ADDR_A | ADDR_A_EXPECTED | WRAP_W | W_PTR | W_PTR_EXPECTED | TICK_R | R_RST | POP | EMPTY | EMPTY_EXPECTED | ADDR_B | ADDR_B_EXPECTED | WRAP_R | R_PTR | R_PTR_EXPECTED | DATA_OUT | DATA_OUT_EXPECTED |" {0 0 0};
    %vpi_call/w 3 121 "$display", "-----------------------------------------------------------------------------------------------------------------------------------------------------------------------------------------------------------------------------------------------------------" {0 0 0};
    %end;
S_0x57fbbc797700 .scope task, "random_in" "random_in" 3 140, 3 140 0, S_0x57fbbc766f60;
 .timescale -9 -11;
TD_tb_fifo_asynchronous.random_in ;
    %vpi_func 3 142 "$urandom" 32 {0 0 0};
    %pushi/vec4 2, 0, 32;
    %mod;
    %pad/u 1;
    %store/vec4 v0x57fbbc79a6f0_0, 0, 1;
    %vpi_func 3 143 "$urandom" 32 {0 0 0};
    %pushi/vec4 2, 0, 32;
    %mod;
    %pad/u 1;
    %store/vec4 v0x57fbbc799ea0_0, 0, 1;
    %vpi_func 3 144 "$urandom" 32 {0 0 0};
    %pushi/vec4 2, 0, 32;
    %mod;
    %pad/u 1;
    %store/vec4 v0x57fbbc799c20_0, 0, 1;
    %vpi_func 3 145 "$urandom" 32 {0 0 0};
    %pushi/vec4 2, 0, 32;
    %mod;
    %pad/u 1;
    %store/vec4 v0x57fbbc799cc0_0, 0, 1;
    %vpi_func 3 146 "$urandom_range" 32, 32'sb00000000000000000000000000100000, 32'sb00000000000000000000000001111110 {0 0 0};
    %pad/u 8;
    %store/vec4 v0x57fbbc799160_0, 0, 8;
    %pushi/real 1717986918, 4062; load=0.100000
    %pushi/real 1677722, 4040; load=0.100000
    %add/wr;
    %vpi_func 3 147 "$urandom_range" 32, W<0,r>, 32'sb00000000000000000000000000001010 {0 1 0};
    %pad/u 64;
    %muli 100, 0, 64;
    %ix/vec4 4;
    %delayx 4;
    %end;
S_0x57fbbc7978e0 .scope task, "scan_file" "scan_file" 3 130, 3 130 0, S_0x57fbbc766f60;
 .timescale -9 -11;
TD_tb_fifo_asynchronous.scan_file ;
    %vpi_func 3 132 "$fscanf" 32, v0x57fbbc7996a0_0, "%s %b %b %b %s %b", v0x57fbbc798f70_0, v0x57fbbc79a6f0_0, v0x57fbbc799cc0_0, v0x57fbbc799c20_0, v0x57fbbc799160_0, v0x57fbbc799ea0_0 {0 0 0};
    %store/vec4 v0x57fbbc799080_0, 0, 32;
    %load/vec4 v0x57fbbc799080_0;
    %pushi/vec4 4294967295, 0, 32;
    %cmp/e;
    %flag_get/vec4 4;
    %store/vec4 v0x57fbbc79a820_0, 0, 1;
    %end;
S_0x57fbbc797ac0 .scope module, "test_dual_port_ram_asynchronous1" "dual_port_ram_asynchronous1" 3 57, 6 1 0, S_0x57fbbc766f60;
 .timescale -9 -11;
    .port_info 0 /INPUT 1 "clk_a";
    .port_info 1 /INPUT 1 "rst_a";
    .port_info 2 /INPUT 1 "we_a";
    .port_info 3 /INPUT 4 "addr_a";
    .port_info 4 /INPUT 8 "data_in_a";
    .port_info 5 /OUTPUT 8 "data_out_a";
    .port_info 6 /INPUT 1 "clk_b";
    .port_info 7 /INPUT 1 "rst_b";
    .port_info 8 /INPUT 1 "we_b";
    .port_info 9 /INPUT 4 "addr_b";
    .port_info 10 /INPUT 8 "data_in_b";
    .port_info 11 /OUTPUT 8 "data_out_b";
P_0x57fbbc761df0 .param/l "ADDR_WIDTH" 0 6 17, +C4<00000000000000000000000000000100>;
P_0x57fbbc761e30 .param/l "DATA_WIDTH" 0 6 17, +C4<00000000000000000000000000001000>;
P_0x57fbbc761e70 .param/l "MEM_DEPTH" 0 6 17, +C4<00000000000000000000000000010000>;
v0x57fbbc797ec0_0 .net "addr_a", 3 0, L_0x57fbbc79bb50;  1 drivers
v0x57fbbc797fc0_0 .net "addr_b", 3 0, L_0x57fbbc79bbf0;  1 drivers
v0x57fbbc7980a0_0 .net "clk_a", 0 0, v0x57fbbc79a1c0_0;  alias, 1 drivers
v0x57fbbc798140_0 .net "clk_b", 0 0, v0x57fbbc79a090_0;  alias, 1 drivers
v0x57fbbc7981e0_0 .net "data_in_a", 7 0, v0x57fbbc799160_0;  alias, 1 drivers
L_0x72e48b9b70f0 .functor BUFT 1, C4<00000000>, C4<0>, C4<0>, C4<0>;
v0x57fbbc798320_0 .net "data_in_b", 7 0, L_0x72e48b9b70f0;  1 drivers
v0x57fbbc798400_0 .var "data_out_a", 7 0;
v0x57fbbc7984e0_0 .var "data_out_b", 7 0;
v0x57fbbc7985c0 .array "mem", 0 15, 7 0;
v0x57fbbc798680_0 .net "rst_a", 0 0, v0x57fbbc79a6f0_0;  alias, 1 drivers
v0x57fbbc798720_0 .net "rst_b", 0 0, v0x57fbbc799ea0_0;  alias, 1 drivers
v0x57fbbc7987c0_0 .net "we_a", 0 0, v0x57fbbc799b80_0;  1 drivers
L_0x72e48b9b70a8 .functor BUFT 1, C4<0>, C4<0>, C4<0>, C4<0>;
v0x57fbbc798880_0 .net "we_b", 0 0, L_0x72e48b9b70a8;  1 drivers
S_0x57fbbc798ac0 .scope task, "vectorcount" "vectorcount" 3 313, 3 313 0, S_0x57fbbc766f60;
 .timescale -9 -11;
TD_tb_fifo_asynchronous.vectorcount ;
    %load/vec4 v0x57fbbc79a2f0_0;
    %addi 1, 0, 32;
    %store/vec4 v0x57fbbc79a2f0_0, 0, 32;
    %end;
    .scope S_0x57fbbc794970;
T_12 ;
    %wait E_0x57fbbc767ee0;
    %load/vec4 v0x57fbbc794ff0_0;
    %parti/s 1, 4, 4;
    %load/vec4 v0x57fbbc794e10_0;
    %parti/s 1, 4, 4;
    %cmp/ne;
    %flag_get/vec4 4;
    %jmp/0 T_12.2, 4;
    %load/vec4 v0x57fbbc794ff0_0;
    %parti/s 4, 0, 2;
    %load/vec4 v0x57fbbc794e10_0;
    %parti/s 4, 0, 2;
    %cmp/ne;
    %flag_get/vec4 6;
    %and;
T_12.2;
    %flag_set/vec4 8;
    %jmp/0xz  T_12.0, 8;
    %load/vec4 v0x57fbbc794ff0_0;
    %parti/s 1, 4, 4;
    %inv;
    %ix/load 4, 4, 0;
    %flag_set/imm 4, 0;
    %store/vec4 v0x57fbbc794ff0_0, 4, 1;
T_12.0 ;
    %load/vec4 v0x57fbbc794f30_0;
    %flag_set/vec4 8;
    %jmp/0xz  T_12.3, 8;
    %pushi/vec4 0, 0, 5;
    %assign/vec4 v0x57fbbc794ff0_0, 0;
    %jmp T_12.4;
T_12.3 ;
    %load/vec4 v0x57fbbc794d50_0;
    %flag_set/vec4 8;
    %jmp/0xz  T_12.5, 8;
    %load/vec4 v0x57fbbc794ff0_0;
    %addi 1, 0, 5;
    %assign/vec4 v0x57fbbc794ff0_0, 0;
T_12.5 ;
T_12.4 ;
    %jmp T_12;
    .thread T_12;
    .scope S_0x57fbbc794440;
T_13 ;
    %wait E_0x57fbbc767a70;
    %load/vec4 v0x57fbbc794850_0;
    %flag_set/vec4 8;
    %jmp/0xz  T_13.0, 8;
    %pushi/vec4 0, 0, 5;
    %assign/vec4 v0x57fbbc7947b0_0, 0;
    %jmp T_13.1;
T_13.0 ;
    %load/vec4 v0x57fbbc7946f0_0;
    %flag_set/vec4 8;
    %jmp/0xz  T_13.2, 8;
    %load/vec4 v0x57fbbc7947b0_0;
    %addi 1, 0, 5;
    %assign/vec4 v0x57fbbc7947b0_0, 0;
T_13.2 ;
T_13.1 ;
    %jmp T_13;
    .thread T_13;
    .scope S_0x57fbbc795180;
T_14 ;
    %wait E_0x57fbbc767ee0;
    %load/vec4 v0x57fbbc795c90_0;
    %flag_set/vec4 8;
    %jmp/0xz  T_14.0, 8;
    %pushi/vec4 0, 0, 8;
    %assign/vec4 v0x57fbbc795a10_0, 0;
    %jmp T_14.1;
T_14.0 ;
    %load/vec4 v0x57fbbc795e00_0;
    %flag_set/vec4 8;
    %jmp/0xz  T_14.2, 8;
    %load/vec4 v0x57fbbc795860_0;
    %load/vec4 v0x57fbbc7954b0_0;
    %pad/u 6;
    %ix/vec4 3;
    %ix/load 4, 0, 0; Constant delay
    %assign/vec4/a/d v0x57fbbc795bd0, 0, 4;
    %load/vec4 v0x57fbbc7954b0_0;
    %pad/u 6;
    %ix/vec4 4;
    %load/vec4a v0x57fbbc795bd0, 4;
    %assign/vec4 v0x57fbbc795a10_0, 0;
    %jmp T_14.3;
T_14.2 ;
    %load/vec4 v0x57fbbc7954b0_0;
    %pad/u 6;
    %ix/vec4 4;
    %load/vec4a v0x57fbbc795bd0, 4;
    %assign/vec4 v0x57fbbc795a10_0, 0;
T_14.3 ;
T_14.1 ;
    %jmp T_14;
    .thread T_14;
    .scope S_0x57fbbc795180;
T_15 ;
    %wait E_0x57fbbc767a70;
    %load/vec4 v0x57fbbc795d30_0;
    %flag_set/vec4 8;
    %jmp/0xz  T_15.0, 8;
    %pushi/vec4 0, 0, 8;
    %assign/vec4 v0x57fbbc795af0_0, 0;
    %jmp T_15.1;
T_15.0 ;
    %load/vec4 v0x57fbbc795ed0_0;
    %flag_set/vec4 8;
    %jmp/0xz  T_15.2, 8;
    %load/vec4 v0x57fbbc795950_0;
    %load/vec4 v0x57fbbc7955b0_0;
    %pad/u 6;
    %ix/vec4 3;
    %ix/load 4, 0, 0; Constant delay
    %assign/vec4/a/d v0x57fbbc795bd0, 0, 4;
    %load/vec4 v0x57fbbc7955b0_0;
    %pad/u 6;
    %ix/vec4 4;
    %load/vec4a v0x57fbbc795bd0, 4;
    %assign/vec4 v0x57fbbc795af0_0, 0;
    %jmp T_15.3;
T_15.2 ;
    %load/vec4 v0x57fbbc7955b0_0;
    %pad/u 6;
    %ix/vec4 4;
    %load/vec4a v0x57fbbc795bd0, 4;
    %assign/vec4 v0x57fbbc795af0_0, 0;
T_15.3 ;
T_15.1 ;
    %jmp T_15;
    .thread T_15;
    .scope S_0x57fbbc793680;
T_16 ;
    %wait E_0x57fbbc767ee0;
    %load/vec4 v0x57fbbc796fb0_0;
    %assign/vec4 v0x57fbbc796420_0, 0;
    %jmp T_16;
    .thread T_16;
    .scope S_0x57fbbc793680;
T_17 ;
    %wait E_0x57fbbc767a70;
    %load/vec4 v0x57fbbc796d30_0;
    %assign/vec4 v0x57fbbc7964e0_0, 0;
    %jmp T_17;
    .thread T_17;
    .scope S_0x57fbbc797ac0;
T_18 ;
    %wait E_0x57fbbc767ee0;
    %load/vec4 v0x57fbbc798680_0;
    %flag_set/vec4 8;
    %jmp/0xz  T_18.0, 8;
    %pushi/vec4 0, 0, 8;
    %assign/vec4 v0x57fbbc798400_0, 0;
    %jmp T_18.1;
T_18.0 ;
    %load/vec4 v0x57fbbc7987c0_0;
    %flag_set/vec4 8;
    %jmp/0xz  T_18.2, 8;
    %load/vec4 v0x57fbbc7981e0_0;
    %load/vec4 v0x57fbbc797ec0_0;
    %pad/u 6;
    %ix/vec4 3;
    %ix/load 4, 0, 0; Constant delay
    %assign/vec4/a/d v0x57fbbc7985c0, 0, 4;
    %load/vec4 v0x57fbbc797ec0_0;
    %pad/u 6;
    %ix/vec4 4;
    %load/vec4a v0x57fbbc7985c0, 4;
    %assign/vec4 v0x57fbbc798400_0, 0;
    %jmp T_18.3;
T_18.2 ;
    %load/vec4 v0x57fbbc797ec0_0;
    %pad/u 6;
    %ix/vec4 4;
    %load/vec4a v0x57fbbc7985c0, 4;
    %assign/vec4 v0x57fbbc798400_0, 0;
T_18.3 ;
T_18.1 ;
    %jmp T_18;
    .thread T_18;
    .scope S_0x57fbbc797ac0;
T_19 ;
    %wait E_0x57fbbc767a70;
    %load/vec4 v0x57fbbc798720_0;
    %flag_set/vec4 8;
    %jmp/0xz  T_19.0, 8;
    %pushi/vec4 0, 0, 8;
    %assign/vec4 v0x57fbbc7984e0_0, 0;
    %jmp T_19.1;
T_19.0 ;
    %load/vec4 v0x57fbbc798880_0;
    %flag_set/vec4 8;
    %jmp/0xz  T_19.2, 8;
    %load/vec4 v0x57fbbc798320_0;
    %load/vec4 v0x57fbbc797fc0_0;
    %pad/u 6;
    %ix/vec4 3;
    %ix/load 4, 0, 0; Constant delay
    %assign/vec4/a/d v0x57fbbc7985c0, 0, 4;
    %load/vec4 v0x57fbbc797fc0_0;
    %pad/u 6;
    %ix/vec4 4;
    %load/vec4a v0x57fbbc7985c0, 4;
    %assign/vec4 v0x57fbbc7984e0_0, 0;
    %jmp T_19.3;
T_19.2 ;
    %load/vec4 v0x57fbbc797fc0_0;
    %pad/u 6;
    %ix/vec4 4;
    %load/vec4a v0x57fbbc7985c0, 4;
    %assign/vec4 v0x57fbbc7984e0_0, 0;
T_19.3 ;
T_19.1 ;
    %jmp T_19;
    .thread T_19;
    .scope S_0x57fbbc766f60;
T_20 ;
    %vpi_call/w 3 67 "$dumpfile", "tb_fifo_asynchronous.vcd" {0 0 0};
    %vpi_call/w 3 68 "$dumpvars", 32'sb00000000000000000000000000000000, S_0x57fbbc766f60 {0 0 0};
    %end;
    .thread T_20;
    .scope S_0x57fbbc766f60;
T_21 ;
    %delay 1000, 0;
    %load/vec4 v0x57fbbc799fd0_0;
    %inv;
    %assign/vec4 v0x57fbbc799fd0_0, 0;
    %jmp T_21;
    .thread T_21;
    .scope S_0x57fbbc766f60;
T_22 ;
    %delay 1000, 0;
    %load/vec4 v0x57fbbc79a1c0_0;
    %inv;
    %assign/vec4 v0x57fbbc79a1c0_0, 0;
    %jmp T_22;
    .thread T_22;
    .scope S_0x57fbbc766f60;
T_23 ;
    %delay 2000, 0;
    %load/vec4 v0x57fbbc79a090_0;
    %inv;
    %assign/vec4 v0x57fbbc79a090_0, 0;
    %jmp T_23;
    .thread T_23;
    .scope S_0x57fbbc766f60;
T_24 ;
    %fork TD_tb_fifo_asynchronous.initialize, S_0x57fbbc797570;
    %join;
    %end;
    .thread T_24;
    .scope S_0x57fbbc766f60;
T_25 ;
    %wait E_0x57fbbc6f6650;
    %delay 990, 0;
    %load/vec4 v0x57fbbc79a820_0;
    %nor/r;
    %flag_set/vec4 8;
    %jmp/0xz  T_25.0, 8;
    %fork TD_tb_fifo_asynchronous.scan_file, S_0x57fbbc7978e0;
    %join;
T_25.0 ;
    %jmp T_25;
    .thread T_25;
    .scope S_0x57fbbc766f60;
T_26 ;
    %wait E_0x57fbbc72b820;
    %fork TD_tb_fifo_asynchronous.comb_logic, S_0x57fbbc7927b0;
    %join;
    %jmp T_26;
    .thread T_26, $push;
    .scope S_0x57fbbc766f60;
T_27 ;
    %wait E_0x57fbbc72bd30;
    %load/vec4 v0x57fbbc79a6f0_0;
    %load/vec4 v0x57fbbc799ea0_0;
    %concat/vec4; draw_concat_vec4
    %load/vec4 v0x57fbbc799cc0_0;
    %concat/vec4; draw_concat_vec4
    %load/vec4 v0x57fbbc799c20_0;
    %concat/vec4; draw_concat_vec4
    %load/vec4 v0x57fbbc799160_0;
    %concat/vec4; draw_concat_vec4
    %assign/vec4 v0x57fbbc79ab80_0, 0;
    %fork TD_tb_fifo_asynchronous.coverage_update, S_0x57fbbc792bc0;
    %join;
    %delay 10, 0;
    %fork TD_tb_fifo_asynchronous.comment, S_0x57fbbc792990;
    %join;
    %fork TD_tb_fifo_asynchronous.display_file, S_0x57fbbc7934a0;
    %join;
    %fork TD_tb_fifo_asynchronous.errors_warnings_check, S_0x57fbbc797390;
    %join;
    %fork TD_tb_fifo_asynchronous.vectorcount, S_0x57fbbc798ac0;
    %join;
    %delay 10, 0;
    %load/vec4 v0x57fbbc799870_0;
    %load/vec4 v0x57fbbc799520_0;
    %concat/vec4; draw_concat_vec4
    %store/vec4 v0x57fbbc79ac60_0, 0, 2;
    %jmp T_27;
    .thread T_27;
    .scope S_0x57fbbc766f60;
T_28 ;
    %wait E_0x57fbbc767ee0;
    %load/vec4 v0x57fbbc798c50_0;
    %assign/vec4 v0x57fbbc79a9c0_0, 0;
    %fork TD_tb_fifo_asynchronous.OUT_EXP_W, S_0x57fbbc766aa0;
    %join;
    %jmp T_28;
    .thread T_28;
    .scope S_0x57fbbc766f60;
T_29 ;
    %wait E_0x57fbbc767a70;
    %load/vec4 v0x57fbbc798e10_0;
    %assign/vec4 v0x57fbbc79aaa0_0, 0;
    %fork TD_tb_fifo_asynchronous.OUT_EXP_R, S_0x57fbbc6e0140;
    %join;
    %jmp T_29;
    .thread T_29;
    .scope S_0x57fbbc766f60;
T_30 ;
T_30.0 ;
    %load/vec4 v0x57fbbc79a820_0;
    %cmpi/ne 1, 0, 1;
    %jmp/0xz T_30.1, 6;
    %wait E_0x57fbbc72bad0;
    %jmp T_30.0;
T_30.1 ;
    %vpi_call/w 3 508 "$display" {0 0 0};
    %vpi_call/w 3 509 "$display", "%13s ***time = %0d,eof ***", "\000", $time {0 0 0};
    %vpi_call/w 3 510 "$display" {0 0 0};
    %pushi/vec4 0, 0, 32;
    %store/vec4 v0x57fbbc79a8e0_0, 0, 32;
T_30.2 ;
    %load/vec4 v0x57fbbc79a8e0_0;
    %cmpi/s 50, 0, 32;
    %jmp/0xz T_30.3, 5;
    %load/vec4 v0x57fbbc799780_0;
    %load/vec4 v0x57fbbc799480_0;
    %concat/vec4; draw_concat_vec4
    %load/vec4 v0x57fbbc79a490_0;
    %concat/vec4; draw_concat_vec4
    %load/vec4 v0x57fbbc79a6f0_0;
    %concat/vec4; draw_concat_vec4
    %load/vec4 v0x57fbbc799ea0_0;
    %concat/vec4; draw_concat_vec4
    %load/vec4 v0x57fbbc799cc0_0;
    %concat/vec4; draw_concat_vec4
    %load/vec4 v0x57fbbc799c20_0;
    %concat/vec4; draw_concat_vec4
    %pad/u 8;
    %cmpi/e 128, 0, 8;
    %jmp/0xz  T_30.4, 4;
    %fork TD_tb_fifo_asynchronous.vectorcount, S_0x57fbbc798ac0;
    %join;
    %fork TD_tb_fifo_asynchronous.close, S_0x57fbbc738980;
    %join;
    %jmp T_30.5;
T_30.4 ;
    %fork TD_tb_fifo_asynchronous.random_in, S_0x57fbbc797700;
    %join;
T_30.5 ;
    ; show_stmt_assign_vector: Get l-value for compressed += operand
    %load/vec4 v0x57fbbc79a8e0_0;
    %pushi/vec4 1, 0, 32;
    %add;
    %cast2;
    %store/vec4 v0x57fbbc79a8e0_0, 0, 32;
    %jmp T_30.2;
T_30.3 ;
    %fork TD_tb_fifo_asynchronous.close, S_0x57fbbc738980;
    %join;
    %end;
    .thread T_30;
# The file index is used to find the file name in the following table.
:file_names 7;
    "N/A";
    "<interactive>";
    "-";
    "tb_fifo_asynchronous.v";
    "fifo_asynchronous.v";
    "dual_port_ram_asynchronous.v";
    "dual_port_ram_asynchronous1.v";
