#! /usr/bin/vvp
:ivl_version "12.0 (stable)";
:ivl_delay_selection "TYPICAL";
:vpi_time_precision + 0;
:vpi_module "/usr/lib/x86_64-linux-gnu/ivl/system.vpi";
:vpi_module "/usr/lib/x86_64-linux-gnu/ivl/vhdl_sys.vpi";
:vpi_module "/usr/lib/x86_64-linux-gnu/ivl/vhdl_textio.vpi";
:vpi_module "/usr/lib/x86_64-linux-gnu/ivl/v2005_math.vpi";
:vpi_module "/usr/lib/x86_64-linux-gnu/ivl/va_math.vpi";
:vpi_module "/usr/lib/x86_64-linux-gnu/ivl/v2009.vpi";
S_0x5ac19c02c970 .scope package, "$unit" "$unit" 2 1;
 .timescale 0 0;
S_0x5ac19c02cb00 .scope module, "tb_mux_to_demux" "tb_mux_to_demux" 3 1;
 .timescale 0 0;
P_0x5ac19c0297a0 .param/l "TICKPERIOD" 1 3 38, +C4<00000000000000000000000000010100>;
v0x5ac19c060df0_0 .var "A", 0 0;
v0x5ac19c060f00_0 .var "A_EXPECTED", 0 0;
v0x5ac19c060fc0_0 .net "A_OUT", 0 0, v0x5ac19c05ede0_0;  1 drivers
v0x5ac19c0610b0_0 .var "B", 0 0;
v0x5ac19c0611a0_0 .var "B_EXPECTED", 0 0;
v0x5ac19c061290_0 .net "B_OUT", 0 0, v0x5ac19c05eec0_0;  1 drivers
v0x5ac19c061380_0 .var "C", 0 0;
v0x5ac19c061470_0 .var "COMMENT", 247 0;
v0x5ac19c061550_0 .var/i "COUNT", 31 0;
v0x5ac19c061630_0 .var "C_EXPECTED", 0 0;
v0x5ac19c0616f0_0 .net "C_OUT", 0 0, v0x5ac19c05ef80_0;  1 drivers
v0x5ac19c061790_0 .var "D", 0 0;
v0x5ac19c061880_0 .var "D_EXPECTED", 0 0;
v0x5ac19c061940_0 .net "D_OUT", 0 0, v0x5ac19c05f020_0;  1 drivers
v0x5ac19c061a30_0 .var "ERRORS", 31 0;
v0x5ac19c061b10_0 .var/i "FD", 31 0;
v0x5ac19c061bf0_0 .var "SEL", 1 0;
v0x5ac19c061cb0_0 .var "TICK", 0 0;
v0x5ac19c061d70_0 .var "VECTORCOUNT", 31 0;
v0x5ac19c061e50_0 .var "eof", 0 0;
v0x5ac19c061f10_0 .var/2s "i", 31 0;
v0x5ac19c061ff0 .array "input_coverage", 3 0, 31 0;
E_0x5ac19c0306d0 .event anyedge, v0x5ac19c061e50_0;
E_0x5ac19c02fce0 .event posedge, v0x5ac19c061cb0_0;
E_0x5ac19c02f890 .event negedge, v0x5ac19c061cb0_0;
S_0x5ac19c029c80 .scope task, "OUT_EXP" "OUT_EXP" 3 111, 3 111 0, S_0x5ac19c02cb00;
 .timescale 0 0;
TD_tb_mux_to_demux.OUT_EXP ;
    %load/vec4 v0x5ac19c061bf0_0;
    %dup/vec4;
    %pushi/vec4 0, 0, 2;
    %cmp/u;
    %jmp/1 T_0.0, 6;
    %dup/vec4;
    %pushi/vec4 1, 0, 2;
    %cmp/u;
    %jmp/1 T_0.1, 6;
    %dup/vec4;
    %pushi/vec4 2, 0, 2;
    %cmp/u;
    %jmp/1 T_0.2, 6;
    %dup/vec4;
    %pushi/vec4 3, 0, 2;
    %cmp/u;
    %jmp/1 T_0.3, 6;
    %jmp T_0.4;
T_0.0 ;
    %load/vec4 v0x5ac19c060df0_0;
    %store/vec4 v0x5ac19c060f00_0, 0, 1;
    %pushi/vec4 0, 0, 1;
    %store/vec4 v0x5ac19c0611a0_0, 0, 1;
    %pushi/vec4 0, 0, 1;
    %store/vec4 v0x5ac19c061630_0, 0, 1;
    %pushi/vec4 0, 0, 1;
    %store/vec4 v0x5ac19c061880_0, 0, 1;
    %jmp T_0.4;
T_0.1 ;
    %pushi/vec4 0, 0, 1;
    %store/vec4 v0x5ac19c060f00_0, 0, 1;
    %load/vec4 v0x5ac19c0610b0_0;
    %store/vec4 v0x5ac19c0611a0_0, 0, 1;
    %pushi/vec4 0, 0, 1;
    %store/vec4 v0x5ac19c061630_0, 0, 1;
    %pushi/vec4 0, 0, 1;
    %store/vec4 v0x5ac19c061880_0, 0, 1;
    %jmp T_0.4;
T_0.2 ;
    %pushi/vec4 0, 0, 1;
    %store/vec4 v0x5ac19c060f00_0, 0, 1;
    %pushi/vec4 0, 0, 1;
    %store/vec4 v0x5ac19c0611a0_0, 0, 1;
    %load/vec4 v0x5ac19c061380_0;
    %store/vec4 v0x5ac19c061630_0, 0, 1;
    %pushi/vec4 0, 0, 1;
    %store/vec4 v0x5ac19c061880_0, 0, 1;
    %jmp T_0.4;
T_0.3 ;
    %pushi/vec4 0, 0, 1;
    %store/vec4 v0x5ac19c060f00_0, 0, 1;
    %pushi/vec4 0, 0, 1;
    %store/vec4 v0x5ac19c0611a0_0, 0, 1;
    %pushi/vec4 0, 0, 1;
    %store/vec4 v0x5ac19c061630_0, 0, 1;
    %load/vec4 v0x5ac19c061790_0;
    %store/vec4 v0x5ac19c061880_0, 0, 1;
    %jmp T_0.4;
T_0.4 ;
    %pop/vec4 1;
    %end;
S_0x5ac19c029e60 .scope task, "close" "close" 3 136, 3 136 0, S_0x5ac19c02cb00;
 .timescale 0 0;
TD_tb_mux_to_demux.close ;
    %delay 10, 0;
    %vpi_call/w 3 140 "$fclose", v0x5ac19c061b10_0 {0 0 0};
    %vpi_call/w 3 142 "$display" {0 0 0};
    %vpi_call/w 3 143 "$display", "COVERAGE_REPORT" {0 0 0};
    %fork t_1, S_0x5ac19bfd8490;
    %jmp t_0;
    .scope S_0x5ac19bfd8490;
t_1 ;
    %pushi/vec4 0, 0, 32;
    %store/vec4 v0x5ac19bfd8670_0, 0, 32;
T_1.5 ;
    %load/vec4 v0x5ac19bfd8670_0;
    %cmpi/s 4, 0, 32;
    %jmp/0xz T_1.6, 5;
    %ix/getv/s 4, v0x5ac19bfd8670_0;
    %load/vec4a v0x5ac19c061ff0, 4;
    %cmpi/e 0, 0, 32;
    %jmp/0xz  T_1.7, 4;
    %vpi_call/w 3 149 "$display", "input SEL = %b has occured %d times ***ERROR***", &PV<v0x5ac19bfd8670_0, 0, 2>, &A<v0x5ac19c061ff0, v0x5ac19bfd8670_0 > {0 0 0};
    %load/vec4 v0x5ac19c061a30_0;
    %addi 1, 0, 32;
    %store/vec4 v0x5ac19c061a30_0, 0, 32;
    %jmp T_1.8;
T_1.7 ;
    %vpi_call/w 3 154 "$display", "input SEL = %b has occured %d times", &PV<v0x5ac19bfd8670_0, 0, 2>, &A<v0x5ac19c061ff0, v0x5ac19bfd8670_0 > {0 0 0};
T_1.8 ;
    ; show_stmt_assign_vector: Get l-value for compressed += operand
    %load/vec4 v0x5ac19bfd8670_0;
    %pushi/vec4 1, 0, 32;
    %add;
    %cast2;
    %store/vec4 v0x5ac19bfd8670_0, 0, 32;
    %jmp T_1.5;
T_1.6 ;
    %end;
    .scope S_0x5ac19c029e60;
t_0 %join;
    %vpi_call/w 3 160 "$display" {0 0 0};
    %vpi_call/w 3 161 "$display", "VECTORCOUNT = %d", v0x5ac19c061d70_0 {0 0 0};
    %vpi_call/w 3 162 "$display", "ERRORS = %15d", v0x5ac19c061a30_0 {0 0 0};
    %vpi_call/w 3 163 "$display" {0 0 0};
    %vpi_call/w 3 164 "$display", "TEST_END--------------------------------------------------------------------------------------------------------------------------" {0 0 0};
    %vpi_call/w 3 165 "$display" {0 0 0};
    %vpi_call/w 3 167 "$finish" {0 0 0};
    %end;
S_0x5ac19bfd8490 .scope begin, "$ivl_for_loop0" "$ivl_for_loop0" 3 145, 3 145 0, S_0x5ac19c029e60;
 .timescale 0 0;
v0x5ac19bfd8670_0 .var/2s "j", 31 0;
S_0x5ac19c05e3d0 .scope task, "coverage_update" "coverage_update" 3 194, 3 194 0, S_0x5ac19c02cb00;
 .timescale 0 0;
TD_tb_mux_to_demux.coverage_update ;
    ; show_stmt_assign_vector: Get l-value for compressed += operand
    %load/vec4 v0x5ac19c061bf0_0;
    %pad/u 4;
    %ix/vec4 4;
    %flag_mov 8, 4;
    %load/vec4a v0x5ac19c061ff0, 4;
    %pushi/vec4 1, 0, 32;
    %add;
    %flag_mov 4, 8;
    %store/vec4a v0x5ac19c061ff0, 4, 0;
    %end;
S_0x5ac19c05e5e0 .scope task, "display_file" "display_file" 3 185, 3 185 0, S_0x5ac19c02cb00;
 .timescale 0 0;
TD_tb_mux_to_demux.display_file ;
    %vpi_call/w 3 187 "$display", "%10d %9s | %4d | %2b  | %1b | %1b | %1b | %1b | %3b   | %3b   | %3b   | %3b   | %5b      | %5b      | %5b      | %5b      |", v0x5ac19c061d70_0, v0x5ac19c061470_0, $time, v0x5ac19c061bf0_0, v0x5ac19c060df0_0, v0x5ac19c0610b0_0, v0x5ac19c061380_0, v0x5ac19c061790_0, v0x5ac19c060fc0_0, v0x5ac19c061290_0, v0x5ac19c0616f0_0, v0x5ac19c061940_0, v0x5ac19c060f00_0, v0x5ac19c0611a0_0, v0x5ac19c061630_0, v0x5ac19c061880_0 {0 0 0};
    %end;
S_0x5ac19c05e7c0 .scope module, "dut_mux_to_demux" "mux_to_demux" 3 23, 4 1 0, S_0x5ac19c02cb00;
 .timescale 0 0;
    .port_info 0 /INPUT 1 "a";
    .port_info 1 /INPUT 1 "b";
    .port_info 2 /INPUT 1 "c";
    .port_info 3 /INPUT 1 "d";
    .port_info 4 /INPUT 2 "sel";
    .port_info 5 /OUTPUT 1 "a_out";
    .port_info 6 /OUTPUT 1 "b_out";
    .port_info 7 /OUTPUT 1 "c_out";
    .port_info 8 /OUTPUT 1 "d_out";
v0x5ac19c05fc40_0 .net "a", 0 0, v0x5ac19c060df0_0;  1 drivers
v0x5ac19c05fd30_0 .net "a_out", 0 0, v0x5ac19c05ede0_0;  alias, 1 drivers
v0x5ac19c05fe00_0 .net "b", 0 0, v0x5ac19c0610b0_0;  1 drivers
v0x5ac19c05ff00_0 .net "b_out", 0 0, v0x5ac19c05eec0_0;  alias, 1 drivers
v0x5ac19c05ffd0_0 .net "c", 0 0, v0x5ac19c061380_0;  1 drivers
v0x5ac19c0600c0_0 .net "c_out", 0 0, v0x5ac19c05ef80_0;  alias, 1 drivers
v0x5ac19c060190_0 .net "d", 0 0, v0x5ac19c061790_0;  1 drivers
v0x5ac19c060260_0 .net "d_out", 0 0, v0x5ac19c05f020_0;  alias, 1 drivers
v0x5ac19c060330_0 .net "sel", 1 0, v0x5ac19c061bf0_0;  1 drivers
v0x5ac19c0603d0_0 .net "y", 0 0, v0x5ac19c05fab0_0;  1 drivers
S_0x5ac19c05eb20 .scope module, "dut_demultiplexer" "demultiplexer" 4 10, 4 37 0, S_0x5ac19c05e7c0;
 .timescale 0 0;
    .port_info 0 /INPUT 1 "y";
    .port_info 1 /INPUT 2 "sel";
    .port_info 2 /OUTPUT 1 "a";
    .port_info 3 /OUTPUT 1 "b";
    .port_info 4 /OUTPUT 1 "c";
    .port_info 5 /OUTPUT 1 "d";
v0x5ac19c05ede0_0 .var "a", 0 0;
v0x5ac19c05eec0_0 .var "b", 0 0;
v0x5ac19c05ef80_0 .var "c", 0 0;
v0x5ac19c05f020_0 .var "d", 0 0;
v0x5ac19c05f0e0_0 .net "sel", 1 0, v0x5ac19c061bf0_0;  alias, 1 drivers
v0x5ac19c05f210_0 .net "y", 0 0, v0x5ac19c05fab0_0;  alias, 1 drivers
E_0x5ac19bffc740 .event anyedge, v0x5ac19c05f0e0_0, v0x5ac19c05f210_0;
S_0x5ac19c05f390 .scope module, "dut_multiplexer_4to1" "multiplexer_4to1" 4 9, 4 15 0, S_0x5ac19c05e7c0;
 .timescale 0 0;
    .port_info 0 /INPUT 1 "a";
    .port_info 1 /INPUT 1 "b";
    .port_info 2 /INPUT 1 "c";
    .port_info 3 /INPUT 1 "d";
    .port_info 4 /INPUT 2 "sel";
    .port_info 5 /OUTPUT 1 "y";
v0x5ac19c05f6a0_0 .net "a", 0 0, v0x5ac19c060df0_0;  alias, 1 drivers
v0x5ac19c05f780_0 .net "b", 0 0, v0x5ac19c0610b0_0;  alias, 1 drivers
v0x5ac19c05f840_0 .net "c", 0 0, v0x5ac19c061380_0;  alias, 1 drivers
v0x5ac19c05f8e0_0 .net "d", 0 0, v0x5ac19c061790_0;  alias, 1 drivers
v0x5ac19c05f9a0_0 .net "sel", 1 0, v0x5ac19c061bf0_0;  alias, 1 drivers
v0x5ac19c05fab0_0 .var "y", 0 0;
E_0x5ac19c05f630/0 .event anyedge, v0x5ac19c05f0e0_0, v0x5ac19c05f8e0_0, v0x5ac19c05f840_0, v0x5ac19c05f780_0;
E_0x5ac19c05f630/1 .event anyedge, v0x5ac19c05f6a0_0;
E_0x5ac19c05f630 .event/or E_0x5ac19c05f630/0, E_0x5ac19c05f630/1;
S_0x5ac19c060530 .scope task, "errors_warnings_check" "errors_warnings_check" 3 207, 3 207 0, S_0x5ac19c02cb00;
 .timescale 0 0;
TD_tb_mux_to_demux.errors_warnings_check ;
    %load/vec4 v0x5ac19c060fc0_0;
    %load/vec4 v0x5ac19c060f00_0;
    %cmp/ne;
    %jmp/0xz  T_4.9, 6;
    %vpi_call/w 3 212 "$display", "***ERROR: A_OUT = %b, A_expected = %b", v0x5ac19c060fc0_0, v0x5ac19c060f00_0 {0 0 0};
    %load/vec4 v0x5ac19c061a30_0;
    %addi 1, 0, 32;
    %store/vec4 v0x5ac19c061a30_0, 0, 32;
T_4.9 ;
    %load/vec4 v0x5ac19c061290_0;
    %load/vec4 v0x5ac19c0611a0_0;
    %cmp/ne;
    %jmp/0xz  T_4.11, 6;
    %vpi_call/w 3 220 "$display", "***ERROR: B_OUT = %b, B_expected = %b", v0x5ac19c061290_0, v0x5ac19c0611a0_0 {0 0 0};
    %load/vec4 v0x5ac19c061a30_0;
    %addi 1, 0, 32;
    %store/vec4 v0x5ac19c061a30_0, 0, 32;
T_4.11 ;
    %load/vec4 v0x5ac19c0616f0_0;
    %load/vec4 v0x5ac19c061630_0;
    %cmp/ne;
    %jmp/0xz  T_4.13, 6;
    %vpi_call/w 3 228 "$display", "***ERROR: C_OUT = %b, C_expected = %b", v0x5ac19c0616f0_0, v0x5ac19c061630_0 {0 0 0};
    %load/vec4 v0x5ac19c061a30_0;
    %addi 1, 0, 32;
    %store/vec4 v0x5ac19c061a30_0, 0, 32;
T_4.13 ;
    %load/vec4 v0x5ac19c061940_0;
    %load/vec4 v0x5ac19c061880_0;
    %cmp/ne;
    %jmp/0xz  T_4.15, 6;
    %vpi_call/w 3 236 "$display", "***ERROR: D_OUT = %b, D_expected = %b", v0x5ac19c061940_0, v0x5ac19c061880_0 {0 0 0};
    %load/vec4 v0x5ac19c061a30_0;
    %addi 1, 0, 32;
    %store/vec4 v0x5ac19c061a30_0, 0, 32;
T_4.15 ;
    %end;
S_0x5ac19c0606c0 .scope task, "initialize" "initialize" 3 52, 3 52 0, S_0x5ac19c02cb00;
 .timescale 0 0;
TD_tb_mux_to_demux.initialize ;
    %vpi_func 3 54 "$fopen" 32, "tb_mux_to_demux.tv", "r" {0 0 0};
    %store/vec4 v0x5ac19c061b10_0, 0, 32;
    %vpi_func 3 55 "$fscanf" 32, v0x5ac19c061b10_0, "%s", v0x5ac19c061470_0 {0 0 0};
    %store/vec4 v0x5ac19c061550_0, 0, 32;
    %vpi_func 3 57 "$fscanf" 32, v0x5ac19c061b10_0, "%s %b %b %b %b %b %b %b %b %b", v0x5ac19c061470_0, v0x5ac19c061bf0_0, v0x5ac19c060df0_0, v0x5ac19c0610b0_0, v0x5ac19c061380_0, v0x5ac19c061790_0, v0x5ac19c060f00_0, v0x5ac19c0611a0_0, v0x5ac19c061630_0, v0x5ac19c061880_0 {0 0 0};
    %store/vec4 v0x5ac19c061550_0, 0, 32;
    %pushi/vec4 0, 0, 1;
    %store/vec4 v0x5ac19c061cb0_0, 0, 1;
    %pushi/vec4 0, 0, 32;
    %store/vec4 v0x5ac19c061d70_0, 0, 32;
    %pushi/vec4 0, 0, 32;
    %store/vec4 v0x5ac19c061a30_0, 0, 32;
    %pushi/vec4 0, 0, 32;
    %store/vec4 v0x5ac19c061f10_0, 0, 32;
T_5.17 ;
    %load/vec4 v0x5ac19c061f10_0;
    %cmpi/s 4, 0, 32;
    %jmp/0xz T_5.18, 5;
    %pushi/vec4 0, 0, 32;
    %ix/getv/s 4, v0x5ac19c061f10_0;
    %store/vec4a v0x5ac19c061ff0, 4, 0;
    ; show_stmt_assign_vector: Get l-value for compressed += operand
    %load/vec4 v0x5ac19c061f10_0;
    %pushi/vec4 1, 0, 32;
    %add;
    %cast2;
    %store/vec4 v0x5ac19c061f10_0, 0, 32;
    %jmp T_5.17;
T_5.18 ;
    %pushi/vec4 0, 0, 1;
    %store/vec4 v0x5ac19c061e50_0, 0, 1;
    %vpi_call/w 3 69 "$display" {0 0 0};
    %vpi_call/w 3 70 "$display", "TEST_START-------------------------------------------------------------------------------------------------------------------------------------" {0 0 0};
    %vpi_call/w 3 71 "$display" {0 0 0};
    %vpi_call/w 3 72 "$display", "                     | TIME | SEL | A | B | C | D | A_OUT | B_OUT | C_OUT | D_OUT | A_EXPECTED | B_EXPECTED | C_EXPECTED | D_EXPECTED |" {0 0 0};
    %vpi_call/w 3 73 "$display", "-----------------------------------------------------------------------------------------------------------------------------------------------" {0 0 0};
    %end;
S_0x5ac19c0608a0 .scope task, "random_in" "random_in" 3 94, 3 94 0, S_0x5ac19c02cb00;
 .timescale 0 0;
TD_tb_mux_to_demux.random_in ;
    %vpi_func 3 96 "$urandom" 32 {0 0 0};
    %pushi/vec4 4, 0, 32;
    %mod;
    %pad/u 2;
    %store/vec4 v0x5ac19c061bf0_0, 0, 2;
    %vpi_func 3 97 "$urandom" 32 {0 0 0};
    %pushi/vec4 2, 0, 32;
    %mod;
    %pad/u 1;
    %store/vec4 v0x5ac19c060df0_0, 0, 1;
    %vpi_func 3 98 "$urandom" 32 {0 0 0};
    %pushi/vec4 2, 0, 32;
    %mod;
    %pad/u 1;
    %store/vec4 v0x5ac19c0610b0_0, 0, 1;
    %vpi_func 3 99 "$urandom" 32 {0 0 0};
    %pushi/vec4 2, 0, 32;
    %mod;
    %pad/u 1;
    %store/vec4 v0x5ac19c061380_0, 0, 1;
    %vpi_func 3 100 "$urandom" 32 {0 0 0};
    %pushi/vec4 2, 0, 32;
    %mod;
    %pad/u 1;
    %store/vec4 v0x5ac19c061790_0, 0, 1;
    %pushi/vec4 0, 0, 32; draw_string_vec4
    %pushi/vec4 0, 0, 32; draw_string_vec4
    %concat/vec4; draw_string_vec4
    %pushi/vec4 0, 0, 32; draw_string_vec4
    %concat/vec4; draw_string_vec4
    %pushi/vec4 0, 0, 32; draw_string_vec4
    %concat/vec4; draw_string_vec4
    %pushi/vec4 0, 0, 32; draw_string_vec4
    %concat/vec4; draw_string_vec4
    %pushi/vec4 0, 0, 32; draw_string_vec4
    %concat/vec4; draw_string_vec4
    %pushi/vec4 0, 0, 32; draw_string_vec4
    %concat/vec4; draw_string_vec4
    %pushi/vec4 45, 0, 24; draw_string_vec4
    %concat/vec4; draw_string_vec4
    %store/vec4 v0x5ac19c061470_0, 0, 248;
    %pushi/real 1717986918, 4062; load=0.100000
    %pushi/real 1677722, 4040; load=0.100000
    %add/wr;
    %vpi_func 3 104 "$urandom_range" 32, W<0,r>, 32'sb00000000000000000000000000001010 {0 1 0};
    %pad/u 64;
    %muli 1, 0, 64;
    %ix/vec4 4;
    %delayx 4;
    %end;
S_0x5ac19c060a80 .scope task, "scan_file" "scan_file" 3 84, 3 84 0, S_0x5ac19c02cb00;
 .timescale 0 0;
TD_tb_mux_to_demux.scan_file ;
    %vpi_func 3 86 "$fscanf" 32, v0x5ac19c061b10_0, "%s %b %b %b %b %b %b %b %b %b", v0x5ac19c061470_0, v0x5ac19c061bf0_0, v0x5ac19c060df0_0, v0x5ac19c0610b0_0, v0x5ac19c061380_0, v0x5ac19c061790_0, v0x5ac19c060f00_0, v0x5ac19c0611a0_0, v0x5ac19c061630_0, v0x5ac19c061880_0 {0 0 0};
    %store/vec4 v0x5ac19c061550_0, 0, 32;
    %load/vec4 v0x5ac19c061550_0;
    %pushi/vec4 4294967295, 0, 32;
    %cmp/e;
    %flag_get/vec4 4;
    %store/vec4 v0x5ac19c061e50_0, 0, 1;
    %end;
S_0x5ac19c060c60 .scope task, "vectorcount" "vectorcount" 3 175, 3 175 0, S_0x5ac19c02cb00;
 .timescale 0 0;
TD_tb_mux_to_demux.vectorcount ;
    %load/vec4 v0x5ac19c061d70_0;
    %addi 1, 0, 32;
    %store/vec4 v0x5ac19c061d70_0, 0, 32;
    %end;
    .scope S_0x5ac19c05f390;
T_9 ;
    %wait E_0x5ac19c05f630;
    %load/vec4 v0x5ac19c05f9a0_0;
    %dup/vec4;
    %pushi/vec4 0, 0, 2;
    %cmp/u;
    %jmp/1 T_9.0, 6;
    %dup/vec4;
    %pushi/vec4 1, 0, 2;
    %cmp/u;
    %jmp/1 T_9.1, 6;
    %dup/vec4;
    %pushi/vec4 2, 0, 2;
    %cmp/u;
    %jmp/1 T_9.2, 6;
    %dup/vec4;
    %pushi/vec4 3, 0, 2;
    %cmp/u;
    %jmp/1 T_9.3, 6;
    %jmp T_9.4;
T_9.0 ;
    %load/vec4 v0x5ac19c05f6a0_0;
    %store/vec4 v0x5ac19c05fab0_0, 0, 1;
    %jmp T_9.4;
T_9.1 ;
    %load/vec4 v0x5ac19c05f780_0;
    %store/vec4 v0x5ac19c05fab0_0, 0, 1;
    %jmp T_9.4;
T_9.2 ;
    %load/vec4 v0x5ac19c05f840_0;
    %store/vec4 v0x5ac19c05fab0_0, 0, 1;
    %jmp T_9.4;
T_9.3 ;
    %load/vec4 v0x5ac19c05f8e0_0;
    %store/vec4 v0x5ac19c05fab0_0, 0, 1;
    %jmp T_9.4;
T_9.4 ;
    %pop/vec4 1;
    %jmp T_9;
    .thread T_9, $push;
    .scope S_0x5ac19c05eb20;
T_10 ;
    %wait E_0x5ac19bffc740;
    %load/vec4 v0x5ac19c05f0e0_0;
    %dup/vec4;
    %pushi/vec4 0, 0, 2;
    %cmp/u;
    %jmp/1 T_10.0, 6;
    %dup/vec4;
    %pushi/vec4 1, 0, 2;
    %cmp/u;
    %jmp/1 T_10.1, 6;
    %dup/vec4;
    %pushi/vec4 2, 0, 2;
    %cmp/u;
    %jmp/1 T_10.2, 6;
    %dup/vec4;
    %pushi/vec4 3, 0, 2;
    %cmp/u;
    %jmp/1 T_10.3, 6;
    %jmp T_10.4;
T_10.0 ;
    %load/vec4 v0x5ac19c05f210_0;
    %store/vec4 v0x5ac19c05ede0_0, 0, 1;
    %pushi/vec4 0, 0, 1;
    %store/vec4 v0x5ac19c05eec0_0, 0, 1;
    %pushi/vec4 0, 0, 1;
    %store/vec4 v0x5ac19c05ef80_0, 0, 1;
    %pushi/vec4 0, 0, 1;
    %store/vec4 v0x5ac19c05f020_0, 0, 1;
    %jmp T_10.4;
T_10.1 ;
    %pushi/vec4 0, 0, 1;
    %store/vec4 v0x5ac19c05ede0_0, 0, 1;
    %load/vec4 v0x5ac19c05f210_0;
    %store/vec4 v0x5ac19c05eec0_0, 0, 1;
    %pushi/vec4 0, 0, 1;
    %store/vec4 v0x5ac19c05ef80_0, 0, 1;
    %pushi/vec4 0, 0, 1;
    %store/vec4 v0x5ac19c05f020_0, 0, 1;
    %jmp T_10.4;
T_10.2 ;
    %pushi/vec4 0, 0, 1;
    %store/vec4 v0x5ac19c05ede0_0, 0, 1;
    %pushi/vec4 0, 0, 1;
    %store/vec4 v0x5ac19c05eec0_0, 0, 1;
    %load/vec4 v0x5ac19c05f210_0;
    %store/vec4 v0x5ac19c05ef80_0, 0, 1;
    %pushi/vec4 0, 0, 1;
    %store/vec4 v0x5ac19c05f020_0, 0, 1;
    %jmp T_10.4;
T_10.3 ;
    %pushi/vec4 0, 0, 1;
    %store/vec4 v0x5ac19c05ede0_0, 0, 1;
    %pushi/vec4 0, 0, 1;
    %store/vec4 v0x5ac19c05eec0_0, 0, 1;
    %pushi/vec4 0, 0, 1;
    %store/vec4 v0x5ac19c05ef80_0, 0, 1;
    %load/vec4 v0x5ac19c05f210_0;
    %store/vec4 v0x5ac19c05f020_0, 0, 1;
    %jmp T_10.4;
T_10.4 ;
    %pop/vec4 1;
    %jmp T_10;
    .thread T_10, $push;
    .scope S_0x5ac19c02cb00;
T_11 ;
    %vpi_call/w 3 31 "$dumpfile", "tb_mux_to_demux.vcd" {0 0 0};
    %vpi_call/w 3 32 "$dumpvars", 32'sb00000000000000000000000000000000, S_0x5ac19c02cb00 {0 0 0};
    %end;
    .thread T_11;
    .scope S_0x5ac19c02cb00;
T_12 ;
    %delay 10, 0;
    %load/vec4 v0x5ac19c061cb0_0;
    %inv;
    %store/vec4 v0x5ac19c061cb0_0, 0, 1;
    %jmp T_12;
    .thread T_12;
    .scope S_0x5ac19c02cb00;
T_13 ;
    %fork TD_tb_mux_to_demux.initialize, S_0x5ac19c0606c0;
    %join;
    %end;
    .thread T_13;
    .scope S_0x5ac19c02cb00;
T_14 ;
    %wait E_0x5ac19c02f890;
    %delay 1, 0;
    %load/vec4 v0x5ac19c061e50_0;
    %nor/r;
    %flag_set/vec4 8;
    %jmp/0xz  T_14.0, 8;
    %fork TD_tb_mux_to_demux.scan_file, S_0x5ac19c060a80;
    %join;
T_14.0 ;
    %jmp T_14;
    .thread T_14;
    .scope S_0x5ac19c02cb00;
T_15 ;
    %wait E_0x5ac19c02fce0;
    %fork TD_tb_mux_to_demux.coverage_update, S_0x5ac19c05e3d0;
    %join;
    %delay 0, 0;
    %fork TD_tb_mux_to_demux.OUT_EXP, S_0x5ac19c029c80;
    %join;
    %fork TD_tb_mux_to_demux.display_file, S_0x5ac19c05e5e0;
    %join;
    %fork TD_tb_mux_to_demux.errors_warnings_check, S_0x5ac19c060530;
    %join;
    %fork TD_tb_mux_to_demux.vectorcount, S_0x5ac19c060c60;
    %join;
    %jmp T_15;
    .thread T_15;
    .scope S_0x5ac19c02cb00;
T_16 ;
T_16.0 ;
    %load/vec4 v0x5ac19c061e50_0;
    %cmpi/ne 1, 0, 1;
    %jmp/0xz T_16.1, 6;
    %wait E_0x5ac19c0306d0;
    %jmp T_16.0;
T_16.1 ;
    %vpi_call/w 3 294 "$display" {0 0 0};
    %vpi_call/w 3 295 "$display", "%13s ***time = %0d,eof ***", "\000", $time {0 0 0};
    %vpi_call/w 3 296 "$display" {0 0 0};
    %pushi/vec4 0, 0, 32;
    %store/vec4 v0x5ac19c061f10_0, 0, 32;
T_16.2 ;
    %load/vec4 v0x5ac19c061f10_0;
    %cmpi/s 50, 0, 32;
    %jmp/0xz T_16.3, 5;
    %load/vec4 v0x5ac19c061bf0_0;
    %pad/u 3;
    %cmpi/e 4, 0, 3;
    %jmp/0xz  T_16.4, 4;
    %fork TD_tb_mux_to_demux.vectorcount, S_0x5ac19c060c60;
    %join;
    %fork TD_tb_mux_to_demux.close, S_0x5ac19c029e60;
    %join;
    %jmp T_16.5;
T_16.4 ;
    %fork TD_tb_mux_to_demux.random_in, S_0x5ac19c0608a0;
    %join;
T_16.5 ;
    ; show_stmt_assign_vector: Get l-value for compressed += operand
    %load/vec4 v0x5ac19c061f10_0;
    %pushi/vec4 1, 0, 32;
    %add;
    %cast2;
    %store/vec4 v0x5ac19c061f10_0, 0, 32;
    %jmp T_16.2;
T_16.3 ;
    %fork TD_tb_mux_to_demux.close, S_0x5ac19c029e60;
    %join;
    %end;
    .thread T_16;
# The file index is used to find the file name in the following table.
:file_names 5;
    "N/A";
    "<interactive>";
    "-";
    "tb_mux_to_demux.v";
    "mux_to_demux.v";
