#! /usr/bin/vvp
:ivl_version "12.0 (stable)";
:ivl_delay_selection "TYPICAL";
:vpi_time_precision - 11;
:vpi_module "/usr/lib/x86_64-linux-gnu/ivl/system.vpi";
:vpi_module "/usr/lib/x86_64-linux-gnu/ivl/vhdl_sys.vpi";
:vpi_module "/usr/lib/x86_64-linux-gnu/ivl/vhdl_textio.vpi";
:vpi_module "/usr/lib/x86_64-linux-gnu/ivl/v2005_math.vpi";
:vpi_module "/usr/lib/x86_64-linux-gnu/ivl/va_math.vpi";
:vpi_module "/usr/lib/x86_64-linux-gnu/ivl/v2009.vpi";
S_0x6470253d7280 .scope package, "$unit" "$unit" 2 1;
 .timescale 0 0;
S_0x6470253d7410 .scope module, "tb_half_adder" "tb_half_adder" 3 3;
 .timescale -9 -11;
P_0x6470253870a0 .param/l "TICKPERIOD" 1 3 43, +C4<00000000000000000000000000010100>;
v0x647025403190_0 .var "A", 0 0;
v0x647025403250_0 .var "B", 0 0;
v0x647025403310_0 .var "COMMENT", 71 0;
v0x6470254033b0_0 .var/i "COUNT", 31 0;
v0x647025403490_0 .var "COUT_EXPECTED", 0 0;
v0x6470254035a0_0 .net "COUT_beh", 0 0, v0x647025401a60_0;  1 drivers
v0x647025403640_0 .net "COUT_data", 0 0, L_0x647025404290;  1 drivers
v0x647025403710_0 .net "COUT_gate", 0 0, L_0x647025404150;  1 drivers
v0x6470254037e0_0 .var "ERRORS", 31 0;
v0x647025403880_0 .var/i "FD", 31 0;
v0x647025403940_0 .var "SUM_EXPECTED", 0 0;
v0x647025403a00_0 .net "SUM_beh", 0 0, v0x647025401b00_0;  1 drivers
v0x647025403ad0_0 .net "SUM_data", 0 0, L_0x6470254041e0;  1 drivers
v0x647025403ba0_0 .net "SUM_gate", 0 0, L_0x647025404010;  1 drivers
v0x647025403c70_0 .var "TICK", 0 0;
v0x647025403d10_0 .var "VECTORCOUNT", 31 0;
v0x647025403db0_0 .var "eof", 0 0;
v0x647025403e70_0 .var/2s "i", 31 0;
v0x647025403f50 .array "input_coverage", 7 0, 31 0;
E_0x6470253d8cd0 .event anyedge, v0x647025403db0_0;
E_0x6470253d8f80 .event posedge, v0x647025403c70_0;
E_0x6470253d94f0 .event negedge, v0x647025403c70_0;
S_0x6470253d5df0 .scope task, "COUT_EXP" "COUT_EXP" 3 122, 3 122 0, S_0x6470253d7410;
 .timescale -9 -11;
TD_tb_half_adder.COUT_EXP ;
    %load/vec4 v0x647025403190_0;
    %load/vec4 v0x647025403250_0;
    %and;
    %store/vec4 v0x647025403490_0, 0, 1;
    %end;
S_0x6470253d5fd0 .scope task, "SUM_EXP" "SUM_EXP" 3 112, 3 112 0, S_0x6470253d7410;
 .timescale -9 -11;
TD_tb_half_adder.SUM_EXP ;
    %load/vec4 v0x647025403190_0;
    %load/vec4 v0x647025403250_0;
    %xor;
    %store/vec4 v0x647025403940_0, 0, 1;
    %end;
S_0x6470253d8650 .scope task, "close" "close" 3 132, 3 132 0, S_0x6470253d7410;
 .timescale -9 -11;
TD_tb_half_adder.close ;
    %delay 1000, 0;
    %vpi_call/w 3 135 "$fclose", v0x647025403880_0 {0 0 0};
    %vpi_call/w 3 137 "$display" {0 0 0};
    %vpi_call/w 3 138 "$display", "COVERAGE_REPORT" {0 0 0};
    %pushi/vec4 0, 0, 32;
    %store/vec4 v0x647025403e70_0, 0, 32;
T_2.0 ;
    %load/vec4 v0x647025403e70_0;
    %cmpi/s 4, 0, 32;
    %jmp/0xz T_2.1, 5;
    %ix/getv/s 4, v0x647025403e70_0;
    %load/vec4a v0x647025403f50, 4;
    %cmpi/e 0, 0, 32;
    %jmp/0xz  T_2.2, 4;
    %vpi_call/w 3 144 "$display", "input A = %b & B = %b has occured %d times (***ERROR***)", &PV<v0x647025403e70_0, 1, 1>, &PV<v0x647025403e70_0, 0, 1>, &A<v0x647025403f50, v0x647025403e70_0 > {0 0 0};
    %load/vec4 v0x6470254037e0_0;
    %addi 1, 0, 32;
    %store/vec4 v0x6470254037e0_0, 0, 32;
    %jmp T_2.3;
T_2.2 ;
    %vpi_call/w 3 151 "$display", "input A = %b & B = %b has occured %d times", &PV<v0x647025403e70_0, 1, 1>, &PV<v0x647025403e70_0, 0, 1>, &A<v0x647025403f50, v0x647025403e70_0 > {0 0 0};
T_2.3 ;
    ; show_stmt_assign_vector: Get l-value for compressed += operand
    %load/vec4 v0x647025403e70_0;
    %pushi/vec4 1, 0, 32;
    %add;
    %cast2;
    %store/vec4 v0x647025403e70_0, 0, 32;
    %jmp T_2.0;
T_2.1 ;
    %vpi_call/w 3 157 "$display" {0 0 0};
    %vpi_call/w 3 158 "$display", "VECTORCOUNT = %d", v0x647025403d10_0 {0 0 0};
    %vpi_call/w 3 159 "$display", "ERRORS = %15d", v0x6470254037e0_0 {0 0 0};
    %vpi_call/w 3 160 "$display" {0 0 0};
    %vpi_call/w 3 161 "$display", "TEST_END--------------------------------------------------------------------------------------------------------------------------" {0 0 0};
    %vpi_call/w 3 162 "$display" {0 0 0};
    %vpi_call/w 3 164 "$finish" {0 0 0};
    %end;
S_0x6470253d8830 .scope task, "coverage_update" "coverage_update" 3 191, 3 191 0, S_0x6470253d7410;
 .timescale -9 -11;
TD_tb_half_adder.coverage_update ;
    ; show_stmt_assign_vector: Get l-value for compressed += operand
    %load/vec4 v0x647025403190_0;
    %load/vec4 v0x647025403250_0;
    %concat/vec4; draw_concat_vec4
    %pad/u 5;
    %ix/vec4 4;
    %flag_mov 8, 4;
    %load/vec4a v0x647025403f50, 4;
    %pushi/vec4 1, 0, 32;
    %add;
    %flag_mov 4, 8;
    %store/vec4a v0x647025403f50, 4, 0;
    %end;
S_0x647025386490 .scope task, "display_file" "display_file" 3 182, 3 182 0, S_0x6470253d7410;
 .timescale -9 -11;
TD_tb_half_adder.display_file ;
    %vpi_call/w 3 184 "$display", "%10d %9s | %4d | %1d | %1d | %5d     | %5d    | %5d     | %5d    | %4d     | %4d    | %7d       | %6d       |", v0x647025403d10_0, v0x647025403310_0, $time, v0x647025403190_0, v0x647025403250_0, v0x647025403710_0, v0x647025403ba0_0, v0x647025403640_0, v0x647025403ad0_0, v0x6470254035a0_0, v0x647025403a00_0, v0x647025403490_0, v0x647025403940_0 {0 0 0};
    %end;
S_0x6470253866c0 .scope module, "dut_half_adder_behavioral" "half_adder_behavioral" 3 28, 4 26 0, S_0x6470253d7410;
 .timescale -9 -11;
    .port_info 0 /INPUT 1 "a";
    .port_info 1 /INPUT 1 "b";
    .port_info 2 /OUTPUT 1 "sum";
    .port_info 3 /OUTPUT 1 "cout";
v0x6470253d61b0_0 .net "a", 0 0, v0x647025403190_0;  1 drivers
v0x6470254019a0_0 .net "b", 0 0, v0x647025403250_0;  1 drivers
v0x647025401a60_0 .var "cout", 0 0;
v0x647025401b00_0 .var "sum", 0 0;
E_0x6470253d9220 .event anyedge, v0x6470254019a0_0, v0x6470253d61b0_0;
S_0x647025401c40 .scope module, "dut_half_adder_dataflow" "half_adder_dataflow" 3 27, 4 13 0, S_0x6470253d7410;
 .timescale -9 -11;
    .port_info 0 /INPUT 1 "a";
    .port_info 1 /INPUT 1 "b";
    .port_info 2 /OUTPUT 1 "sum";
    .port_info 3 /OUTPUT 1 "cout";
L_0x6470254041e0 .functor XOR 1, v0x647025403190_0, v0x647025403250_0, C4<0>, C4<0>;
L_0x647025404290 .functor AND 1, v0x647025403190_0, v0x647025403250_0, C4<1>, C4<1>;
v0x647025401e90_0 .net "a", 0 0, v0x647025403190_0;  alias, 1 drivers
v0x647025401f80_0 .net "b", 0 0, v0x647025403250_0;  alias, 1 drivers
v0x647025402050_0 .net "cout", 0 0, L_0x647025404290;  alias, 1 drivers
v0x647025402120_0 .net "sum", 0 0, L_0x6470254041e0;  alias, 1 drivers
S_0x647025402250 .scope module, "dut_half_adder_gate" "half_adder_gate" 3 26, 4 1 0, S_0x6470253d7410;
 .timescale -9 -11;
    .port_info 0 /INPUT 1 "a";
    .port_info 1 /INPUT 1 "b";
    .port_info 2 /OUTPUT 1 "sum";
    .port_info 3 /OUTPUT 1 "cout";
L_0x647025404010 .functor XOR 1, v0x647025403190_0, v0x647025403250_0, C4<0>, C4<0>;
L_0x647025404150 .functor AND 1, v0x647025403190_0, v0x647025403250_0, C4<1>, C4<1>;
v0x6470254024a0_0 .net "a", 0 0, v0x647025403190_0;  alias, 1 drivers
v0x6470254025b0_0 .net "b", 0 0, v0x647025403250_0;  alias, 1 drivers
v0x6470254026c0_0 .net "cout", 0 0, L_0x647025404150;  alias, 1 drivers
v0x647025402760_0 .net "sum", 0 0, L_0x647025404010;  alias, 1 drivers
S_0x647025402880 .scope task, "errors_warnings_check" "errors_warnings_check" 3 200, 3 200 0, S_0x6470253d7410;
 .timescale -9 -11;
TD_tb_half_adder.errors_warnings_check ;
    %load/vec4 v0x647025403710_0;
    %load/vec4 v0x647025403490_0;
    %cmp/ne;
    %jmp/0xz  T_5.4, 6;
    %vpi_call/w 3 206 "$display", "***ERROR: COUT_gate = %b, COUT_expected = %b", v0x647025403710_0, v0x647025403490_0 {0 0 0};
    %load/vec4 v0x6470254037e0_0;
    %addi 1, 0, 32;
    %store/vec4 v0x6470254037e0_0, 0, 32;
T_5.4 ;
    %load/vec4 v0x647025403ba0_0;
    %load/vec4 v0x647025403940_0;
    %cmp/ne;
    %jmp/0xz  T_5.6, 6;
    %vpi_call/w 3 213 "$display", "***ERROR: SUM_gate = %b, SUM_expected = %b", v0x647025403ba0_0, v0x647025403940_0 {0 0 0};
    %load/vec4 v0x6470254037e0_0;
    %addi 1, 0, 32;
    %store/vec4 v0x6470254037e0_0, 0, 32;
T_5.6 ;
    %load/vec4 v0x647025403640_0;
    %load/vec4 v0x647025403490_0;
    %cmp/ne;
    %jmp/0xz  T_5.8, 6;
    %vpi_call/w 3 221 "$display", "***ERROR: COUT_data = %b, COUT_expected = %b", v0x647025403640_0, v0x647025403490_0 {0 0 0};
    %load/vec4 v0x6470254037e0_0;
    %addi 1, 0, 32;
    %store/vec4 v0x6470254037e0_0, 0, 32;
T_5.8 ;
    %load/vec4 v0x647025403ad0_0;
    %load/vec4 v0x647025403940_0;
    %cmp/ne;
    %jmp/0xz  T_5.10, 6;
    %vpi_call/w 3 228 "$display", "***ERROR: SUM_data = %b, SUM_expected = %b", v0x647025403ad0_0, v0x647025403940_0 {0 0 0};
    %load/vec4 v0x6470254037e0_0;
    %addi 1, 0, 32;
    %store/vec4 v0x6470254037e0_0, 0, 32;
T_5.10 ;
    %load/vec4 v0x6470254035a0_0;
    %load/vec4 v0x647025403490_0;
    %cmp/ne;
    %jmp/0xz  T_5.12, 6;
    %vpi_call/w 3 236 "$display", "***ERROR: COUT_beh = %b, COUT_expected = %b", v0x6470254035a0_0, v0x647025403490_0 {0 0 0};
    %load/vec4 v0x6470254037e0_0;
    %addi 1, 0, 32;
    %store/vec4 v0x6470254037e0_0, 0, 32;
T_5.12 ;
    %load/vec4 v0x647025403a00_0;
    %load/vec4 v0x647025403940_0;
    %cmp/ne;
    %jmp/0xz  T_5.14, 6;
    %vpi_call/w 3 243 "$display", "***ERROR: SUM_beh = %b, SUM_expected = %b", v0x647025403a00_0, v0x647025403940_0 {0 0 0};
    %load/vec4 v0x6470254037e0_0;
    %addi 1, 0, 32;
    %store/vec4 v0x6470254037e0_0, 0, 32;
T_5.14 ;
    %end;
S_0x647025402a60 .scope task, "initialize" "initialize" 3 57, 3 57 0, S_0x6470253d7410;
 .timescale -9 -11;
TD_tb_half_adder.initialize ;
    %vpi_func 3 59 "$fopen" 32, "tb_half_adder.tv", "r" {0 0 0};
    %store/vec4 v0x647025403880_0, 0, 32;
    %vpi_func 3 60 "$fscanf" 32, v0x647025403880_0, "%s", v0x647025403310_0 {0 0 0};
    %store/vec4 v0x6470254033b0_0, 0, 32;
    %vpi_func 3 62 "$fscanf" 32, v0x647025403880_0, "%s %b %b %b %b", v0x647025403310_0, v0x647025403190_0, v0x647025403250_0, v0x647025403940_0, v0x647025403490_0 {0 0 0};
    %store/vec4 v0x6470254033b0_0, 0, 32;
    %pushi/vec4 0, 0, 1;
    %store/vec4 v0x647025403c70_0, 0, 1;
    %pushi/vec4 0, 0, 32;
    %store/vec4 v0x647025403d10_0, 0, 32;
    %pushi/vec4 0, 0, 32;
    %store/vec4 v0x6470254037e0_0, 0, 32;
    %pushi/vec4 0, 0, 32;
    %store/vec4 v0x647025403e70_0, 0, 32;
T_6.16 ;
    %load/vec4 v0x647025403e70_0;
    %cmpi/s 4, 0, 32;
    %jmp/0xz T_6.17, 5;
    %pushi/vec4 0, 0, 32;
    %ix/getv/s 4, v0x647025403e70_0;
    %store/vec4a v0x647025403f50, 4, 0;
    ; show_stmt_assign_vector: Get l-value for compressed += operand
    %load/vec4 v0x647025403e70_0;
    %pushi/vec4 1, 0, 32;
    %add;
    %cast2;
    %store/vec4 v0x647025403e70_0, 0, 32;
    %jmp T_6.16;
T_6.17 ;
    %pushi/vec4 0, 0, 1;
    %store/vec4 v0x647025403db0_0, 0, 1;
    %vpi_call/w 3 73 "$display" {0 0 0};
    %vpi_call/w 3 74 "$display", "TEST_START-------------------------------------------------------------------------------------------------------------------------------------" {0 0 0};
    %vpi_call/w 3 75 "$display" {0 0 0};
    %vpi_call/w 3 76 "$display", "                     | TIME | A | B | COUT_gate | SUM_gate | COUT_data | SUM_data | COUT_beh | SUM_beh | COUT_EXPECTED | SUM_EXPECTED |" {0 0 0};
    %vpi_call/w 3 77 "$display", "-----------------------------------------------------------------------------------------------------------------------------------------------" {0 0 0};
    %end;
S_0x647025402bf0 .scope task, "random_in" "random_in" 3 97, 3 97 0, S_0x6470253d7410;
 .timescale -9 -11;
TD_tb_half_adder.random_in ;
    %vpi_func 3 100 "$urandom" 32 {0 0 0};
    %pushi/vec4 2, 0, 32;
    %mod;
    %pad/u 1;
    %store/vec4 v0x647025403190_0, 0, 1;
    %vpi_func 3 101 "$urandom" 32 {0 0 0};
    %pushi/vec4 2, 0, 32;
    %mod;
    %pad/u 1;
    %store/vec4 v0x647025403250_0, 0, 1;
    %pushi/vec4 0, 0, 32; draw_string_vec4
    %pushi/vec4 0, 0, 32; draw_string_vec4
    %concat/vec4; draw_string_vec4
    %pushi/vec4 45, 0, 8; draw_string_vec4
    %concat/vec4; draw_string_vec4
    %store/vec4 v0x647025403310_0, 0, 72;
    %pushi/real 1717986918, 4062; load=0.100000
    %pushi/real 1677722, 4040; load=0.100000
    %add/wr;
    %vpi_func 3 105 "$urandom_range" 32, W<0,r>, 32'sb00000000000000000000000000001010 {0 1 0};
    %pad/u 64;
    %muli 100, 0, 64;
    %ix/vec4 4;
    %delayx 4;
    %end;
S_0x647025402dd0 .scope task, "scan_file" "scan_file" 3 87, 3 87 0, S_0x6470253d7410;
 .timescale -9 -11;
TD_tb_half_adder.scan_file ;
    %vpi_func 3 89 "$fscanf" 32, v0x647025403880_0, "%s %b %b %b %b", v0x647025403310_0, v0x647025403190_0, v0x647025403250_0, v0x647025403940_0, v0x647025403490_0 {0 0 0};
    %store/vec4 v0x6470254033b0_0, 0, 32;
    %load/vec4 v0x6470254033b0_0;
    %pushi/vec4 4294967295, 0, 32;
    %cmp/e;
    %flag_get/vec4 4;
    %store/vec4 v0x647025403db0_0, 0, 1;
    %end;
S_0x647025402fb0 .scope task, "vectorcount" "vectorcount" 3 172, 3 172 0, S_0x6470253d7410;
 .timescale -9 -11;
TD_tb_half_adder.vectorcount ;
    %load/vec4 v0x647025403d10_0;
    %addi 1, 0, 32;
    %store/vec4 v0x647025403d10_0, 0, 32;
    %end;
    .scope S_0x6470253866c0;
T_10 ;
    %wait E_0x6470253d9220;
    %load/vec4 v0x6470253d61b0_0;
    %pad/u 2;
    %load/vec4 v0x6470254019a0_0;
    %pad/u 2;
    %add;
    %split/vec4 1;
    %assign/vec4 v0x647025401b00_0, 0;
    %assign/vec4 v0x647025401a60_0, 0;
    %jmp T_10;
    .thread T_10, $push;
    .scope S_0x6470253d7410;
T_11 ;
    %vpi_call/w 3 36 "$dumpfile", "tb_half_adder.vcd" {0 0 0};
    %vpi_call/w 3 37 "$dumpvars", 32'sb00000000000000000000000000000000, S_0x6470253d7410 {0 0 0};
    %end;
    .thread T_11;
    .scope S_0x6470253d7410;
T_12 ;
    %delay 1000, 0;
    %load/vec4 v0x647025403c70_0;
    %inv;
    %store/vec4 v0x647025403c70_0, 0, 1;
    %jmp T_12;
    .thread T_12;
    .scope S_0x6470253d7410;
T_13 ;
    %fork TD_tb_half_adder.initialize, S_0x647025402a60;
    %join;
    %end;
    .thread T_13;
    .scope S_0x6470253d7410;
T_14 ;
    %wait E_0x6470253d94f0;
    %delay 120, 0;
    %load/vec4 v0x647025403db0_0;
    %nor/r;
    %flag_set/vec4 8;
    %jmp/0xz  T_14.0, 8;
    %fork TD_tb_half_adder.scan_file, S_0x647025402dd0;
    %join;
T_14.0 ;
    %jmp T_14;
    .thread T_14;
    .scope S_0x6470253d7410;
T_15 ;
    %wait E_0x6470253d8f80;
    %fork TD_tb_half_adder.coverage_update, S_0x6470253d8830;
    %join;
    %delay 10, 0;
    %fork TD_tb_half_adder.COUT_EXP, S_0x6470253d5df0;
    %join;
    %fork TD_tb_half_adder.SUM_EXP, S_0x6470253d5fd0;
    %join;
    %fork TD_tb_half_adder.display_file, S_0x647025386490;
    %join;
    %fork TD_tb_half_adder.errors_warnings_check, S_0x647025402880;
    %join;
    %fork TD_tb_half_adder.vectorcount, S_0x647025402fb0;
    %join;
    %jmp T_15;
    .thread T_15;
    .scope S_0x6470253d7410;
T_16 ;
T_16.0 ;
    %load/vec4 v0x647025403db0_0;
    %cmpi/ne 1, 0, 1;
    %jmp/0xz T_16.1, 6;
    %wait E_0x6470253d8cd0;
    %jmp T_16.0;
T_16.1 ;
    %vpi_call/w 3 305 "$display" {0 0 0};
    %vpi_call/w 3 306 "$display", "%13s ***time = %0d,eof ***", "\000", $time {0 0 0};
    %vpi_call/w 3 307 "$display" {0 0 0};
    %pushi/vec4 0, 0, 32;
    %store/vec4 v0x647025403e70_0, 0, 32;
T_16.2 ;
    %load/vec4 v0x647025403e70_0;
    %cmpi/s 50, 0, 32;
    %jmp/0xz T_16.3, 5;
    %load/vec4 v0x647025403190_0;
    %pad/u 32;
    %cmpi/e 1, 0, 32;
    %flag_get/vec4 4;
    %jmp/0 T_16.6, 4;
    %load/vec4 v0x647025403250_0;
    %pad/u 32;
    %pushi/vec4 2, 0, 32;
    %cmp/e;
    %flag_get/vec4 4;
    %and;
T_16.6;
    %flag_set/vec4 8;
    %jmp/0xz  T_16.4, 8;
    %fork TD_tb_half_adder.vectorcount, S_0x647025402fb0;
    %join;
    %fork TD_tb_half_adder.close, S_0x6470253d8650;
    %join;
    %jmp T_16.5;
T_16.4 ;
    %fork TD_tb_half_adder.random_in, S_0x647025402bf0;
    %join;
T_16.5 ;
    ; show_stmt_assign_vector: Get l-value for compressed += operand
    %load/vec4 v0x647025403e70_0;
    %pushi/vec4 1, 0, 32;
    %add;
    %cast2;
    %store/vec4 v0x647025403e70_0, 0, 32;
    %jmp T_16.2;
T_16.3 ;
    %fork TD_tb_half_adder.close, S_0x6470253d8650;
    %join;
    %end;
    .thread T_16;
# The file index is used to find the file name in the following table.
:file_names 5;
    "N/A";
    "<interactive>";
    "-";
    "tb_half_adder.v";
    "half_adder.v";
