#! /usr/bin/vvp
:ivl_version "12.0 (stable)";
:ivl_delay_selection "TYPICAL";
:vpi_time_precision - 10;
:vpi_module "/usr/lib/x86_64-linux-gnu/ivl/system.vpi";
:vpi_module "/usr/lib/x86_64-linux-gnu/ivl/vhdl_sys.vpi";
:vpi_module "/usr/lib/x86_64-linux-gnu/ivl/vhdl_textio.vpi";
:vpi_module "/usr/lib/x86_64-linux-gnu/ivl/v2005_math.vpi";
:vpi_module "/usr/lib/x86_64-linux-gnu/ivl/va_math.vpi";
:vpi_module "/usr/lib/x86_64-linux-gnu/ivl/v2009.vpi";
S_0x5aa190647690 .scope package, "$unit" "$unit" 2 1;
 .timescale 0 0;
S_0x5aa19063cc30 .scope module, "tb_d_flip_flop" "tb_d_flip_flop" 3 3;
 .timescale -9 -10;
P_0x5aa19063cdc0 .param/l "TICKPERIOD" 1 3 45, +C4<00000000000000000000000000010100>;
v0x5aa19066ee90_0 .var "COMMENT", 71 0;
v0x5aa19066ef90_0 .var "COMMENT1", 71 0;
v0x5aa19066f070_0 .var "COMMENT2", 71 0;
v0x5aa19066f130_0 .var/i "COUNT", 31 0;
v0x5aa19066f210_0 .var "D", 0 0;
v0x5aa19066f300_0 .var "ERRORS", 31 0;
v0x5aa19066f3e0_0 .var/i "FD", 31 0;
v0x5aa19066f4c0_0 .var "QBAREXPECTED", 0 0;
v0x5aa19066f580_0 .net "QBAR_beh", 0 0, L_0x5aa190670ff0;  1 drivers
v0x5aa19066f6b0_0 .net "QBAR_data", 0 0, L_0x5aa190670ed0;  1 drivers
v0x5aa19066f750_0 .net "QBAR_gate", 0 0, L_0x5aa190670610;  1 drivers
v0x5aa19066f820_0 .var "QEXPECTED", 0 0;
v0x5aa19066f8c0_0 .net "Q_beh", 0 0, v0x5aa19066cdd0_0;  1 drivers
v0x5aa19066f990_0 .net "Q_data", 0 0, L_0x5aa190670cb0;  1 drivers
v0x5aa19066fa60_0 .net "Q_gate", 0 0, L_0x5aa190670500;  1 drivers
v0x5aa19066fb30_0 .var "TICK", 0 0;
v0x5aa19066fbd0_0 .var "VECTORCOUNT", 31 0;
v0x5aa19066fc70_0 .var "eof", 0 0;
v0x5aa19066fd10_0 .var/2s "i", 31 0;
v0x5aa19066fdb0_0 .var "input_coverage0", 31 0;
v0x5aa19066fe90_0 .var "input_coverage1", 31 0;
v0x5aa19066ff70_0 .var "prev_D", 0 0;
v0x5aa190670030_0 .var "prev_QEx", 0 0;
v0x5aa1906700f0_0 .var "prev_QExbar", 0 0;
E_0x5aa19063f8b0 .event anyedge, v0x5aa19066fc70_0;
E_0x5aa19063fb40 .event negedge, v0x5aa19064deb0_0;
S_0x5aa19063ce60 .scope task, "QEXP" "QEXP" 3 115, 3 115 0, S_0x5aa19063cc30;
 .timescale -9 -10;
TD_tb_d_flip_flop.QEXP ;
    %load/vec4 v0x5aa190670030_0;
    %load/vec4 v0x5aa1906700f0_0;
    %concat/vec4; draw_concat_vec4
    %cmpi/e 0, 0, 2;
    %flag_get/vec4 4;
    %jmp/0 T_0.3, 4;
    %load/vec4 v0x5aa19066f210_0;
    %pushi/vec4 0, 0, 1;
    %cmp/e;
    %flag_get/vec4 4;
    %and;
T_0.3;
    %flag_set/vec4 8;
    %jmp/1 T_0.2, 8;
    %load/vec4 v0x5aa190670030_0;
    %load/vec4 v0x5aa1906700f0_0;
    %concat/vec4; draw_concat_vec4
    %cmpi/e 3, 0, 2;
    %flag_get/vec4 4;
    %jmp/0 T_0.4, 4;
    %load/vec4 v0x5aa19066f210_0;
    %pushi/vec4 0, 0, 1;
    %cmp/e;
    %flag_get/vec4 4;
    %and;
T_0.4;
    %flag_set/vec4 9;
    %flag_or 8, 9;
T_0.2;
    %jmp/0xz  T_0.0, 8;
    %pushi/vec4 1, 1, 1;
    %store/vec4 v0x5aa19066f820_0, 0, 1;
    %pushi/vec4 1, 1, 1;
    %store/vec4 v0x5aa19066f4c0_0, 0, 1;
    %jmp T_0.1;
T_0.0 ;
    %load/vec4 v0x5aa190670030_0;
    %load/vec4 v0x5aa1906700f0_0;
    %concat/vec4; draw_concat_vec4
    %cmpi/e 0, 0, 2;
    %flag_get/vec4 4;
    %jmp/0 T_0.8, 4;
    %load/vec4 v0x5aa19066f210_0;
    %pushi/vec4 1, 0, 1;
    %cmp/e;
    %flag_get/vec4 4;
    %and;
T_0.8;
    %flag_set/vec4 8;
    %jmp/1 T_0.7, 8;
    %load/vec4 v0x5aa190670030_0;
    %load/vec4 v0x5aa1906700f0_0;
    %concat/vec4; draw_concat_vec4
    %cmpi/e 3, 0, 2;
    %flag_get/vec4 4;
    %jmp/0 T_0.9, 4;
    %load/vec4 v0x5aa19066f210_0;
    %pushi/vec4 1, 0, 1;
    %cmp/e;
    %flag_get/vec4 4;
    %and;
T_0.9;
    %flag_set/vec4 9;
    %flag_or 8, 9;
T_0.7;
    %jmp/0xz  T_0.5, 8;
    %pushi/vec4 1, 0, 1;
    %store/vec4 v0x5aa19066f820_0, 0, 1;
    %pushi/vec4 1, 0, 1;
    %store/vec4 v0x5aa19066f4c0_0, 0, 1;
    %jmp T_0.6;
T_0.5 ;
    %load/vec4 v0x5aa19066f210_0;
    %dup/vec4;
    %pushi/vec4 0, 0, 1;
    %cmp/u;
    %jmp/1 T_0.10, 6;
    %dup/vec4;
    %pushi/vec4 1, 0, 1;
    %cmp/u;
    %jmp/1 T_0.11, 6;
    %jmp T_0.12;
T_0.10 ;
    %pushi/vec4 0, 0, 1;
    %store/vec4 v0x5aa19066f820_0, 0, 1;
    %pushi/vec4 1, 0, 1;
    %store/vec4 v0x5aa19066f4c0_0, 0, 1;
    %jmp T_0.12;
T_0.11 ;
    %pushi/vec4 1, 0, 1;
    %store/vec4 v0x5aa19066f820_0, 0, 1;
    %pushi/vec4 0, 0, 1;
    %store/vec4 v0x5aa19066f4c0_0, 0, 1;
    %jmp T_0.12;
T_0.12 ;
    %pop/vec4 1;
T_0.6 ;
T_0.1 ;
    %end;
S_0x5aa19063a4e0 .scope task, "close" "close" 3 156, 3 156 0, S_0x5aa19063cc30;
 .timescale -9 -10;
TD_tb_d_flip_flop.close ;
    %delay 100, 0;
    %vpi_call/w 3 159 "$fclose", v0x5aa19066f3e0_0 {0 0 0};
    %vpi_call/w 3 161 "$display" {0 0 0};
    %vpi_call/w 3 162 "$display", "COVERAGE_REPORT" {0 0 0};
    %vpi_call/w 3 163 "$display", "input 00 has been hit %d times", v0x5aa19066fdb0_0 {0 0 0};
    %vpi_call/w 3 164 "$display", "input 01 has been hit %d times", v0x5aa19066fe90_0 {0 0 0};
    %vpi_call/w 3 165 "$display" {0 0 0};
    %vpi_call/w 3 166 "$display", "VECTORCOUNT = %d", v0x5aa19066fbd0_0 {0 0 0};
    %vpi_call/w 3 167 "$display", "ERRORS = %15d", v0x5aa19066f300_0 {0 0 0};
    %vpi_call/w 3 168 "$display" {0 0 0};
    %vpi_call/w 3 169 "$display", "TEST_END--------------------------------------------------------------------------------------------------------------------------" {0 0 0};
    %vpi_call/w 3 170 "$display" {0 0 0};
    %vpi_call/w 3 172 "$finish" {0 0 0};
    %end;
S_0x5aa19063a6c0 .scope task, "coverage_update" "coverage_update" 3 199, 3 199 0, S_0x5aa19063cc30;
 .timescale -9 -10;
TD_tb_d_flip_flop.coverage_update ;
    %load/vec4 v0x5aa19066f210_0;
    %dup/vec4;
    %pushi/vec4 0, 0, 1;
    %cmp/u;
    %jmp/1 T_2.13, 6;
    %dup/vec4;
    %pushi/vec4 1, 0, 1;
    %cmp/u;
    %jmp/1 T_2.14, 6;
    %jmp T_2.15;
T_2.13 ;
    %load/vec4 v0x5aa19066fdb0_0;
    %addi 1, 0, 32;
    %store/vec4 v0x5aa19066fdb0_0, 0, 32;
    %jmp T_2.15;
T_2.14 ;
    %load/vec4 v0x5aa19066fe90_0;
    %addi 1, 0, 32;
    %store/vec4 v0x5aa19066fe90_0, 0, 32;
    %jmp T_2.15;
T_2.15 ;
    %pop/vec4 1;
    %end;
S_0x5aa1905e7490 .scope task, "display_file" "display_file" 3 190, 3 190 0, S_0x5aa19063cc30;
 .timescale -9 -10;
TD_tb_d_flip_flop.display_file ;
    %vpi_call/w 3 192 "$display", "%10d %9s | %4d | %1d | %4d     | %4d     | %4d    | %5d     | %5d     | %5d     | %6d       |", v0x5aa19066fbd0_0, v0x5aa19066ee90_0, $time, v0x5aa19066f210_0, v0x5aa19066fa60_0, v0x5aa19066f990_0, v0x5aa19066f8c0_0, v0x5aa19066f750_0, v0x5aa19066f6b0_0, v0x5aa19066f820_0, v0x5aa19066f4c0_0 {0 0 0};
    %end;
S_0x5aa1905e7670 .scope module, "dut_d_flip_flop_behavioral" "d_flip_flop_behavioral" 3 30, 4 70 0, S_0x5aa19063cc30;
 .timescale -9 -10;
    .port_info 0 /INPUT 1 "clk";
    .port_info 1 /INPUT 1 "d";
    .port_info 2 /OUTPUT 1 "q";
    .port_info 3 /OUTPUT 1 "qbar";
L_0x5aa190670ff0 .functor NOT 1, v0x5aa19066cdd0_0, C4<0>, C4<0>, C4<0>;
v0x5aa19064deb0_0 .net "clk", 0 0, v0x5aa19066fb30_0;  1 drivers
v0x5aa19066cd10_0 .net "d", 0 0, v0x5aa19066f210_0;  1 drivers
v0x5aa19066cdd0_0 .var "q", 0 0;
v0x5aa19066ce70_0 .net "qbar", 0 0, L_0x5aa190670ff0;  alias, 1 drivers
E_0x5aa19063fe00 .event posedge, v0x5aa19064deb0_0;
S_0x5aa19066cfb0 .scope module, "dut_d_flip_flop_dataflow" "d_flip_flop_dataflow" 3 29, 4 40 0, S_0x5aa19063cc30;
 .timescale -9 -10;
    .port_info 0 /INPUT 1 "clk";
    .port_info 1 /INPUT 1 "d";
    .port_info 2 /OUTPUT 1 "q";
    .port_info 3 /OUTPUT 1 "qbar";
L_0x5aa190670710 .functor BUFZ 1, v0x5aa19066f210_0, C4<0>, C4<0>, C4<0>;
L_0x5aa1906707a0 .functor NOT 1, v0x5aa19066f210_0, C4<0>, C4<0>, C4<0>;
L_0x5aa190670830 .functor AND 1, L_0x5aa190670710, v0x5aa19066fb30_0, C4<1>, C4<1>;
L_0x5aa1906708f0 .functor NOT 1, L_0x5aa190670830, C4<0>, C4<0>, C4<0>;
L_0x5aa1906709e0 .functor AND 1, L_0x5aa1906707a0, v0x5aa19066fb30_0, C4<1>, C4<1>;
L_0x5aa190670aa0 .functor NOT 1, L_0x5aa1906709e0, C4<0>, C4<0>, C4<0>;
L_0x5aa190670ba0 .functor AND 1, L_0x5aa1906708f0, L_0x5aa190670ed0, C4<1>, C4<1>;
L_0x5aa190670cb0 .functor NOT 1, L_0x5aa190670ba0, C4<0>, C4<0>, C4<0>;
L_0x5aa190670e10 .functor AND 1, L_0x5aa190670aa0, L_0x5aa190670cb0, C4<1>, C4<1>;
L_0x5aa190670ed0 .functor NOT 1, L_0x5aa190670e10, C4<0>, C4<0>, C4<0>;
v0x5aa19066d200_0 .net *"_ivl_12", 0 0, L_0x5aa190670ba0;  1 drivers
v0x5aa19066d300_0 .net *"_ivl_16", 0 0, L_0x5aa190670e10;  1 drivers
v0x5aa19066d3e0_0 .net *"_ivl_4", 0 0, L_0x5aa190670830;  1 drivers
v0x5aa19066d4a0_0 .net *"_ivl_8", 0 0, L_0x5aa1906709e0;  1 drivers
v0x5aa19066d580_0 .net "clk", 0 0, v0x5aa19066fb30_0;  alias, 1 drivers
v0x5aa19066d670_0 .net "d", 0 0, v0x5aa19066f210_0;  alias, 1 drivers
v0x5aa19066d740_0 .net "q", 0 0, L_0x5aa190670cb0;  alias, 1 drivers
v0x5aa19066d7e0_0 .net "qbar", 0 0, L_0x5aa190670ed0;  alias, 1 drivers
v0x5aa19066d880_0 .net "r", 0 0, L_0x5aa1906707a0;  1 drivers
v0x5aa19066d940_0 .net "r1", 0 0, L_0x5aa190670aa0;  1 drivers
v0x5aa19066da00_0 .net "s", 0 0, L_0x5aa190670710;  1 drivers
v0x5aa19066dac0_0 .net "s1", 0 0, L_0x5aa1906708f0;  1 drivers
S_0x5aa19066dc30 .scope module, "dut_d_flip_flop_gate" "d_flip_flop_gate" 3 28, 4 3 0, S_0x5aa19063cc30;
 .timescale -9 -10;
    .port_info 0 /INPUT 1 "clk";
    .port_info 1 /INPUT 1 "clk1";
    .port_info 2 /INPUT 1 "d";
    .port_info 3 /OUTPUT 1 "q";
    .port_info 4 /OUTPUT 1 "qbar";
L_0x5aa1906701b0 .functor BUFZ 1, v0x5aa19066f210_0, C4<0>, C4<0>, C4<0>;
L_0x5aa190670270 .functor NOT 1, v0x5aa19066f210_0, C4<0>, C4<0>, C4<0>;
L_0x5aa190670330 .functor NAND 1, L_0x5aa1906701b0, v0x5aa19066fb30_0, C4<1>, C4<1>;
L_0x5aa190670460 .functor NAND 1, L_0x5aa190670270, v0x5aa19066fb30_0, C4<1>, C4<1>;
L_0x5aa190670500 .functor NAND 1, L_0x5aa190670330, L_0x5aa190670610, C4<1>, C4<1>;
L_0x5aa190670610 .functor NAND 1, L_0x5aa190670460, L_0x5aa190670500, C4<1>, C4<1>;
v0x5aa19066ddc0_0 .net "clk", 0 0, v0x5aa19066fb30_0;  alias, 1 drivers
o0x79cc158fa438 .functor BUFZ 1, C4<z>; HiZ drive
v0x5aa19066ded0_0 .net "clk1", 0 0, o0x79cc158fa438;  0 drivers
v0x5aa19066df90_0 .net "d", 0 0, v0x5aa19066f210_0;  alias, 1 drivers
v0x5aa19066e080_0 .net "q", 0 0, L_0x5aa190670500;  alias, 1 drivers
v0x5aa19066e120_0 .net "qbar", 0 0, L_0x5aa190670610;  alias, 1 drivers
v0x5aa19066e230_0 .net "r", 0 0, L_0x5aa190670270;  1 drivers
v0x5aa19066e2f0_0 .net "r1", 0 0, L_0x5aa190670460;  1 drivers
v0x5aa19066e3b0_0 .net "s", 0 0, L_0x5aa1906701b0;  1 drivers
v0x5aa19066e470_0 .net "s1", 0 0, L_0x5aa190670330;  1 drivers
S_0x5aa19066e5d0 .scope task, "errors_check" "errors_check" 3 213, 3 213 0, S_0x5aa19063cc30;
 .timescale -9 -10;
TD_tb_d_flip_flop.errors_check ;
    %load/vec4 v0x5aa190670030_0;
    %load/vec4 v0x5aa1906700f0_0;
    %concat/vec4; draw_concat_vec4
    %cmpi/e 0, 0, 2;
    %flag_get/vec4 4;
    %jmp/0 T_4.19, 4;
    %load/vec4 v0x5aa19066f210_0;
    %pushi/vec4 0, 0, 1;
    %cmp/e;
    %flag_get/vec4 4;
    %and;
T_4.19;
    %flag_set/vec4 8;
    %jmp/1 T_4.18, 8;
    %load/vec4 v0x5aa190670030_0;
    %load/vec4 v0x5aa1906700f0_0;
    %concat/vec4; draw_concat_vec4
    %cmpi/e 3, 0, 2;
    %flag_get/vec4 4;
    %jmp/0 T_4.20, 4;
    %load/vec4 v0x5aa19066f210_0;
    %pushi/vec4 0, 0, 1;
    %cmp/e;
    %flag_get/vec4 4;
    %and;
T_4.20;
    %flag_set/vec4 9;
    %flag_or 8, 9;
T_4.18;
    %jmp/0xz  T_4.16, 8;
    %vpi_call/w 3 218 "$display", "***ERROR: ILLEGAL CONDITION,RACING CONDITION" {0 0 0};
    %load/vec4 v0x5aa19066f300_0;
    %addi 1, 0, 32;
    %store/vec4 v0x5aa19066f300_0, 0, 32;
T_4.16 ;
    %load/vec4 v0x5aa190670030_0;
    %load/vec4 v0x5aa1906700f0_0;
    %concat/vec4; draw_concat_vec4
    %cmpi/e 0, 0, 2;
    %flag_get/vec4 4;
    %jmp/0 T_4.24, 4;
    %load/vec4 v0x5aa19066f210_0;
    %pushi/vec4 1, 0, 1;
    %cmp/e;
    %flag_get/vec4 4;
    %and;
T_4.24;
    %flag_set/vec4 8;
    %jmp/1 T_4.23, 8;
    %load/vec4 v0x5aa190670030_0;
    %load/vec4 v0x5aa1906700f0_0;
    %concat/vec4; draw_concat_vec4
    %cmpi/e 3, 0, 2;
    %flag_get/vec4 4;
    %jmp/0 T_4.25, 4;
    %load/vec4 v0x5aa19066f210_0;
    %pushi/vec4 1, 0, 1;
    %cmp/e;
    %flag_get/vec4 4;
    %and;
T_4.25;
    %flag_set/vec4 9;
    %flag_or 8, 9;
T_4.23;
    %jmp/0xz  T_4.21, 8;
    %vpi_call/w 3 225 "$display", "***ERROR: ILLEGAL CONDITION, q = %b and qbar = %b", v0x5aa19066f820_0, v0x5aa19066f4c0_0 {0 0 0};
    %load/vec4 v0x5aa19066f300_0;
    %addi 1, 0, 32;
    %store/vec4 v0x5aa19066f300_0, 0, 32;
T_4.21 ;
    %load/vec4 v0x5aa19066fa60_0;
    %load/vec4 v0x5aa19066f820_0;
    %cmp/ne;
    %jmp/0xz  T_4.26, 6;
    %vpi_call/w 3 234 "$display", "***ERROR: Q_gate = %b, Q_expected = %b", v0x5aa19066fa60_0, v0x5aa19066f820_0 {0 0 0};
    %load/vec4 v0x5aa19066f300_0;
    %addi 1, 0, 32;
    %store/vec4 v0x5aa19066f300_0, 0, 32;
T_4.26 ;
    %load/vec4 v0x5aa19066f990_0;
    %load/vec4 v0x5aa19066f820_0;
    %cmp/ne;
    %jmp/0xz  T_4.28, 6;
    %vpi_call/w 3 241 "$display", "***ERROR: Q_dataflow = %b, Q_expected = %b", v0x5aa19066f990_0, v0x5aa19066f820_0 {0 0 0};
    %load/vec4 v0x5aa19066f300_0;
    %addi 1, 0, 32;
    %store/vec4 v0x5aa19066f300_0, 0, 32;
T_4.28 ;
    %load/vec4 v0x5aa19066f8c0_0;
    %load/vec4 v0x5aa19066f820_0;
    %cmp/ne;
    %jmp/0xz  T_4.30, 6;
    %vpi_call/w 3 248 "$display", "***ERROR: Q_behavioral = %b, Q_expected = %b", v0x5aa19066f8c0_0, v0x5aa19066f820_0 {0 0 0};
    %load/vec4 v0x5aa19066f300_0;
    %addi 1, 0, 32;
    %store/vec4 v0x5aa19066f300_0, 0, 32;
T_4.30 ;
    %load/vec4 v0x5aa19066f750_0;
    %load/vec4 v0x5aa19066f4c0_0;
    %cmp/ne;
    %jmp/0xz  T_4.32, 6;
    %vpi_call/w 3 255 "$display", "***ERROR: QBAR_gate = %b, QBAR_expected = %b", v0x5aa19066f750_0, v0x5aa19066f4c0_0 {0 0 0};
    %load/vec4 v0x5aa19066f300_0;
    %addi 1, 0, 32;
    %store/vec4 v0x5aa19066f300_0, 0, 32;
T_4.32 ;
    %load/vec4 v0x5aa19066f6b0_0;
    %load/vec4 v0x5aa19066f4c0_0;
    %cmp/ne;
    %jmp/0xz  T_4.34, 6;
    %vpi_call/w 3 262 "$display", "***ERROR: QBAR_dataflow = %b, QBAR_expected = %b", v0x5aa19066f6b0_0, v0x5aa19066f4c0_0 {0 0 0};
    %load/vec4 v0x5aa19066f300_0;
    %addi 1, 0, 32;
    %store/vec4 v0x5aa19066f300_0, 0, 32;
T_4.34 ;
    %load/vec4 v0x5aa19066f210_0;
    %load/vec4 v0x5aa19066ff70_0;
    %cmp/ne;
    %jmp/0xz  T_4.36, 6;
    %vpi_call/w 3 269 "$display", "***ERROR: Racing Condition Occur" {0 0 0};
    %load/vec4 v0x5aa19066f300_0;
    %addi 1, 0, 32;
    %store/vec4 v0x5aa19066f300_0, 0, 32;
T_4.36 ;
    %end;
S_0x5aa19066e760 .scope task, "initialize" "initialize" 3 59, 3 59 0, S_0x5aa19063cc30;
 .timescale -9 -10;
TD_tb_d_flip_flop.initialize ;
    %vpi_func 3 61 "$fopen" 32, "tb_d_flip_flop.tv", "r" {0 0 0};
    %store/vec4 v0x5aa19066f3e0_0, 0, 32;
    %vpi_func 3 62 "$fscanf" 32, v0x5aa19066f3e0_0, "%s", v0x5aa19066ee90_0 {0 0 0};
    %store/vec4 v0x5aa19066f130_0, 0, 32;
    %vpi_func 3 64 "$fscanf" 32, v0x5aa19066f3e0_0, "%s %b %s %s", v0x5aa19066ee90_0, v0x5aa19066f210_0, v0x5aa19066ef90_0, v0x5aa19066f070_0 {0 0 0};
    %store/vec4 v0x5aa19066f130_0, 0, 32;
    %pushi/vec4 0, 0, 1;
    %store/vec4 v0x5aa19066fb30_0, 0, 1;
    %pushi/vec4 0, 0, 32;
    %store/vec4 v0x5aa19066fbd0_0, 0, 32;
    %pushi/vec4 0, 0, 32;
    %store/vec4 v0x5aa19066f300_0, 0, 32;
    %pushi/vec4 0, 0, 32;
    %store/vec4 v0x5aa19066fdb0_0, 0, 32;
    %pushi/vec4 0, 0, 32;
    %store/vec4 v0x5aa19066fe90_0, 0, 32;
    %pushi/vec4 0, 0, 1;
    %store/vec4 v0x5aa19066fc70_0, 0, 1;
    %vpi_call/w 3 72 "$display" {0 0 0};
    %vpi_call/w 3 73 "$display", "TEST_START------------------------------------------------------------------------------------------------------------------------" {0 0 0};
    %vpi_call/w 3 74 "$display" {0 0 0};
    %vpi_call/w 3 75 "$display", "                     | TIME | D |  Q_gate  |  Q_data  |  Q_beh  | QBAR_gate | QBAR_data | QEXPECTED | QBAREXPECTED |" {0 0 0};
    %vpi_call/w 3 76 "$display", "----------------------------------------------------------------------------------------------------------------------------------" {0 0 0};
    %end;
S_0x5aa19066e940 .scope task, "random_in" "random_in" 3 98, 3 98 0, S_0x5aa19063cc30;
 .timescale -9 -10;
TD_tb_d_flip_flop.random_in ;
    %vpi_func 3 100 "$urandom" 32 {0 0 0};
    %pushi/vec4 2, 0, 32;
    %mod;
    %pad/u 1;
    %store/vec4 v0x5aa19066f210_0, 0, 1;
    %load/vec4 v0x5aa19066f210_0;
    %dup/vec4;
    %pushi/vec4 0, 0, 1;
    %cmp/u;
    %jmp/1 T_6.38, 6;
    %dup/vec4;
    %pushi/vec4 1, 0, 1;
    %cmp/u;
    %jmp/1 T_6.39, 6;
    %jmp T_6.40;
T_6.38 ;
    %pushi/vec4 0, 0, 32; draw_string_vec4
    %pushi/vec4 1380275013, 0, 32; draw_string_vec4
    %concat/vec4; draw_string_vec4
    %pushi/vec4 84, 0, 8; draw_string_vec4
    %concat/vec4; draw_string_vec4
    %store/vec4 v0x5aa19066ee90_0, 0, 72;
    %jmp T_6.40;
T_6.39 ;
    %pushi/vec4 0, 0, 32; draw_string_vec4
    %pushi/vec4 21317, 0, 32; draw_string_vec4
    %concat/vec4; draw_string_vec4
    %pushi/vec4 84, 0, 8; draw_string_vec4
    %concat/vec4; draw_string_vec4
    %store/vec4 v0x5aa19066ee90_0, 0, 72;
    %jmp T_6.40;
T_6.40 ;
    %pop/vec4 1;
    %pushi/real 1717986918, 4062; load=0.100000
    %pushi/real 1677722, 4040; load=0.100000
    %add/wr;
    %vpi_func 3 108 "$urandom_range" 32, W<0,r>, 32'sb00000000000000000000000000001010 {0 1 0};
    %pad/u 64;
    %muli 10, 0, 64;
    %ix/vec4 4;
    %delayx 4;
    %end;
S_0x5aa19066ead0 .scope task, "scan_file" "scan_file" 3 87, 3 87 0, S_0x5aa19063cc30;
 .timescale -9 -10;
TD_tb_d_flip_flop.scan_file ;
    %vpi_func 3 90 "$fscanf" 32, v0x5aa19066f3e0_0, "%s %b %b %b", v0x5aa19066ee90_0, v0x5aa19066f210_0, v0x5aa19066f820_0, v0x5aa19066f4c0_0 {0 0 0};
    %store/vec4 v0x5aa19066f130_0, 0, 32;
    %load/vec4 v0x5aa19066f130_0;
    %pushi/vec4 4294967295, 0, 32;
    %cmp/e;
    %flag_get/vec4 4;
    %store/vec4 v0x5aa19066fc70_0, 0, 1;
    %end;
S_0x5aa19066ecb0 .scope task, "vectorcount" "vectorcount" 3 180, 3 180 0, S_0x5aa19063cc30;
 .timescale -9 -10;
TD_tb_d_flip_flop.vectorcount ;
    %load/vec4 v0x5aa19066fbd0_0;
    %addi 1, 0, 32;
    %store/vec4 v0x5aa19066fbd0_0, 0, 32;
    %end;
    .scope S_0x5aa1905e7670;
T_9 ;
    %wait E_0x5aa19063fe00;
    %load/vec4 v0x5aa19066cd10_0;
    %dup/vec4;
    %pushi/vec4 0, 0, 1;
    %cmp/u;
    %jmp/1 T_9.0, 6;
    %dup/vec4;
    %pushi/vec4 1, 0, 1;
    %cmp/u;
    %jmp/1 T_9.1, 6;
    %jmp T_9.2;
T_9.0 ;
    %pushi/vec4 0, 0, 1;
    %store/vec4 v0x5aa19066cdd0_0, 0, 1;
    %jmp T_9.2;
T_9.1 ;
    %pushi/vec4 1, 0, 1;
    %store/vec4 v0x5aa19066cdd0_0, 0, 1;
    %jmp T_9.2;
T_9.2 ;
    %pop/vec4 1;
    %jmp T_9;
    .thread T_9;
    .scope S_0x5aa19063cc30;
T_10 ;
    %vpi_call/w 3 38 "$dumpfile", "tb_d_flip_flop.vcd" {0 0 0};
    %vpi_call/w 3 39 "$dumpvars", 32'sb00000000000000000000000000000000, S_0x5aa19063cc30 {0 0 0};
    %end;
    .thread T_10;
    .scope S_0x5aa19063cc30;
T_11 ;
    %delay 100, 0;
    %load/vec4 v0x5aa19066fb30_0;
    %inv;
    %store/vec4 v0x5aa19066fb30_0, 0, 1;
    %jmp T_11;
    .thread T_11;
    .scope S_0x5aa19063cc30;
T_12 ;
    %fork TD_tb_d_flip_flop.initialize, S_0x5aa19066e760;
    %join;
    %end;
    .thread T_12;
    .scope S_0x5aa19063cc30;
T_13 ;
    %wait E_0x5aa19063fb40;
    %delay 12, 0;
    %load/vec4 v0x5aa19066fc70_0;
    %nor/r;
    %flag_set/vec4 8;
    %jmp/0xz  T_13.0, 8;
    %fork TD_tb_d_flip_flop.scan_file, S_0x5aa19066ead0;
    %join;
T_13.0 ;
    %jmp T_13;
    .thread T_13;
    .scope S_0x5aa19063cc30;
T_14 ;
    %wait E_0x5aa19063fe00;
    %load/vec4 v0x5aa19066f210_0;
    %store/vec4 v0x5aa19066ff70_0, 0, 1;
    %delay 1, 0;
    %fork TD_tb_d_flip_flop.QEXP, S_0x5aa19063ce60;
    %join;
    %fork TD_tb_d_flip_flop.display_file, S_0x5aa1905e7490;
    %join;
    %fork TD_tb_d_flip_flop.coverage_update, S_0x5aa19063a6c0;
    %join;
    %fork TD_tb_d_flip_flop.errors_check, S_0x5aa19066e5d0;
    %join;
    %fork TD_tb_d_flip_flop.vectorcount, S_0x5aa19066ecb0;
    %join;
    %delay 1, 0;
    %load/vec4 v0x5aa19066f820_0;
    %store/vec4 v0x5aa190670030_0, 0, 1;
    %load/vec4 v0x5aa19066f4c0_0;
    %store/vec4 v0x5aa1906700f0_0, 0, 1;
    %jmp T_14;
    .thread T_14;
    .scope S_0x5aa19063cc30;
T_15 ;
T_15.0 ;
    %load/vec4 v0x5aa19066fc70_0;
    %cmpi/ne 1, 0, 1;
    %jmp/0xz T_15.1, 6;
    %wait E_0x5aa19063f8b0;
    %jmp T_15.0;
T_15.1 ;
    %pushi/vec4 0, 0, 32;
    %store/vec4 v0x5aa19066fd10_0, 0, 32;
T_15.2 ;
    %load/vec4 v0x5aa19066fd10_0;
    %cmpi/s 10, 0, 32;
    %jmp/0xz T_15.3, 5;
    %load/vec4 v0x5aa19066f210_0;
    %pad/u 32;
    %cmpi/e 2, 0, 32;
    %jmp/0xz  T_15.4, 4;
    %fork TD_tb_d_flip_flop.vectorcount, S_0x5aa19066ecb0;
    %join;
    %fork TD_tb_d_flip_flop.close, S_0x5aa19063a4e0;
    %join;
    %jmp T_15.5;
T_15.4 ;
    %fork TD_tb_d_flip_flop.random_in, S_0x5aa19066e940;
    %join;
T_15.5 ;
    ; show_stmt_assign_vector: Get l-value for compressed += operand
    %load/vec4 v0x5aa19066fd10_0;
    %pushi/vec4 1, 0, 32;
    %add;
    %cast2;
    %store/vec4 v0x5aa19066fd10_0, 0, 32;
    %jmp T_15.2;
T_15.3 ;
    %fork TD_tb_d_flip_flop.close, S_0x5aa19063a4e0;
    %join;
    %end;
    .thread T_15;
# The file index is used to find the file name in the following table.
:file_names 5;
    "N/A";
    "<interactive>";
    "-";
    "tb_d_flip_flop.v";
    "d_flip_flop.v";
