#! /usr/bin/vvp
:ivl_version "12.0 (stable)";
:ivl_delay_selection "TYPICAL";
:vpi_time_precision - 11;
:vpi_module "/usr/lib/x86_64-linux-gnu/ivl/system.vpi";
:vpi_module "/usr/lib/x86_64-linux-gnu/ivl/vhdl_sys.vpi";
:vpi_module "/usr/lib/x86_64-linux-gnu/ivl/vhdl_textio.vpi";
:vpi_module "/usr/lib/x86_64-linux-gnu/ivl/v2005_math.vpi";
:vpi_module "/usr/lib/x86_64-linux-gnu/ivl/va_math.vpi";
:vpi_module "/usr/lib/x86_64-linux-gnu/ivl/v2009.vpi";
S_0x57fa71d150b0 .scope package, "$unit" "$unit" 2 1;
 .timescale 0 0;
S_0x57fa71d15240 .scope module, "tb_jk_flip_flop" "tb_jk_flip_flop" 3 3;
 .timescale -9 -11;
P_0x57fa71d153d0 .param/l "TICKPERIOD" 1 3 51, +C4<00000000000000000000000000010100>;
v0x57fa71d54850_0 .var "COMMENT", 71 0;
v0x57fa71d54950_0 .var "COMMENT1", 71 0;
v0x57fa71d54a30_0 .var "COMMENT2", 71 0;
v0x57fa71d54af0_0 .var/i "COUNT", 31 0;
v0x57fa71d54bd0_0 .var "ERRORS", 31 0;
v0x57fa71d54d00_0 .var/i "FD", 31 0;
v0x57fa71d54de0_0 .var "J", 0 0;
v0x57fa71d54e80_0 .var "K", 0 0;
v0x57fa71d54f20_0 .var "QBAREXPECTED", 0 0;
v0x57fa71d55070_0 .net "QBAR_beh", 0 0, L_0x57fa71d577c0;  1 drivers
v0x57fa71d55110_0 .net "QBAR_data", 0 0, L_0x57fa71d57610;  1 drivers
v0x57fa71d551b0_0 .net "QBAR_gate", 0 0, L_0x57fa71d56530;  1 drivers
v0x57fa71d55250_0 .var "QEXPECTED", 0 0;
v0x57fa71d552f0_0 .net "Q_beh", 0 0, v0x57fa71d2f7e0_0;  1 drivers
v0x57fa71d553c0_0 .net "Q_data", 0 0, L_0x57fa71d57370;  1 drivers
v0x57fa71d55490_0 .net "Q_gate", 0 0, L_0x57fa71d563e0;  1 drivers
v0x57fa71d55560_0 .var "TICK", 0 0;
v0x57fa71d55600_0 .var "VECTORCOUNT", 31 0;
v0x57fa71d556a0_0 .var "eof", 0 0;
v0x57fa71d55740_0 .var/2s "i", 31 0;
v0x57fa71d557e0 .array "input_coverage", 15 0, 31 0;
v0x57fa71d558a0_0 .var "prev_JK", 1 0;
v0x57fa71d55980_0 .var "prev_QEx", 0 0;
v0x57fa71d55a40_0 .var "prev_QExbar", 0 0;
v0x57fa71d55b00_0 .var "prev_Qbarbeh", 0 0;
v0x57fa71d55bc0_0 .var "prev_Qbardata", 0 0;
v0x57fa71d55c80_0 .var "prev_Qbargate", 0 0;
v0x57fa71d55d40_0 .var "prev_Qbeh", 0 0;
v0x57fa71d55e00_0 .var "prev_Qdata", 0 0;
v0x57fa71d55ec0_0 .var "prev_Qgate", 0 0;
E_0x57fa71d199f0 .event anyedge, v0x57fa71d556a0_0;
E_0x57fa71d19c50 .event negedge, v0x57fa71d31880_0;
S_0x57fa71d112e0 .scope task, "QEXP" "QEXP" 3 149, 3 149 0, S_0x57fa71d15240;
 .timescale -9 -11;
TD_tb_jk_flip_flop.QEXP ;
    %load/vec4 v0x57fa71d55ec0_0;
    %load/vec4 v0x57fa71d55c80_0;
    %concat/vec4; draw_concat_vec4
    %cmpi/e 3, 0, 2;
    %jmp/1 T_0.4, 4;
    %flag_mov 8, 4;
    %load/vec4 v0x57fa71d55e00_0;
    %load/vec4 v0x57fa71d55bc0_0;
    %concat/vec4; draw_concat_vec4
    %cmpi/e 3, 0, 2;
    %flag_or 4, 8;
T_0.4;
    %jmp/1 T_0.3, 4;
    %flag_mov 8, 4;
    %load/vec4 v0x57fa71d55d40_0;
    %load/vec4 v0x57fa71d55b00_0;
    %concat/vec4; draw_concat_vec4
    %cmpi/e 3, 0, 2;
    %flag_or 4, 8;
T_0.3;
    %jmp/1 T_0.2, 4;
    %flag_mov 8, 4;
    %load/vec4 v0x57fa71d55ec0_0;
    %load/vec4 v0x57fa71d55c80_0;
    %concat/vec4; draw_concat_vec4
    %cmpi/e 0, 0, 2;
    %jmp/1 T_0.7, 4;
    %flag_mov 10, 4;
    %load/vec4 v0x57fa71d55e00_0;
    %load/vec4 v0x57fa71d55bc0_0;
    %concat/vec4; draw_concat_vec4
    %cmpi/e 0, 0, 2;
    %flag_or 4, 10;
T_0.7;
    %jmp/1 T_0.6, 4;
    %flag_mov 10, 4;
    %load/vec4 v0x57fa71d55d40_0;
    %load/vec4 v0x57fa71d55b00_0;
    %concat/vec4; draw_concat_vec4
    %cmpi/e 0, 0, 2;
    %flag_or 4, 10;
T_0.6;
    %flag_get/vec4 4;
    %jmp/0 T_0.5, 4;
    %load/vec4 v0x57fa71d54de0_0;
    %load/vec4 v0x57fa71d54e80_0;
    %concat/vec4; draw_concat_vec4
    %cmpi/e 0, 0, 2;
    %flag_get/vec4 4;
    %jmp/1 T_0.8, 4;
    %load/vec4 v0x57fa71d54de0_0;
    %load/vec4 v0x57fa71d54e80_0;
    %concat/vec4; draw_concat_vec4
    %pushi/vec4 3, 0, 2;
    %cmp/e;
    %flag_get/vec4 4;
    %or;
T_0.8;
    %and;
T_0.5;
    %flag_set/vec4 9;
    %flag_or 9, 8;
    %flag_mov 4, 9;
T_0.2;
    %jmp/0xz  T_0.0, 4;
    %pushi/vec4 1, 1, 1;
    %store/vec4 v0x57fa71d55250_0, 0, 1;
    %pushi/vec4 1, 1, 1;
    %store/vec4 v0x57fa71d54f20_0, 0, 1;
    %jmp T_0.1;
T_0.0 ;
    %load/vec4 v0x57fa71d54de0_0;
    %load/vec4 v0x57fa71d54e80_0;
    %concat/vec4; draw_concat_vec4
    %dup/vec4;
    %pushi/vec4 0, 0, 2;
    %cmp/u;
    %jmp/1 T_0.9, 6;
    %dup/vec4;
    %pushi/vec4 1, 0, 2;
    %cmp/u;
    %jmp/1 T_0.10, 6;
    %dup/vec4;
    %pushi/vec4 2, 0, 2;
    %cmp/u;
    %jmp/1 T_0.11, 6;
    %dup/vec4;
    %pushi/vec4 3, 0, 2;
    %cmp/u;
    %jmp/1 T_0.12, 6;
    %jmp T_0.13;
T_0.9 ;
    %load/vec4 v0x57fa71d55980_0;
    %store/vec4 v0x57fa71d55250_0, 0, 1;
    %load/vec4 v0x57fa71d55a40_0;
    %store/vec4 v0x57fa71d54f20_0, 0, 1;
    %jmp T_0.13;
T_0.10 ;
    %pushi/vec4 0, 0, 1;
    %store/vec4 v0x57fa71d55250_0, 0, 1;
    %pushi/vec4 1, 0, 1;
    %store/vec4 v0x57fa71d54f20_0, 0, 1;
    %jmp T_0.13;
T_0.11 ;
    %pushi/vec4 1, 0, 1;
    %store/vec4 v0x57fa71d55250_0, 0, 1;
    %pushi/vec4 0, 0, 1;
    %store/vec4 v0x57fa71d54f20_0, 0, 1;
    %jmp T_0.13;
T_0.12 ;
    %load/vec4 v0x57fa71d55980_0;
    %inv;
    %store/vec4 v0x57fa71d55250_0, 0, 1;
    %load/vec4 v0x57fa71d55a40_0;
    %inv;
    %store/vec4 v0x57fa71d54f20_0, 0, 1;
    %jmp T_0.13;
T_0.13 ;
    %pop/vec4 1;
T_0.1 ;
    %end;
S_0x57fa71d114c0 .scope task, "close" "close" 3 192, 3 192 0, S_0x57fa71d15240;
 .timescale -9 -11;
TD_tb_jk_flip_flop.close ;
    %delay 1000, 0;
    %vpi_call/w 3 195 "$fclose", v0x57fa71d54d00_0 {0 0 0};
    %vpi_call/w 3 197 "$display" {0 0 0};
    %vpi_call/w 3 198 "$display", "COVERAGE_REPORT" {0 0 0};
    %pushi/vec4 0, 0, 32;
    %store/vec4 v0x57fa71d55740_0, 0, 32;
T_1.14 ;
    %load/vec4 v0x57fa71d55740_0;
    %cmpi/s 16, 0, 32;
    %jmp/0xz T_1.15, 5;
    %ix/getv/s 4, v0x57fa71d55740_0;
    %load/vec4a v0x57fa71d557e0, 4;
    %cmpi/e 0, 0, 32;
    %jmp/0xz  T_1.16, 4;
    %vpi_call/w 3 204 "$display", "input %b to input %b has occured %d times (***ERROR***)", &PV<v0x57fa71d55740_0, 2, 2>, &PV<v0x57fa71d55740_0, 0, 2>, &A<v0x57fa71d557e0, v0x57fa71d55740_0 > {0 0 0};
    %load/vec4 v0x57fa71d54bd0_0;
    %addi 1, 0, 32;
    %store/vec4 v0x57fa71d54bd0_0, 0, 32;
    %jmp T_1.17;
T_1.16 ;
    %vpi_call/w 3 211 "$display", "input %b to input %b has occured %d times", &PV<v0x57fa71d55740_0, 2, 2>, &PV<v0x57fa71d55740_0, 0, 2>, &A<v0x57fa71d557e0, v0x57fa71d55740_0 > {0 0 0};
T_1.17 ;
    ; show_stmt_assign_vector: Get l-value for compressed += operand
    %load/vec4 v0x57fa71d55740_0;
    %pushi/vec4 1, 0, 32;
    %add;
    %cast2;
    %store/vec4 v0x57fa71d55740_0, 0, 32;
    %jmp T_1.14;
T_1.15 ;
    %vpi_call/w 3 216 "$display" {0 0 0};
    %vpi_call/w 3 217 "$display", "VECTORCOUNT = %d", v0x57fa71d55600_0 {0 0 0};
    %vpi_call/w 3 218 "$display", "ERRORS = %15d", v0x57fa71d54bd0_0 {0 0 0};
    %vpi_call/w 3 219 "$display" {0 0 0};
    %vpi_call/w 3 220 "$display", "TEST_END--------------------------------------------------------------------------------------------------------------------------" {0 0 0};
    %vpi_call/w 3 221 "$display" {0 0 0};
    %vpi_call/w 3 223 "$finish" {0 0 0};
    %end;
S_0x57fa71d19370 .scope task, "coverage_update" "coverage_update" 3 250, 3 250 0, S_0x57fa71d15240;
 .timescale -9 -11;
TD_tb_jk_flip_flop.coverage_update ;
    ; show_stmt_assign_vector: Get l-value for compressed += operand
    %load/vec4 v0x57fa71d558a0_0;
    %load/vec4 v0x57fa71d54de0_0;
    %concat/vec4; draw_concat_vec4
    %load/vec4 v0x57fa71d54e80_0;
    %concat/vec4; draw_concat_vec4
    %pad/u 6;
    %ix/vec4 4;
    %flag_mov 8, 4;
    %load/vec4a v0x57fa71d557e0, 4;
    %pushi/vec4 1, 0, 32;
    %add;
    %flag_mov 4, 8;
    %store/vec4a v0x57fa71d557e0, 4, 0;
    %end;
S_0x57fa71d19550 .scope task, "display_file" "display_file" 3 241, 3 241 0, S_0x57fa71d15240;
 .timescale -9 -11;
TD_tb_jk_flip_flop.display_file ;
    %vpi_call/w 3 243 "$display", "%10d %9s | %4d | %1d | %1d | %4d     | %4d     | %4d    | %5d     | %5d     | %5d     | %6d       |", v0x57fa71d55600_0, v0x57fa71d54850_0, $time, v0x57fa71d54de0_0, v0x57fa71d54e80_0, v0x57fa71d55490_0, v0x57fa71d553c0_0, v0x57fa71d552f0_0, v0x57fa71d551b0_0, v0x57fa71d55110_0, v0x57fa71d55250_0, v0x57fa71d54f20_0 {0 0 0};
    %end;
S_0x57fa71cb4490 .scope module, "dut_jk_flip_flop_behavioral" "jk_flip_flop_behavioral" 3 36, 4 79 0, S_0x57fa71d15240;
 .timescale -9 -11;
    .port_info 0 /INPUT 1 "j";
    .port_info 1 /INPUT 1 "k";
    .port_info 2 /INPUT 1 "clk";
    .port_info 3 /OUTPUT 1 "q";
    .port_info 4 /OUTPUT 1 "qbar";
L_0x57fa71d577c0 .functor NOT 1, v0x57fa71d2f7e0_0, C4<0>, C4<0>, C4<0>;
v0x57fa71d31880_0 .net "clk", 0 0, v0x57fa71d55560_0;  1 drivers
v0x57fa71d329b0_0 .net "j", 0 0, v0x57fa71d54de0_0;  1 drivers
v0x57fa71d2ab50_0 .net "k", 0 0, v0x57fa71d54e80_0;  1 drivers
v0x57fa71d2f7e0_0 .var "q", 0 0;
v0x57fa71d51a40_0 .net "qbar", 0 0, L_0x57fa71d577c0;  alias, 1 drivers
E_0x57fa71d1a170 .event posedge, v0x57fa71d31880_0;
S_0x57fa71d51bf0 .scope module, "dut_jk_flip_flop_dataflow" "jk_flip_flop_dataflow" 3 35, 4 41 0, S_0x57fa71d15240;
 .timescale -9 -11;
    .port_info 0 /INPUT 1 "j";
    .port_info 1 /INPUT 1 "k";
    .port_info 2 /INPUT 1 "clk";
    .port_info 3 /OUTPUT 1 "q";
    .port_info 4 /OUTPUT 1 "qbar";
L_0x57fa71d566d0 .functor AND 1, v0x57fa71d54de0_0, v0x57fa71d55560_0, C4<1>, C4<1>;
L_0x57fa71d56740 .functor AND 1, L_0x57fa71d566d0, v0x57fa71d52990_0, C4<1>, C4<1>;
L_0x57fa71d56800 .functor NOT 1, L_0x57fa71d56740, C4<0>, C4<0>, C4<0>;
L_0x57fa71d568c0 .functor AND 1, v0x57fa71d54e80_0, v0x57fa71d55560_0, C4<1>, C4<1>;
L_0x57fa71d56930 .functor AND 1, L_0x57fa71d568c0, v0x57fa71d528f0_0, C4<1>, C4<1>;
L_0x57fa71d569f0 .functor NOT 1, L_0x57fa71d56930, C4<0>, C4<0>, C4<0>;
L_0x57fa71d56af0 .functor AND 1, L_0x57fa71d56800, v0x57fa71d52990_0, C4<1>, C4<1>;
L_0x57fa71d56c00 .functor NOT 1, L_0x57fa71d56af0, C4<0>, C4<0>, C4<0>;
L_0x57fa71d56d10 .functor AND 1, L_0x57fa71d569f0, v0x57fa71d528f0_0, C4<1>, C4<1>;
L_0x57fa71d56e20 .functor NOT 1, L_0x57fa71d56d10, C4<0>, C4<0>, C4<0>;
L_0x57fa71d56f40 .functor AND 1, L_0x57fa71d56800, L_0x57fa71d56e20, C4<1>, C4<1>;
L_0x57fa71d56fb0 .functor NOT 1, L_0x57fa71d56f40, C4<0>, C4<0>, C4<0>;
L_0x57fa71d570e0 .functor AND 1, L_0x57fa71d569f0, L_0x57fa71d56c00, C4<1>, C4<1>;
L_0x57fa71d571a0 .functor NOT 1, L_0x57fa71d570e0, C4<0>, C4<0>, C4<0>;
L_0x57fa71d57070 .functor AND 1, L_0x57fa71d56800, L_0x57fa71d571a0, C4<1>, C4<1>;
L_0x57fa71d57370 .functor NOT 1, L_0x57fa71d57070, C4<0>, C4<0>, C4<0>;
L_0x57fa71d57510 .functor AND 1, L_0x57fa71d569f0, L_0x57fa71d56fb0, C4<1>, C4<1>;
L_0x57fa71d57610 .functor NOT 1, L_0x57fa71d57510, C4<0>, C4<0>, C4<0>;
v0x57fa71d51dd0_0 .net *"_ivl_0", 0 0, L_0x57fa71d566d0;  1 drivers
v0x57fa71d51ed0_0 .net *"_ivl_12", 0 0, L_0x57fa71d56af0;  1 drivers
v0x57fa71d51fb0_0 .net *"_ivl_16", 0 0, L_0x57fa71d56d10;  1 drivers
v0x57fa71d52070_0 .net *"_ivl_2", 0 0, L_0x57fa71d56740;  1 drivers
v0x57fa71d52150_0 .net *"_ivl_20", 0 0, L_0x57fa71d56f40;  1 drivers
v0x57fa71d52280_0 .net *"_ivl_24", 0 0, L_0x57fa71d570e0;  1 drivers
v0x57fa71d52360_0 .net *"_ivl_28", 0 0, L_0x57fa71d57070;  1 drivers
v0x57fa71d52440_0 .net *"_ivl_32", 0 0, L_0x57fa71d57510;  1 drivers
v0x57fa71d52520_0 .net *"_ivl_6", 0 0, L_0x57fa71d568c0;  1 drivers
v0x57fa71d52600_0 .net *"_ivl_8", 0 0, L_0x57fa71d56930;  1 drivers
v0x57fa71d526e0_0 .net "clk", 0 0, v0x57fa71d55560_0;  alias, 1 drivers
v0x57fa71d52780_0 .net "j", 0 0, v0x57fa71d54de0_0;  alias, 1 drivers
v0x57fa71d52820_0 .net "k", 0 0, v0x57fa71d54e80_0;  alias, 1 drivers
v0x57fa71d528f0_0 .var "prev_q", 0 0;
v0x57fa71d52990_0 .var "prev_qbar", 0 0;
v0x57fa71d52a30_0 .net "q", 0 0, L_0x57fa71d57370;  alias, 1 drivers
v0x57fa71d52ad0_0 .net "q1", 0 0, L_0x57fa71d56c00;  1 drivers
v0x57fa71d52b90_0 .net "q2", 0 0, L_0x57fa71d56fb0;  1 drivers
v0x57fa71d52c50_0 .net "qbar", 0 0, L_0x57fa71d57610;  alias, 1 drivers
v0x57fa71d52d10_0 .net "qbar1", 0 0, L_0x57fa71d56e20;  1 drivers
v0x57fa71d52dd0_0 .net "qbar2", 0 0, L_0x57fa71d571a0;  1 drivers
v0x57fa71d52e90_0 .net "r", 0 0, L_0x57fa71d569f0;  1 drivers
v0x57fa71d52f50_0 .net "s", 0 0, L_0x57fa71d56800;  1 drivers
S_0x57fa71d530e0 .scope module, "dut_jk_flip_flop_gate" "jk_flip_flop_gate" 3 34, 4 3 0, S_0x57fa71d15240;
 .timescale -9 -11;
    .port_info 0 /INPUT 1 "j";
    .port_info 1 /INPUT 1 "k";
    .port_info 2 /INPUT 1 "clk";
    .port_info 3 /OUTPUT 1 "q";
    .port_info 4 /OUTPUT 1 "qbar";
L_0x57fa71d31720 .functor NAND 1, v0x57fa71d54de0_0, v0x57fa71d55560_0, v0x57fa71d53620_0, C4<1>;
L_0x57fa71d32890 .functor NAND 1, v0x57fa71d54e80_0, v0x57fa71d55560_0, v0x57fa71d53580_0, C4<1>;
L_0x57fa71d2aa30 .functor NAND 1, L_0x57fa71d31720, v0x57fa71d53620_0, C4<1>, C4<1>;
L_0x57fa71d2f6c0 .functor NAND 1, L_0x57fa71d32890, v0x57fa71d53580_0, C4<1>, C4<1>;
L_0x57fa71d56220 .functor NAND 1, L_0x57fa71d31720, L_0x57fa71d2f6c0, C4<1>, C4<1>;
L_0x57fa71d562e0 .functor NAND 1, L_0x57fa71d32890, L_0x57fa71d2aa30, C4<1>, C4<1>;
L_0x57fa71d563e0 .functor NAND 1, L_0x57fa71d31720, L_0x57fa71d562e0, C4<1>, C4<1>;
L_0x57fa71d56530 .functor NAND 1, L_0x57fa71d32890, L_0x57fa71d56220, C4<1>, C4<1>;
v0x57fa71d53270_0 .net "clk", 0 0, v0x57fa71d55560_0;  alias, 1 drivers
v0x57fa71d53380_0 .net "j", 0 0, v0x57fa71d54de0_0;  alias, 1 drivers
v0x57fa71d53490_0 .net "k", 0 0, v0x57fa71d54e80_0;  alias, 1 drivers
v0x57fa71d53580_0 .var "prev_q", 0 0;
v0x57fa71d53620_0 .var "prev_qbar", 0 0;
v0x57fa71d53710_0 .net "q", 0 0, L_0x57fa71d563e0;  alias, 1 drivers
v0x57fa71d537d0_0 .net "q1", 0 0, L_0x57fa71d2aa30;  1 drivers
v0x57fa71d53890_0 .net "q2", 0 0, L_0x57fa71d56220;  1 drivers
v0x57fa71d53950_0 .net "qbar", 0 0, L_0x57fa71d56530;  alias, 1 drivers
v0x57fa71d53a10_0 .net "qbar1", 0 0, L_0x57fa71d2f6c0;  1 drivers
v0x57fa71d53ad0_0 .net "qbar2", 0 0, L_0x57fa71d562e0;  1 drivers
v0x57fa71d53b90_0 .net "r", 0 0, L_0x57fa71d32890;  1 drivers
v0x57fa71d53c50_0 .net "s", 0 0, L_0x57fa71d31720;  1 drivers
S_0x57fa71d53db0 .scope task, "errors_warnings_check" "errors_warnings_check" 3 259, 3 259 0, S_0x57fa71d15240;
 .timescale -9 -11;
TD_tb_jk_flip_flop.errors_warnings_check ;
    %load/vec4 v0x57fa71d55ec0_0;
    %load/vec4 v0x57fa71d55c80_0;
    %concat/vec4; draw_concat_vec4
    %cmpi/e 0, 0, 2;
    %jmp/1 T_4.22, 4;
    %flag_mov 9, 4;
    %load/vec4 v0x57fa71d55e00_0;
    %load/vec4 v0x57fa71d55bc0_0;
    %concat/vec4; draw_concat_vec4
    %cmpi/e 0, 0, 2;
    %flag_or 4, 9;
T_4.22;
    %jmp/1 T_4.21, 4;
    %flag_mov 9, 4;
    %load/vec4 v0x57fa71d55d40_0;
    %load/vec4 v0x57fa71d55b00_0;
    %concat/vec4; draw_concat_vec4
    %cmpi/e 0, 0, 2;
    %flag_or 4, 9;
T_4.21;
    %flag_get/vec4 4;
    %jmp/0 T_4.20, 4;
    %load/vec4 v0x57fa71d54de0_0;
    %load/vec4 v0x57fa71d54e80_0;
    %concat/vec4; draw_concat_vec4
    %cmpi/e 0, 0, 2;
    %flag_get/vec4 4;
    %jmp/1 T_4.23, 4;
    %load/vec4 v0x57fa71d54de0_0;
    %load/vec4 v0x57fa71d54e80_0;
    %concat/vec4; draw_concat_vec4
    %pushi/vec4 3, 0, 2;
    %cmp/e;
    %flag_get/vec4 4;
    %or;
T_4.23;
    %and;
T_4.20;
    %flag_set/vec4 8;
    %jmp/0xz  T_4.18, 8;
    %vpi_call/w 3 264 "$display", "***WARNING: ILLEGAL CONDITION,RACING CONDITION" {0 0 0};
T_4.18 ;
    %load/vec4 v0x57fa71d55ec0_0;
    %load/vec4 v0x57fa71d55c80_0;
    %concat/vec4; draw_concat_vec4
    %cmpi/e 3, 0, 2;
    %jmp/1 T_4.28, 4;
    %flag_mov 9, 4;
    %load/vec4 v0x57fa71d55e00_0;
    %load/vec4 v0x57fa71d55bc0_0;
    %concat/vec4; draw_concat_vec4
    %cmpi/e 3, 0, 2;
    %flag_or 4, 9;
T_4.28;
    %jmp/1 T_4.27, 4;
    %flag_mov 9, 4;
    %load/vec4 v0x57fa71d55d40_0;
    %load/vec4 v0x57fa71d55b00_0;
    %concat/vec4; draw_concat_vec4
    %cmpi/e 3, 0, 2;
    %flag_or 4, 9;
T_4.27;
    %flag_get/vec4 4;
    %jmp/0 T_4.26, 4;
    %load/vec4 v0x57fa71d54de0_0;
    %load/vec4 v0x57fa71d54e80_0;
    %concat/vec4; draw_concat_vec4
    %cmpi/e 3, 0, 2;
    %flag_get/vec4 4;
    %jmp/1 T_4.29, 4;
    %load/vec4 v0x57fa71d54de0_0;
    %load/vec4 v0x57fa71d54e80_0;
    %concat/vec4; draw_concat_vec4
    %pushi/vec4 0, 0, 2;
    %cmp/e;
    %flag_get/vec4 4;
    %or;
T_4.29;
    %and;
T_4.26;
    %flag_set/vec4 8;
    %jmp/0xz  T_4.24, 8;
    %vpi_call/w 3 270 "$display", "***WARNING: ILLEGAL CONDITION, q = %b and qbar = %b", v0x57fa71d55250_0, v0x57fa71d54f20_0 {0 0 0};
T_4.24 ;
    %load/vec4 v0x57fa71d55490_0;
    %load/vec4 v0x57fa71d55250_0;
    %cmp/ne;
    %jmp/0xz  T_4.30, 6;
    %vpi_call/w 3 278 "$display", "***ERROR: Q_gate = %b, Q_expected = %b", v0x57fa71d55490_0, v0x57fa71d55250_0 {0 0 0};
    %load/vec4 v0x57fa71d54bd0_0;
    %addi 1, 0, 32;
    %store/vec4 v0x57fa71d54bd0_0, 0, 32;
T_4.30 ;
    %load/vec4 v0x57fa71d553c0_0;
    %load/vec4 v0x57fa71d55250_0;
    %cmp/ne;
    %jmp/0xz  T_4.32, 6;
    %vpi_call/w 3 285 "$display", "***ERROR: Q_dataflow = %b, Q_expected = %b", v0x57fa71d553c0_0, v0x57fa71d55250_0 {0 0 0};
    %load/vec4 v0x57fa71d54bd0_0;
    %addi 1, 0, 32;
    %store/vec4 v0x57fa71d54bd0_0, 0, 32;
T_4.32 ;
    %load/vec4 v0x57fa71d552f0_0;
    %load/vec4 v0x57fa71d55250_0;
    %cmp/ne;
    %jmp/0xz  T_4.34, 6;
    %vpi_call/w 3 292 "$display", "***ERROR: Q_behavioral = %b, Q_expected = %b", v0x57fa71d552f0_0, v0x57fa71d55250_0 {0 0 0};
    %load/vec4 v0x57fa71d54bd0_0;
    %addi 1, 0, 32;
    %store/vec4 v0x57fa71d54bd0_0, 0, 32;
T_4.34 ;
    %load/vec4 v0x57fa71d551b0_0;
    %load/vec4 v0x57fa71d54f20_0;
    %cmp/ne;
    %jmp/0xz  T_4.36, 6;
    %vpi_call/w 3 299 "$display", "***ERROR: QBAR_gate = %b, QBAR_expected = %b", v0x57fa71d551b0_0, v0x57fa71d54f20_0 {0 0 0};
    %load/vec4 v0x57fa71d54bd0_0;
    %addi 1, 0, 32;
    %store/vec4 v0x57fa71d54bd0_0, 0, 32;
T_4.36 ;
    %load/vec4 v0x57fa71d55110_0;
    %load/vec4 v0x57fa71d54f20_0;
    %cmp/ne;
    %jmp/0xz  T_4.38, 6;
    %vpi_call/w 3 306 "$display", "***ERROR: QBAR_dataflow = %b, QBAR_expected = %b", v0x57fa71d55110_0, v0x57fa71d54f20_0 {0 0 0};
    %load/vec4 v0x57fa71d54bd0_0;
    %addi 1, 0, 32;
    %store/vec4 v0x57fa71d54bd0_0, 0, 32;
T_4.38 ;
    %load/vec4 v0x57fa71d54de0_0;
    %load/vec4 v0x57fa71d54e80_0;
    %concat/vec4; draw_concat_vec4
    %load/vec4 v0x57fa71d558a0_0;
    %cmp/ne;
    %jmp/0xz  T_4.40, 6;
    %vpi_call/w 3 313 "$display", "***ERROR: Racing Condition Occur" {0 0 0};
    %load/vec4 v0x57fa71d54bd0_0;
    %addi 1, 0, 32;
    %store/vec4 v0x57fa71d54bd0_0, 0, 32;
T_4.40 ;
    %end;
S_0x57fa71d53f40 .scope task, "force_release" "force_release" 3 95, 3 95 0, S_0x57fa71d15240;
 .timescale -9 -11;
TD_tb_jk_flip_flop.force_release ;
    %delay 11, 0;
    %pushi/vec4 0, 0, 1;
    %force/vec4 v0x57fa71d55490_0;
    %pushi/vec4 1, 0, 1;
    %force/vec4 v0x57fa71d551b0_0;
    %pushi/vec4 0, 0, 1;
    %force/vec4 v0x57fa71d553c0_0;
    %pushi/vec4 1, 0, 1;
    %force/vec4 v0x57fa71d55110_0;
    %delay 1000, 0;
    %release/net v0x57fa71d55490_0, 0, 1;
    %release/net v0x57fa71d551b0_0, 0, 1;
    %release/net v0x57fa71d553c0_0, 0, 1;
    %release/net v0x57fa71d55110_0, 0, 1;
    %end;
S_0x57fa71d54120 .scope task, "initialize" "initialize" 3 65, 3 65 0, S_0x57fa71d15240;
 .timescale -9 -11;
TD_tb_jk_flip_flop.initialize ;
    %vpi_func 3 67 "$fopen" 32, "tb_jk_flip_flop.tv", "r" {0 0 0};
    %store/vec4 v0x57fa71d54d00_0, 0, 32;
    %vpi_func 3 68 "$fscanf" 32, v0x57fa71d54d00_0, "%s", v0x57fa71d54850_0 {0 0 0};
    %store/vec4 v0x57fa71d54af0_0, 0, 32;
    %vpi_func 3 70 "$fscanf" 32, v0x57fa71d54d00_0, "%s %b %b %s %s", v0x57fa71d54850_0, v0x57fa71d54de0_0, v0x57fa71d54e80_0, v0x57fa71d54950_0, v0x57fa71d54a30_0 {0 0 0};
    %store/vec4 v0x57fa71d54af0_0, 0, 32;
    %pushi/vec4 0, 0, 1;
    %store/vec4 v0x57fa71d55560_0, 0, 1;
    %pushi/vec4 0, 0, 32;
    %store/vec4 v0x57fa71d55600_0, 0, 32;
    %pushi/vec4 0, 0, 32;
    %store/vec4 v0x57fa71d54bd0_0, 0, 32;
    %pushi/vec4 0, 0, 32;
    %store/vec4 v0x57fa71d55740_0, 0, 32;
T_6.42 ;
    %load/vec4 v0x57fa71d55740_0;
    %cmpi/s 16, 0, 32;
    %jmp/0xz T_6.43, 5;
    %pushi/vec4 0, 0, 32;
    %ix/getv/s 4, v0x57fa71d55740_0;
    %store/vec4a v0x57fa71d557e0, 4, 0;
    ; show_stmt_assign_vector: Get l-value for compressed += operand
    %load/vec4 v0x57fa71d55740_0;
    %pushi/vec4 1, 0, 32;
    %add;
    %cast2;
    %store/vec4 v0x57fa71d55740_0, 0, 32;
    %jmp T_6.42;
T_6.43 ;
    %pushi/vec4 0, 0, 1;
    %store/vec4 v0x57fa71d556a0_0, 0, 1;
    %vpi_call/w 3 81 "$display" {0 0 0};
    %vpi_call/w 3 82 "$display", "TEST_START------------------------------------------------------------------------------------------------------------------------" {0 0 0};
    %vpi_call/w 3 83 "$display" {0 0 0};
    %vpi_call/w 3 84 "$display", "                     | TIME | J | K |  Q_gate  |  Q_data  |  Q_beh  | QBAR_gate | QBAR_data | QEXPECTED | QBAREXPECTED |" {0 0 0};
    %vpi_call/w 3 85 "$display", "----------------------------------------------------------------------------------------------------------------------------------" {0 0 0};
    %end;
S_0x57fa71d542b0 .scope task, "random_in" "random_in" 3 129, 3 129 0, S_0x57fa71d15240;
 .timescale -9 -11;
TD_tb_jk_flip_flop.random_in ;
    %vpi_func 3 132 "$urandom" 32 {0 0 0};
    %pushi/vec4 2, 0, 32;
    %mod;
    %pad/u 1;
    %store/vec4 v0x57fa71d54de0_0, 0, 1;
    %vpi_func 3 133 "$urandom" 32 {0 0 0};
    %pushi/vec4 2, 0, 32;
    %mod;
    %pad/u 1;
    %store/vec4 v0x57fa71d54e80_0, 0, 1;
    %load/vec4 v0x57fa71d54de0_0;
    %load/vec4 v0x57fa71d54e80_0;
    %concat/vec4; draw_concat_vec4
    %dup/vec4;
    %pushi/vec4 0, 0, 2;
    %cmp/u;
    %jmp/1 T_7.44, 6;
    %dup/vec4;
    %pushi/vec4 1, 0, 2;
    %cmp/u;
    %jmp/1 T_7.45, 6;
    %dup/vec4;
    %pushi/vec4 2, 0, 2;
    %cmp/u;
    %jmp/1 T_7.46, 6;
    %dup/vec4;
    %pushi/vec4 3, 0, 2;
    %cmp/u;
    %jmp/1 T_7.47, 6;
    %jmp T_7.48;
T_7.44 ;
    %load/vec4 v0x57fa71d55ec0_0;
    %load/vec4 v0x57fa71d55c80_0;
    %concat/vec4; draw_concat_vec4
    %cmpi/e 3, 0, 2;
    %jmp/1 T_7.53, 4;
    %flag_mov 8, 4;
    %load/vec4 v0x57fa71d55e00_0;
    %load/vec4 v0x57fa71d55bc0_0;
    %concat/vec4; draw_concat_vec4
    %cmpi/e 3, 0, 2;
    %flag_or 4, 8;
T_7.53;
    %jmp/1 T_7.52, 4;
    %flag_mov 8, 4;
    %load/vec4 v0x57fa71d55d40_0;
    %load/vec4 v0x57fa71d55b00_0;
    %concat/vec4; draw_concat_vec4
    %cmpi/e 3, 0, 2;
    %flag_or 4, 8;
T_7.52;
    %jmp/1 T_7.51, 4;
    %flag_mov 8, 4;
    %load/vec4 v0x57fa71d55ec0_0;
    %load/vec4 v0x57fa71d55c80_0;
    %concat/vec4; draw_concat_vec4
    %cmpi/e 0, 0, 2;
    %jmp/1 T_7.55, 4;
    %flag_mov 9, 4;
    %load/vec4 v0x57fa71d55e00_0;
    %load/vec4 v0x57fa71d55bc0_0;
    %concat/vec4; draw_concat_vec4
    %cmpi/e 0, 0, 2;
    %flag_or 4, 9;
T_7.55;
    %jmp/1 T_7.54, 4;
    %flag_mov 9, 4;
    %load/vec4 v0x57fa71d55d40_0;
    %load/vec4 v0x57fa71d55b00_0;
    %concat/vec4; draw_concat_vec4
    %cmpi/e 0, 0, 2;
    %flag_or 4, 9;
T_7.54;
    %flag_or 4, 8;
T_7.51;
    %flag_mov 8, 4;
    %jmp/0 T_7.49, 8;
    %pushi/vec4 18764, 0, 32; draw_string_vec4
    %pushi/vec4 1279608641, 0, 32; draw_string_vec4
    %concat/vec4; draw_string_vec4
    %pushi/vec4 76, 0, 8; draw_string_vec4
    %concat/vec4; draw_string_vec4
    %jmp/1 T_7.50, 8;
T_7.49 ; End of true expr.
    %pushi/vec4 0, 0, 32; draw_string_vec4
    %pushi/vec4 4738892, 0, 32; draw_string_vec4
    %concat/vec4; draw_string_vec4
    %pushi/vec4 68, 0, 8; draw_string_vec4
    %concat/vec4; draw_string_vec4
    %jmp/0 T_7.50, 8;
 ; End of false expr.
    %blend;
T_7.50;
    %store/vec4 v0x57fa71d54850_0, 0, 72;
    %jmp T_7.48;
T_7.45 ;
    %pushi/vec4 0, 0, 32; draw_string_vec4
    %pushi/vec4 1380275013, 0, 32; draw_string_vec4
    %concat/vec4; draw_string_vec4
    %pushi/vec4 84, 0, 8; draw_string_vec4
    %concat/vec4; draw_string_vec4
    %store/vec4 v0x57fa71d54850_0, 0, 72;
    %jmp T_7.48;
T_7.46 ;
    %pushi/vec4 0, 0, 32; draw_string_vec4
    %pushi/vec4 21317, 0, 32; draw_string_vec4
    %concat/vec4; draw_string_vec4
    %pushi/vec4 84, 0, 8; draw_string_vec4
    %concat/vec4; draw_string_vec4
    %store/vec4 v0x57fa71d54850_0, 0, 72;
    %jmp T_7.48;
T_7.47 ;
    %load/vec4 v0x57fa71d55ec0_0;
    %load/vec4 v0x57fa71d55c80_0;
    %concat/vec4; draw_concat_vec4
    %cmpi/e 3, 0, 2;
    %jmp/1 T_7.60, 4;
    %flag_mov 8, 4;
    %load/vec4 v0x57fa71d55e00_0;
    %load/vec4 v0x57fa71d55bc0_0;
    %concat/vec4; draw_concat_vec4
    %cmpi/e 3, 0, 2;
    %flag_or 4, 8;
T_7.60;
    %jmp/1 T_7.59, 4;
    %flag_mov 8, 4;
    %load/vec4 v0x57fa71d55d40_0;
    %load/vec4 v0x57fa71d55b00_0;
    %concat/vec4; draw_concat_vec4
    %cmpi/e 3, 0, 2;
    %flag_or 4, 8;
T_7.59;
    %jmp/1 T_7.58, 4;
    %flag_mov 8, 4;
    %load/vec4 v0x57fa71d55ec0_0;
    %load/vec4 v0x57fa71d55c80_0;
    %concat/vec4; draw_concat_vec4
    %cmpi/e 0, 0, 2;
    %jmp/1 T_7.62, 4;
    %flag_mov 9, 4;
    %load/vec4 v0x57fa71d55e00_0;
    %load/vec4 v0x57fa71d55bc0_0;
    %concat/vec4; draw_concat_vec4
    %cmpi/e 0, 0, 2;
    %flag_or 4, 9;
T_7.62;
    %jmp/1 T_7.61, 4;
    %flag_mov 9, 4;
    %load/vec4 v0x57fa71d55d40_0;
    %load/vec4 v0x57fa71d55b00_0;
    %concat/vec4; draw_concat_vec4
    %cmpi/e 0, 0, 2;
    %flag_or 4, 9;
T_7.61;
    %flag_or 4, 8;
T_7.58;
    %flag_mov 8, 4;
    %jmp/0 T_7.56, 8;
    %pushi/vec4 18764, 0, 32; draw_string_vec4
    %pushi/vec4 1279608641, 0, 32; draw_string_vec4
    %concat/vec4; draw_string_vec4
    %pushi/vec4 76, 0, 8; draw_string_vec4
    %concat/vec4; draw_string_vec4
    %jmp/1 T_7.57, 8;
T_7.56 ; End of true expr.
    %pushi/vec4 84, 0, 32; draw_string_vec4
    %pushi/vec4 1330071372, 0, 32; draw_string_vec4
    %concat/vec4; draw_string_vec4
    %pushi/vec4 69, 0, 8; draw_string_vec4
    %concat/vec4; draw_string_vec4
    %jmp/0 T_7.57, 8;
 ; End of false expr.
    %blend;
T_7.57;
    %store/vec4 v0x57fa71d54850_0, 0, 72;
    %jmp T_7.48;
T_7.48 ;
    %pop/vec4 1;
    %pushi/real 1717986918, 4062; load=0.100000
    %pushi/real 1677722, 4040; load=0.100000
    %add/wr;
    %vpi_func 3 142 "$urandom_range" 32, W<0,r>, 32'sb00000000000000000000000000001010 {0 1 0};
    %pad/u 64;
    %muli 100, 0, 64;
    %ix/vec4 4;
    %delayx 4;
    %end;
S_0x57fa71d54490 .scope task, "scan_file" "scan_file" 3 118, 3 118 0, S_0x57fa71d15240;
 .timescale -9 -11;
TD_tb_jk_flip_flop.scan_file ;
    %vpi_func 3 121 "$fscanf" 32, v0x57fa71d54d00_0, "%s %b %b %b %b", v0x57fa71d54850_0, v0x57fa71d54de0_0, v0x57fa71d54e80_0, v0x57fa71d55250_0, v0x57fa71d54f20_0 {0 0 0};
    %store/vec4 v0x57fa71d54af0_0, 0, 32;
    %load/vec4 v0x57fa71d54af0_0;
    %pushi/vec4 4294967295, 0, 32;
    %cmp/e;
    %flag_get/vec4 4;
    %store/vec4 v0x57fa71d556a0_0, 0, 1;
    %end;
S_0x57fa71d54670 .scope task, "vectorcount" "vectorcount" 3 231, 3 231 0, S_0x57fa71d15240;
 .timescale -9 -11;
TD_tb_jk_flip_flop.vectorcount ;
    %load/vec4 v0x57fa71d55600_0;
    %addi 1, 0, 32;
    %store/vec4 v0x57fa71d55600_0, 0, 32;
    %end;
    .scope S_0x57fa71d530e0;
T_10 ;
    %wait E_0x57fa71d1a170;
    %delay 12, 0;
    %load/vec4 v0x57fa71d53710_0;
    %store/vec4 v0x57fa71d53580_0, 0, 1;
    %load/vec4 v0x57fa71d53950_0;
    %store/vec4 v0x57fa71d53620_0, 0, 1;
    %jmp T_10;
    .thread T_10;
    .scope S_0x57fa71d51bf0;
T_11 ;
    %wait E_0x57fa71d1a170;
    %delay 12, 0;
    %load/vec4 v0x57fa71d52a30_0;
    %store/vec4 v0x57fa71d528f0_0, 0, 1;
    %load/vec4 v0x57fa71d52c50_0;
    %store/vec4 v0x57fa71d52990_0, 0, 1;
    %jmp T_11;
    .thread T_11;
    .scope S_0x57fa71cb4490;
T_12 ;
    %wait E_0x57fa71d1a170;
    %load/vec4 v0x57fa71d329b0_0;
    %load/vec4 v0x57fa71d2ab50_0;
    %concat/vec4; draw_concat_vec4
    %dup/vec4;
    %pushi/vec4 0, 0, 2;
    %cmp/u;
    %jmp/1 T_12.0, 6;
    %dup/vec4;
    %pushi/vec4 1, 0, 2;
    %cmp/u;
    %jmp/1 T_12.1, 6;
    %dup/vec4;
    %pushi/vec4 2, 0, 2;
    %cmp/u;
    %jmp/1 T_12.2, 6;
    %dup/vec4;
    %pushi/vec4 3, 0, 2;
    %cmp/u;
    %jmp/1 T_12.3, 6;
    %jmp T_12.4;
T_12.0 ;
    %load/vec4 v0x57fa71d2f7e0_0;
    %assign/vec4 v0x57fa71d2f7e0_0, 0;
    %jmp T_12.4;
T_12.1 ;
    %pushi/vec4 0, 0, 1;
    %assign/vec4 v0x57fa71d2f7e0_0, 0;
    %jmp T_12.4;
T_12.2 ;
    %pushi/vec4 1, 0, 1;
    %assign/vec4 v0x57fa71d2f7e0_0, 0;
    %jmp T_12.4;
T_12.3 ;
    %load/vec4 v0x57fa71d2f7e0_0;
    %inv;
    %assign/vec4 v0x57fa71d2f7e0_0, 0;
    %jmp T_12.4;
T_12.4 ;
    %pop/vec4 1;
    %jmp T_12;
    .thread T_12;
    .scope S_0x57fa71d15240;
T_13 ;
    %vpi_call/w 3 44 "$dumpfile", "tb_jk_flip_flop.vcd" {0 0 0};
    %vpi_call/w 3 45 "$dumpvars", 32'sb00000000000000000000000000000000, S_0x57fa71d15240 {0 0 0};
    %end;
    .thread T_13;
    .scope S_0x57fa71d15240;
T_14 ;
    %delay 1000, 0;
    %load/vec4 v0x57fa71d55560_0;
    %inv;
    %store/vec4 v0x57fa71d55560_0, 0, 1;
    %jmp T_14;
    .thread T_14;
    .scope S_0x57fa71d15240;
T_15 ;
    %fork TD_tb_jk_flip_flop.initialize, S_0x57fa71d54120;
    %join;
    %wait E_0x57fa71d1a170;
    %fork TD_tb_jk_flip_flop.force_release, S_0x57fa71d53f40;
    %join;
    %end;
    .thread T_15;
    .scope S_0x57fa71d15240;
T_16 ;
    %wait E_0x57fa71d19c50;
    %delay 120, 0;
    %load/vec4 v0x57fa71d556a0_0;
    %nor/r;
    %flag_set/vec4 8;
    %jmp/0xz  T_16.0, 8;
    %fork TD_tb_jk_flip_flop.scan_file, S_0x57fa71d54490;
    %join;
T_16.0 ;
    %jmp T_16;
    .thread T_16;
    .scope S_0x57fa71d15240;
T_17 ;
    %wait E_0x57fa71d1a170;
    %fork TD_tb_jk_flip_flop.coverage_update, S_0x57fa71d19370;
    %join;
    %load/vec4 v0x57fa71d54de0_0;
    %load/vec4 v0x57fa71d54e80_0;
    %concat/vec4; draw_concat_vec4
    %store/vec4 v0x57fa71d558a0_0, 0, 2;
    %delay 10, 0;
    %fork TD_tb_jk_flip_flop.QEXP, S_0x57fa71d112e0;
    %join;
    %fork TD_tb_jk_flip_flop.display_file, S_0x57fa71d19550;
    %join;
    %fork TD_tb_jk_flip_flop.errors_warnings_check, S_0x57fa71d53db0;
    %join;
    %fork TD_tb_jk_flip_flop.vectorcount, S_0x57fa71d54670;
    %join;
    %delay 2, 0;
    %load/vec4 v0x57fa71d55490_0;
    %store/vec4 v0x57fa71d55ec0_0, 0, 1;
    %load/vec4 v0x57fa71d551b0_0;
    %store/vec4 v0x57fa71d55c80_0, 0, 1;
    %load/vec4 v0x57fa71d553c0_0;
    %store/vec4 v0x57fa71d55e00_0, 0, 1;
    %load/vec4 v0x57fa71d55110_0;
    %store/vec4 v0x57fa71d55bc0_0, 0, 1;
    %load/vec4 v0x57fa71d552f0_0;
    %store/vec4 v0x57fa71d55d40_0, 0, 1;
    %load/vec4 v0x57fa71d55070_0;
    %store/vec4 v0x57fa71d55b00_0, 0, 1;
    %load/vec4 v0x57fa71d55250_0;
    %store/vec4 v0x57fa71d55980_0, 0, 1;
    %load/vec4 v0x57fa71d54f20_0;
    %store/vec4 v0x57fa71d55a40_0, 0, 1;
    %jmp T_17;
    .thread T_17;
    .scope S_0x57fa71d15240;
T_18 ;
T_18.0 ;
    %load/vec4 v0x57fa71d556a0_0;
    %cmpi/ne 1, 0, 1;
    %jmp/0xz T_18.1, 6;
    %wait E_0x57fa71d199f0;
    %jmp T_18.0;
T_18.1 ;
    %vpi_call/w 3 393 "$display" {0 0 0};
    %vpi_call/w 3 394 "$display", "%13s ***time = %0d,eof ***", "\000", $time {0 0 0};
    %vpi_call/w 3 395 "$display" {0 0 0};
    %pushi/vec4 0, 0, 32;
    %store/vec4 v0x57fa71d55740_0, 0, 32;
T_18.2 ;
    %load/vec4 v0x57fa71d55740_0;
    %cmpi/s 50, 0, 32;
    %jmp/0xz T_18.3, 5;
    %load/vec4 v0x57fa71d54de0_0;
    %pad/u 32;
    %cmpi/e 1, 0, 32;
    %flag_get/vec4 4;
    %jmp/0 T_18.6, 4;
    %load/vec4 v0x57fa71d54e80_0;
    %pad/u 32;
    %pushi/vec4 2, 0, 32;
    %cmp/e;
    %flag_get/vec4 4;
    %and;
T_18.6;
    %flag_set/vec4 8;
    %jmp/0xz  T_18.4, 8;
    %fork TD_tb_jk_flip_flop.vectorcount, S_0x57fa71d54670;
    %join;
    %fork TD_tb_jk_flip_flop.close, S_0x57fa71d114c0;
    %join;
    %jmp T_18.5;
T_18.4 ;
    %fork TD_tb_jk_flip_flop.random_in, S_0x57fa71d542b0;
    %join;
T_18.5 ;
    ; show_stmt_assign_vector: Get l-value for compressed += operand
    %load/vec4 v0x57fa71d55740_0;
    %pushi/vec4 1, 0, 32;
    %add;
    %cast2;
    %store/vec4 v0x57fa71d55740_0, 0, 32;
    %jmp T_18.2;
T_18.3 ;
    %fork TD_tb_jk_flip_flop.close, S_0x57fa71d114c0;
    %join;
    %end;
    .thread T_18;
# The file index is used to find the file name in the following table.
:file_names 5;
    "N/A";
    "<interactive>";
    "-";
    "tb_jk_flip_flop.v";
    "jk_flip_flop.v";
