#! /usr/bin/vvp
:ivl_version "12.0 (stable)";
:ivl_delay_selection "TYPICAL";
:vpi_time_precision - 11;
:vpi_module "/usr/lib/x86_64-linux-gnu/ivl/system.vpi";
:vpi_module "/usr/lib/x86_64-linux-gnu/ivl/vhdl_sys.vpi";
:vpi_module "/usr/lib/x86_64-linux-gnu/ivl/vhdl_textio.vpi";
:vpi_module "/usr/lib/x86_64-linux-gnu/ivl/v2005_math.vpi";
:vpi_module "/usr/lib/x86_64-linux-gnu/ivl/va_math.vpi";
:vpi_module "/usr/lib/x86_64-linux-gnu/ivl/v2009.vpi";
S_0x5ad138dcc890 .scope package, "$unit" "$unit" 2 1;
 .timescale 0 0;
S_0x5ad138dcc0d0 .scope module, "tb_jk_flip_flop" "tb_jk_flip_flop" 3 3;
 .timescale -9 -11;
P_0x5ad138d8c1c0 .param/l "TICKPERIOD" 1 3 51, +C4<00000000000000000000000000010100>;
v0x5ad138df1cc0_0 .var "COMMENT", 71 0;
v0x5ad138df1dc0_0 .var "COMMENT1", 71 0;
v0x5ad138df1ea0_0 .var "COMMENT2", 71 0;
v0x5ad138df1f60_0 .var/i "COUNT", 31 0;
v0x5ad138df2040_0 .var "ERRORS", 31 0;
v0x5ad138df2170_0 .var/i "FD", 31 0;
v0x5ad138df2250_0 .var "J", 0 0;
v0x5ad138df22f0_0 .var "K", 0 0;
v0x5ad138df2390_0 .var "QBAREXPECTED", 0 0;
v0x5ad138df24e0_0 .net "QBAR_beh", 0 0, L_0x5ad138df4e90;  1 drivers
v0x5ad138df2580_0 .net "QBAR_data", 0 0, L_0x5ad138df4cd0;  1 drivers
v0x5ad138df2620_0 .net "QBAR_gate", 0 0, L_0x5ad138df3a70;  1 drivers
v0x5ad138df26c0_0 .var "QEXPECTED", 0 0;
v0x5ad138df2760_0 .net "Q_beh", 0 0, v0x5ad138dee940_0;  1 drivers
v0x5ad138df2800_0 .net "Q_data", 0 0, L_0x5ad138df4ab0;  1 drivers
v0x5ad138df28d0_0 .net "Q_gate", 0 0, L_0x5ad138df3920;  1 drivers
v0x5ad138df29a0_0 .var "TICK", 0 0;
v0x5ad138df2a40_0 .var "VECTORCOUNT", 31 0;
v0x5ad138df2ae0_0 .var "eof", 0 0;
v0x5ad138df2b80_0 .var/2s "i", 31 0;
v0x5ad138df2c20 .array "input_coverage", 15 0, 31 0;
v0x5ad138df2ce0_0 .var "prev_JK", 1 0;
v0x5ad138df2dc0_0 .var "prev_QEx", 0 0;
v0x5ad138df2e80_0 .var "prev_QExbar", 0 0;
v0x5ad138df2f40_0 .net "prev_Qbarbeh", 0 0, v0x5ad138dcd9a0_0;  1 drivers
v0x5ad138df3010_0 .net "prev_Qbardata", 0 0, L_0x5ad138df3c90;  1 drivers
v0x5ad138df30e0_0 .net "prev_Qbargate", 0 0, L_0x5ad138dd0210;  1 drivers
v0x5ad138df31b0_0 .net "prev_Qbeh", 0 0, v0x5ad138dccfa0_0;  1 drivers
v0x5ad138df3280_0 .net "prev_Qdata", 0 0, L_0x5ad138df3c20;  1 drivers
v0x5ad138df3350_0 .net "prev_Qgate", 0 0, L_0x5ad138dcf600;  1 drivers
E_0x5ad138db4fa0 .event anyedge, v0x5ad138df2ae0_0;
E_0x5ad138db5230 .event negedge, v0x5ad138dcf760_0;
S_0x5ad138dcb910 .scope task, "QEXP" "QEXP" 3 149, 3 149 0, S_0x5ad138dcc0d0;
 .timescale -9 -11;
TD_tb_jk_flip_flop.QEXP ;
    %load/vec4 v0x5ad138df3350_0;
    %load/vec4 v0x5ad138df30e0_0;
    %concat/vec4; draw_concat_vec4
    %cmpi/ne 0, 0, 2;
    %flag_get/vec4 4;
    %jmp/1 T_0.4, 4;
    %load/vec4 v0x5ad138df3280_0;
    %load/vec4 v0x5ad138df3010_0;
    %concat/vec4; draw_concat_vec4
    %pushi/vec4 0, 0, 2;
    %cmp/ne;
    %flag_get/vec4 4;
    %or;
T_0.4;
    %pad/u 2;
    %cmpi/e 3, 0, 2;
    %jmp/1 T_0.3, 4;
    %flag_mov 9, 4;
    %load/vec4 v0x5ad138df3350_0;
    %load/vec4 v0x5ad138df30e0_0;
    %concat/vec4; draw_concat_vec4
    %cmpi/ne 0, 0, 2;
    %flag_get/vec4 4;
    %jmp/1 T_0.5, 4;
    %load/vec4 v0x5ad138df3280_0;
    %load/vec4 v0x5ad138df3010_0;
    %concat/vec4; draw_concat_vec4
    %pushi/vec4 0, 0, 2;
    %cmp/ne;
    %flag_get/vec4 4;
    %or;
T_0.5;
    %pad/u 2;
    %cmpi/e 0, 0, 2;
    %flag_or 4, 9;
T_0.3;
    %flag_get/vec4 4;
    %jmp/0 T_0.2, 4;
    %load/vec4 v0x5ad138df2250_0;
    %load/vec4 v0x5ad138df22f0_0;
    %concat/vec4; draw_concat_vec4
    %cmpi/e 0, 0, 2;
    %flag_get/vec4 4;
    %jmp/1 T_0.6, 4;
    %load/vec4 v0x5ad138df2250_0;
    %load/vec4 v0x5ad138df22f0_0;
    %concat/vec4; draw_concat_vec4
    %pushi/vec4 3, 0, 2;
    %cmp/e;
    %flag_get/vec4 4;
    %or;
T_0.6;
    %and;
T_0.2;
    %flag_set/vec4 8;
    %jmp/0xz  T_0.0, 8;
    %pushi/vec4 1, 1, 1;
    %store/vec4 v0x5ad138df26c0_0, 0, 1;
    %pushi/vec4 1, 1, 1;
    %store/vec4 v0x5ad138df2390_0, 0, 1;
    %jmp T_0.1;
T_0.0 ;
    %load/vec4 v0x5ad138df2250_0;
    %load/vec4 v0x5ad138df22f0_0;
    %concat/vec4; draw_concat_vec4
    %dup/vec4;
    %pushi/vec4 0, 0, 2;
    %cmp/u;
    %jmp/1 T_0.7, 6;
    %dup/vec4;
    %pushi/vec4 1, 0, 2;
    %cmp/u;
    %jmp/1 T_0.8, 6;
    %dup/vec4;
    %pushi/vec4 2, 0, 2;
    %cmp/u;
    %jmp/1 T_0.9, 6;
    %dup/vec4;
    %pushi/vec4 3, 0, 2;
    %cmp/u;
    %jmp/1 T_0.10, 6;
    %jmp T_0.11;
T_0.7 ;
    %load/vec4 v0x5ad138df2dc0_0;
    %store/vec4 v0x5ad138df26c0_0, 0, 1;
    %load/vec4 v0x5ad138df2e80_0;
    %store/vec4 v0x5ad138df2390_0, 0, 1;
    %jmp T_0.11;
T_0.8 ;
    %pushi/vec4 0, 0, 1;
    %store/vec4 v0x5ad138df26c0_0, 0, 1;
    %pushi/vec4 1, 0, 1;
    %store/vec4 v0x5ad138df2390_0, 0, 1;
    %jmp T_0.11;
T_0.9 ;
    %pushi/vec4 1, 0, 1;
    %store/vec4 v0x5ad138df26c0_0, 0, 1;
    %pushi/vec4 0, 0, 1;
    %store/vec4 v0x5ad138df2390_0, 0, 1;
    %jmp T_0.11;
T_0.10 ;
    %load/vec4 v0x5ad138df2dc0_0;
    %inv;
    %store/vec4 v0x5ad138df26c0_0, 0, 1;
    %load/vec4 v0x5ad138df2e80_0;
    %inv;
    %store/vec4 v0x5ad138df2390_0, 0, 1;
    %jmp T_0.11;
T_0.11 ;
    %pop/vec4 1;
T_0.1 ;
    %end;
S_0x5ad138daf2d0 .scope task, "close" "close" 3 192, 3 192 0, S_0x5ad138dcc0d0;
 .timescale -9 -11;
TD_tb_jk_flip_flop.close ;
    %delay 1000, 0;
    %vpi_call/w 3 195 "$fclose", v0x5ad138df2170_0 {0 0 0};
    %vpi_call/w 3 197 "$display" {0 0 0};
    %vpi_call/w 3 198 "$display", "COVERAGE_REPORT" {0 0 0};
    %pushi/vec4 0, 0, 32;
    %store/vec4 v0x5ad138df2b80_0, 0, 32;
T_1.12 ;
    %load/vec4 v0x5ad138df2b80_0;
    %cmpi/s 16, 0, 32;
    %jmp/0xz T_1.13, 5;
    %ix/getv/s 4, v0x5ad138df2b80_0;
    %load/vec4a v0x5ad138df2c20, 4;
    %cmpi/e 0, 0, 32;
    %jmp/0xz  T_1.14, 4;
    %vpi_call/w 3 204 "$display", "input %b to input %b has occured %d times (***ERROR***)", &PV<v0x5ad138df2b80_0, 2, 2>, &PV<v0x5ad138df2b80_0, 0, 2>, &A<v0x5ad138df2c20, v0x5ad138df2b80_0 > {0 0 0};
    %load/vec4 v0x5ad138df2040_0;
    %addi 1, 0, 32;
    %store/vec4 v0x5ad138df2040_0, 0, 32;
    %jmp T_1.15;
T_1.14 ;
    %vpi_call/w 3 211 "$display", "input %b to input %b has occured %d times", &PV<v0x5ad138df2b80_0, 2, 2>, &PV<v0x5ad138df2b80_0, 0, 2>, &A<v0x5ad138df2c20, v0x5ad138df2b80_0 > {0 0 0};
T_1.15 ;
    ; show_stmt_assign_vector: Get l-value for compressed += operand
    %load/vec4 v0x5ad138df2b80_0;
    %pushi/vec4 1, 0, 32;
    %add;
    %cast2;
    %store/vec4 v0x5ad138df2b80_0, 0, 32;
    %jmp T_1.12;
T_1.13 ;
    %vpi_call/w 3 216 "$display" {0 0 0};
    %vpi_call/w 3 217 "$display", "VECTORCOUNT = %d", v0x5ad138df2a40_0 {0 0 0};
    %vpi_call/w 3 218 "$display", "ERRORS = %15d", v0x5ad138df2040_0 {0 0 0};
    %vpi_call/w 3 219 "$display" {0 0 0};
    %vpi_call/w 3 220 "$display", "TEST_END--------------------------------------------------------------------------------------------------------------------------" {0 0 0};
    %vpi_call/w 3 221 "$display" {0 0 0};
    %vpi_call/w 3 223 "$finish" {0 0 0};
    %end;
S_0x5ad138daf4b0 .scope task, "coverage_update" "coverage_update" 3 250, 3 250 0, S_0x5ad138dcc0d0;
 .timescale -9 -11;
TD_tb_jk_flip_flop.coverage_update ;
    ; show_stmt_assign_vector: Get l-value for compressed += operand
    %load/vec4 v0x5ad138df2ce0_0;
    %load/vec4 v0x5ad138df2250_0;
    %concat/vec4; draw_concat_vec4
    %load/vec4 v0x5ad138df22f0_0;
    %concat/vec4; draw_concat_vec4
    %pad/u 6;
    %ix/vec4 4;
    %flag_mov 8, 4;
    %load/vec4a v0x5ad138df2c20, 4;
    %pushi/vec4 1, 0, 32;
    %add;
    %flag_mov 4, 8;
    %store/vec4a v0x5ad138df2c20, 4, 0;
    %end;
S_0x5ad138daabb0 .scope task, "display_file" "display_file" 3 241, 3 241 0, S_0x5ad138dcc0d0;
 .timescale -9 -11;
TD_tb_jk_flip_flop.display_file ;
    %vpi_call/w 3 243 "$display", "%10d %9s | %4d | %1d | %1d | %4d     | %4d     | %4d    | %5d     | %5d     | %5d     | %6d       |", v0x5ad138df2a40_0, v0x5ad138df1cc0_0, $time, v0x5ad138df2250_0, v0x5ad138df22f0_0, v0x5ad138df28d0_0, v0x5ad138df2800_0, v0x5ad138df2760_0, v0x5ad138df2620_0, v0x5ad138df2580_0, v0x5ad138df26c0_0, v0x5ad138df2390_0 {0 0 0};
    %end;
S_0x5ad138daad90 .scope module, "dut_jk_flip_flop_behavioral" "jk_flip_flop_behavioral" 3 36, 4 87 0, S_0x5ad138dcc0d0;
 .timescale -9 -11;
    .port_info 0 /INPUT 1 "j";
    .port_info 1 /INPUT 1 "k";
    .port_info 2 /INPUT 1 "clk";
    .port_info 3 /OUTPUT 1 "prev_q";
    .port_info 4 /OUTPUT 1 "prev_qbar";
    .port_info 5 /OUTPUT 1 "q";
    .port_info 6 /OUTPUT 1 "qbar";
L_0x5ad138df4e90 .functor NOT 1, v0x5ad138dee940_0, C4<0>, C4<0>, C4<0>;
v0x5ad138dcf760_0 .net "clk", 0 0, v0x5ad138df29a0_0;  1 drivers
v0x5ad138dd0330_0 .net "j", 0 0, v0x5ad138df2250_0;  1 drivers
v0x5ad138dc7b70_0 .net "k", 0 0, v0x5ad138df22f0_0;  1 drivers
v0x5ad138dccfa0_0 .var "prev_q", 0 0;
v0x5ad138dcd9a0_0 .var "prev_qbar", 0 0;
v0x5ad138dee940_0 .var "q", 0 0;
v0x5ad138deea00_0 .net "qbar", 0 0, L_0x5ad138df4e90;  alias, 1 drivers
E_0x5ad138db54c0 .event posedge, v0x5ad138dcf760_0;
S_0x5ad138deeba0 .scope module, "dut_jk_flip_flop_dataflow" "jk_flip_flop_dataflow" 3 35, 4 45 0, S_0x5ad138dcc0d0;
 .timescale -9 -11;
    .port_info 0 /INPUT 1 "j";
    .port_info 1 /INPUT 1 "k";
    .port_info 2 /INPUT 1 "clk";
    .port_info 3 /OUTPUT 1 "prev_qI";
    .port_info 4 /OUTPUT 1 "prev_qbarI";
    .port_info 5 /OUTPUT 1 "q";
    .port_info 6 /OUTPUT 1 "qbar";
L_0x5ad138df3c20 .functor BUFZ 1, v0x5ad138def920_0, C4<0>, C4<0>, C4<0>;
L_0x5ad138df3c90 .functor BUFZ 1, v0x5ad138defa60_0, C4<0>, C4<0>, C4<0>;
L_0x5ad138df3d50 .functor AND 1, v0x5ad138df2250_0, v0x5ad138df29a0_0, C4<1>, C4<1>;
L_0x5ad138df3dc0 .functor AND 1, L_0x5ad138df3d50, v0x5ad138defa60_0, C4<1>, C4<1>;
L_0x5ad138df3f00 .functor NOT 1, L_0x5ad138df3dc0, C4<0>, C4<0>, C4<0>;
L_0x5ad138df3fc0 .functor AND 1, v0x5ad138df22f0_0, v0x5ad138df29a0_0, C4<1>, C4<1>;
L_0x5ad138df4070 .functor AND 1, L_0x5ad138df3fc0, v0x5ad138def920_0, C4<1>, C4<1>;
L_0x5ad138df4180 .functor NOT 1, L_0x5ad138df4070, C4<0>, C4<0>, C4<0>;
L_0x5ad138df4290 .functor AND 1, L_0x5ad138df3f00, v0x5ad138defa60_0, C4<1>, C4<1>;
L_0x5ad138df4350 .functor NOT 1, L_0x5ad138df4290, C4<0>, C4<0>, C4<0>;
L_0x5ad138df4470 .functor AND 1, L_0x5ad138df4180, v0x5ad138def920_0, C4<1>, C4<1>;
L_0x5ad138df44e0 .functor NOT 1, L_0x5ad138df4470, C4<0>, C4<0>, C4<0>;
L_0x5ad138df4610 .functor AND 1, L_0x5ad138df3f00, L_0x5ad138df44e0, C4<1>, C4<1>;
L_0x5ad138df46d0 .functor NOT 1, L_0x5ad138df4610, C4<0>, C4<0>, C4<0>;
L_0x5ad138df45a0 .functor AND 1, L_0x5ad138df4180, L_0x5ad138df4350, C4<1>, C4<1>;
L_0x5ad138df4860 .functor NOT 1, L_0x5ad138df45a0, C4<0>, C4<0>, C4<0>;
L_0x5ad138df49b0 .functor AND 1, L_0x5ad138df3f00, L_0x5ad138df4860, C4<1>, C4<1>;
L_0x5ad138df4ab0 .functor NOT 1, L_0x5ad138df49b0, C4<0>, C4<0>, C4<0>;
L_0x5ad138df4c60 .functor AND 1, L_0x5ad138df4180, L_0x5ad138df46d0, C4<1>, C4<1>;
L_0x5ad138df4cd0 .functor NOT 1, L_0x5ad138df4c60, C4<0>, C4<0>, C4<0>;
v0x5ad138deee30_0 .net *"_ivl_10", 0 0, L_0x5ad138df3fc0;  1 drivers
v0x5ad138deef30_0 .net *"_ivl_12", 0 0, L_0x5ad138df4070;  1 drivers
v0x5ad138def010_0 .net *"_ivl_16", 0 0, L_0x5ad138df4290;  1 drivers
v0x5ad138def0d0_0 .net *"_ivl_20", 0 0, L_0x5ad138df4470;  1 drivers
v0x5ad138def1b0_0 .net *"_ivl_24", 0 0, L_0x5ad138df4610;  1 drivers
v0x5ad138def2e0_0 .net *"_ivl_28", 0 0, L_0x5ad138df45a0;  1 drivers
v0x5ad138def3c0_0 .net *"_ivl_32", 0 0, L_0x5ad138df49b0;  1 drivers
v0x5ad138def4a0_0 .net *"_ivl_36", 0 0, L_0x5ad138df4c60;  1 drivers
v0x5ad138def580_0 .net *"_ivl_4", 0 0, L_0x5ad138df3d50;  1 drivers
v0x5ad138def660_0 .net *"_ivl_6", 0 0, L_0x5ad138df3dc0;  1 drivers
v0x5ad138def740_0 .net "clk", 0 0, v0x5ad138df29a0_0;  alias, 1 drivers
v0x5ad138def7e0_0 .net "j", 0 0, v0x5ad138df2250_0;  alias, 1 drivers
v0x5ad138def880_0 .net "k", 0 0, v0x5ad138df22f0_0;  alias, 1 drivers
v0x5ad138def920_0 .var "prev_q", 0 0;
v0x5ad138def9c0_0 .net "prev_qI", 0 0, L_0x5ad138df3c20;  alias, 1 drivers
v0x5ad138defa60_0 .var "prev_qbar", 0 0;
v0x5ad138defb00_0 .net "prev_qbarI", 0 0, L_0x5ad138df3c90;  alias, 1 drivers
v0x5ad138defbc0_0 .net "q", 0 0, L_0x5ad138df4ab0;  alias, 1 drivers
v0x5ad138defc80_0 .net "q1", 0 0, L_0x5ad138df4350;  1 drivers
v0x5ad138defd40_0 .net "q2", 0 0, L_0x5ad138df46d0;  1 drivers
v0x5ad138defe00_0 .net "qbar", 0 0, L_0x5ad138df4cd0;  alias, 1 drivers
v0x5ad138defec0_0 .net "qbar1", 0 0, L_0x5ad138df44e0;  1 drivers
v0x5ad138deff80_0 .net "qbar2", 0 0, L_0x5ad138df4860;  1 drivers
v0x5ad138df0040_0 .net "r", 0 0, L_0x5ad138df4180;  1 drivers
v0x5ad138df0100_0 .net "s", 0 0, L_0x5ad138df3f00;  1 drivers
S_0x5ad138df02a0 .scope module, "dut_jk_flip_flop_gate" "jk_flip_flop_gate" 3 34, 4 3 0, S_0x5ad138dcc0d0;
 .timescale -9 -11;
    .port_info 0 /INPUT 1 "j";
    .port_info 1 /INPUT 1 "k";
    .port_info 2 /INPUT 1 "clk";
    .port_info 3 /OUTPUT 1 "prev_qI";
    .port_info 4 /OUTPUT 1 "prev_qbarI";
    .port_info 5 /OUTPUT 1 "q";
    .port_info 6 /OUTPUT 1 "qbar";
L_0x5ad138dcf600 .functor BUFZ 1, v0x5ad138df07f0_0, C4<0>, C4<0>, C4<0>;
L_0x5ad138dd0210 .functor BUFZ 1, v0x5ad138df0980_0, C4<0>, C4<0>, C4<0>;
L_0x5ad138dc7a50 .functor NAND 1, v0x5ad138df2250_0, v0x5ad138df29a0_0, v0x5ad138df0980_0, C4<1>;
L_0x5ad138dcce80 .functor NAND 1, v0x5ad138df22f0_0, v0x5ad138df29a0_0, v0x5ad138df07f0_0, C4<1>;
L_0x5ad138dcd880 .functor NAND 1, L_0x5ad138dc7a50, v0x5ad138df0980_0, C4<1>, C4<1>;
L_0x5ad138df3650 .functor NAND 1, L_0x5ad138dcce80, v0x5ad138df07f0_0, C4<1>, C4<1>;
L_0x5ad138df3750 .functor NAND 1, L_0x5ad138dc7a50, L_0x5ad138df3650, C4<1>, C4<1>;
L_0x5ad138df3810 .functor NAND 1, L_0x5ad138dcce80, L_0x5ad138dcd880, C4<1>, C4<1>;
L_0x5ad138df3920 .functor NAND 1, L_0x5ad138dc7a50, L_0x5ad138df3810, C4<1>, C4<1>;
L_0x5ad138df3a70 .functor NAND 1, L_0x5ad138dcce80, L_0x5ad138df3750, C4<1>, C4<1>;
v0x5ad138df04e0_0 .net "clk", 0 0, v0x5ad138df29a0_0;  alias, 1 drivers
v0x5ad138df05f0_0 .net "j", 0 0, v0x5ad138df2250_0;  alias, 1 drivers
v0x5ad138df0700_0 .net "k", 0 0, v0x5ad138df22f0_0;  alias, 1 drivers
v0x5ad138df07f0_0 .var "prev_q", 0 0;
v0x5ad138df0890_0 .net "prev_qI", 0 0, L_0x5ad138dcf600;  alias, 1 drivers
v0x5ad138df0980_0 .var "prev_qbar", 0 0;
v0x5ad138df0a40_0 .net "prev_qbarI", 0 0, L_0x5ad138dd0210;  alias, 1 drivers
v0x5ad138df0b00_0 .net "q", 0 0, L_0x5ad138df3920;  alias, 1 drivers
v0x5ad138df0bc0_0 .net "q1", 0 0, L_0x5ad138dcd880;  1 drivers
v0x5ad138df0c80_0 .net "q2", 0 0, L_0x5ad138df3750;  1 drivers
v0x5ad138df0d40_0 .net "qbar", 0 0, L_0x5ad138df3a70;  alias, 1 drivers
v0x5ad138df0e00_0 .net "qbar1", 0 0, L_0x5ad138df3650;  1 drivers
v0x5ad138df0ec0_0 .net "qbar2", 0 0, L_0x5ad138df3810;  1 drivers
v0x5ad138df0f80_0 .net "r", 0 0, L_0x5ad138dcce80;  1 drivers
v0x5ad138df1040_0 .net "s", 0 0, L_0x5ad138dc7a50;  1 drivers
S_0x5ad138df1220 .scope task, "errors_warnings_check" "errors_warnings_check" 3 259, 3 259 0, S_0x5ad138dcc0d0;
 .timescale -9 -11;
TD_tb_jk_flip_flop.errors_warnings_check ;
    %load/vec4 v0x5ad138df3350_0;
    %load/vec4 v0x5ad138df30e0_0;
    %concat/vec4; draw_concat_vec4
    %cmpi/ne 0, 0, 2;
    %jmp/1 T_4.20, 4;
    %flag_mov 9, 4;
    %load/vec4 v0x5ad138df3280_0;
    %load/vec4 v0x5ad138df3010_0;
    %concat/vec4; draw_concat_vec4
    %cmpi/ne 0, 0, 2;
    %flag_or 4, 9;
T_4.20;
    %flag_get/vec4 4;
    %jmp/1 T_4.19, 4;
    %load/vec4 v0x5ad138df31b0_0;
    %load/vec4 v0x5ad138df2f40_0;
    %concat/vec4; draw_concat_vec4
    %pushi/vec4 0, 0, 2;
    %cmp/ne;
    %flag_get/vec4 4;
    %or;
T_4.19;
    %pad/u 2;
    %cmpi/e 0, 0, 2;
    %flag_get/vec4 4;
    %jmp/0 T_4.18, 4;
    %load/vec4 v0x5ad138df2250_0;
    %load/vec4 v0x5ad138df22f0_0;
    %concat/vec4; draw_concat_vec4
    %cmpi/e 0, 0, 2;
    %flag_get/vec4 4;
    %jmp/1 T_4.21, 4;
    %load/vec4 v0x5ad138df2250_0;
    %load/vec4 v0x5ad138df22f0_0;
    %concat/vec4; draw_concat_vec4
    %pushi/vec4 3, 0, 2;
    %cmp/e;
    %flag_get/vec4 4;
    %or;
T_4.21;
    %and;
T_4.18;
    %flag_set/vec4 8;
    %jmp/0xz  T_4.16, 8;
    %vpi_call/w 3 264 "$display", "***WARNING: ILLEGAL CONDITION,RACING CONDITION" {0 0 0};
T_4.16 ;
    %load/vec4 v0x5ad138df3350_0;
    %load/vec4 v0x5ad138df30e0_0;
    %concat/vec4; draw_concat_vec4
    %cmpi/ne 0, 0, 2;
    %jmp/1 T_4.26, 4;
    %flag_mov 9, 4;
    %load/vec4 v0x5ad138df3280_0;
    %load/vec4 v0x5ad138df3010_0;
    %concat/vec4; draw_concat_vec4
    %cmpi/ne 0, 0, 2;
    %flag_or 4, 9;
T_4.26;
    %flag_get/vec4 4;
    %jmp/1 T_4.25, 4;
    %load/vec4 v0x5ad138df31b0_0;
    %load/vec4 v0x5ad138df2f40_0;
    %concat/vec4; draw_concat_vec4
    %pushi/vec4 0, 0, 2;
    %cmp/ne;
    %flag_get/vec4 4;
    %or;
T_4.25;
    %pad/u 2;
    %cmpi/e 3, 0, 2;
    %flag_get/vec4 4;
    %jmp/0 T_4.24, 4;
    %load/vec4 v0x5ad138df2250_0;
    %load/vec4 v0x5ad138df22f0_0;
    %concat/vec4; draw_concat_vec4
    %cmpi/e 3, 0, 2;
    %flag_get/vec4 4;
    %jmp/1 T_4.27, 4;
    %load/vec4 v0x5ad138df2250_0;
    %load/vec4 v0x5ad138df22f0_0;
    %concat/vec4; draw_concat_vec4
    %pushi/vec4 0, 0, 2;
    %cmp/e;
    %flag_get/vec4 4;
    %or;
T_4.27;
    %and;
T_4.24;
    %flag_set/vec4 8;
    %jmp/0xz  T_4.22, 8;
    %vpi_call/w 3 270 "$display", "***WARNING: ILLEGAL CONDITION, q = %b and qbar = %b", v0x5ad138df26c0_0, v0x5ad138df2390_0 {0 0 0};
T_4.22 ;
    %load/vec4 v0x5ad138df28d0_0;
    %load/vec4 v0x5ad138df26c0_0;
    %cmp/ne;
    %jmp/0xz  T_4.28, 6;
    %vpi_call/w 3 278 "$display", "***ERROR: Q_gate = %b, Q_expected = %b", v0x5ad138df28d0_0, v0x5ad138df26c0_0 {0 0 0};
    %load/vec4 v0x5ad138df2040_0;
    %addi 1, 0, 32;
    %store/vec4 v0x5ad138df2040_0, 0, 32;
T_4.28 ;
    %load/vec4 v0x5ad138df2800_0;
    %load/vec4 v0x5ad138df26c0_0;
    %cmp/ne;
    %jmp/0xz  T_4.30, 6;
    %vpi_call/w 3 285 "$display", "***ERROR: Q_dataflow = %b, Q_expected = %b", v0x5ad138df2800_0, v0x5ad138df26c0_0 {0 0 0};
    %load/vec4 v0x5ad138df2040_0;
    %addi 1, 0, 32;
    %store/vec4 v0x5ad138df2040_0, 0, 32;
T_4.30 ;
    %load/vec4 v0x5ad138df2760_0;
    %load/vec4 v0x5ad138df26c0_0;
    %cmp/ne;
    %jmp/0xz  T_4.32, 6;
    %vpi_call/w 3 292 "$display", "***ERROR: Q_behavioral = %b, Q_expected = %b", v0x5ad138df2760_0, v0x5ad138df26c0_0 {0 0 0};
    %load/vec4 v0x5ad138df2040_0;
    %addi 1, 0, 32;
    %store/vec4 v0x5ad138df2040_0, 0, 32;
T_4.32 ;
    %load/vec4 v0x5ad138df2620_0;
    %load/vec4 v0x5ad138df2390_0;
    %cmp/ne;
    %jmp/0xz  T_4.34, 6;
    %vpi_call/w 3 299 "$display", "***ERROR: QBAR_gate = %b, QBAR_expected = %b", v0x5ad138df2620_0, v0x5ad138df2390_0 {0 0 0};
    %load/vec4 v0x5ad138df2040_0;
    %addi 1, 0, 32;
    %store/vec4 v0x5ad138df2040_0, 0, 32;
T_4.34 ;
    %load/vec4 v0x5ad138df2580_0;
    %load/vec4 v0x5ad138df2390_0;
    %cmp/ne;
    %jmp/0xz  T_4.36, 6;
    %vpi_call/w 3 306 "$display", "***ERROR: QBAR_dataflow = %b, QBAR_expected = %b", v0x5ad138df2580_0, v0x5ad138df2390_0 {0 0 0};
    %load/vec4 v0x5ad138df2040_0;
    %addi 1, 0, 32;
    %store/vec4 v0x5ad138df2040_0, 0, 32;
T_4.36 ;
    %load/vec4 v0x5ad138df2250_0;
    %load/vec4 v0x5ad138df22f0_0;
    %concat/vec4; draw_concat_vec4
    %load/vec4 v0x5ad138df2ce0_0;
    %cmp/ne;
    %jmp/0xz  T_4.38, 6;
    %vpi_call/w 3 313 "$display", "***ERROR: Racing Condition Occur" {0 0 0};
    %load/vec4 v0x5ad138df2040_0;
    %addi 1, 0, 32;
    %store/vec4 v0x5ad138df2040_0, 0, 32;
T_4.38 ;
    %end;
S_0x5ad138df13b0 .scope task, "force_release" "force_release" 3 95, 3 95 0, S_0x5ad138dcc0d0;
 .timescale -9 -11;
TD_tb_jk_flip_flop.force_release ;
    %delay 11, 0;
    %pushi/vec4 0, 0, 1;
    %force/vec4 v0x5ad138df28d0_0;
    %pushi/vec4 1, 0, 1;
    %force/vec4 v0x5ad138df2620_0;
    %pushi/vec4 0, 0, 1;
    %force/vec4 v0x5ad138df2800_0;
    %pushi/vec4 1, 0, 1;
    %force/vec4 v0x5ad138df2580_0;
    %delay 1000, 0;
    %release/net v0x5ad138df28d0_0, 0, 1;
    %release/net v0x5ad138df2620_0, 0, 1;
    %release/net v0x5ad138df2800_0, 0, 1;
    %release/net v0x5ad138df2580_0, 0, 1;
    %end;
S_0x5ad138df1590 .scope task, "initialize" "initialize" 3 65, 3 65 0, S_0x5ad138dcc0d0;
 .timescale -9 -11;
TD_tb_jk_flip_flop.initialize ;
    %vpi_func 3 67 "$fopen" 32, "tb_jk_flip_flop.tv", "r" {0 0 0};
    %store/vec4 v0x5ad138df2170_0, 0, 32;
    %vpi_func 3 68 "$fscanf" 32, v0x5ad138df2170_0, "%s", v0x5ad138df1cc0_0 {0 0 0};
    %store/vec4 v0x5ad138df1f60_0, 0, 32;
    %vpi_func 3 70 "$fscanf" 32, v0x5ad138df2170_0, "%s %b %b %s %s", v0x5ad138df1cc0_0, v0x5ad138df2250_0, v0x5ad138df22f0_0, v0x5ad138df1dc0_0, v0x5ad138df1ea0_0 {0 0 0};
    %store/vec4 v0x5ad138df1f60_0, 0, 32;
    %pushi/vec4 0, 0, 1;
    %store/vec4 v0x5ad138df29a0_0, 0, 1;
    %pushi/vec4 0, 0, 32;
    %store/vec4 v0x5ad138df2a40_0, 0, 32;
    %pushi/vec4 0, 0, 32;
    %store/vec4 v0x5ad138df2040_0, 0, 32;
    %pushi/vec4 0, 0, 32;
    %store/vec4 v0x5ad138df2b80_0, 0, 32;
T_6.40 ;
    %load/vec4 v0x5ad138df2b80_0;
    %cmpi/s 16, 0, 32;
    %jmp/0xz T_6.41, 5;
    %pushi/vec4 0, 0, 32;
    %ix/getv/s 4, v0x5ad138df2b80_0;
    %store/vec4a v0x5ad138df2c20, 4, 0;
    ; show_stmt_assign_vector: Get l-value for compressed += operand
    %load/vec4 v0x5ad138df2b80_0;
    %pushi/vec4 1, 0, 32;
    %add;
    %cast2;
    %store/vec4 v0x5ad138df2b80_0, 0, 32;
    %jmp T_6.40;
T_6.41 ;
    %pushi/vec4 0, 0, 1;
    %store/vec4 v0x5ad138df2ae0_0, 0, 1;
    %vpi_call/w 3 81 "$display" {0 0 0};
    %vpi_call/w 3 82 "$display", "TEST_START------------------------------------------------------------------------------------------------------------------------" {0 0 0};
    %vpi_call/w 3 83 "$display" {0 0 0};
    %vpi_call/w 3 84 "$display", "                     | TIME | J | K |  Q_gate  |  Q_data  |  Q_beh  | QBAR_gate | QBAR_data | QEXPECTED | QBAREXPECTED |" {0 0 0};
    %vpi_call/w 3 85 "$display", "----------------------------------------------------------------------------------------------------------------------------------" {0 0 0};
    %end;
S_0x5ad138df1720 .scope task, "random_in" "random_in" 3 129, 3 129 0, S_0x5ad138dcc0d0;
 .timescale -9 -11;
TD_tb_jk_flip_flop.random_in ;
    %vpi_func 3 132 "$urandom" 32 {0 0 0};
    %pushi/vec4 2, 0, 32;
    %mod;
    %pad/u 1;
    %store/vec4 v0x5ad138df2250_0, 0, 1;
    %vpi_func 3 133 "$urandom" 32 {0 0 0};
    %pushi/vec4 2, 0, 32;
    %mod;
    %pad/u 1;
    %store/vec4 v0x5ad138df22f0_0, 0, 1;
    %load/vec4 v0x5ad138df2250_0;
    %load/vec4 v0x5ad138df22f0_0;
    %concat/vec4; draw_concat_vec4
    %dup/vec4;
    %pushi/vec4 0, 0, 2;
    %cmp/u;
    %jmp/1 T_7.42, 6;
    %dup/vec4;
    %pushi/vec4 1, 0, 2;
    %cmp/u;
    %jmp/1 T_7.43, 6;
    %dup/vec4;
    %pushi/vec4 2, 0, 2;
    %cmp/u;
    %jmp/1 T_7.44, 6;
    %dup/vec4;
    %pushi/vec4 3, 0, 2;
    %cmp/u;
    %jmp/1 T_7.45, 6;
    %jmp T_7.46;
T_7.42 ;
    %load/vec4 v0x5ad138df3350_0;
    %load/vec4 v0x5ad138df30e0_0;
    %concat/vec4; draw_concat_vec4
    %cmpi/ne 0, 0, 2;
    %jmp/1 T_7.51, 4;
    %flag_mov 8, 4;
    %load/vec4 v0x5ad138df3280_0;
    %load/vec4 v0x5ad138df3010_0;
    %concat/vec4; draw_concat_vec4
    %cmpi/ne 0, 0, 2;
    %flag_or 4, 8;
T_7.51;
    %flag_get/vec4 4;
    %jmp/1 T_7.50, 4;
    %load/vec4 v0x5ad138df31b0_0;
    %load/vec4 v0x5ad138df2f40_0;
    %concat/vec4; draw_concat_vec4
    %pushi/vec4 0, 0, 2;
    %cmp/ne;
    %flag_get/vec4 4;
    %or;
T_7.50;
    %pad/u 2;
    %cmpi/e 3, 0, 2;
    %jmp/1 T_7.49, 4;
    %flag_mov 8, 4;
    %load/vec4 v0x5ad138df3350_0;
    %load/vec4 v0x5ad138df30e0_0;
    %concat/vec4; draw_concat_vec4
    %cmpi/ne 0, 0, 2;
    %jmp/1 T_7.53, 4;
    %flag_mov 9, 4;
    %load/vec4 v0x5ad138df3280_0;
    %load/vec4 v0x5ad138df3010_0;
    %concat/vec4; draw_concat_vec4
    %cmpi/ne 0, 0, 2;
    %flag_or 4, 9;
T_7.53;
    %flag_get/vec4 4;
    %jmp/1 T_7.52, 4;
    %load/vec4 v0x5ad138df31b0_0;
    %load/vec4 v0x5ad138df2f40_0;
    %concat/vec4; draw_concat_vec4
    %pushi/vec4 0, 0, 2;
    %cmp/ne;
    %flag_get/vec4 4;
    %or;
T_7.52;
    %pad/u 2;
    %cmpi/e 0, 0, 2;
    %flag_or 4, 8;
T_7.49;
    %flag_mov 8, 4;
    %jmp/0 T_7.47, 8;
    %pushi/vec4 18764, 0, 32; draw_string_vec4
    %pushi/vec4 1279608641, 0, 32; draw_string_vec4
    %concat/vec4; draw_string_vec4
    %pushi/vec4 76, 0, 8; draw_string_vec4
    %concat/vec4; draw_string_vec4
    %jmp/1 T_7.48, 8;
T_7.47 ; End of true expr.
    %pushi/vec4 0, 0, 32; draw_string_vec4
    %pushi/vec4 4738892, 0, 32; draw_string_vec4
    %concat/vec4; draw_string_vec4
    %pushi/vec4 68, 0, 8; draw_string_vec4
    %concat/vec4; draw_string_vec4
    %jmp/0 T_7.48, 8;
 ; End of false expr.
    %blend;
T_7.48;
    %store/vec4 v0x5ad138df1cc0_0, 0, 72;
    %jmp T_7.46;
T_7.43 ;
    %pushi/vec4 0, 0, 32; draw_string_vec4
    %pushi/vec4 1380275013, 0, 32; draw_string_vec4
    %concat/vec4; draw_string_vec4
    %pushi/vec4 84, 0, 8; draw_string_vec4
    %concat/vec4; draw_string_vec4
    %store/vec4 v0x5ad138df1cc0_0, 0, 72;
    %jmp T_7.46;
T_7.44 ;
    %pushi/vec4 0, 0, 32; draw_string_vec4
    %pushi/vec4 21317, 0, 32; draw_string_vec4
    %concat/vec4; draw_string_vec4
    %pushi/vec4 84, 0, 8; draw_string_vec4
    %concat/vec4; draw_string_vec4
    %store/vec4 v0x5ad138df1cc0_0, 0, 72;
    %jmp T_7.46;
T_7.45 ;
    %load/vec4 v0x5ad138df3350_0;
    %load/vec4 v0x5ad138df30e0_0;
    %concat/vec4; draw_concat_vec4
    %cmpi/ne 0, 0, 2;
    %jmp/1 T_7.58, 4;
    %flag_mov 8, 4;
    %load/vec4 v0x5ad138df3280_0;
    %load/vec4 v0x5ad138df3010_0;
    %concat/vec4; draw_concat_vec4
    %cmpi/ne 0, 0, 2;
    %flag_or 4, 8;
T_7.58;
    %flag_get/vec4 4;
    %jmp/1 T_7.57, 4;
    %load/vec4 v0x5ad138df31b0_0;
    %load/vec4 v0x5ad138df2f40_0;
    %concat/vec4; draw_concat_vec4
    %pushi/vec4 0, 0, 2;
    %cmp/ne;
    %flag_get/vec4 4;
    %or;
T_7.57;
    %pad/u 2;
    %cmpi/e 3, 0, 2;
    %jmp/1 T_7.56, 4;
    %flag_mov 8, 4;
    %load/vec4 v0x5ad138df3350_0;
    %load/vec4 v0x5ad138df30e0_0;
    %concat/vec4; draw_concat_vec4
    %cmpi/ne 0, 0, 2;
    %jmp/1 T_7.60, 4;
    %flag_mov 9, 4;
    %load/vec4 v0x5ad138df3280_0;
    %load/vec4 v0x5ad138df3010_0;
    %concat/vec4; draw_concat_vec4
    %cmpi/ne 0, 0, 2;
    %flag_or 4, 9;
T_7.60;
    %flag_get/vec4 4;
    %jmp/1 T_7.59, 4;
    %load/vec4 v0x5ad138df31b0_0;
    %load/vec4 v0x5ad138df2f40_0;
    %concat/vec4; draw_concat_vec4
    %pushi/vec4 0, 0, 2;
    %cmp/ne;
    %flag_get/vec4 4;
    %or;
T_7.59;
    %pad/u 2;
    %cmpi/e 0, 0, 2;
    %flag_or 4, 8;
T_7.56;
    %flag_mov 8, 4;
    %jmp/0 T_7.54, 8;
    %pushi/vec4 18764, 0, 32; draw_string_vec4
    %pushi/vec4 1279608641, 0, 32; draw_string_vec4
    %concat/vec4; draw_string_vec4
    %pushi/vec4 76, 0, 8; draw_string_vec4
    %concat/vec4; draw_string_vec4
    %jmp/1 T_7.55, 8;
T_7.54 ; End of true expr.
    %pushi/vec4 84, 0, 32; draw_string_vec4
    %pushi/vec4 1330071372, 0, 32; draw_string_vec4
    %concat/vec4; draw_string_vec4
    %pushi/vec4 69, 0, 8; draw_string_vec4
    %concat/vec4; draw_string_vec4
    %jmp/0 T_7.55, 8;
 ; End of false expr.
    %blend;
T_7.55;
    %store/vec4 v0x5ad138df1cc0_0, 0, 72;
    %jmp T_7.46;
T_7.46 ;
    %pop/vec4 1;
    %pushi/real 1717986918, 4062; load=0.100000
    %pushi/real 1677722, 4040; load=0.100000
    %add/wr;
    %vpi_func 3 142 "$urandom_range" 32, W<0,r>, 32'sb00000000000000000000000000001010 {0 1 0};
    %pad/u 64;
    %muli 100, 0, 64;
    %ix/vec4 4;
    %delayx 4;
    %end;
S_0x5ad138df1900 .scope task, "scan_file" "scan_file" 3 118, 3 118 0, S_0x5ad138dcc0d0;
 .timescale -9 -11;
TD_tb_jk_flip_flop.scan_file ;
    %vpi_func 3 121 "$fscanf" 32, v0x5ad138df2170_0, "%s %b %b %b %b", v0x5ad138df1cc0_0, v0x5ad138df2250_0, v0x5ad138df22f0_0, v0x5ad138df26c0_0, v0x5ad138df2390_0 {0 0 0};
    %store/vec4 v0x5ad138df1f60_0, 0, 32;
    %load/vec4 v0x5ad138df1f60_0;
    %pushi/vec4 4294967295, 0, 32;
    %cmp/e;
    %flag_get/vec4 4;
    %store/vec4 v0x5ad138df2ae0_0, 0, 1;
    %end;
S_0x5ad138df1ae0 .scope task, "vectorcount" "vectorcount" 3 231, 3 231 0, S_0x5ad138dcc0d0;
 .timescale -9 -11;
TD_tb_jk_flip_flop.vectorcount ;
    %load/vec4 v0x5ad138df2a40_0;
    %addi 1, 0, 32;
    %store/vec4 v0x5ad138df2a40_0, 0, 32;
    %end;
    .scope S_0x5ad138df02a0;
T_10 ;
    %wait E_0x5ad138db54c0;
    %delay 12, 0;
    %load/vec4 v0x5ad138df0b00_0;
    %store/vec4 v0x5ad138df07f0_0, 0, 1;
    %load/vec4 v0x5ad138df0d40_0;
    %store/vec4 v0x5ad138df0980_0, 0, 1;
    %jmp T_10;
    .thread T_10;
    .scope S_0x5ad138deeba0;
T_11 ;
    %wait E_0x5ad138db54c0;
    %delay 12, 0;
    %load/vec4 v0x5ad138defbc0_0;
    %store/vec4 v0x5ad138def920_0, 0, 1;
    %load/vec4 v0x5ad138defe00_0;
    %store/vec4 v0x5ad138defa60_0, 0, 1;
    %jmp T_11;
    .thread T_11;
    .scope S_0x5ad138daad90;
T_12 ;
    %wait E_0x5ad138db54c0;
    %delay 12, 0;
    %load/vec4 v0x5ad138dee940_0;
    %store/vec4 v0x5ad138dccfa0_0, 0, 1;
    %load/vec4 v0x5ad138deea00_0;
    %store/vec4 v0x5ad138dcd9a0_0, 0, 1;
    %jmp T_12;
    .thread T_12;
    .scope S_0x5ad138daad90;
T_13 ;
    %wait E_0x5ad138db54c0;
    %load/vec4 v0x5ad138dd0330_0;
    %load/vec4 v0x5ad138dc7b70_0;
    %concat/vec4; draw_concat_vec4
    %dup/vec4;
    %pushi/vec4 0, 0, 2;
    %cmp/u;
    %jmp/1 T_13.0, 6;
    %dup/vec4;
    %pushi/vec4 1, 0, 2;
    %cmp/u;
    %jmp/1 T_13.1, 6;
    %dup/vec4;
    %pushi/vec4 2, 0, 2;
    %cmp/u;
    %jmp/1 T_13.2, 6;
    %dup/vec4;
    %pushi/vec4 3, 0, 2;
    %cmp/u;
    %jmp/1 T_13.3, 6;
    %jmp T_13.4;
T_13.0 ;
    %load/vec4 v0x5ad138dee940_0;
    %assign/vec4 v0x5ad138dee940_0, 0;
    %jmp T_13.4;
T_13.1 ;
    %pushi/vec4 0, 0, 1;
    %assign/vec4 v0x5ad138dee940_0, 0;
    %jmp T_13.4;
T_13.2 ;
    %pushi/vec4 1, 0, 1;
    %assign/vec4 v0x5ad138dee940_0, 0;
    %jmp T_13.4;
T_13.3 ;
    %load/vec4 v0x5ad138dee940_0;
    %inv;
    %assign/vec4 v0x5ad138dee940_0, 0;
    %jmp T_13.4;
T_13.4 ;
    %pop/vec4 1;
    %jmp T_13;
    .thread T_13;
    .scope S_0x5ad138dcc0d0;
T_14 ;
    %vpi_call/w 3 44 "$dumpfile", "tb_jk_flip_flop.vcd" {0 0 0};
    %vpi_call/w 3 45 "$dumpvars", 32'sb00000000000000000000000000000000, S_0x5ad138dcc0d0 {0 0 0};
    %end;
    .thread T_14;
    .scope S_0x5ad138dcc0d0;
T_15 ;
    %delay 1000, 0;
    %load/vec4 v0x5ad138df29a0_0;
    %inv;
    %store/vec4 v0x5ad138df29a0_0, 0, 1;
    %jmp T_15;
    .thread T_15;
    .scope S_0x5ad138dcc0d0;
T_16 ;
    %fork TD_tb_jk_flip_flop.initialize, S_0x5ad138df1590;
    %join;
    %wait E_0x5ad138db54c0;
    %fork TD_tb_jk_flip_flop.force_release, S_0x5ad138df13b0;
    %join;
    %end;
    .thread T_16;
    .scope S_0x5ad138dcc0d0;
T_17 ;
    %wait E_0x5ad138db5230;
    %delay 120, 0;
    %load/vec4 v0x5ad138df2ae0_0;
    %nor/r;
    %flag_set/vec4 8;
    %jmp/0xz  T_17.0, 8;
    %fork TD_tb_jk_flip_flop.scan_file, S_0x5ad138df1900;
    %join;
T_17.0 ;
    %jmp T_17;
    .thread T_17;
    .scope S_0x5ad138dcc0d0;
T_18 ;
    %wait E_0x5ad138db54c0;
    %fork TD_tb_jk_flip_flop.coverage_update, S_0x5ad138daf4b0;
    %join;
    %load/vec4 v0x5ad138df2250_0;
    %load/vec4 v0x5ad138df22f0_0;
    %concat/vec4; draw_concat_vec4
    %store/vec4 v0x5ad138df2ce0_0, 0, 2;
    %delay 10, 0;
    %fork TD_tb_jk_flip_flop.QEXP, S_0x5ad138dcb910;
    %join;
    %fork TD_tb_jk_flip_flop.display_file, S_0x5ad138daabb0;
    %join;
    %fork TD_tb_jk_flip_flop.errors_warnings_check, S_0x5ad138df1220;
    %join;
    %fork TD_tb_jk_flip_flop.vectorcount, S_0x5ad138df1ae0;
    %join;
    %delay 10, 0;
    %load/vec4 v0x5ad138df26c0_0;
    %store/vec4 v0x5ad138df2dc0_0, 0, 1;
    %load/vec4 v0x5ad138df2390_0;
    %store/vec4 v0x5ad138df2e80_0, 0, 1;
    %jmp T_18;
    .thread T_18;
    .scope S_0x5ad138dcc0d0;
T_19 ;
T_19.0 ;
    %load/vec4 v0x5ad138df2ae0_0;
    %cmpi/ne 1, 0, 1;
    %jmp/0xz T_19.1, 6;
    %wait E_0x5ad138db4fa0;
    %jmp T_19.0;
T_19.1 ;
    %vpi_call/w 3 389 "$display" {0 0 0};
    %vpi_call/w 3 390 "$display", "%13s ***time = %0d,eof ***", "\000", $time {0 0 0};
    %vpi_call/w 3 391 "$display" {0 0 0};
    %pushi/vec4 0, 0, 32;
    %store/vec4 v0x5ad138df2b80_0, 0, 32;
T_19.2 ;
    %load/vec4 v0x5ad138df2b80_0;
    %cmpi/s 50, 0, 32;
    %jmp/0xz T_19.3, 5;
    %load/vec4 v0x5ad138df2250_0;
    %pad/u 32;
    %cmpi/e 1, 0, 32;
    %flag_get/vec4 4;
    %jmp/0 T_19.6, 4;
    %load/vec4 v0x5ad138df22f0_0;
    %pad/u 32;
    %pushi/vec4 2, 0, 32;
    %cmp/e;
    %flag_get/vec4 4;
    %and;
T_19.6;
    %flag_set/vec4 8;
    %jmp/0xz  T_19.4, 8;
    %fork TD_tb_jk_flip_flop.vectorcount, S_0x5ad138df1ae0;
    %join;
    %fork TD_tb_jk_flip_flop.close, S_0x5ad138daf2d0;
    %join;
    %jmp T_19.5;
T_19.4 ;
    %fork TD_tb_jk_flip_flop.random_in, S_0x5ad138df1720;
    %join;
T_19.5 ;
    ; show_stmt_assign_vector: Get l-value for compressed += operand
    %load/vec4 v0x5ad138df2b80_0;
    %pushi/vec4 1, 0, 32;
    %add;
    %cast2;
    %store/vec4 v0x5ad138df2b80_0, 0, 32;
    %jmp T_19.2;
T_19.3 ;
    %fork TD_tb_jk_flip_flop.close, S_0x5ad138daf2d0;
    %join;
    %end;
    .thread T_19;
# The file index is used to find the file name in the following table.
:file_names 5;
    "N/A";
    "<interactive>";
    "-";
    "tb_jk_flip_flop.v";
    "jk_flip_flop.v";
