#! /usr/bin/vvp
:ivl_version "12.0 (stable)";
:ivl_delay_selection "TYPICAL";
:vpi_time_precision - 11;
:vpi_module "/usr/lib/x86_64-linux-gnu/ivl/system.vpi";
:vpi_module "/usr/lib/x86_64-linux-gnu/ivl/vhdl_sys.vpi";
:vpi_module "/usr/lib/x86_64-linux-gnu/ivl/vhdl_textio.vpi";
:vpi_module "/usr/lib/x86_64-linux-gnu/ivl/v2005_math.vpi";
:vpi_module "/usr/lib/x86_64-linux-gnu/ivl/va_math.vpi";
:vpi_module "/usr/lib/x86_64-linux-gnu/ivl/v2009.vpi";
S_0x5e4099dcd150 .scope package, "$unit" "$unit" 2 1;
 .timescale 0 0;
S_0x5e4099e04c50 .scope module, "tb_fsm_mealy" "tb_fsm_mealy" 3 3;
 .timescale -9 -11;
P_0x5e4099dce1a0 .param/l "MATCH" 0 3 26, C4<101>;
P_0x5e4099dce1e0 .param/l "ONE1" 0 3 26, C4<011>;
P_0x5e4099dce220 .param/l "ONE2" 0 3 26, C4<100>;
P_0x5e4099dce260 .param/l "START" 0 3 26, C4<000>;
P_0x5e4099dce2a0 .param/l "TICKPERIOD" 1 3 46, +C4<00000000000000000000000000010100>;
P_0x5e4099dce2e0 .param/l "ZERO1" 0 3 26, C4<001>;
P_0x5e4099dce320 .param/l "ZERO2" 0 3 26, C4<010>;
v0x5e4099e4b170_0 .var "COMMENT", 247 0;
v0x5e4099e4b270_0 .var/i "COUNT", 31 0;
v0x5e4099e4b350_0 .var "ERRORS", 31 0;
v0x5e4099e4b410_0 .var/i "FD", 31 0;
v0x5e4099e4b4f0_0 .net "FOUND", 0 0, v0x5e4099e49cc0_0;  1 drivers
v0x5e4099e4b5e0_0 .var "FOUND_EXPECTED", 0 0;
v0x5e4099e4b680_0 .var "FOUND_EXPECTED1", 0 0;
v0x5e4099e4b740_0 .var "IN", 0 0;
v0x5e4099e4b810_0 .var "INPUT", 1 0;
v0x5e4099e4b8d0_0 .var "NEXT_STATE", 2 0;
v0x5e4099e4b9b0_0 .var "RST", 0 0;
v0x5e4099e4ba80_0 .var "STATE", 2 0;
v0x5e4099e4bb40_0 .var "TICK", 0 0;
v0x5e4099e4bc10_0 .var "VECTORCOUNT", 31 0;
v0x5e4099e4bcd0_0 .var "eof", 0 0;
v0x5e4099e4bd90_0 .var/2s "i", 31 0;
v0x5e4099e4be70 .array "input_coverage", 3 0, 31 0;
v0x5e4099e4bf30_0 .var "prev_INPUT", 1 0;
v0x5e4099e4c010 .array "state_coverage", 11 0, 31 0;
E_0x5e4099e05760 .event anyedge, v0x5e4099e4bcd0_0;
S_0x5e4099d9f490 .scope task, "OUT_EXP" "OUT_EXP" 3 176, 3 176 0, S_0x5e4099e04c50;
 .timescale -9 -11;
TD_tb_fsm_mealy.OUT_EXP ;
    %load/vec4 v0x5e4099e4b9b0_0;
    %flag_set/vec4 8;
    %jmp/0xz  T_0.0, 8;
    %pushi/vec4 0, 0, 3;
    %store/vec4 v0x5e4099e4ba80_0, 0, 3;
    %load/vec4 v0x5e4099e4b9b0_0;
    %load/vec4 v0x5e4099e4ba80_0;
    %load/vec4 v0x5e4099e4b8d0_0;
    %store/vec4 v0x5e4099e48c10_0, 0, 3;
    %store/vec4 v0x5e4099e48db0_0, 0, 3;
    %store/vec4 v0x5e4099e48cf0_0, 0, 1;
    %callf/vec4 TD_tb_fsm_mealy.cmt, S_0x5e4099e48a30;
    %pad/u 248;
    %store/vec4 v0x5e4099e4b170_0, 0, 248;
    %jmp T_0.1;
T_0.0 ;
    %load/vec4 v0x5e4099e4b9b0_0;
    %load/vec4 v0x5e4099e4ba80_0;
    %load/vec4 v0x5e4099e4b8d0_0;
    %store/vec4 v0x5e4099e48c10_0, 0, 3;
    %store/vec4 v0x5e4099e48db0_0, 0, 3;
    %store/vec4 v0x5e4099e48cf0_0, 0, 1;
    %callf/vec4 TD_tb_fsm_mealy.cmt, S_0x5e4099e48a30;
    %pad/u 248;
    %store/vec4 v0x5e4099e4b170_0, 0, 248;
    %load/vec4 v0x5e4099e4b8d0_0;
    %store/vec4 v0x5e4099e4ba80_0, 0, 3;
T_0.1 ;
    %load/vec4 v0x5e4099e4ba80_0;
    %dup/vec4;
    %pushi/vec4 0, 0, 3;
    %cmp/u;
    %jmp/1 T_0.2, 6;
    %dup/vec4;
    %pushi/vec4 1, 0, 3;
    %cmp/u;
    %jmp/1 T_0.3, 6;
    %dup/vec4;
    %pushi/vec4 2, 0, 3;
    %cmp/u;
    %jmp/1 T_0.4, 6;
    %dup/vec4;
    %pushi/vec4 3, 0, 3;
    %cmp/u;
    %jmp/1 T_0.5, 6;
    %dup/vec4;
    %pushi/vec4 4, 0, 3;
    %cmp/u;
    %jmp/1 T_0.6, 6;
    %dup/vec4;
    %pushi/vec4 5, 0, 3;
    %cmp/u;
    %jmp/1 T_0.7, 6;
    %jmp T_0.8;
T_0.2 ;
    %load/vec4 v0x5e4099e4b740_0;
    %pad/u 32;
    %cmpi/e 0, 0, 32;
    %jmp/0xz  T_0.9, 4;
    %pushi/vec4 1, 0, 3;
    %store/vec4 v0x5e4099e4b8d0_0, 0, 3;
    %pushi/vec4 0, 0, 1;
    %store/vec4 v0x5e4099e4b5e0_0, 0, 1;
    %jmp T_0.10;
T_0.9 ;
    %pushi/vec4 0, 0, 3;
    %store/vec4 v0x5e4099e4b8d0_0, 0, 3;
    %pushi/vec4 0, 0, 1;
    %store/vec4 v0x5e4099e4b5e0_0, 0, 1;
T_0.10 ;
    %jmp T_0.8;
T_0.3 ;
    %load/vec4 v0x5e4099e4b740_0;
    %pad/u 32;
    %cmpi/e 0, 0, 32;
    %jmp/0xz  T_0.11, 4;
    %pushi/vec4 2, 0, 3;
    %store/vec4 v0x5e4099e4b8d0_0, 0, 3;
    %pushi/vec4 0, 0, 1;
    %store/vec4 v0x5e4099e4b5e0_0, 0, 1;
    %jmp T_0.12;
T_0.11 ;
    %pushi/vec4 0, 0, 3;
    %store/vec4 v0x5e4099e4b8d0_0, 0, 3;
    %pushi/vec4 0, 0, 1;
    %store/vec4 v0x5e4099e4b5e0_0, 0, 1;
T_0.12 ;
    %jmp T_0.8;
T_0.4 ;
    %load/vec4 v0x5e4099e4b740_0;
    %pad/u 32;
    %cmpi/e 1, 0, 32;
    %jmp/0xz  T_0.13, 4;
    %pushi/vec4 3, 0, 3;
    %store/vec4 v0x5e4099e4b8d0_0, 0, 3;
    %pushi/vec4 0, 0, 1;
    %store/vec4 v0x5e4099e4b5e0_0, 0, 1;
    %jmp T_0.14;
T_0.13 ;
    %pushi/vec4 2, 0, 3;
    %store/vec4 v0x5e4099e4b8d0_0, 0, 3;
    %pushi/vec4 0, 0, 1;
    %store/vec4 v0x5e4099e4b5e0_0, 0, 1;
T_0.14 ;
    %jmp T_0.8;
T_0.5 ;
    %load/vec4 v0x5e4099e4b740_0;
    %pad/u 32;
    %cmpi/e 1, 0, 32;
    %jmp/0xz  T_0.15, 4;
    %pushi/vec4 4, 0, 3;
    %store/vec4 v0x5e4099e4b8d0_0, 0, 3;
    %pushi/vec4 0, 0, 1;
    %store/vec4 v0x5e4099e4b5e0_0, 0, 1;
    %jmp T_0.16;
T_0.15 ;
    %pushi/vec4 1, 0, 3;
    %store/vec4 v0x5e4099e4b8d0_0, 0, 3;
    %pushi/vec4 0, 0, 1;
    %store/vec4 v0x5e4099e4b5e0_0, 0, 1;
T_0.16 ;
    %jmp T_0.8;
T_0.6 ;
    %load/vec4 v0x5e4099e4b740_0;
    %pad/u 32;
    %cmpi/e 0, 0, 32;
    %jmp/0xz  T_0.17, 4;
    %pushi/vec4 5, 0, 3;
    %store/vec4 v0x5e4099e4b8d0_0, 0, 3;
    %pushi/vec4 1, 0, 1;
    %store/vec4 v0x5e4099e4b5e0_0, 0, 1;
    %jmp T_0.18;
T_0.17 ;
    %pushi/vec4 0, 0, 3;
    %store/vec4 v0x5e4099e4b8d0_0, 0, 3;
    %pushi/vec4 0, 0, 1;
    %store/vec4 v0x5e4099e4b5e0_0, 0, 1;
T_0.18 ;
    %jmp T_0.8;
T_0.7 ;
    %load/vec4 v0x5e4099e4b740_0;
    %pad/u 32;
    %cmpi/e 1, 0, 32;
    %jmp/0xz  T_0.19, 4;
    %pushi/vec4 0, 0, 3;
    %store/vec4 v0x5e4099e4b8d0_0, 0, 3;
    %pushi/vec4 0, 0, 1;
    %store/vec4 v0x5e4099e4b5e0_0, 0, 1;
    %jmp T_0.20;
T_0.19 ;
    %pushi/vec4 2, 0, 3;
    %store/vec4 v0x5e4099e4b8d0_0, 0, 3;
    %pushi/vec4 0, 0, 1;
    %store/vec4 v0x5e4099e4b5e0_0, 0, 1;
T_0.20 ;
    %jmp T_0.8;
T_0.8 ;
    %pop/vec4 1;
    %end;
S_0x5e4099d9f670 .scope task, "close" "close" 3 283, 3 283 0, S_0x5e4099e04c50;
 .timescale -9 -11;
TD_tb_fsm_mealy.close ;
    %delay 1000, 0;
    %vpi_call/w 3 287 "$fclose", v0x5e4099e4b410_0 {0 0 0};
    %vpi_call/w 3 289 "$display" {0 0 0};
    %vpi_call/w 3 290 "$display", "COVERAGE_REPORT" {0 0 0};
    %fork t_1, S_0x5e4099e29dc0;
    %jmp t_0;
    .scope S_0x5e4099e29dc0;
t_1 ;
    %pushi/vec4 0, 0, 32;
    %store/vec4 v0x5e4099e1c7c0_0, 0, 32;
T_1.21 ;
    %load/vec4 v0x5e4099e1c7c0_0;
    %cmpi/s 4, 0, 32;
    %jmp/0xz T_1.22, 5;
    %ix/getv/s 4, v0x5e4099e1c7c0_0;
    %load/vec4a v0x5e4099e4be70, 4;
    %cmpi/e 0, 0, 32;
    %jmp/0xz  T_1.23, 4;
    %vpi_call/w 3 295 "$display", "input RST = %b, IN = %b has occured %d times ***ERROR***", &PV<v0x5e4099e1c7c0_0, 1, 1>, &PV<v0x5e4099e1c7c0_0, 0, 1>, &A<v0x5e4099e4be70, v0x5e4099e1c7c0_0 > {0 0 0};
    %load/vec4 v0x5e4099e4b350_0;
    %addi 1, 0, 32;
    %store/vec4 v0x5e4099e4b350_0, 0, 32;
    %jmp T_1.24;
T_1.23 ;
    %load/vec4 v0x5e4099e1c7c0_0;
    %cmpi/e 3, 0, 32;
    %jmp/0xz  T_1.25, 4;
    %vpi_call/w 3 300 "$display", "input RST = %b, IN = %b has occured %d times ***same logic as above while RST = 1***", &PV<v0x5e4099e1c7c0_0, 1, 1>, &PV<v0x5e4099e1c7c0_0, 0, 1>, &A<v0x5e4099e4be70, v0x5e4099e1c7c0_0 > {0 0 0};
    %jmp T_1.26;
T_1.25 ;
    %vpi_call/w 3 304 "$display", "input RST = %b, IN = %b has occured %d times", &PV<v0x5e4099e1c7c0_0, 1, 1>, &PV<v0x5e4099e1c7c0_0, 0, 1>, &A<v0x5e4099e4be70, v0x5e4099e1c7c0_0 > {0 0 0};
T_1.26 ;
T_1.24 ;
    ; show_stmt_assign_vector: Get l-value for compressed += operand
    %load/vec4 v0x5e4099e1c7c0_0;
    %pushi/vec4 1, 0, 32;
    %add;
    %cast2;
    %store/vec4 v0x5e4099e1c7c0_0, 0, 32;
    %jmp T_1.21;
T_1.22 ;
    %end;
    .scope S_0x5e4099d9f670;
t_0 %join;
    %fork t_3, S_0x5e4099e487f0;
    %jmp t_2;
    .scope S_0x5e4099e487f0;
t_3 ;
    %pushi/vec4 0, 0, 32;
    %store/vec4 v0x5e4099e27e60_0, 0, 32;
T_1.27 ;
    %load/vec4 v0x5e4099e27e60_0;
    %cmpi/s 12, 0, 32;
    %jmp/0xz T_1.28, 5;
    %ix/getv/s 4, v0x5e4099e27e60_0;
    %load/vec4a v0x5e4099e4c010, 4;
    %cmpi/e 0, 0, 32;
    %jmp/0xz  T_1.29, 4;
    %load/vec4 v0x5e4099e27e60_0;
    %store/vec4 v0x5e4099e49260_0, 0, 4;
    %callf/vec4 TD_tb_fsm_mealy.cmt1, S_0x5e4099e48f80;
    %vpi_call/w 3 313 "$display", "state = %-16s has occured %d times ***ERROR***", S<0,vec4,u120>, &A<v0x5e4099e4c010, v0x5e4099e27e60_0 > {1 0 0};
    %load/vec4 v0x5e4099e4b350_0;
    %addi 1, 0, 32;
    %store/vec4 v0x5e4099e4b350_0, 0, 32;
    %jmp T_1.30;
T_1.29 ;
    %load/vec4 v0x5e4099e27e60_0;
    %store/vec4 v0x5e4099e49260_0, 0, 4;
    %callf/vec4 TD_tb_fsm_mealy.cmt1, S_0x5e4099e48f80;
    %vpi_call/w 3 318 "$display", "state = %-16s has occured %d times", S<0,vec4,u120>, &A<v0x5e4099e4c010, v0x5e4099e27e60_0 > {1 0 0};
T_1.30 ;
    ; show_stmt_assign_vector: Get l-value for compressed += operand
    %load/vec4 v0x5e4099e27e60_0;
    %pushi/vec4 1, 0, 32;
    %add;
    %cast2;
    %store/vec4 v0x5e4099e27e60_0, 0, 32;
    %jmp T_1.27;
T_1.28 ;
    %end;
    .scope S_0x5e4099d9f670;
t_2 %join;
    %vpi_call/w 3 323 "$display" {0 0 0};
    %vpi_call/w 3 324 "$display", "VECTORCOUNT = %d", v0x5e4099e4bc10_0 {0 0 0};
    %vpi_call/w 3 325 "$display", "ERRORS = %15d", v0x5e4099e4b350_0 {0 0 0};
    %vpi_call/w 3 326 "$display" {0 0 0};
    %vpi_call/w 3 327 "$display", "TEST_END--------------------------------------------------------------------------------------------------------------------------" {0 0 0};
    %vpi_call/w 3 328 "$display" {0 0 0};
    %vpi_call/w 3 330 "$finish" {0 0 0};
    %end;
S_0x5e4099e29dc0 .scope begin, "$ivl_for_loop0" "$ivl_for_loop0" 3 292, 3 292 0, S_0x5e4099d9f670;
 .timescale -9 -11;
v0x5e4099e1c7c0_0 .var/2s "j", 31 0;
S_0x5e4099e487f0 .scope begin, "$ivl_for_loop1" "$ivl_for_loop1" 3 310, 3 310 0, S_0x5e4099d9f670;
 .timescale -9 -11;
v0x5e4099e27e60_0 .var/2s "j", 31 0;
S_0x5e4099e48a30 .scope function.vec4.s256, "cmt" "cmt" 3 57, 3 57 0, S_0x5e4099e04c50;
 .timescale -9 -11;
v0x5e4099e48c10_0 .var "NEXT_STATE", 2 0;
v0x5e4099e48cf0_0 .var "RST", 0 0;
v0x5e4099e48db0_0 .var "STATE", 2 0;
; Variable cmt is vec4 return value of scope S_0x5e4099e48a30
TD_tb_fsm_mealy.cmt ;
    %load/vec4 v0x5e4099e48cf0_0;
    %flag_set/vec4 8;
    %jmp/0xz  T_2.31, 8;
    %pushi/vec4 0, 0, 32; draw_string_vec4
    %pushi/vec4 0, 0, 32; draw_string_vec4
    %concat/vec4; draw_string_vec4
    %pushi/vec4 0, 0, 32; draw_string_vec4
    %concat/vec4; draw_string_vec4
    %pushi/vec4 0, 0, 32; draw_string_vec4
    %concat/vec4; draw_string_vec4
    %pushi/vec4 0, 0, 32; draw_string_vec4
    %concat/vec4; draw_string_vec4
    %pushi/vec4 1381192799, 0, 32; draw_string_vec4
    %concat/vec4; draw_string_vec4
    %pushi/vec4 1953455955, 0, 32; draw_string_vec4
    %concat/vec4; draw_string_vec4
    %pushi/vec4 1413567060, 0, 32; draw_string_vec4
    %concat/vec4; draw_string_vec4
    %ret/vec4 0, 0, 256;  Assign to cmt (store_vec4_to_lval)
    %jmp T_2.32;
T_2.31 ;
    %load/vec4 v0x5e4099e48db0_0;
    %load/vec4 v0x5e4099e48c10_0;
    %concat/vec4; draw_concat_vec4
    %dup/vec4;
    %pushi/vec4 1, 0, 6;
    %cmp/u;
    %jmp/1 T_2.33, 6;
    %dup/vec4;
    %pushi/vec4 0, 0, 6;
    %cmp/u;
    %jmp/1 T_2.34, 6;
    %dup/vec4;
    %pushi/vec4 10, 0, 6;
    %cmp/u;
    %jmp/1 T_2.35, 6;
    %dup/vec4;
    %pushi/vec4 8, 0, 6;
    %cmp/u;
    %jmp/1 T_2.36, 6;
    %dup/vec4;
    %pushi/vec4 19, 0, 6;
    %cmp/u;
    %jmp/1 T_2.37, 6;
    %dup/vec4;
    %pushi/vec4 18, 0, 6;
    %cmp/u;
    %jmp/1 T_2.38, 6;
    %dup/vec4;
    %pushi/vec4 28, 0, 6;
    %cmp/u;
    %jmp/1 T_2.39, 6;
    %dup/vec4;
    %pushi/vec4 25, 0, 6;
    %cmp/u;
    %jmp/1 T_2.40, 6;
    %dup/vec4;
    %pushi/vec4 37, 0, 6;
    %cmp/u;
    %jmp/1 T_2.41, 6;
    %dup/vec4;
    %pushi/vec4 32, 0, 6;
    %cmp/u;
    %jmp/1 T_2.42, 6;
    %dup/vec4;
    %pushi/vec4 40, 0, 6;
    %cmp/u;
    %jmp/1 T_2.43, 6;
    %dup/vec4;
    %pushi/vec4 42, 0, 6;
    %cmp/u;
    %jmp/1 T_2.44, 6;
    %pushi/vec4 0, 0, 32; draw_string_vec4
    %pushi/vec4 0, 0, 32; draw_string_vec4
    %concat/vec4; draw_string_vec4
    %pushi/vec4 0, 0, 32; draw_string_vec4
    %concat/vec4; draw_string_vec4
    %pushi/vec4 0, 0, 32; draw_string_vec4
    %concat/vec4; draw_string_vec4
    %pushi/vec4 0, 0, 32; draw_string_vec4
    %concat/vec4; draw_string_vec4
    %pushi/vec4 0, 0, 32; draw_string_vec4
    %concat/vec4; draw_string_vec4
    %pushi/vec4 0, 0, 32; draw_string_vec4
    %concat/vec4; draw_string_vec4
    %pushi/vec4 7895160, 0, 32; draw_string_vec4
    %concat/vec4; draw_string_vec4
    %ret/vec4 0, 0, 256;  Assign to cmt (store_vec4_to_lval)
    %jmp T_2.46;
T_2.33 ;
    %pushi/vec4 0, 0, 32; draw_string_vec4
    %pushi/vec4 0, 0, 32; draw_string_vec4
    %concat/vec4; draw_string_vec4
    %pushi/vec4 0, 0, 32; draw_string_vec4
    %concat/vec4; draw_string_vec4
    %pushi/vec4 0, 0, 32; draw_string_vec4
    %concat/vec4; draw_string_vec4
    %pushi/vec4 21332, 0, 32; draw_string_vec4
    %concat/vec4; draw_string_vec4
    %pushi/vec4 1095914591, 0, 32; draw_string_vec4
    %concat/vec4; draw_string_vec4
    %pushi/vec4 1953455962, 0, 32; draw_string_vec4
    %concat/vec4; draw_string_vec4
    %pushi/vec4 1163022129, 0, 32; draw_string_vec4
    %concat/vec4; draw_string_vec4
    %ret/vec4 0, 0, 256;  Assign to cmt (store_vec4_to_lval)
    %jmp T_2.46;
T_2.34 ;
    %pushi/vec4 0, 0, 32; draw_string_vec4
    %pushi/vec4 0, 0, 32; draw_string_vec4
    %concat/vec4; draw_string_vec4
    %pushi/vec4 0, 0, 32; draw_string_vec4
    %concat/vec4; draw_string_vec4
    %pushi/vec4 0, 0, 32; draw_string_vec4
    %concat/vec4; draw_string_vec4
    %pushi/vec4 21332, 0, 32; draw_string_vec4
    %concat/vec4; draw_string_vec4
    %pushi/vec4 1095914591, 0, 32; draw_string_vec4
    %concat/vec4; draw_string_vec4
    %pushi/vec4 1953455955, 0, 32; draw_string_vec4
    %concat/vec4; draw_string_vec4
    %pushi/vec4 1413567060, 0, 32; draw_string_vec4
    %concat/vec4; draw_string_vec4
    %ret/vec4 0, 0, 256;  Assign to cmt (store_vec4_to_lval)
    %jmp T_2.46;
T_2.35 ;
    %pushi/vec4 0, 0, 32; draw_string_vec4
    %pushi/vec4 0, 0, 32; draw_string_vec4
    %concat/vec4; draw_string_vec4
    %pushi/vec4 0, 0, 32; draw_string_vec4
    %concat/vec4; draw_string_vec4
    %pushi/vec4 0, 0, 32; draw_string_vec4
    %concat/vec4; draw_string_vec4
    %pushi/vec4 23109, 0, 32; draw_string_vec4
    %concat/vec4; draw_string_vec4
    %pushi/vec4 1380921695, 0, 32; draw_string_vec4
    %concat/vec4; draw_string_vec4
    %pushi/vec4 1953455962, 0, 32; draw_string_vec4
    %concat/vec4; draw_string_vec4
    %pushi/vec4 1163022130, 0, 32; draw_string_vec4
    %concat/vec4; draw_string_vec4
    %ret/vec4 0, 0, 256;  Assign to cmt (store_vec4_to_lval)
    %jmp T_2.46;
T_2.36 ;
    %pushi/vec4 0, 0, 32; draw_string_vec4
    %pushi/vec4 0, 0, 32; draw_string_vec4
    %concat/vec4; draw_string_vec4
    %pushi/vec4 0, 0, 32; draw_string_vec4
    %concat/vec4; draw_string_vec4
    %pushi/vec4 0, 0, 32; draw_string_vec4
    %concat/vec4; draw_string_vec4
    %pushi/vec4 23109, 0, 32; draw_string_vec4
    %concat/vec4; draw_string_vec4
    %pushi/vec4 1380921695, 0, 32; draw_string_vec4
    %concat/vec4; draw_string_vec4
    %pushi/vec4 1953455955, 0, 32; draw_string_vec4
    %concat/vec4; draw_string_vec4
    %pushi/vec4 1413567060, 0, 32; draw_string_vec4
    %concat/vec4; draw_string_vec4
    %ret/vec4 0, 0, 256;  Assign to cmt (store_vec4_to_lval)
    %jmp T_2.46;
T_2.37 ;
    %pushi/vec4 0, 0, 32; draw_string_vec4
    %pushi/vec4 0, 0, 32; draw_string_vec4
    %concat/vec4; draw_string_vec4
    %pushi/vec4 0, 0, 32; draw_string_vec4
    %concat/vec4; draw_string_vec4
    %pushi/vec4 0, 0, 32; draw_string_vec4
    %concat/vec4; draw_string_vec4
    %pushi/vec4 90, 0, 32; draw_string_vec4
    %concat/vec4; draw_string_vec4
    %pushi/vec4 1163022130, 0, 32; draw_string_vec4
    %concat/vec4; draw_string_vec4
    %pushi/vec4 1601466207, 0, 32; draw_string_vec4
    %concat/vec4; draw_string_vec4
    %pushi/vec4 1330529585, 0, 32; draw_string_vec4
    %concat/vec4; draw_string_vec4
    %ret/vec4 0, 0, 256;  Assign to cmt (store_vec4_to_lval)
    %jmp T_2.46;
T_2.38 ;
    %pushi/vec4 0, 0, 32; draw_string_vec4
    %pushi/vec4 0, 0, 32; draw_string_vec4
    %concat/vec4; draw_string_vec4
    %pushi/vec4 0, 0, 32; draw_string_vec4
    %concat/vec4; draw_string_vec4
    %pushi/vec4 0, 0, 32; draw_string_vec4
    %concat/vec4; draw_string_vec4
    %pushi/vec4 23109, 0, 32; draw_string_vec4
    %concat/vec4; draw_string_vec4
    %pushi/vec4 1380921951, 0, 32; draw_string_vec4
    %concat/vec4; draw_string_vec4
    %pushi/vec4 1953455962, 0, 32; draw_string_vec4
    %concat/vec4; draw_string_vec4
    %pushi/vec4 1163022130, 0, 32; draw_string_vec4
    %concat/vec4; draw_string_vec4
    %ret/vec4 0, 0, 256;  Assign to cmt (store_vec4_to_lval)
    %jmp T_2.46;
T_2.39 ;
    %pushi/vec4 0, 0, 32; draw_string_vec4
    %pushi/vec4 0, 0, 32; draw_string_vec4
    %concat/vec4; draw_string_vec4
    %pushi/vec4 0, 0, 32; draw_string_vec4
    %concat/vec4; draw_string_vec4
    %pushi/vec4 0, 0, 32; draw_string_vec4
    %concat/vec4; draw_string_vec4
    %pushi/vec4 0, 0, 32; draw_string_vec4
    %concat/vec4; draw_string_vec4
    %pushi/vec4 1330529585, 0, 32; draw_string_vec4
    %concat/vec4; draw_string_vec4
    %pushi/vec4 1601466207, 0, 32; draw_string_vec4
    %concat/vec4; draw_string_vec4
    %pushi/vec4 1330529586, 0, 32; draw_string_vec4
    %concat/vec4; draw_string_vec4
    %ret/vec4 0, 0, 256;  Assign to cmt (store_vec4_to_lval)
    %jmp T_2.46;
T_2.40 ;
    %pushi/vec4 0, 0, 32; draw_string_vec4
    %pushi/vec4 0, 0, 32; draw_string_vec4
    %concat/vec4; draw_string_vec4
    %pushi/vec4 0, 0, 32; draw_string_vec4
    %concat/vec4; draw_string_vec4
    %pushi/vec4 0, 0, 32; draw_string_vec4
    %concat/vec4; draw_string_vec4
    %pushi/vec4 79, 0, 32; draw_string_vec4
    %concat/vec4; draw_string_vec4
    %pushi/vec4 1313157471, 0, 32; draw_string_vec4
    %concat/vec4; draw_string_vec4
    %pushi/vec4 1953455962, 0, 32; draw_string_vec4
    %concat/vec4; draw_string_vec4
    %pushi/vec4 1163022129, 0, 32; draw_string_vec4
    %concat/vec4; draw_string_vec4
    %ret/vec4 0, 0, 256;  Assign to cmt (store_vec4_to_lval)
    %jmp T_2.46;
T_2.41 ;
    %pushi/vec4 0, 0, 32; draw_string_vec4
    %pushi/vec4 0, 0, 32; draw_string_vec4
    %concat/vec4; draw_string_vec4
    %pushi/vec4 0, 0, 32; draw_string_vec4
    %concat/vec4; draw_string_vec4
    %pushi/vec4 0, 0, 32; draw_string_vec4
    %concat/vec4; draw_string_vec4
    %pushi/vec4 79, 0, 32; draw_string_vec4
    %concat/vec4; draw_string_vec4
    %pushi/vec4 1313157727, 0, 32; draw_string_vec4
    %concat/vec4; draw_string_vec4
    %pushi/vec4 1953455949, 0, 32; draw_string_vec4
    %concat/vec4; draw_string_vec4
    %pushi/vec4 1096041288, 0, 32; draw_string_vec4
    %concat/vec4; draw_string_vec4
    %ret/vec4 0, 0, 256;  Assign to cmt (store_vec4_to_lval)
    %jmp T_2.46;
T_2.42 ;
    %pushi/vec4 0, 0, 32; draw_string_vec4
    %pushi/vec4 0, 0, 32; draw_string_vec4
    %concat/vec4; draw_string_vec4
    %pushi/vec4 0, 0, 32; draw_string_vec4
    %concat/vec4; draw_string_vec4
    %pushi/vec4 0, 0, 32; draw_string_vec4
    %concat/vec4; draw_string_vec4
    %pushi/vec4 79, 0, 32; draw_string_vec4
    %concat/vec4; draw_string_vec4
    %pushi/vec4 1313157727, 0, 32; draw_string_vec4
    %concat/vec4; draw_string_vec4
    %pushi/vec4 1953455955, 0, 32; draw_string_vec4
    %concat/vec4; draw_string_vec4
    %pushi/vec4 1413567060, 0, 32; draw_string_vec4
    %concat/vec4; draw_string_vec4
    %ret/vec4 0, 0, 256;  Assign to cmt (store_vec4_to_lval)
    %jmp T_2.46;
T_2.43 ;
    %pushi/vec4 0, 0, 32; draw_string_vec4
    %pushi/vec4 0, 0, 32; draw_string_vec4
    %concat/vec4; draw_string_vec4
    %pushi/vec4 0, 0, 32; draw_string_vec4
    %concat/vec4; draw_string_vec4
    %pushi/vec4 0, 0, 32; draw_string_vec4
    %concat/vec4; draw_string_vec4
    %pushi/vec4 19777, 0, 32; draw_string_vec4
    %concat/vec4; draw_string_vec4
    %pushi/vec4 1413695583, 0, 32; draw_string_vec4
    %concat/vec4; draw_string_vec4
    %pushi/vec4 1953455955, 0, 32; draw_string_vec4
    %concat/vec4; draw_string_vec4
    %pushi/vec4 1413567060, 0, 32; draw_string_vec4
    %concat/vec4; draw_string_vec4
    %ret/vec4 0, 0, 256;  Assign to cmt (store_vec4_to_lval)
    %jmp T_2.46;
T_2.44 ;
    %pushi/vec4 0, 0, 32; draw_string_vec4
    %pushi/vec4 0, 0, 32; draw_string_vec4
    %concat/vec4; draw_string_vec4
    %pushi/vec4 0, 0, 32; draw_string_vec4
    %concat/vec4; draw_string_vec4
    %pushi/vec4 0, 0, 32; draw_string_vec4
    %concat/vec4; draw_string_vec4
    %pushi/vec4 19777, 0, 32; draw_string_vec4
    %concat/vec4; draw_string_vec4
    %pushi/vec4 1413695583, 0, 32; draw_string_vec4
    %concat/vec4; draw_string_vec4
    %pushi/vec4 1953455962, 0, 32; draw_string_vec4
    %concat/vec4; draw_string_vec4
    %pushi/vec4 1163022130, 0, 32; draw_string_vec4
    %concat/vec4; draw_string_vec4
    %ret/vec4 0, 0, 256;  Assign to cmt (store_vec4_to_lval)
    %jmp T_2.46;
T_2.46 ;
    %pop/vec4 1;
T_2.32 ;
    %end;
S_0x5e4099e48f80 .scope function.vec4.s120, "cmt1" "cmt1" 3 88, 3 88 0, S_0x5e4099e04c50;
 .timescale -9 -11;
; Variable cmt1 is vec4 return value of scope S_0x5e4099e48f80
v0x5e4099e49260_0 .var "j", 3 0;
TD_tb_fsm_mealy.cmt1 ;
    %load/vec4 v0x5e4099e49260_0;
    %dup/vec4;
    %pushi/vec4 0, 0, 4;
    %cmp/u;
    %jmp/1 T_3.47, 6;
    %dup/vec4;
    %pushi/vec4 1, 0, 4;
    %cmp/u;
    %jmp/1 T_3.48, 6;
    %dup/vec4;
    %pushi/vec4 2, 0, 4;
    %cmp/u;
    %jmp/1 T_3.49, 6;
    %dup/vec4;
    %pushi/vec4 3, 0, 4;
    %cmp/u;
    %jmp/1 T_3.50, 6;
    %dup/vec4;
    %pushi/vec4 4, 0, 4;
    %cmp/u;
    %jmp/1 T_3.51, 6;
    %dup/vec4;
    %pushi/vec4 5, 0, 4;
    %cmp/u;
    %jmp/1 T_3.52, 6;
    %dup/vec4;
    %pushi/vec4 6, 0, 4;
    %cmp/u;
    %jmp/1 T_3.53, 6;
    %dup/vec4;
    %pushi/vec4 7, 0, 4;
    %cmp/u;
    %jmp/1 T_3.54, 6;
    %dup/vec4;
    %pushi/vec4 8, 0, 4;
    %cmp/u;
    %jmp/1 T_3.55, 6;
    %dup/vec4;
    %pushi/vec4 9, 0, 4;
    %cmp/u;
    %jmp/1 T_3.56, 6;
    %dup/vec4;
    %pushi/vec4 10, 0, 4;
    %cmp/u;
    %jmp/1 T_3.57, 6;
    %dup/vec4;
    %pushi/vec4 11, 0, 4;
    %cmp/u;
    %jmp/1 T_3.58, 6;
    %pushi/vec4 0, 0, 32; draw_string_vec4
    %pushi/vec4 0, 0, 32; draw_string_vec4
    %concat/vec4; draw_string_vec4
    %pushi/vec4 0, 0, 32; draw_string_vec4
    %concat/vec4; draw_string_vec4
    %pushi/vec4 7895160, 0, 24; draw_string_vec4
    %concat/vec4; draw_string_vec4
    %ret/vec4 0, 0, 120;  Assign to cmt1 (store_vec4_to_lval)
    %jmp T_3.60;
T_3.47 ;
    %pushi/vec4 5461057, 0, 32; draw_string_vec4
    %pushi/vec4 1381261172, 0, 32; draw_string_vec4
    %concat/vec4; draw_string_vec4
    %pushi/vec4 1868520005, 0, 32; draw_string_vec4
    %concat/vec4; draw_string_vec4
    %pushi/vec4 5394225, 0, 24; draw_string_vec4
    %concat/vec4; draw_string_vec4
    %ret/vec4 0, 0, 120;  Assign to cmt1 (store_vec4_to_lval)
    %jmp T_3.60;
T_3.48 ;
    %pushi/vec4 5461057, 0, 32; draw_string_vec4
    %pushi/vec4 1381261172, 0, 32; draw_string_vec4
    %concat/vec4; draw_string_vec4
    %pushi/vec4 1868518228, 0, 32; draw_string_vec4
    %concat/vec4; draw_string_vec4
    %pushi/vec4 4280916, 0, 24; draw_string_vec4
    %concat/vec4; draw_string_vec4
    %ret/vec4 0, 0, 120;  Assign to cmt1 (store_vec4_to_lval)
    %jmp T_3.60;
T_3.49 ;
    %pushi/vec4 5915986, 0, 32; draw_string_vec4
    %pushi/vec4 1328635764, 0, 32; draw_string_vec4
    %concat/vec4; draw_string_vec4
    %pushi/vec4 1868520005, 0, 32; draw_string_vec4
    %concat/vec4; draw_string_vec4
    %pushi/vec4 5394226, 0, 24; draw_string_vec4
    %concat/vec4; draw_string_vec4
    %ret/vec4 0, 0, 120;  Assign to cmt1 (store_vec4_to_lval)
    %jmp T_3.60;
T_3.50 ;
    %pushi/vec4 5915986, 0, 32; draw_string_vec4
    %pushi/vec4 1328635764, 0, 32; draw_string_vec4
    %concat/vec4; draw_string_vec4
    %pushi/vec4 1868518228, 0, 32; draw_string_vec4
    %concat/vec4; draw_string_vec4
    %pushi/vec4 4280916, 0, 24; draw_string_vec4
    %concat/vec4; draw_string_vec4
    %ret/vec4 0, 0, 120;  Assign to cmt1 (store_vec4_to_lval)
    %jmp T_3.60;
T_3.51 ;
    %pushi/vec4 23109, 0, 32; draw_string_vec4
    %pushi/vec4 1380921951, 0, 32; draw_string_vec4
    %concat/vec4; draw_string_vec4
    %pushi/vec4 1953455951, 0, 32; draw_string_vec4
    %concat/vec4; draw_string_vec4
    %pushi/vec4 5129521, 0, 24; draw_string_vec4
    %concat/vec4; draw_string_vec4
    %ret/vec4 0, 0, 120;  Assign to cmt1 (store_vec4_to_lval)
    %jmp T_3.60;
T_3.52 ;
    %pushi/vec4 5915986, 0, 32; draw_string_vec4
    %pushi/vec4 1328701300, 0, 32; draw_string_vec4
    %concat/vec4; draw_string_vec4
    %pushi/vec4 1868520005, 0, 32; draw_string_vec4
    %concat/vec4; draw_string_vec4
    %pushi/vec4 5394226, 0, 24; draw_string_vec4
    %concat/vec4; draw_string_vec4
    %ret/vec4 0, 0, 120;  Assign to cmt1 (store_vec4_to_lval)
    %jmp T_3.60;
T_3.53 ;
    %pushi/vec4 79, 0, 32; draw_string_vec4
    %pushi/vec4 1313157471, 0, 32; draw_string_vec4
    %concat/vec4; draw_string_vec4
    %pushi/vec4 1953455951, 0, 32; draw_string_vec4
    %concat/vec4; draw_string_vec4
    %pushi/vec4 5129522, 0, 24; draw_string_vec4
    %concat/vec4; draw_string_vec4
    %ret/vec4 0, 0, 120;  Assign to cmt1 (store_vec4_to_lval)
    %jmp T_3.60;
T_3.54 ;
    %pushi/vec4 20302, 0, 32; draw_string_vec4
    %pushi/vec4 1160863604, 0, 32; draw_string_vec4
    %concat/vec4; draw_string_vec4
    %pushi/vec4 1868520005, 0, 32; draw_string_vec4
    %concat/vec4; draw_string_vec4
    %pushi/vec4 5394225, 0, 24; draw_string_vec4
    %concat/vec4; draw_string_vec4
    %ret/vec4 0, 0, 120;  Assign to cmt1 (store_vec4_to_lval)
    %jmp T_3.60;
T_3.55 ;
    %pushi/vec4 20302, 0, 32; draw_string_vec4
    %pushi/vec4 1160929140, 0, 32; draw_string_vec4
    %concat/vec4; draw_string_vec4
    %pushi/vec4 1868516673, 0, 32; draw_string_vec4
    %concat/vec4; draw_string_vec4
    %pushi/vec4 5522248, 0, 24; draw_string_vec4
    %concat/vec4; draw_string_vec4
    %ret/vec4 0, 0, 120;  Assign to cmt1 (store_vec4_to_lval)
    %jmp T_3.60;
T_3.56 ;
    %pushi/vec4 20302, 0, 32; draw_string_vec4
    %pushi/vec4 1160929140, 0, 32; draw_string_vec4
    %concat/vec4; draw_string_vec4
    %pushi/vec4 1868518228, 0, 32; draw_string_vec4
    %concat/vec4; draw_string_vec4
    %pushi/vec4 4280916, 0, 24; draw_string_vec4
    %concat/vec4; draw_string_vec4
    %ret/vec4 0, 0, 120;  Assign to cmt1 (store_vec4_to_lval)
    %jmp T_3.60;
T_3.57 ;
    %pushi/vec4 5062996, 0, 32; draw_string_vec4
    %pushi/vec4 1128816500, 0, 32; draw_string_vec4
    %concat/vec4; draw_string_vec4
    %pushi/vec4 1868518228, 0, 32; draw_string_vec4
    %concat/vec4; draw_string_vec4
    %pushi/vec4 4280916, 0, 24; draw_string_vec4
    %concat/vec4; draw_string_vec4
    %ret/vec4 0, 0, 120;  Assign to cmt1 (store_vec4_to_lval)
    %jmp T_3.60;
T_3.58 ;
    %pushi/vec4 5062996, 0, 32; draw_string_vec4
    %pushi/vec4 1128816500, 0, 32; draw_string_vec4
    %concat/vec4; draw_string_vec4
    %pushi/vec4 1868520005, 0, 32; draw_string_vec4
    %concat/vec4; draw_string_vec4
    %pushi/vec4 5394226, 0, 24; draw_string_vec4
    %concat/vec4; draw_string_vec4
    %ret/vec4 0, 0, 120;  Assign to cmt1 (store_vec4_to_lval)
    %jmp T_3.60;
T_3.60 ;
    %pop/vec4 1;
    %end;
S_0x5e4099e49340 .scope task, "display_file" "display_file" 3 348, 3 348 0, S_0x5e4099e04c50;
 .timescale -9 -11;
TD_tb_fsm_mealy.display_file ;
    %vpi_call/w 3 350 "$display", "%10d %-20s | %4d | %2b  | %1b  | %3b   | %7b        |", v0x5e4099e4bc10_0, v0x5e4099e4b170_0, $time, v0x5e4099e4b9b0_0, v0x5e4099e4b740_0, v0x5e4099e4b4f0_0, v0x5e4099e4b5e0_0 {0 0 0};
    %end;
S_0x5e4099e49570 .scope module, "dut_fsm_mealy" "fsm_mealy" 3 31, 4 2 0, S_0x5e4099e04c50;
 .timescale -9 -11;
    .port_info 0 /INPUT 1 "clk";
    .port_info 1 /INPUT 1 "rst";
    .port_info 2 /INPUT 1 "in";
    .port_info 3 /OUTPUT 1 "found";
P_0x5e4099e49750 .param/l "MATCH" 0 4 15, C4<101>;
P_0x5e4099e49790 .param/l "ONE1" 0 4 13, C4<011>;
P_0x5e4099e497d0 .param/l "ONE2" 0 4 14, C4<100>;
P_0x5e4099e49810 .param/l "START" 0 4 10, C4<000>;
P_0x5e4099e49850 .param/l "ZERO1" 0 4 11, C4<001>;
P_0x5e4099e49890 .param/l "ZERO2" 0 4 12, C4<010>;
v0x5e4099e49be0_0 .net "clk", 0 0, v0x5e4099e4bb40_0;  1 drivers
v0x5e4099e49cc0_0 .var "found", 0 0;
v0x5e4099e49d80_0 .net "in", 0 0, v0x5e4099e4b740_0;  1 drivers
v0x5e4099e49e50_0 .var "next_state", 2 0;
v0x5e4099e49f30_0 .net "rst", 0 0, v0x5e4099e4b9b0_0;  1 drivers
v0x5e4099e4a040_0 .var "state", 2 0;
E_0x5e4099e06980 .event posedge, v0x5e4099e49be0_0;
E_0x5e4099e05510 .event anyedge, v0x5e4099e4a040_0, v0x5e4099e49d80_0;
S_0x5e4099e4a1a0 .scope task, "errors_warnings_check" "errors_warnings_check" 3 396, 3 396 0, S_0x5e4099e04c50;
 .timescale -9 -11;
TD_tb_fsm_mealy.errors_warnings_check ;
    %load/vec4 v0x5e4099e4b4f0_0;
    %load/vec4 v0x5e4099e4b5e0_0;
    %cmp/ne;
    %jmp/0xz  T_5.61, 6;
    %vpi_call/w 3 401 "$display", "***ERROR: FOUND = %b, FOUND_expected = %b", v0x5e4099e4b4f0_0, v0x5e4099e4b5e0_0 {0 0 0};
    %load/vec4 v0x5e4099e4b350_0;
    %addi 1, 0, 32;
    %store/vec4 v0x5e4099e4b350_0, 0, 32;
T_5.61 ;
    %load/vec4 v0x5e4099e4b810_0;
    %load/vec4 v0x5e4099e4bf30_0;
    %cmp/ne;
    %jmp/0xz  T_5.63, 6;
    %vpi_call/w 3 408 "$display", "***ERROR: RACING CONDITION OCCUR" {0 0 0};
    %load/vec4 v0x5e4099e4b350_0;
    %addi 1, 0, 32;
    %store/vec4 v0x5e4099e4b350_0, 0, 32;
T_5.63 ;
    %end;
S_0x5e4099e4a380 .scope task, "in_coverage_update" "in_coverage_update" 3 357, 3 357 0, S_0x5e4099e04c50;
 .timescale -9 -11;
TD_tb_fsm_mealy.in_coverage_update ;
    ; show_stmt_assign_vector: Get l-value for compressed += operand
    %load/vec4 v0x5e4099e4b810_0;
    %pad/u 4;
    %ix/vec4 4;
    %flag_mov 8, 4;
    %load/vec4a v0x5e4099e4be70, 4;
    %pushi/vec4 1, 0, 32;
    %add;
    %flag_mov 4, 8;
    %store/vec4a v0x5e4099e4be70, 4, 0;
    %load/vec4 v0x5e4099e4b810_0;
    %cmpi/e 2, 0, 2;
    %jmp/0xz  T_6.65, 4;
    %fork t_5, S_0x5e4099e4a560;
    %jmp t_4;
    .scope S_0x5e4099e4a560;
t_5 ;
    %pushi/vec4 3, 0, 32;
    %store/vec4 v0x5e4099e4a760_0, 0, 32;
T_6.67 ;
    %load/vec4 v0x5e4099e4a760_0;
    %cmpi/s 4, 0, 32;
    %jmp/0xz T_6.68, 5;
    ; show_stmt_assign_vector: Get l-value for compressed += operand
    %ix/getv/s 4, v0x5e4099e4a760_0;
    %flag_mov 8, 4;
    %load/vec4a v0x5e4099e4be70, 4;
    %pushi/vec4 1, 0, 32;
    %add;
    %flag_mov 4, 8;
    %store/vec4a v0x5e4099e4be70, 4, 0;
    ; show_stmt_assign_vector: Get l-value for compressed += operand
    %load/vec4 v0x5e4099e4a760_0;
    %pushi/vec4 1, 0, 32;
    %add;
    %cast2;
    %store/vec4 v0x5e4099e4a760_0, 0, 32;
    %jmp T_6.67;
T_6.68 ;
    %end;
    .scope S_0x5e4099e4a380;
t_4 %join;
T_6.65 ;
    %end;
S_0x5e4099e4a560 .scope begin, "$ivl_for_loop2" "$ivl_for_loop2" 3 363, 3 363 0, S_0x5e4099e4a380;
 .timescale -9 -11;
v0x5e4099e4a760_0 .var/2s "j", 31 0;
S_0x5e4099e4a860 .scope task, "initialize" "initialize" 3 114, 3 114 0, S_0x5e4099e04c50;
 .timescale -9 -11;
TD_tb_fsm_mealy.initialize ;
    %vpi_func 3 116 "$fopen" 32, "tb_fsm_mealy.tv", "r" {0 0 0};
    %store/vec4 v0x5e4099e4b410_0, 0, 32;
    %vpi_func 3 117 "$fscanf" 32, v0x5e4099e4b410_0, "%s", v0x5e4099e4b170_0 {0 0 0};
    %store/vec4 v0x5e4099e4b270_0, 0, 32;
    %vpi_func 3 119 "$fscanf" 32, v0x5e4099e4b410_0, "%s %b %b %b", v0x5e4099e4b170_0, v0x5e4099e4b9b0_0, v0x5e4099e4b740_0, v0x5e4099e4b680_0 {0 0 0};
    %store/vec4 v0x5e4099e4b270_0, 0, 32;
    %pushi/vec4 0, 0, 1;
    %store/vec4 v0x5e4099e4bb40_0, 0, 1;
    %pushi/vec4 0, 0, 32;
    %store/vec4 v0x5e4099e4bc10_0, 0, 32;
    %pushi/vec4 0, 0, 32;
    %store/vec4 v0x5e4099e4b350_0, 0, 32;
    %pushi/vec4 0, 0, 32;
    %store/vec4 v0x5e4099e4bd90_0, 0, 32;
T_7.69 ;
    %load/vec4 v0x5e4099e4bd90_0;
    %cmpi/s 4, 0, 32;
    %jmp/0xz T_7.70, 5;
    %pushi/vec4 0, 0, 32;
    %ix/getv/s 4, v0x5e4099e4bd90_0;
    %store/vec4a v0x5e4099e4be70, 4, 0;
    ; show_stmt_assign_vector: Get l-value for compressed += operand
    %load/vec4 v0x5e4099e4bd90_0;
    %pushi/vec4 1, 0, 32;
    %add;
    %cast2;
    %store/vec4 v0x5e4099e4bd90_0, 0, 32;
    %jmp T_7.69;
T_7.70 ;
    %pushi/vec4 0, 0, 32;
    %store/vec4 v0x5e4099e4bd90_0, 0, 32;
T_7.71 ;
    %load/vec4 v0x5e4099e4bd90_0;
    %cmpi/s 12, 0, 32;
    %jmp/0xz T_7.72, 5;
    %pushi/vec4 0, 0, 32;
    %ix/getv/s 4, v0x5e4099e4bd90_0;
    %store/vec4a v0x5e4099e4c010, 4, 0;
    ; show_stmt_assign_vector: Get l-value for compressed += operand
    %load/vec4 v0x5e4099e4bd90_0;
    %pushi/vec4 1, 0, 32;
    %add;
    %cast2;
    %store/vec4 v0x5e4099e4bd90_0, 0, 32;
    %jmp T_7.71;
T_7.72 ;
    %pushi/vec4 0, 0, 1;
    %store/vec4 v0x5e4099e4bcd0_0, 0, 1;
    %vpi_call/w 3 135 "$display" {0 0 0};
    %vpi_call/w 3 136 "$display", "TEST_START-------------------------------------------------------------------------------------------------------------------------------------" {0 0 0};
    %vpi_call/w 3 137 "$display" {0 0 0};
    %vpi_call/w 3 138 "$display", "                                | TIME | RST | IN | FOUND | FOUND_EXPECTED |" {0 0 0};
    %vpi_call/w 3 139 "$display", "-----------------------------------------------------------------------------------------------------------------------------------------------" {0 0 0};
    %end;
S_0x5e4099e4aa40 .scope task, "random_in" "random_in" 3 159, 3 159 0, S_0x5e4099e04c50;
 .timescale -9 -11;
TD_tb_fsm_mealy.random_in ;
    %vpi_func 3 161 "$urandom" 32 {0 0 0};
    %pushi/vec4 2, 0, 32;
    %mod;
    %pad/u 1;
    %store/vec4 v0x5e4099e4b9b0_0, 0, 1;
    %load/vec4 v0x5e4099e4b9b0_0;
    %cmpi/e 1, 0, 1;
    %flag_mov 8, 4;
    %jmp/0 T_8.73, 8;
    %pushi/vec4 0, 0, 32;
    %jmp/1 T_8.74, 8;
T_8.73 ; End of true expr.
    %vpi_func 3 162 "$urandom" 32 {0 0 0};
    %pushi/vec4 2, 0, 32;
    %mod;
    %jmp/0 T_8.74, 8;
 ; End of false expr.
    %blend;
T_8.74;
    %pad/u 1;
    %store/vec4 v0x5e4099e4b740_0, 0, 1;
    %pushi/real 1717986918, 4062; load=0.100000
    %pushi/real 1677722, 4040; load=0.100000
    %add/wr;
    %vpi_func 3 165 "$urandom_range" 32, W<0,r>, 32'sb00000000000000000000000000001010 {0 1 0};
    %pad/u 64;
    %muli 100, 0, 64;
    %ix/vec4 4;
    %delayx 4;
    %end;
S_0x5e4099e4abd0 .scope task, "scan_file" "scan_file" 3 149, 3 149 0, S_0x5e4099e04c50;
 .timescale -9 -11;
TD_tb_fsm_mealy.scan_file ;
    %vpi_func 3 151 "$fscanf" 32, v0x5e4099e4b410_0, "%s %b %b %b", v0x5e4099e4b170_0, v0x5e4099e4b9b0_0, v0x5e4099e4b740_0, v0x5e4099e4b5e0_0 {0 0 0};
    %store/vec4 v0x5e4099e4b270_0, 0, 32;
    %load/vec4 v0x5e4099e4b270_0;
    %pushi/vec4 4294967295, 0, 32;
    %cmp/e;
    %flag_get/vec4 4;
    %store/vec4 v0x5e4099e4bcd0_0, 0, 1;
    %end;
S_0x5e4099e4adb0 .scope task, "state_coverage_update" "state_coverage_update" 3 373, 3 373 0, S_0x5e4099e04c50;
 .timescale -9 -11;
TD_tb_fsm_mealy.state_coverage_update ;
    %load/vec4 v0x5e4099e4ba80_0;
    %load/vec4 v0x5e4099e4b8d0_0;
    %concat/vec4; draw_concat_vec4
    %dup/vec4;
    %pushi/vec4 1, 0, 6;
    %cmp/u;
    %jmp/1 T_10.75, 6;
    %dup/vec4;
    %pushi/vec4 0, 0, 6;
    %cmp/u;
    %jmp/1 T_10.76, 6;
    %dup/vec4;
    %pushi/vec4 10, 0, 6;
    %cmp/u;
    %jmp/1 T_10.77, 6;
    %dup/vec4;
    %pushi/vec4 8, 0, 6;
    %cmp/u;
    %jmp/1 T_10.78, 6;
    %dup/vec4;
    %pushi/vec4 19, 0, 6;
    %cmp/u;
    %jmp/1 T_10.79, 6;
    %dup/vec4;
    %pushi/vec4 18, 0, 6;
    %cmp/u;
    %jmp/1 T_10.80, 6;
    %dup/vec4;
    %pushi/vec4 28, 0, 6;
    %cmp/u;
    %jmp/1 T_10.81, 6;
    %dup/vec4;
    %pushi/vec4 25, 0, 6;
    %cmp/u;
    %jmp/1 T_10.82, 6;
    %dup/vec4;
    %pushi/vec4 37, 0, 6;
    %cmp/u;
    %jmp/1 T_10.83, 6;
    %dup/vec4;
    %pushi/vec4 32, 0, 6;
    %cmp/u;
    %jmp/1 T_10.84, 6;
    %dup/vec4;
    %pushi/vec4 40, 0, 6;
    %cmp/u;
    %jmp/1 T_10.85, 6;
    %dup/vec4;
    %pushi/vec4 42, 0, 6;
    %cmp/u;
    %jmp/1 T_10.86, 6;
    %jmp T_10.87;
T_10.75 ;
    ; show_stmt_assign_vector: Get l-value for compressed += operand
    %ix/load 3, 0, 0;
    %flag_set/imm 4, 0;
    %load/vec4a v0x5e4099e4c010, 3;
    %pushi/vec4 1, 0, 32;
    %add;
    %flag_set/imm 4, 0;
    %ix/load 4, 0, 0;
    %store/vec4a v0x5e4099e4c010, 4, 0;
    %jmp T_10.87;
T_10.76 ;
    ; show_stmt_assign_vector: Get l-value for compressed += operand
    %ix/load 3, 1, 0;
    %flag_set/imm 4, 0;
    %load/vec4a v0x5e4099e4c010, 3;
    %pushi/vec4 1, 0, 32;
    %add;
    %flag_set/imm 4, 0;
    %ix/load 4, 1, 0;
    %store/vec4a v0x5e4099e4c010, 4, 0;
    %jmp T_10.87;
T_10.77 ;
    ; show_stmt_assign_vector: Get l-value for compressed += operand
    %ix/load 3, 2, 0;
    %flag_set/imm 4, 0;
    %load/vec4a v0x5e4099e4c010, 3;
    %pushi/vec4 1, 0, 32;
    %add;
    %flag_set/imm 4, 0;
    %ix/load 4, 2, 0;
    %store/vec4a v0x5e4099e4c010, 4, 0;
    %jmp T_10.87;
T_10.78 ;
    ; show_stmt_assign_vector: Get l-value for compressed += operand
    %ix/load 3, 3, 0;
    %flag_set/imm 4, 0;
    %load/vec4a v0x5e4099e4c010, 3;
    %pushi/vec4 1, 0, 32;
    %add;
    %flag_set/imm 4, 0;
    %ix/load 4, 3, 0;
    %store/vec4a v0x5e4099e4c010, 4, 0;
    %jmp T_10.87;
T_10.79 ;
    ; show_stmt_assign_vector: Get l-value for compressed += operand
    %ix/load 3, 4, 0;
    %flag_set/imm 4, 0;
    %load/vec4a v0x5e4099e4c010, 3;
    %pushi/vec4 1, 0, 32;
    %add;
    %flag_set/imm 4, 0;
    %ix/load 4, 4, 0;
    %store/vec4a v0x5e4099e4c010, 4, 0;
    %jmp T_10.87;
T_10.80 ;
    ; show_stmt_assign_vector: Get l-value for compressed += operand
    %ix/load 3, 5, 0;
    %flag_set/imm 4, 0;
    %load/vec4a v0x5e4099e4c010, 3;
    %pushi/vec4 1, 0, 32;
    %add;
    %flag_set/imm 4, 0;
    %ix/load 4, 5, 0;
    %store/vec4a v0x5e4099e4c010, 4, 0;
    %jmp T_10.87;
T_10.81 ;
    ; show_stmt_assign_vector: Get l-value for compressed += operand
    %ix/load 3, 6, 0;
    %flag_set/imm 4, 0;
    %load/vec4a v0x5e4099e4c010, 3;
    %pushi/vec4 1, 0, 32;
    %add;
    %flag_set/imm 4, 0;
    %ix/load 4, 6, 0;
    %store/vec4a v0x5e4099e4c010, 4, 0;
    %jmp T_10.87;
T_10.82 ;
    ; show_stmt_assign_vector: Get l-value for compressed += operand
    %ix/load 3, 7, 0;
    %flag_set/imm 4, 0;
    %load/vec4a v0x5e4099e4c010, 3;
    %pushi/vec4 1, 0, 32;
    %add;
    %flag_set/imm 4, 0;
    %ix/load 4, 7, 0;
    %store/vec4a v0x5e4099e4c010, 4, 0;
    %jmp T_10.87;
T_10.83 ;
    ; show_stmt_assign_vector: Get l-value for compressed += operand
    %ix/load 3, 8, 0;
    %flag_set/imm 4, 0;
    %load/vec4a v0x5e4099e4c010, 3;
    %pushi/vec4 1, 0, 32;
    %add;
    %flag_set/imm 4, 0;
    %ix/load 4, 8, 0;
    %store/vec4a v0x5e4099e4c010, 4, 0;
    %jmp T_10.87;
T_10.84 ;
    ; show_stmt_assign_vector: Get l-value for compressed += operand
    %ix/load 3, 9, 0;
    %flag_set/imm 4, 0;
    %load/vec4a v0x5e4099e4c010, 3;
    %pushi/vec4 1, 0, 32;
    %add;
    %flag_set/imm 4, 0;
    %ix/load 4, 9, 0;
    %store/vec4a v0x5e4099e4c010, 4, 0;
    %jmp T_10.87;
T_10.85 ;
    ; show_stmt_assign_vector: Get l-value for compressed += operand
    %ix/load 3, 10, 0;
    %flag_set/imm 4, 0;
    %load/vec4a v0x5e4099e4c010, 3;
    %pushi/vec4 1, 0, 32;
    %add;
    %flag_set/imm 4, 0;
    %ix/load 4, 10, 0;
    %store/vec4a v0x5e4099e4c010, 4, 0;
    %jmp T_10.87;
T_10.86 ;
    ; show_stmt_assign_vector: Get l-value for compressed += operand
    %ix/load 3, 11, 0;
    %flag_set/imm 4, 0;
    %load/vec4a v0x5e4099e4c010, 3;
    %pushi/vec4 1, 0, 32;
    %add;
    %flag_set/imm 4, 0;
    %ix/load 4, 11, 0;
    %store/vec4a v0x5e4099e4c010, 4, 0;
    %jmp T_10.87;
T_10.87 ;
    %pop/vec4 1;
    %end;
S_0x5e4099e4af90 .scope task, "vectorcount" "vectorcount" 3 338, 3 338 0, S_0x5e4099e04c50;
 .timescale -9 -11;
TD_tb_fsm_mealy.vectorcount ;
    %load/vec4 v0x5e4099e4bc10_0;
    %addi 1, 0, 32;
    %store/vec4 v0x5e4099e4bc10_0, 0, 32;
    %end;
    .scope S_0x5e4099e49570;
T_12 ;
    %wait E_0x5e4099e05510;
    %load/vec4 v0x5e4099e4a040_0;
    %dup/vec4;
    %pushi/vec4 0, 0, 3;
    %cmp/u;
    %jmp/1 T_12.0, 6;
    %dup/vec4;
    %pushi/vec4 1, 0, 3;
    %cmp/u;
    %jmp/1 T_12.1, 6;
    %dup/vec4;
    %pushi/vec4 2, 0, 3;
    %cmp/u;
    %jmp/1 T_12.2, 6;
    %dup/vec4;
    %pushi/vec4 3, 0, 3;
    %cmp/u;
    %jmp/1 T_12.3, 6;
    %dup/vec4;
    %pushi/vec4 4, 0, 3;
    %cmp/u;
    %jmp/1 T_12.4, 6;
    %dup/vec4;
    %pushi/vec4 5, 0, 3;
    %cmp/u;
    %jmp/1 T_12.5, 6;
    %pushi/vec4 0, 0, 1;
    %store/vec4 v0x5e4099e49cc0_0, 0, 1;
    %jmp T_12.7;
T_12.0 ;
    %load/vec4 v0x5e4099e49d80_0;
    %pad/u 32;
    %cmpi/e 0, 0, 32;
    %jmp/0xz  T_12.8, 4;
    %pushi/vec4 1, 0, 3;
    %store/vec4 v0x5e4099e49e50_0, 0, 3;
    %pushi/vec4 0, 0, 1;
    %store/vec4 v0x5e4099e49cc0_0, 0, 1;
    %jmp T_12.9;
T_12.8 ;
    %pushi/vec4 0, 0, 3;
    %store/vec4 v0x5e4099e49e50_0, 0, 3;
    %pushi/vec4 0, 0, 1;
    %store/vec4 v0x5e4099e49cc0_0, 0, 1;
T_12.9 ;
    %jmp T_12.7;
T_12.1 ;
    %load/vec4 v0x5e4099e49d80_0;
    %pad/u 32;
    %cmpi/e 0, 0, 32;
    %jmp/0xz  T_12.10, 4;
    %pushi/vec4 2, 0, 3;
    %store/vec4 v0x5e4099e49e50_0, 0, 3;
    %pushi/vec4 0, 0, 1;
    %store/vec4 v0x5e4099e49cc0_0, 0, 1;
    %jmp T_12.11;
T_12.10 ;
    %pushi/vec4 0, 0, 3;
    %store/vec4 v0x5e4099e49e50_0, 0, 3;
    %pushi/vec4 0, 0, 1;
    %store/vec4 v0x5e4099e49cc0_0, 0, 1;
T_12.11 ;
    %jmp T_12.7;
T_12.2 ;
    %load/vec4 v0x5e4099e49d80_0;
    %pad/u 32;
    %cmpi/e 1, 0, 32;
    %jmp/0xz  T_12.12, 4;
    %pushi/vec4 3, 0, 3;
    %store/vec4 v0x5e4099e49e50_0, 0, 3;
    %pushi/vec4 0, 0, 1;
    %store/vec4 v0x5e4099e49cc0_0, 0, 1;
    %jmp T_12.13;
T_12.12 ;
    %pushi/vec4 2, 0, 3;
    %store/vec4 v0x5e4099e49e50_0, 0, 3;
    %pushi/vec4 0, 0, 1;
    %store/vec4 v0x5e4099e49cc0_0, 0, 1;
T_12.13 ;
    %jmp T_12.7;
T_12.3 ;
    %load/vec4 v0x5e4099e49d80_0;
    %pad/u 32;
    %cmpi/e 1, 0, 32;
    %jmp/0xz  T_12.14, 4;
    %pushi/vec4 4, 0, 3;
    %store/vec4 v0x5e4099e49e50_0, 0, 3;
    %pushi/vec4 0, 0, 1;
    %store/vec4 v0x5e4099e49cc0_0, 0, 1;
    %jmp T_12.15;
T_12.14 ;
    %pushi/vec4 1, 0, 3;
    %store/vec4 v0x5e4099e49e50_0, 0, 3;
    %pushi/vec4 0, 0, 1;
    %store/vec4 v0x5e4099e49cc0_0, 0, 1;
T_12.15 ;
    %jmp T_12.7;
T_12.4 ;
    %load/vec4 v0x5e4099e49d80_0;
    %pad/u 32;
    %cmpi/e 0, 0, 32;
    %jmp/0xz  T_12.16, 4;
    %pushi/vec4 5, 0, 3;
    %store/vec4 v0x5e4099e49e50_0, 0, 3;
    %pushi/vec4 1, 0, 1;
    %store/vec4 v0x5e4099e49cc0_0, 0, 1;
    %jmp T_12.17;
T_12.16 ;
    %pushi/vec4 0, 0, 3;
    %store/vec4 v0x5e4099e49e50_0, 0, 3;
    %pushi/vec4 0, 0, 1;
    %store/vec4 v0x5e4099e49cc0_0, 0, 1;
T_12.17 ;
    %jmp T_12.7;
T_12.5 ;
    %load/vec4 v0x5e4099e49d80_0;
    %pad/u 32;
    %cmpi/e 1, 0, 32;
    %jmp/0xz  T_12.18, 4;
    %pushi/vec4 0, 0, 3;
    %store/vec4 v0x5e4099e49e50_0, 0, 3;
    %pushi/vec4 0, 0, 1;
    %store/vec4 v0x5e4099e49cc0_0, 0, 1;
    %jmp T_12.19;
T_12.18 ;
    %pushi/vec4 2, 0, 3;
    %store/vec4 v0x5e4099e49e50_0, 0, 3;
    %pushi/vec4 0, 0, 1;
    %store/vec4 v0x5e4099e49cc0_0, 0, 1;
T_12.19 ;
    %jmp T_12.7;
T_12.7 ;
    %pop/vec4 1;
    %jmp T_12;
    .thread T_12, $push;
    .scope S_0x5e4099e49570;
T_13 ;
    %wait E_0x5e4099e06980;
    %load/vec4 v0x5e4099e49f30_0;
    %flag_set/vec4 8;
    %jmp/0xz  T_13.0, 8;
    %pushi/vec4 0, 0, 3;
    %assign/vec4 v0x5e4099e4a040_0, 0;
    %jmp T_13.1;
T_13.0 ;
    %load/vec4 v0x5e4099e49e50_0;
    %assign/vec4 v0x5e4099e4a040_0, 0;
T_13.1 ;
    %jmp T_13;
    .thread T_13;
    .scope S_0x5e4099e04c50;
T_14 ;
    %vpi_call/w 3 38 "$dumpfile", "tb_fsm_mealy.vcd" {0 0 0};
    %vpi_call/w 3 39 "$dumpvars", 32'sb00000000000000000000000000000000, S_0x5e4099e04c50 {0 0 0};
    %end;
    .thread T_14;
    .scope S_0x5e4099e04c50;
T_15 ;
    %delay 1000, 0;
    %load/vec4 v0x5e4099e4bb40_0;
    %inv;
    %store/vec4 v0x5e4099e4bb40_0, 0, 1;
    %jmp T_15;
    .thread T_15;
    .scope S_0x5e4099e04c50;
T_16 ;
    %fork TD_tb_fsm_mealy.initialize, S_0x5e4099e4a860;
    %join;
    %end;
    .thread T_16;
    .scope S_0x5e4099e04c50;
T_17 ;
    %wait E_0x5e4099e06980;
    %load/vec4 v0x5e4099e4bcd0_0;
    %nor/r;
    %flag_set/vec4 8;
    %jmp/0xz  T_17.0, 8;
    %fork TD_tb_fsm_mealy.scan_file, S_0x5e4099e4abd0;
    %join;
T_17.0 ;
    %load/vec4 v0x5e4099e4b9b0_0;
    %load/vec4 v0x5e4099e4b740_0;
    %concat/vec4; draw_concat_vec4
    %store/vec4 v0x5e4099e4b810_0, 0, 2;
    %fork TD_tb_fsm_mealy.in_coverage_update, S_0x5e4099e4a380;
    %join;
    %load/vec4 v0x5e4099e4b810_0;
    %store/vec4 v0x5e4099e4bf30_0, 0, 2;
    %jmp T_17;
    .thread T_17;
    .scope S_0x5e4099e04c50;
T_18 ;
    %wait E_0x5e4099e06980;
    %fork TD_tb_fsm_mealy.OUT_EXP, S_0x5e4099d9f490;
    %join;
    %fork TD_tb_fsm_mealy.state_coverage_update, S_0x5e4099e4adb0;
    %join;
    %delay 10, 0;
    %load/vec4 v0x5e4099e4b9b0_0;
    %load/vec4 v0x5e4099e4b740_0;
    %concat/vec4; draw_concat_vec4
    %pad/u 1;
    %store/vec4 v0x5e4099e4b740_0, 0, 1;
    %fork TD_tb_fsm_mealy.display_file, S_0x5e4099e49340;
    %join;
    %fork TD_tb_fsm_mealy.errors_warnings_check, S_0x5e4099e4a1a0;
    %join;
    %fork TD_tb_fsm_mealy.vectorcount, S_0x5e4099e4af90;
    %join;
    %jmp T_18;
    .thread T_18;
    .scope S_0x5e4099e04c50;
T_19 ;
T_19.0 ;
    %load/vec4 v0x5e4099e4bcd0_0;
    %cmpi/ne 1, 0, 1;
    %jmp/0xz T_19.1, 6;
    %wait E_0x5e4099e05760;
    %jmp T_19.0;
T_19.1 ;
    %vpi_call/w 3 471 "$display" {0 0 0};
    %vpi_call/w 3 472 "$display", "%13s ***time = %0d,eof ***", "\000", $time {0 0 0};
    %vpi_call/w 3 473 "$display" {0 0 0};
    %pushi/vec4 0, 0, 32;
    %store/vec4 v0x5e4099e4bd90_0, 0, 32;
T_19.2 ;
    %load/vec4 v0x5e4099e4bd90_0;
    %cmpi/s 50, 0, 32;
    %jmp/0xz T_19.3, 5;
    %load/vec4 v0x5e4099e4b740_0;
    %pad/u 2;
    %cmpi/e 0, 0, 2;
    %flag_get/vec4 4;
    %jmp/0 T_19.6, 4;
    %load/vec4 v0x5e4099e4ba80_0;
    %pad/u 4;
    %pushi/vec4 8, 0, 4;
    %cmp/e;
    %flag_get/vec4 4;
    %and;
T_19.6;
    %flag_set/vec4 8;
    %jmp/0xz  T_19.4, 8;
    %fork TD_tb_fsm_mealy.vectorcount, S_0x5e4099e4af90;
    %join;
    %fork TD_tb_fsm_mealy.close, S_0x5e4099d9f670;
    %join;
    %jmp T_19.5;
T_19.4 ;
    %fork TD_tb_fsm_mealy.random_in, S_0x5e4099e4aa40;
    %join;
T_19.5 ;
    ; show_stmt_assign_vector: Get l-value for compressed += operand
    %load/vec4 v0x5e4099e4bd90_0;
    %pushi/vec4 1, 0, 32;
    %add;
    %cast2;
    %store/vec4 v0x5e4099e4bd90_0, 0, 32;
    %jmp T_19.2;
T_19.3 ;
    %fork TD_tb_fsm_mealy.close, S_0x5e4099d9f670;
    %join;
    %end;
    .thread T_19;
# The file index is used to find the file name in the following table.
:file_names 5;
    "N/A";
    "<interactive>";
    "-";
    "tb_fsm_mealy.v";
    "fsm_mealy.v";
