#! /usr/bin/vvp
:ivl_version "12.0 (stable)";
:ivl_delay_selection "TYPICAL";
:vpi_time_precision - 11;
:vpi_module "/usr/lib/x86_64-linux-gnu/ivl/system.vpi";
:vpi_module "/usr/lib/x86_64-linux-gnu/ivl/vhdl_sys.vpi";
:vpi_module "/usr/lib/x86_64-linux-gnu/ivl/vhdl_textio.vpi";
:vpi_module "/usr/lib/x86_64-linux-gnu/ivl/v2005_math.vpi";
:vpi_module "/usr/lib/x86_64-linux-gnu/ivl/va_math.vpi";
:vpi_module "/usr/lib/x86_64-linux-gnu/ivl/v2009.vpi";
S_0x629cbeebca90 .scope package, "$unit" "$unit" 2 1;
 .timescale 0 0;
S_0x629cbeebcc20 .scope module, "tb_jkff_posedge_sync_clear" "tb_jkff_posedge_sync_clear" 3 3;
 .timescale -9 -11;
P_0x629cbee670a0 .param/l "TICKPERIOD" 1 3 46, +C4<00000000000000000000000000010100>;
v0x629cbeeeb2d0_0 .var "CLRBAR", 0 0;
v0x629cbeeeb390_0 .var "COMMENT", 71 0;
v0x629cbeeeb450_0 .var "COMMENT1", 71 0;
v0x629cbeeeb540_0 .var "COMMENT2", 71 0;
v0x629cbeeeb620_0 .var/i "COUNT", 31 0;
v0x629cbeeeb750_0 .var "ERRORS", 31 0;
v0x629cbeeeb830_0 .var/i "FD", 31 0;
v0x629cbeeeb910_0 .var "J", 0 0;
v0x629cbeeeb9b0_0 .var "K", 0 0;
v0x629cbeeeba80_0 .var "QBAREXPECTED", 0 0;
v0x629cbeeebb20_0 .net "QBAR_beh", 0 0, L_0x629cbeec81e0;  1 drivers
v0x629cbeeebbf0_0 .var "QEXPECTED", 0 0;
v0x629cbeeebc90_0 .net "Q_beh", 0 0, v0x629cbeeea550_0;  1 drivers
v0x629cbeeebd60_0 .var "TICK", 0 0;
v0x629cbeeebe30_0 .var "VECTORCOUNT", 31 0;
v0x629cbeeebed0_0 .var "eof", 0 0;
v0x629cbeeebf70_0 .var/2s "i", 31 0;
v0x629cbeeec050 .array "input_coverage", 15 0, 31 0;
v0x629cbeeec110_0 .var "prev_JK", 1 0;
v0x629cbeeec1f0_0 .var "prev_QEx", 0 0;
v0x629cbeeec2b0_0 .var "prev_QExbar", 0 0;
v0x629cbeeec370_0 .var "prev_Qbarbeh", 0 0;
v0x629cbeeec430_0 .var "prev_Qbeh", 0 0;
E_0x629cbeebd350 .event anyedge, v0x629cbeeebed0_0;
E_0x629cbeebdac0 .event negedge, v0x629cbeec9110_0;
S_0x629cbee66490 .scope task, "QEXP" "QEXP" 3 148, 3 148 0, S_0x629cbeebcc20;
 .timescale -9 -11;
TD_tb_jkff_posedge_sync_clear.QEXP ;
    %load/vec4 v0x629cbeeec430_0;
    %load/vec4 v0x629cbeeec370_0;
    %concat/vec4; draw_concat_vec4
    %cmpi/e 3, 0, 2;
    %jmp/1 T_0.4, 4;
    %flag_mov 10, 4;
    %load/vec4 v0x629cbeeec430_0;
    %load/vec4 v0x629cbeeec370_0;
    %concat/vec4; draw_concat_vec4
    %cmpi/e 0, 0, 2;
    %flag_or 4, 10;
T_0.4;
    %flag_get/vec4 4;
    %jmp/0 T_0.3, 4;
    %load/vec4 v0x629cbeeeb910_0;
    %load/vec4 v0x629cbeeeb9b0_0;
    %concat/vec4; draw_concat_vec4
    %cmpi/e 0, 0, 2;
    %flag_get/vec4 4;
    %jmp/1 T_0.5, 4;
    %load/vec4 v0x629cbeeeb910_0;
    %load/vec4 v0x629cbeeeb9b0_0;
    %concat/vec4; draw_concat_vec4
    %pushi/vec4 3, 0, 2;
    %cmp/e;
    %flag_get/vec4 4;
    %or;
T_0.5;
    %and;
T_0.3;
    %flag_set/vec4 9;
    %flag_get/vec4 9;
    %jmp/0 T_0.2, 9;
    %load/vec4 v0x629cbeeeb2d0_0;
    %and;
T_0.2;
    %flag_set/vec4 8;
    %jmp/0xz  T_0.0, 8;
    %pushi/vec4 1, 1, 1;
    %store/vec4 v0x629cbeeebbf0_0, 0, 1;
    %pushi/vec4 1, 1, 1;
    %store/vec4 v0x629cbeeeba80_0, 0, 1;
    %jmp T_0.1;
T_0.0 ;
    %load/vec4 v0x629cbeeeb910_0;
    %load/vec4 v0x629cbeeeb9b0_0;
    %concat/vec4; draw_concat_vec4
    %load/vec4 v0x629cbeeeb2d0_0;
    %concat/vec4; draw_concat_vec4
    %dup/vec4;
    %pushi/vec4 1, 0, 3;
    %cmp/u;
    %jmp/1 T_0.6, 6;
    %dup/vec4;
    %pushi/vec4 3, 0, 3;
    %cmp/u;
    %jmp/1 T_0.7, 6;
    %dup/vec4;
    %pushi/vec4 5, 0, 3;
    %cmp/u;
    %jmp/1 T_0.8, 6;
    %dup/vec4;
    %pushi/vec4 7, 0, 3;
    %cmp/u;
    %jmp/1 T_0.9, 6;
    %pushi/vec4 0, 0, 1;
    %store/vec4 v0x629cbeeebbf0_0, 0, 1;
    %pushi/vec4 1, 0, 1;
    %store/vec4 v0x629cbeeeba80_0, 0, 1;
    %jmp T_0.11;
T_0.6 ;
    %load/vec4 v0x629cbeeec1f0_0;
    %store/vec4 v0x629cbeeebbf0_0, 0, 1;
    %load/vec4 v0x629cbeeec2b0_0;
    %store/vec4 v0x629cbeeeba80_0, 0, 1;
    %jmp T_0.11;
T_0.7 ;
    %pushi/vec4 0, 0, 1;
    %store/vec4 v0x629cbeeebbf0_0, 0, 1;
    %pushi/vec4 1, 0, 1;
    %store/vec4 v0x629cbeeeba80_0, 0, 1;
    %jmp T_0.11;
T_0.8 ;
    %pushi/vec4 1, 0, 1;
    %store/vec4 v0x629cbeeebbf0_0, 0, 1;
    %pushi/vec4 0, 0, 1;
    %store/vec4 v0x629cbeeeba80_0, 0, 1;
    %jmp T_0.11;
T_0.9 ;
    %load/vec4 v0x629cbeeec1f0_0;
    %inv;
    %store/vec4 v0x629cbeeebbf0_0, 0, 1;
    %load/vec4 v0x629cbeeec2b0_0;
    %inv;
    %store/vec4 v0x629cbeeeba80_0, 0, 1;
    %jmp T_0.11;
T_0.11 ;
    %pop/vec4 1;
T_0.1 ;
    %end;
S_0x629cbee66670 .scope task, "close" "close" 3 195, 3 195 0, S_0x629cbeebcc20;
 .timescale -9 -11;
TD_tb_jkff_posedge_sync_clear.close ;
    %delay 1000, 0;
    %vpi_call/w 3 198 "$fclose", v0x629cbeeeb830_0 {0 0 0};
    %vpi_call/w 3 200 "$display" {0 0 0};
    %vpi_call/w 3 201 "$display", "COVERAGE_REPORT" {0 0 0};
    %pushi/vec4 0, 0, 32;
    %store/vec4 v0x629cbeeebf70_0, 0, 32;
T_1.12 ;
    %load/vec4 v0x629cbeeebf70_0;
    %cmpi/s 16, 0, 32;
    %jmp/0xz T_1.13, 5;
    %ix/getv/s 4, v0x629cbeeebf70_0;
    %load/vec4a v0x629cbeeec050, 4;
    %cmpi/e 0, 0, 32;
    %jmp/0xz  T_1.14, 4;
    %vpi_call/w 3 207 "$display", "input %b to input %b has occured %d times (***ERROR***)", &PV<v0x629cbeeebf70_0, 2, 2>, &PV<v0x629cbeeebf70_0, 0, 2>, &A<v0x629cbeeec050, v0x629cbeeebf70_0 > {0 0 0};
    %load/vec4 v0x629cbeeeb750_0;
    %addi 1, 0, 32;
    %store/vec4 v0x629cbeeeb750_0, 0, 32;
    %jmp T_1.15;
T_1.14 ;
    %vpi_call/w 3 214 "$display", "input %b to input %b has occured %d times", &PV<v0x629cbeeebf70_0, 2, 2>, &PV<v0x629cbeeebf70_0, 0, 2>, &A<v0x629cbeeec050, v0x629cbeeebf70_0 > {0 0 0};
T_1.15 ;
    ; show_stmt_assign_vector: Get l-value for compressed += operand
    %load/vec4 v0x629cbeeebf70_0;
    %pushi/vec4 1, 0, 32;
    %add;
    %cast2;
    %store/vec4 v0x629cbeeebf70_0, 0, 32;
    %jmp T_1.12;
T_1.13 ;
    %vpi_call/w 3 220 "$display" {0 0 0};
    %vpi_call/w 3 221 "$display", "VECTORCOUNT = %d", v0x629cbeeebe30_0 {0 0 0};
    %vpi_call/w 3 222 "$display", "ERRORS = %15d", v0x629cbeeeb750_0 {0 0 0};
    %vpi_call/w 3 223 "$display" {0 0 0};
    %vpi_call/w 3 224 "$display", "TEST_END--------------------------------------------------------------------------------------------------------------------------" {0 0 0};
    %vpi_call/w 3 225 "$display" {0 0 0};
    %vpi_call/w 3 227 "$finish" {0 0 0};
    %end;
S_0x629cbeecb020 .scope task, "coverage_update" "coverage_update" 3 253, 3 253 0, S_0x629cbeebcc20;
 .timescale -9 -11;
TD_tb_jkff_posedge_sync_clear.coverage_update ;
    ; show_stmt_assign_vector: Get l-value for compressed += operand
    %load/vec4 v0x629cbeeec110_0;
    %load/vec4 v0x629cbeeeb910_0;
    %concat/vec4; draw_concat_vec4
    %load/vec4 v0x629cbeeeb9b0_0;
    %concat/vec4; draw_concat_vec4
    %pad/u 6;
    %ix/vec4 4;
    %flag_mov 8, 4;
    %load/vec4a v0x629cbeeec050, 4;
    %pushi/vec4 1, 0, 32;
    %add;
    %flag_mov 4, 8;
    %store/vec4a v0x629cbeeec050, 4, 0;
    %end;
S_0x629cbeecb1b0 .scope task, "display_file" "display_file" 3 244, 3 244 0, S_0x629cbeebcc20;
 .timescale -9 -11;
TD_tb_jkff_posedge_sync_clear.display_file ;
    %vpi_call/w 3 246 "$display", "%10d %9s | %4d | %1d | %1d | %4d    | %5d     | %6d       | %4d   |", v0x629cbeeebe30_0, v0x629cbeeeb390_0, $time, v0x629cbeeeb910_0, v0x629cbeeeb9b0_0, v0x629cbeeebc90_0, v0x629cbeeebbf0_0, v0x629cbeeeba80_0, v0x629cbeeeb2d0_0 {0 0 0};
    %end;
S_0x629cbeecb340 .scope module, "dut_jkff_posedge_sync_clear_behavioral" "jkff_posedge_sync_clear_behavioral" 3 31, 4 5 0, S_0x629cbeebcc20;
 .timescale -9 -11;
    .port_info 0 /INPUT 1 "j";
    .port_info 1 /INPUT 1 "k";
    .port_info 2 /INPUT 1 "clk";
    .port_info 3 /INPUT 1 "clrbar";
    .port_info 4 /OUTPUT 1 "q";
    .port_info 5 /OUTPUT 1 "qbar";
P_0x629cbeec7cb0 .param/l "NOCHANGE" 0 4 14, C4<00>;
P_0x629cbeec7cf0 .param/l "RESET" 0 4 15, C4<01>;
P_0x629cbeec7d30 .param/l "SET" 0 4 16, C4<10>;
P_0x629cbeec7d70 .param/l "TOGGLE" 0 4 17, C4<11>;
L_0x629cbeec81e0 .functor NOT 1, v0x629cbeeea550_0, C4<0>, C4<0>, C4<0>;
v0x629cbeec9110_0 .net "clk", 0 0, v0x629cbeeebd60_0;  1 drivers
v0x629cbeeea330_0 .net "clrbar", 0 0, v0x629cbeeeb2d0_0;  1 drivers
v0x629cbeeea3f0_0 .net "j", 0 0, v0x629cbeeeb910_0;  1 drivers
v0x629cbeeea490_0 .net "k", 0 0, v0x629cbeeeb9b0_0;  1 drivers
v0x629cbeeea550_0 .var "q", 0 0;
v0x629cbeeea660_0 .net "qbar", 0 0, L_0x629cbeec81e0;  alias, 1 drivers
E_0x629cbeebdd20 .event posedge, v0x629cbeec9110_0;
S_0x629cbeeea7e0 .scope task, "errors_check" "errors_check" 3 262, 3 262 0, S_0x629cbeebcc20;
 .timescale -9 -11;
TD_tb_jkff_posedge_sync_clear.errors_check ;
    %load/vec4 v0x629cbeeec430_0;
    %load/vec4 v0x629cbeeec370_0;
    %concat/vec4; draw_concat_vec4
    %cmpi/e 0, 0, 2;
    %flag_get/vec4 4;
    %jmp/0 T_4.18, 4;
    %load/vec4 v0x629cbeeeb910_0;
    %load/vec4 v0x629cbeeeb9b0_0;
    %concat/vec4; draw_concat_vec4
    %cmpi/e 0, 0, 2;
    %flag_get/vec4 4;
    %jmp/1 T_4.19, 4;
    %load/vec4 v0x629cbeeeb910_0;
    %load/vec4 v0x629cbeeeb9b0_0;
    %concat/vec4; draw_concat_vec4
    %pushi/vec4 3, 0, 2;
    %cmp/e;
    %flag_get/vec4 4;
    %or;
T_4.19;
    %and;
T_4.18;
    %flag_set/vec4 8;
    %jmp/0xz  T_4.16, 8;
    %vpi_call/w 3 267 "$display", "***ERROR: ILLEGAL CONDITION,RACING CONDITION" {0 0 0};
    %load/vec4 v0x629cbeeeb750_0;
    %addi 1, 0, 32;
    %store/vec4 v0x629cbeeeb750_0, 0, 32;
T_4.16 ;
    %load/vec4 v0x629cbeeec430_0;
    %load/vec4 v0x629cbeeec370_0;
    %concat/vec4; draw_concat_vec4
    %cmpi/e 3, 0, 2;
    %flag_get/vec4 4;
    %jmp/0 T_4.22, 4;
    %load/vec4 v0x629cbeeeb910_0;
    %load/vec4 v0x629cbeeeb9b0_0;
    %concat/vec4; draw_concat_vec4
    %cmpi/e 3, 0, 2;
    %flag_get/vec4 4;
    %jmp/1 T_4.23, 4;
    %load/vec4 v0x629cbeeeb910_0;
    %load/vec4 v0x629cbeeeb9b0_0;
    %concat/vec4; draw_concat_vec4
    %pushi/vec4 0, 0, 2;
    %cmp/e;
    %flag_get/vec4 4;
    %or;
T_4.23;
    %and;
T_4.22;
    %flag_set/vec4 8;
    %jmp/0xz  T_4.20, 8;
    %vpi_call/w 3 274 "$display", "***ERROR: ILLEGAL CONDITION, q = %b and qbar = %b", v0x629cbeeebbf0_0, v0x629cbeeeba80_0 {0 0 0};
    %load/vec4 v0x629cbeeeb750_0;
    %addi 1, 0, 32;
    %store/vec4 v0x629cbeeeb750_0, 0, 32;
T_4.20 ;
    %load/vec4 v0x629cbeeebc90_0;
    %load/vec4 v0x629cbeeebbf0_0;
    %cmp/ne;
    %jmp/0xz  T_4.24, 6;
    %vpi_call/w 3 282 "$display", "***ERROR: Q_behavioral = %b, Q_expected = %b", v0x629cbeeebc90_0, v0x629cbeeebbf0_0 {0 0 0};
    %load/vec4 v0x629cbeeeb750_0;
    %addi 1, 0, 32;
    %store/vec4 v0x629cbeeeb750_0, 0, 32;
T_4.24 ;
    %load/vec4 v0x629cbeeeb910_0;
    %load/vec4 v0x629cbeeeb9b0_0;
    %concat/vec4; draw_concat_vec4
    %load/vec4 v0x629cbeeec110_0;
    %cmp/ne;
    %jmp/0xz  T_4.26, 4;
    %vpi_call/w 3 289 "$display", "***ERROR: Racing Condition Occur" {0 0 0};
    %load/vec4 v0x629cbeeeb750_0;
    %addi 1, 0, 32;
    %store/vec4 v0x629cbeeeb750_0, 0, 32;
T_4.26 ;
    %end;
S_0x629cbeeea9c0 .scope task, "force_release" "force_release" 3 97, 3 97 0, S_0x629cbeebcc20;
 .timescale -9 -11;
TD_tb_jkff_posedge_sync_clear.force_release ;
    %delay 11, 0;
    %pushi/vec4 0, 0, 1;
    %force/vec4 v0x629cbeeebc90_0;
    %pushi/vec4 1, 0, 1;
    %force/vec4 v0x629cbeeebb20_0;
    %delay 1000, 0;
    %release/net v0x629cbeeebc90_0, 0, 1;
    %release/net v0x629cbeeebb20_0, 0, 1;
    %end;
S_0x629cbeeeaba0 .scope task, "initialize" "initialize" 3 67, 3 67 0, S_0x629cbeebcc20;
 .timescale -9 -11;
TD_tb_jkff_posedge_sync_clear.initialize ;
    %vpi_func 3 69 "$fopen" 32, "tb_jkff_posedge_sync_clear.tv", "r" {0 0 0};
    %store/vec4 v0x629cbeeeb830_0, 0, 32;
    %vpi_func 3 70 "$fscanf" 32, v0x629cbeeeb830_0, "%s", v0x629cbeeeb390_0 {0 0 0};
    %store/vec4 v0x629cbeeeb620_0, 0, 32;
    %vpi_func 3 72 "$fscanf" 32, v0x629cbeeeb830_0, "%s %b %b %s %s", v0x629cbeeeb390_0, v0x629cbeeeb910_0, v0x629cbeeeb9b0_0, v0x629cbeeeb450_0, v0x629cbeeeb540_0 {0 0 0};
    %store/vec4 v0x629cbeeeb620_0, 0, 32;
    %pushi/vec4 0, 0, 1;
    %store/vec4 v0x629cbeeebd60_0, 0, 1;
    %pushi/vec4 0, 0, 32;
    %store/vec4 v0x629cbeeebe30_0, 0, 32;
    %pushi/vec4 0, 0, 32;
    %store/vec4 v0x629cbeeeb750_0, 0, 32;
    %pushi/vec4 0, 0, 32;
    %store/vec4 v0x629cbeeebf70_0, 0, 32;
T_6.28 ;
    %load/vec4 v0x629cbeeebf70_0;
    %cmpi/s 16, 0, 32;
    %jmp/0xz T_6.29, 5;
    %pushi/vec4 0, 0, 32;
    %ix/getv/s 4, v0x629cbeeebf70_0;
    %store/vec4a v0x629cbeeec050, 4, 0;
    ; show_stmt_assign_vector: Get l-value for compressed += operand
    %load/vec4 v0x629cbeeebf70_0;
    %pushi/vec4 1, 0, 32;
    %add;
    %cast2;
    %store/vec4 v0x629cbeeebf70_0, 0, 32;
    %jmp T_6.28;
T_6.29 ;
    %pushi/vec4 0, 0, 1;
    %store/vec4 v0x629cbeeebed0_0, 0, 1;
    %pushi/vec4 1, 0, 1;
    %store/vec4 v0x629cbeeeb2d0_0, 0, 1;
    %vpi_call/w 3 84 "$display" {0 0 0};
    %vpi_call/w 3 85 "$display", "TEST_START------------------------------------------------------------------------------------------------------------------------" {0 0 0};
    %vpi_call/w 3 86 "$display" {0 0 0};
    %vpi_call/w 3 87 "$display", "                     | TIME | J | K | Q_beh   | QEXPECTED | QBAREXPECTED | CLRBAR |" {0 0 0};
    %vpi_call/w 3 88 "$display", "----------------------------------------------------------------------------------------------------------------------------------" {0 0 0};
    %end;
S_0x629cbeeead80 .scope task, "random_in" "random_in" 3 125, 3 125 0, S_0x629cbeebcc20;
 .timescale -9 -11;
TD_tb_jkff_posedge_sync_clear.random_in ;
    %vpi_func 3 128 "$urandom" 32 {0 0 0};
    %pushi/vec4 2, 0, 32;
    %mod;
    %pad/u 1;
    %store/vec4 v0x629cbeeeb910_0, 0, 1;
    %vpi_func 3 129 "$urandom" 32 {0 0 0};
    %pushi/vec4 2, 0, 32;
    %mod;
    %pad/u 1;
    %store/vec4 v0x629cbeeeb9b0_0, 0, 1;
    %load/vec4 v0x629cbeeeb910_0;
    %load/vec4 v0x629cbeeeb9b0_0;
    %concat/vec4; draw_concat_vec4
    %dup/vec4;
    %pushi/vec4 0, 0, 2;
    %cmp/u;
    %jmp/1 T_7.30, 6;
    %dup/vec4;
    %pushi/vec4 1, 0, 2;
    %cmp/u;
    %jmp/1 T_7.31, 6;
    %dup/vec4;
    %pushi/vec4 2, 0, 2;
    %cmp/u;
    %jmp/1 T_7.32, 6;
    %dup/vec4;
    %pushi/vec4 3, 0, 2;
    %cmp/u;
    %jmp/1 T_7.33, 6;
    %jmp T_7.34;
T_7.30 ;
    %load/vec4 v0x629cbeeec430_0;
    %load/vec4 v0x629cbeeec370_0;
    %concat/vec4; draw_concat_vec4
    %cmpi/e 3, 0, 2;
    %jmp/1 T_7.37, 4;
    %flag_mov 8, 4;
    %load/vec4 v0x629cbeeec430_0;
    %load/vec4 v0x629cbeeec370_0;
    %concat/vec4; draw_concat_vec4
    %cmpi/e 0, 0, 2;
    %flag_or 4, 8;
T_7.37;
    %flag_mov 8, 4;
    %jmp/0 T_7.35, 8;
    %pushi/vec4 18764, 0, 32; draw_string_vec4
    %pushi/vec4 1279608641, 0, 32; draw_string_vec4
    %concat/vec4; draw_string_vec4
    %pushi/vec4 76, 0, 8; draw_string_vec4
    %concat/vec4; draw_string_vec4
    %jmp/1 T_7.36, 8;
T_7.35 ; End of true expr.
    %pushi/vec4 1313824579, 0, 32; draw_string_vec4
    %pushi/vec4 1212239431, 0, 32; draw_string_vec4
    %concat/vec4; draw_string_vec4
    %pushi/vec4 69, 0, 8; draw_string_vec4
    %concat/vec4; draw_string_vec4
    %jmp/0 T_7.36, 8;
 ; End of false expr.
    %blend;
T_7.36;
    %store/vec4 v0x629cbeeeb390_0, 0, 72;
    %jmp T_7.34;
T_7.31 ;
    %pushi/vec4 0, 0, 32; draw_string_vec4
    %pushi/vec4 1380275013, 0, 32; draw_string_vec4
    %concat/vec4; draw_string_vec4
    %pushi/vec4 84, 0, 8; draw_string_vec4
    %concat/vec4; draw_string_vec4
    %store/vec4 v0x629cbeeeb390_0, 0, 72;
    %jmp T_7.34;
T_7.32 ;
    %pushi/vec4 0, 0, 32; draw_string_vec4
    %pushi/vec4 21317, 0, 32; draw_string_vec4
    %concat/vec4; draw_string_vec4
    %pushi/vec4 84, 0, 8; draw_string_vec4
    %concat/vec4; draw_string_vec4
    %store/vec4 v0x629cbeeeb390_0, 0, 72;
    %jmp T_7.34;
T_7.33 ;
    %load/vec4 v0x629cbeeec430_0;
    %load/vec4 v0x629cbeeec370_0;
    %concat/vec4; draw_concat_vec4
    %cmpi/e 3, 0, 2;
    %jmp/1 T_7.40, 4;
    %flag_mov 8, 4;
    %load/vec4 v0x629cbeeec430_0;
    %load/vec4 v0x629cbeeec370_0;
    %concat/vec4; draw_concat_vec4
    %cmpi/e 0, 0, 2;
    %flag_or 4, 8;
T_7.40;
    %flag_mov 8, 4;
    %jmp/0 T_7.38, 8;
    %pushi/vec4 18764, 0, 32; draw_string_vec4
    %pushi/vec4 1279608641, 0, 32; draw_string_vec4
    %concat/vec4; draw_string_vec4
    %pushi/vec4 76, 0, 8; draw_string_vec4
    %concat/vec4; draw_string_vec4
    %jmp/1 T_7.39, 8;
T_7.38 ; End of true expr.
    %pushi/vec4 21061, 0, 32; draw_string_vec4
    %pushi/vec4 1447383635, 0, 32; draw_string_vec4
    %concat/vec4; draw_string_vec4
    %pushi/vec4 69, 0, 8; draw_string_vec4
    %concat/vec4; draw_string_vec4
    %jmp/0 T_7.39, 8;
 ; End of false expr.
    %blend;
T_7.39;
    %store/vec4 v0x629cbeeeb390_0, 0, 72;
    %jmp T_7.34;
T_7.34 ;
    %pop/vec4 1;
    %pushi/real 1717986918, 4062; load=0.100000
    %pushi/real 1677722, 4040; load=0.100000
    %add/wr;
    %vpi_func 3 141 "$urandom_range" 32, W<0,r>, 32'sb00000000000000000000000000001010 {0 1 0};
    %pad/u 64;
    %muli 100, 0, 64;
    %ix/vec4 4;
    %delayx 4;
    %end;
S_0x629cbeeeaf60 .scope task, "scan_file" "scan_file" 3 114, 3 114 0, S_0x629cbeebcc20;
 .timescale -9 -11;
TD_tb_jkff_posedge_sync_clear.scan_file ;
    %vpi_func 3 117 "$fscanf" 32, v0x629cbeeeb830_0, "%s %b %b %b %b", v0x629cbeeeb390_0, v0x629cbeeeb910_0, v0x629cbeeeb9b0_0, v0x629cbeeebbf0_0, v0x629cbeeeba80_0 {0 0 0};
    %store/vec4 v0x629cbeeeb620_0, 0, 32;
    %load/vec4 v0x629cbeeeb620_0;
    %pushi/vec4 4294967295, 0, 32;
    %cmp/e;
    %flag_get/vec4 4;
    %store/vec4 v0x629cbeeebed0_0, 0, 1;
    %end;
S_0x629cbeeeb0f0 .scope task, "vectorcount" "vectorcount" 3 234, 3 234 0, S_0x629cbeebcc20;
 .timescale -9 -11;
TD_tb_jkff_posedge_sync_clear.vectorcount ;
    %load/vec4 v0x629cbeeebe30_0;
    %addi 1, 0, 32;
    %store/vec4 v0x629cbeeebe30_0, 0, 32;
    %end;
    .scope S_0x629cbeecb340;
T_10 ;
    %wait E_0x629cbeebdd20;
    %load/vec4 v0x629cbeeea330_0;
    %inv;
    %flag_set/vec4 8;
    %jmp/0xz  T_10.0, 8;
    %pushi/vec4 0, 0, 1;
    %assign/vec4 v0x629cbeeea550_0, 0;
    %jmp T_10.1;
T_10.0 ;
    %load/vec4 v0x629cbeeea3f0_0;
    %load/vec4 v0x629cbeeea490_0;
    %concat/vec4; draw_concat_vec4
    %dup/vec4;
    %pushi/vec4 0, 0, 2;
    %cmp/u;
    %jmp/1 T_10.2, 6;
    %dup/vec4;
    %pushi/vec4 1, 0, 2;
    %cmp/u;
    %jmp/1 T_10.3, 6;
    %dup/vec4;
    %pushi/vec4 2, 0, 2;
    %cmp/u;
    %jmp/1 T_10.4, 6;
    %dup/vec4;
    %pushi/vec4 3, 0, 2;
    %cmp/u;
    %jmp/1 T_10.5, 6;
    %jmp T_10.6;
T_10.2 ;
    %load/vec4 v0x629cbeeea550_0;
    %assign/vec4 v0x629cbeeea550_0, 0;
    %jmp T_10.6;
T_10.3 ;
    %pushi/vec4 0, 0, 1;
    %assign/vec4 v0x629cbeeea550_0, 0;
    %jmp T_10.6;
T_10.4 ;
    %pushi/vec4 1, 0, 1;
    %assign/vec4 v0x629cbeeea550_0, 0;
    %jmp T_10.6;
T_10.5 ;
    %load/vec4 v0x629cbeeea550_0;
    %inv;
    %assign/vec4 v0x629cbeeea550_0, 0;
    %jmp T_10.6;
T_10.6 ;
    %pop/vec4 1;
T_10.1 ;
    %jmp T_10;
    .thread T_10;
    .scope S_0x629cbeebcc20;
T_11 ;
    %vpi_call/w 3 39 "$dumpfile", "tb_jkff_posedge_sync_clear.vcd" {0 0 0};
    %vpi_call/w 3 40 "$dumpvars", 32'sb00000000000000000000000000000000, S_0x629cbeebcc20 {0 0 0};
    %end;
    .thread T_11;
    .scope S_0x629cbeebcc20;
T_12 ;
    %delay 1000, 0;
    %load/vec4 v0x629cbeeebd60_0;
    %inv;
    %store/vec4 v0x629cbeeebd60_0, 0, 1;
    %jmp T_12;
    .thread T_12;
    .scope S_0x629cbeebcc20;
T_13 ;
    %delay 2000, 0;
    %load/vec4 v0x629cbeeeb2d0_0;
    %inv;
    %store/vec4 v0x629cbeeeb2d0_0, 0, 1;
    %jmp T_13;
    .thread T_13;
    .scope S_0x629cbeebcc20;
T_14 ;
    %fork TD_tb_jkff_posedge_sync_clear.initialize, S_0x629cbeeeaba0;
    %join;
    %wait E_0x629cbeebdd20;
    %fork TD_tb_jkff_posedge_sync_clear.force_release, S_0x629cbeeea9c0;
    %join;
    %end;
    .thread T_14;
    .scope S_0x629cbeebcc20;
T_15 ;
    %wait E_0x629cbeebdac0;
    %delay 500, 0;
    %load/vec4 v0x629cbeeebed0_0;
    %nor/r;
    %flag_set/vec4 8;
    %jmp/0xz  T_15.0, 8;
    %fork TD_tb_jkff_posedge_sync_clear.scan_file, S_0x629cbeeeaf60;
    %join;
T_15.0 ;
    %jmp T_15;
    .thread T_15;
    .scope S_0x629cbeebcc20;
T_16 ;
    %wait E_0x629cbeebdd20;
    %fork TD_tb_jkff_posedge_sync_clear.coverage_update, S_0x629cbeecb020;
    %join;
    %load/vec4 v0x629cbeeeb910_0;
    %load/vec4 v0x629cbeeeb9b0_0;
    %concat/vec4; draw_concat_vec4
    %store/vec4 v0x629cbeeec110_0, 0, 2;
    %delay 10, 0;
    %fork TD_tb_jkff_posedge_sync_clear.QEXP, S_0x629cbee66490;
    %join;
    %fork TD_tb_jkff_posedge_sync_clear.display_file, S_0x629cbeecb1b0;
    %join;
    %fork TD_tb_jkff_posedge_sync_clear.errors_check, S_0x629cbeeea7e0;
    %join;
    %fork TD_tb_jkff_posedge_sync_clear.vectorcount, S_0x629cbeeeb0f0;
    %join;
    %delay 2, 0;
    %load/vec4 v0x629cbeeebc90_0;
    %store/vec4 v0x629cbeeec430_0, 0, 1;
    %load/vec4 v0x629cbeeebb20_0;
    %store/vec4 v0x629cbeeec370_0, 0, 1;
    %load/vec4 v0x629cbeeebbf0_0;
    %store/vec4 v0x629cbeeec1f0_0, 0, 1;
    %load/vec4 v0x629cbeeeba80_0;
    %store/vec4 v0x629cbeeec2b0_0, 0, 1;
    %jmp T_16;
    .thread T_16;
    .scope S_0x629cbeebcc20;
T_17 ;
T_17.0 ;
    %load/vec4 v0x629cbeeebed0_0;
    %cmpi/ne 1, 0, 1;
    %jmp/0xz T_17.1, 6;
    %wait E_0x629cbeebd350;
    %jmp T_17.0;
T_17.1 ;
    %vpi_call/w 3 362 "$display" {0 0 0};
    %vpi_call/w 3 363 "$display", "%13s ***time = %0d,eof ***", "\000", $time {0 0 0};
    %vpi_call/w 3 364 "$display" {0 0 0};
    %pushi/vec4 0, 0, 32;
    %store/vec4 v0x629cbeeebf70_0, 0, 32;
T_17.2 ;
    %load/vec4 v0x629cbeeebf70_0;
    %cmpi/s 50, 0, 32;
    %jmp/0xz T_17.3, 5;
    %load/vec4 v0x629cbeeeb910_0;
    %pad/u 32;
    %cmpi/e 1, 0, 32;
    %flag_get/vec4 4;
    %jmp/0 T_17.6, 4;
    %load/vec4 v0x629cbeeeb9b0_0;
    %pad/u 32;
    %pushi/vec4 2, 0, 32;
    %cmp/e;
    %flag_get/vec4 4;
    %and;
T_17.6;
    %flag_set/vec4 8;
    %jmp/0xz  T_17.4, 8;
    %fork TD_tb_jkff_posedge_sync_clear.vectorcount, S_0x629cbeeeb0f0;
    %join;
    %fork TD_tb_jkff_posedge_sync_clear.close, S_0x629cbee66670;
    %join;
    %jmp T_17.5;
T_17.4 ;
    %fork TD_tb_jkff_posedge_sync_clear.random_in, S_0x629cbeeead80;
    %join;
T_17.5 ;
    ; show_stmt_assign_vector: Get l-value for compressed += operand
    %load/vec4 v0x629cbeeebf70_0;
    %pushi/vec4 1, 0, 32;
    %add;
    %cast2;
    %store/vec4 v0x629cbeeebf70_0, 0, 32;
    %jmp T_17.2;
T_17.3 ;
    %fork TD_tb_jkff_posedge_sync_clear.close, S_0x629cbee66670;
    %join;
    %end;
    .thread T_17;
# The file index is used to find the file name in the following table.
:file_names 5;
    "N/A";
    "<interactive>";
    "-";
    "tb_jkff_posedge_sync_clear.v";
    "jkff_posedge_sync_clear.v";
