#! /usr/bin/vvp
:ivl_version "12.0 (stable)";
:ivl_delay_selection "TYPICAL";
:vpi_time_precision + 0;
:vpi_module "/usr/lib/x86_64-linux-gnu/ivl/system.vpi";
:vpi_module "/usr/lib/x86_64-linux-gnu/ivl/vhdl_sys.vpi";
:vpi_module "/usr/lib/x86_64-linux-gnu/ivl/vhdl_textio.vpi";
:vpi_module "/usr/lib/x86_64-linux-gnu/ivl/v2005_math.vpi";
:vpi_module "/usr/lib/x86_64-linux-gnu/ivl/va_math.vpi";
:vpi_module "/usr/lib/x86_64-linux-gnu/ivl/v2009.vpi";
S_0x5b5833e92e40 .scope package, "$unit" "$unit" 2 1;
 .timescale 0 0;
S_0x5b5833e92fd0 .scope module, "tb_multiplexer_1bit_8to1" "tb_multiplexer_1bit_8to1" 3 1;
 .timescale 0 0;
P_0x5b5833e93160 .param/l "TICKPERIOD" 1 3 39, +C4<00000000000000000000000000010100>;
v0x5b5833ebf900_0 .var "A", 0 0;
v0x5b5833ebf9c0_0 .var "B", 0 0;
v0x5b5833ebfa90_0 .var "C", 0 0;
v0x5b5833ebfb90_0 .var "COMMENT", 247 0;
v0x5b5833ebfc30_0 .var/i "COUNT", 31 0;
v0x5b5833ebfd20_0 .var "D", 7 0;
v0x5b5833ebfde0_0 .var "ERRORS", 31 0;
v0x5b5833ebfea0_0 .var/i "FD", 31 0;
v0x5b5833ebff80_0 .var "TICK", 0 0;
v0x5b5833ec0040_0 .var "VECTORCOUNT", 31 0;
v0x5b5833ec0120_0 .net "W", 0 0, L_0x5b5833ec0660;  1 drivers
v0x5b5833ec01f0_0 .var "W_EXPECTED", 0 0;
v0x5b5833ec0290_0 .net "Y", 0 0, v0x5b5833ebee70_0;  1 drivers
v0x5b5833ec0360_0 .var "Y_EXPECTED", 0 0;
v0x5b5833ec0400_0 .var "eof", 0 0;
v0x5b5833ec04c0_0 .var/2s "i", 31 0;
v0x5b5833ec05a0 .array "input_coverage", 7 0, 31 0;
E_0x5b5833e93d60 .event anyedge, v0x5b5833ec0400_0;
E_0x5b5833e942a0 .event posedge, v0x5b5833ebff80_0;
E_0x5b5833e94080 .event negedge, v0x5b5833ebff80_0;
S_0x5b5833e44490 .scope task, "OUT_EXP" "OUT_EXP" 3 108, 3 108 0, S_0x5b5833e92fd0;
 .timescale 0 0;
TD_tb_multiplexer_1bit_8to1.OUT_EXP ;
    %load/vec4 v0x5b5833ebf900_0;
    %load/vec4 v0x5b5833ebf9c0_0;
    %concat/vec4; draw_concat_vec4
    %load/vec4 v0x5b5833ebfa90_0;
    %concat/vec4; draw_concat_vec4
    %dup/vec4;
    %pushi/vec4 0, 0, 3;
    %cmp/u;
    %jmp/1 T_0.0, 6;
    %dup/vec4;
    %pushi/vec4 1, 0, 3;
    %cmp/u;
    %jmp/1 T_0.1, 6;
    %dup/vec4;
    %pushi/vec4 2, 0, 3;
    %cmp/u;
    %jmp/1 T_0.2, 6;
    %dup/vec4;
    %pushi/vec4 3, 0, 3;
    %cmp/u;
    %jmp/1 T_0.3, 6;
    %dup/vec4;
    %pushi/vec4 4, 0, 3;
    %cmp/u;
    %jmp/1 T_0.4, 6;
    %dup/vec4;
    %pushi/vec4 5, 0, 3;
    %cmp/u;
    %jmp/1 T_0.5, 6;
    %dup/vec4;
    %pushi/vec4 6, 0, 3;
    %cmp/u;
    %jmp/1 T_0.6, 6;
    %dup/vec4;
    %pushi/vec4 7, 0, 3;
    %cmp/u;
    %jmp/1 T_0.7, 6;
    %jmp T_0.8;
T_0.0 ;
    %load/vec4 v0x5b5833ebfd20_0;
    %parti/s 1, 0, 2;
    %store/vec4 v0x5b5833ec0360_0, 0, 1;
    %jmp T_0.8;
T_0.1 ;
    %load/vec4 v0x5b5833ebfd20_0;
    %parti/s 1, 1, 2;
    %store/vec4 v0x5b5833ec0360_0, 0, 1;
    %jmp T_0.8;
T_0.2 ;
    %load/vec4 v0x5b5833ebfd20_0;
    %parti/s 1, 2, 3;
    %store/vec4 v0x5b5833ec0360_0, 0, 1;
    %jmp T_0.8;
T_0.3 ;
    %load/vec4 v0x5b5833ebfd20_0;
    %parti/s 1, 3, 3;
    %store/vec4 v0x5b5833ec0360_0, 0, 1;
    %jmp T_0.8;
T_0.4 ;
    %load/vec4 v0x5b5833ebfd20_0;
    %parti/s 1, 4, 4;
    %store/vec4 v0x5b5833ec0360_0, 0, 1;
    %jmp T_0.8;
T_0.5 ;
    %load/vec4 v0x5b5833ebfd20_0;
    %parti/s 1, 5, 4;
    %store/vec4 v0x5b5833ec0360_0, 0, 1;
    %jmp T_0.8;
T_0.6 ;
    %load/vec4 v0x5b5833ebfd20_0;
    %parti/s 1, 6, 4;
    %store/vec4 v0x5b5833ec0360_0, 0, 1;
    %jmp T_0.8;
T_0.7 ;
    %load/vec4 v0x5b5833ebfd20_0;
    %parti/s 1, 7, 4;
    %store/vec4 v0x5b5833ec0360_0, 0, 1;
    %jmp T_0.8;
T_0.8 ;
    %pop/vec4 1;
    %load/vec4 v0x5b5833ec0360_0;
    %inv;
    %store/vec4 v0x5b5833ec01f0_0, 0, 1;
    %end;
S_0x5b5833e44670 .scope task, "close" "close" 3 132, 3 132 0, S_0x5b5833e92fd0;
 .timescale 0 0;
TD_tb_multiplexer_1bit_8to1.close ;
    %delay 10, 0;
    %vpi_call/w 3 136 "$fclose", v0x5b5833ebfea0_0 {0 0 0};
    %vpi_call/w 3 138 "$display" {0 0 0};
    %vpi_call/w 3 139 "$display", "COVERAGE_REPORT" {0 0 0};
    %fork t_1, S_0x5b5833e9f020;
    %jmp t_0;
    .scope S_0x5b5833e9f020;
t_1 ;
    %pushi/vec4 0, 0, 32;
    %store/vec4 v0x5b5833e45030_0, 0, 32;
T_1.9 ;
    %load/vec4 v0x5b5833e45030_0;
    %cmpi/s 8, 0, 32;
    %jmp/0xz T_1.10, 5;
    %ix/getv/s 4, v0x5b5833e45030_0;
    %load/vec4a v0x5b5833ec05a0, 4;
    %cmpi/e 0, 0, 32;
    %jmp/0xz  T_1.11, 4;
    %vpi_call/w 3 145 "$display", "input A = %b, B = %b, C= %b has occured %d times ***ERROR***", &PV<v0x5b5833e45030_0, 2, 1>, &PV<v0x5b5833e45030_0, 1, 1>, &PV<v0x5b5833e45030_0, 0, 1>, &A<v0x5b5833ec05a0, v0x5b5833e45030_0 > {0 0 0};
    %load/vec4 v0x5b5833ebfde0_0;
    %addi 1, 0, 32;
    %store/vec4 v0x5b5833ebfde0_0, 0, 32;
    %jmp T_1.12;
T_1.11 ;
    %vpi_call/w 3 150 "$display", "input A = %b, B = %b, C= %b has occured %d times", &PV<v0x5b5833e45030_0, 2, 1>, &PV<v0x5b5833e45030_0, 1, 1>, &PV<v0x5b5833e45030_0, 0, 1>, &A<v0x5b5833ec05a0, v0x5b5833e45030_0 > {0 0 0};
T_1.12 ;
    ; show_stmt_assign_vector: Get l-value for compressed += operand
    %load/vec4 v0x5b5833e45030_0;
    %pushi/vec4 1, 0, 32;
    %add;
    %cast2;
    %store/vec4 v0x5b5833e45030_0, 0, 32;
    %jmp T_1.9;
T_1.10 ;
    %end;
    .scope S_0x5b5833e44670;
t_0 %join;
    %vpi_call/w 3 156 "$display" {0 0 0};
    %vpi_call/w 3 157 "$display", "VECTORCOUNT = %d", v0x5b5833ec0040_0 {0 0 0};
    %vpi_call/w 3 158 "$display", "ERRORS = %15d", v0x5b5833ebfde0_0 {0 0 0};
    %vpi_call/w 3 159 "$display" {0 0 0};
    %vpi_call/w 3 160 "$display", "TEST_END--------------------------------------------------------------------------------------------------------------------------" {0 0 0};
    %vpi_call/w 3 161 "$display" {0 0 0};
    %vpi_call/w 3 163 "$finish" {0 0 0};
    %end;
S_0x5b5833e9f020 .scope begin, "$ivl_for_loop0" "$ivl_for_loop0" 3 141, 3 141 0, S_0x5b5833e44670;
 .timescale 0 0;
v0x5b5833e45030_0 .var/2s "j", 31 0;
S_0x5b5833ebe350 .scope task, "coverage_update" "coverage_update" 3 190, 3 190 0, S_0x5b5833e92fd0;
 .timescale 0 0;
TD_tb_multiplexer_1bit_8to1.coverage_update ;
    ; show_stmt_assign_vector: Get l-value for compressed += operand
    %load/vec4 v0x5b5833ebf900_0;
    %load/vec4 v0x5b5833ebf9c0_0;
    %concat/vec4; draw_concat_vec4
    %load/vec4 v0x5b5833ebfa90_0;
    %concat/vec4; draw_concat_vec4
    %pad/u 5;
    %ix/vec4 4;
    %flag_mov 8, 4;
    %load/vec4a v0x5b5833ec05a0, 4;
    %pushi/vec4 1, 0, 32;
    %add;
    %flag_mov 4, 8;
    %store/vec4a v0x5b5833ec05a0, 4, 0;
    %end;
S_0x5b5833ebe560 .scope task, "display_file" "display_file" 3 181, 3 181 0, S_0x5b5833e92fd0;
 .timescale 0 0;
TD_tb_multiplexer_1bit_8to1.display_file ;
    %vpi_call/w 3 183 "$display", "%10d %9s | %4d | %1b | %1b | %1b | %8b | %1b | %5b      | %1b | %5b      |", v0x5b5833ec0040_0, v0x5b5833ebfb90_0, $time, v0x5b5833ebf900_0, v0x5b5833ebf9c0_0, v0x5b5833ebfa90_0, v0x5b5833ebfd20_0, v0x5b5833ec0290_0, v0x5b5833ec0360_0, v0x5b5833ec0120_0, v0x5b5833ec01f0_0 {0 0 0};
    %end;
S_0x5b5833ebe740 .scope module, "dut_multiplexer_1bit_8to1" "multiplexer_1bit_8to1" 3 24, 4 1 0, S_0x5b5833e92fd0;
 .timescale 0 0;
    .port_info 0 /INPUT 1 "a";
    .port_info 1 /INPUT 1 "b";
    .port_info 2 /INPUT 1 "c";
    .port_info 3 /INPUT 8 "d";
    .port_info 4 /OUTPUT 1 "y";
    .port_info 5 /OUTPUT 1 "w";
L_0x5b5833ec0660 .functor NOT 1, v0x5b5833ebee70_0, C4<0>, C4<0>, C4<0>;
v0x5b5833ebea40_0 .net "a", 0 0, v0x5b5833ebf900_0;  1 drivers
v0x5b5833ebeb20_0 .net "b", 0 0, v0x5b5833ebf9c0_0;  1 drivers
v0x5b5833ebebe0_0 .net "c", 0 0, v0x5b5833ebfa90_0;  1 drivers
v0x5b5833ebec80_0 .net "d", 7 0, v0x5b5833ebfd20_0;  1 drivers
v0x5b5833ebed60_0 .net "w", 0 0, L_0x5b5833ec0660;  alias, 1 drivers
v0x5b5833ebee70_0 .var "y", 0 0;
E_0x5b5833e68780 .event anyedge, v0x5b5833ebec80_0, v0x5b5833ebebe0_0, v0x5b5833ebeb20_0, v0x5b5833ebea40_0;
S_0x5b5833ebeff0 .scope task, "errors_warnings_check" "errors_warnings_check" 3 202, 3 202 0, S_0x5b5833e92fd0;
 .timescale 0 0;
TD_tb_multiplexer_1bit_8to1.errors_warnings_check ;
    %load/vec4 v0x5b5833ec0290_0;
    %load/vec4 v0x5b5833ec0360_0;
    %cmp/ne;
    %jmp/0xz  T_4.13, 6;
    %vpi_call/w 3 207 "$display", "***ERROR: Y = %b, Y_expected = %b", v0x5b5833ec0290_0, v0x5b5833ec0360_0 {0 0 0};
    %load/vec4 v0x5b5833ebfde0_0;
    %addi 1, 0, 32;
    %store/vec4 v0x5b5833ebfde0_0, 0, 32;
T_4.13 ;
    %load/vec4 v0x5b5833ec0120_0;
    %load/vec4 v0x5b5833ec01f0_0;
    %cmp/ne;
    %jmp/0xz  T_4.15, 6;
    %vpi_call/w 3 214 "$display", "***ERROR: W = %b, W_expected = %b", v0x5b5833ec0120_0, v0x5b5833ec01f0_0 {0 0 0};
    %load/vec4 v0x5b5833ebfde0_0;
    %addi 1, 0, 32;
    %store/vec4 v0x5b5833ebfde0_0, 0, 32;
T_4.15 ;
    %end;
S_0x5b5833ebf1d0 .scope task, "initialize" "initialize" 3 53, 3 53 0, S_0x5b5833e92fd0;
 .timescale 0 0;
TD_tb_multiplexer_1bit_8to1.initialize ;
    %vpi_func 3 55 "$fopen" 32, "tb_multiplexer_1bit_8to1.tv", "r" {0 0 0};
    %store/vec4 v0x5b5833ebfea0_0, 0, 32;
    %vpi_func 3 56 "$fscanf" 32, v0x5b5833ebfea0_0, "%s", v0x5b5833ebfb90_0 {0 0 0};
    %store/vec4 v0x5b5833ebfc30_0, 0, 32;
    %vpi_func 3 58 "$fscanf" 32, v0x5b5833ebfea0_0, "%s %b %b %b %b %b %b ", v0x5b5833ebfb90_0, v0x5b5833ebf900_0, v0x5b5833ebf9c0_0, v0x5b5833ebfa90_0, v0x5b5833ebfd20_0, v0x5b5833ec0360_0, v0x5b5833ec01f0_0 {0 0 0};
    %store/vec4 v0x5b5833ebfc30_0, 0, 32;
    %pushi/vec4 0, 0, 1;
    %store/vec4 v0x5b5833ebff80_0, 0, 1;
    %pushi/vec4 0, 0, 32;
    %store/vec4 v0x5b5833ec0040_0, 0, 32;
    %pushi/vec4 0, 0, 32;
    %store/vec4 v0x5b5833ebfde0_0, 0, 32;
    %pushi/vec4 0, 0, 32;
    %store/vec4 v0x5b5833ec04c0_0, 0, 32;
T_5.17 ;
    %load/vec4 v0x5b5833ec04c0_0;
    %cmpi/s 8, 0, 32;
    %jmp/0xz T_5.18, 5;
    %pushi/vec4 0, 0, 32;
    %ix/getv/s 4, v0x5b5833ec04c0_0;
    %store/vec4a v0x5b5833ec05a0, 4, 0;
    ; show_stmt_assign_vector: Get l-value for compressed += operand
    %load/vec4 v0x5b5833ec04c0_0;
    %pushi/vec4 1, 0, 32;
    %add;
    %cast2;
    %store/vec4 v0x5b5833ec04c0_0, 0, 32;
    %jmp T_5.17;
T_5.18 ;
    %pushi/vec4 0, 0, 1;
    %store/vec4 v0x5b5833ec0400_0, 0, 1;
    %vpi_call/w 3 70 "$display" {0 0 0};
    %vpi_call/w 3 71 "$display", "TEST_START-------------------------------------------------------------------------------------------------------------------------------------" {0 0 0};
    %vpi_call/w 3 72 "$display" {0 0 0};
    %vpi_call/w 3 73 "$display", "                     | TIME | A | B | C |    D     | Y | Y_EXPECTED | W | W_EXPECTED |" {0 0 0};
    %vpi_call/w 3 74 "$display", "-----------------------------------------------------------------------------------------------------------------------------------------------" {0 0 0};
    %end;
S_0x5b5833ebf3b0 .scope task, "random_in" "random_in" 3 93, 3 93 0, S_0x5b5833e92fd0;
 .timescale 0 0;
TD_tb_multiplexer_1bit_8to1.random_in ;
    %vpi_func 3 96 "$urandom" 32 {0 0 0};
    %pushi/vec4 8, 0, 32;
    %mod;
    %pad/u 3;
    %split/vec4 1;
    %store/vec4 v0x5b5833ebfa90_0, 0, 1;
    %split/vec4 1;
    %store/vec4 v0x5b5833ebf9c0_0, 0, 1;
    %store/vec4 v0x5b5833ebf900_0, 0, 1;
    %vpi_func 3 97 "$urandom" 32 {0 0 0};
    %pushi/vec4 256, 0, 32;
    %mod;
    %pad/u 8;
    %store/vec4 v0x5b5833ebfd20_0, 0, 8;
    %pushi/vec4 0, 0, 32; draw_string_vec4
    %pushi/vec4 0, 0, 32; draw_string_vec4
    %concat/vec4; draw_string_vec4
    %pushi/vec4 0, 0, 32; draw_string_vec4
    %concat/vec4; draw_string_vec4
    %pushi/vec4 0, 0, 32; draw_string_vec4
    %concat/vec4; draw_string_vec4
    %pushi/vec4 0, 0, 32; draw_string_vec4
    %concat/vec4; draw_string_vec4
    %pushi/vec4 0, 0, 32; draw_string_vec4
    %concat/vec4; draw_string_vec4
    %pushi/vec4 0, 0, 32; draw_string_vec4
    %concat/vec4; draw_string_vec4
    %pushi/vec4 45, 0, 24; draw_string_vec4
    %concat/vec4; draw_string_vec4
    %store/vec4 v0x5b5833ebfb90_0, 0, 248;
    %pushi/real 1717986918, 4062; load=0.100000
    %pushi/real 1677722, 4040; load=0.100000
    %add/wr;
    %vpi_func 3 101 "$urandom_range" 32, W<0,r>, 32'sb00000000000000000000000000001010 {0 1 0};
    %pad/u 64;
    %muli 1, 0, 64;
    %ix/vec4 4;
    %delayx 4;
    %end;
S_0x5b5833ebf590 .scope task, "scan_file" "scan_file" 3 84, 3 84 0, S_0x5b5833e92fd0;
 .timescale 0 0;
TD_tb_multiplexer_1bit_8to1.scan_file ;
    %vpi_func 3 85 "$fscanf" 32, v0x5b5833ebfea0_0, "%s %b %b %b %b %b ", v0x5b5833ebfb90_0, v0x5b5833ebf900_0, v0x5b5833ebf9c0_0, v0x5b5833ebfa90_0, v0x5b5833ebfd20_0, v0x5b5833ec0360_0, v0x5b5833ec01f0_0 {0 0 0};
    %store/vec4 v0x5b5833ebfc30_0, 0, 32;
    %load/vec4 v0x5b5833ebfc30_0;
    %pushi/vec4 4294967295, 0, 32;
    %cmp/e;
    %flag_get/vec4 4;
    %store/vec4 v0x5b5833ec0400_0, 0, 1;
    %end;
S_0x5b5833ebf770 .scope task, "vectorcount" "vectorcount" 3 171, 3 171 0, S_0x5b5833e92fd0;
 .timescale 0 0;
TD_tb_multiplexer_1bit_8to1.vectorcount ;
    %load/vec4 v0x5b5833ec0040_0;
    %addi 1, 0, 32;
    %store/vec4 v0x5b5833ec0040_0, 0, 32;
    %end;
    .scope S_0x5b5833ebe740;
T_9 ;
    %wait E_0x5b5833e68780;
    %load/vec4 v0x5b5833ebea40_0;
    %load/vec4 v0x5b5833ebeb20_0;
    %concat/vec4; draw_concat_vec4
    %load/vec4 v0x5b5833ebebe0_0;
    %concat/vec4; draw_concat_vec4
    %dup/vec4;
    %pushi/vec4 0, 0, 3;
    %cmp/u;
    %jmp/1 T_9.0, 6;
    %dup/vec4;
    %pushi/vec4 1, 0, 3;
    %cmp/u;
    %jmp/1 T_9.1, 6;
    %dup/vec4;
    %pushi/vec4 2, 0, 3;
    %cmp/u;
    %jmp/1 T_9.2, 6;
    %dup/vec4;
    %pushi/vec4 3, 0, 3;
    %cmp/u;
    %jmp/1 T_9.3, 6;
    %dup/vec4;
    %pushi/vec4 4, 0, 3;
    %cmp/u;
    %jmp/1 T_9.4, 6;
    %dup/vec4;
    %pushi/vec4 5, 0, 3;
    %cmp/u;
    %jmp/1 T_9.5, 6;
    %dup/vec4;
    %pushi/vec4 6, 0, 3;
    %cmp/u;
    %jmp/1 T_9.6, 6;
    %dup/vec4;
    %pushi/vec4 7, 0, 3;
    %cmp/u;
    %jmp/1 T_9.7, 6;
    %jmp T_9.8;
T_9.0 ;
    %load/vec4 v0x5b5833ebec80_0;
    %parti/s 1, 0, 2;
    %store/vec4 v0x5b5833ebee70_0, 0, 1;
    %jmp T_9.8;
T_9.1 ;
    %load/vec4 v0x5b5833ebec80_0;
    %parti/s 1, 1, 2;
    %store/vec4 v0x5b5833ebee70_0, 0, 1;
    %jmp T_9.8;
T_9.2 ;
    %load/vec4 v0x5b5833ebec80_0;
    %parti/s 1, 2, 3;
    %store/vec4 v0x5b5833ebee70_0, 0, 1;
    %jmp T_9.8;
T_9.3 ;
    %load/vec4 v0x5b5833ebec80_0;
    %parti/s 1, 3, 3;
    %store/vec4 v0x5b5833ebee70_0, 0, 1;
    %jmp T_9.8;
T_9.4 ;
    %load/vec4 v0x5b5833ebec80_0;
    %parti/s 1, 4, 4;
    %store/vec4 v0x5b5833ebee70_0, 0, 1;
    %jmp T_9.8;
T_9.5 ;
    %load/vec4 v0x5b5833ebec80_0;
    %parti/s 1, 5, 4;
    %store/vec4 v0x5b5833ebee70_0, 0, 1;
    %jmp T_9.8;
T_9.6 ;
    %load/vec4 v0x5b5833ebec80_0;
    %parti/s 1, 6, 4;
    %store/vec4 v0x5b5833ebee70_0, 0, 1;
    %jmp T_9.8;
T_9.7 ;
    %load/vec4 v0x5b5833ebec80_0;
    %parti/s 1, 7, 4;
    %store/vec4 v0x5b5833ebee70_0, 0, 1;
    %jmp T_9.8;
T_9.8 ;
    %pop/vec4 1;
    %jmp T_9;
    .thread T_9, $push;
    .scope S_0x5b5833e92fd0;
T_10 ;
    %vpi_call/w 3 32 "$dumpfile", "tb_multiplexer_1bit_8to1.vcd" {0 0 0};
    %vpi_call/w 3 33 "$dumpvars", 32'sb00000000000000000000000000000000, S_0x5b5833e92fd0 {0 0 0};
    %end;
    .thread T_10;
    .scope S_0x5b5833e92fd0;
T_11 ;
    %delay 10, 0;
    %load/vec4 v0x5b5833ebff80_0;
    %inv;
    %store/vec4 v0x5b5833ebff80_0, 0, 1;
    %jmp T_11;
    .thread T_11;
    .scope S_0x5b5833e92fd0;
T_12 ;
    %fork TD_tb_multiplexer_1bit_8to1.initialize, S_0x5b5833ebf1d0;
    %join;
    %end;
    .thread T_12;
    .scope S_0x5b5833e92fd0;
T_13 ;
    %wait E_0x5b5833e94080;
    %delay 1, 0;
    %load/vec4 v0x5b5833ec0400_0;
    %nor/r;
    %flag_set/vec4 8;
    %jmp/0xz  T_13.0, 8;
    %fork TD_tb_multiplexer_1bit_8to1.scan_file, S_0x5b5833ebf590;
    %join;
T_13.0 ;
    %jmp T_13;
    .thread T_13;
    .scope S_0x5b5833e92fd0;
T_14 ;
    %wait E_0x5b5833e942a0;
    %fork TD_tb_multiplexer_1bit_8to1.coverage_update, S_0x5b5833ebe350;
    %join;
    %delay 0, 0;
    %fork TD_tb_multiplexer_1bit_8to1.OUT_EXP, S_0x5b5833e44490;
    %join;
    %fork TD_tb_multiplexer_1bit_8to1.display_file, S_0x5b5833ebe560;
    %join;
    %fork TD_tb_multiplexer_1bit_8to1.errors_warnings_check, S_0x5b5833ebeff0;
    %join;
    %fork TD_tb_multiplexer_1bit_8to1.vectorcount, S_0x5b5833ebf770;
    %join;
    %jmp T_14;
    .thread T_14;
    .scope S_0x5b5833e92fd0;
T_15 ;
T_15.0 ;
    %load/vec4 v0x5b5833ec0400_0;
    %cmpi/ne 1, 0, 1;
    %jmp/0xz T_15.1, 6;
    %wait E_0x5b5833e93d60;
    %jmp T_15.0;
T_15.1 ;
    %vpi_call/w 3 275 "$display" {0 0 0};
    %vpi_call/w 3 276 "$display", "%13s ***time = %0d,eof ***", "\000", $time {0 0 0};
    %vpi_call/w 3 277 "$display" {0 0 0};
    %pushi/vec4 0, 0, 32;
    %store/vec4 v0x5b5833ec04c0_0, 0, 32;
T_15.2 ;
    %load/vec4 v0x5b5833ec04c0_0;
    %cmpi/s 50, 0, 32;
    %jmp/0xz T_15.3, 5;
    %load/vec4 v0x5b5833ebf900_0;
    %load/vec4 v0x5b5833ebf9c0_0;
    %concat/vec4; draw_concat_vec4
    %load/vec4 v0x5b5833ebfa90_0;
    %concat/vec4; draw_concat_vec4
    %pad/u 4;
    %cmpi/e 8, 0, 4;
    %jmp/0xz  T_15.4, 4;
    %fork TD_tb_multiplexer_1bit_8to1.vectorcount, S_0x5b5833ebf770;
    %join;
    %fork TD_tb_multiplexer_1bit_8to1.close, S_0x5b5833e44670;
    %join;
    %jmp T_15.5;
T_15.4 ;
    %fork TD_tb_multiplexer_1bit_8to1.random_in, S_0x5b5833ebf3b0;
    %join;
T_15.5 ;
    ; show_stmt_assign_vector: Get l-value for compressed += operand
    %load/vec4 v0x5b5833ec04c0_0;
    %pushi/vec4 1, 0, 32;
    %add;
    %cast2;
    %store/vec4 v0x5b5833ec04c0_0, 0, 32;
    %jmp T_15.2;
T_15.3 ;
    %fork TD_tb_multiplexer_1bit_8to1.close, S_0x5b5833e44670;
    %join;
    %end;
    .thread T_15;
# The file index is used to find the file name in the following table.
:file_names 5;
    "N/A";
    "<interactive>";
    "-";
    "tb_multiplexer_1bit_8to1.v";
    "multiplexer_1bit_8to1.v";
