#! /usr/bin/vvp
:ivl_version "12.0 (stable)";
:ivl_delay_selection "TYPICAL";
:vpi_time_precision - 11;
:vpi_module "/usr/lib/x86_64-linux-gnu/ivl/system.vpi";
:vpi_module "/usr/lib/x86_64-linux-gnu/ivl/vhdl_sys.vpi";
:vpi_module "/usr/lib/x86_64-linux-gnu/ivl/vhdl_textio.vpi";
:vpi_module "/usr/lib/x86_64-linux-gnu/ivl/v2005_math.vpi";
:vpi_module "/usr/lib/x86_64-linux-gnu/ivl/va_math.vpi";
:vpi_module "/usr/lib/x86_64-linux-gnu/ivl/v2009.vpi";
S_0x60359ecbe490 .scope package, "$unit" "$unit" 2 1;
 .timescale 0 0;
S_0x60359ecbe620 .scope module, "tb_single_port_ram_synchronous" "tb_single_port_ram_synchronous" 3 3;
 .timescale -9 -11;
P_0x60359ed19f00 .param/l "ADDR_WIDTH" 0 3 25, +C4<00000000000000000000000000000100>;
P_0x60359ed19f40 .param/l "DATA_WIDTH" 0 3 25, +C4<00000000000000000000000000001000>;
P_0x60359ed19f80 .param/l "MEM_DEPTH" 0 3 25, +C4<00000000000000000000000000010000>;
P_0x60359ed19fc0 .param/l "TICKPERIOD" 1 3 45, +C4<00000000000000000000000000010100>;
v0x60359ed3d730_0 .var "ADDR", 3 0;
v0x60359ed3d810_0 .var "COMMENT", 247 0;
v0x60359ed3d8d0_0 .var/i "COUNT", 31 0;
v0x60359ed3d990_0 .var "DATA_IN", 7 0;
v0x60359ed3da80_0 .net "DATA_OUT", 7 0, L_0x60359ed1ab60;  1 drivers
v0x60359ed3db70_0 .net "DATA_OUT0", 7 0, v0x60359ed3c840_0;  1 drivers
v0x60359ed3dc40_0 .var "DATA_OUT_EXPECTED", 7 0;
v0x60359ed3dd00_0 .var "ERRORS", 31 0;
v0x60359ed3dde0_0 .var/i "FD", 31 0;
v0x60359ed3dec0_0 .var "INPUT", 1 0;
v0x60359ed3dfa0_0 .var "TICK", 0 0;
v0x60359ed3e070_0 .var "VECTORCOUNT", 31 0;
v0x60359ed3e130_0 .var "WE", 0 0;
v0x60359ed3e200_0 .var "eof", 0 0;
v0x60359ed3e2a0_0 .var/2s "i", 31 0;
v0x60359ed3e380 .array "input_coverage", 17 0, 31 0;
v0x60359ed3e440_0 .var "prev_INPUT", 1 0;
E_0x60359ed11c30 .event anyedge, v0x60359ed3e200_0;
E_0x60359ed11100 .event negedge, v0x60359ed3c650_0;
S_0x60359ed0f380 .scope task, "OUT_EXP" "OUT_EXP" 3 116, 3 116 0, S_0x60359ecbe620;
 .timescale -9 -11;
TD_tb_single_port_ram_synchronous.OUT_EXP ;
    %load/vec4 v0x60359ed3e130_0;
    %flag_set/vec4 8;
    %jmp/0xz  T_0.0, 8;
    %load/vec4 v0x60359ed3d990_0;
    %store/vec4 v0x60359ed3dc40_0, 0, 8;
T_0.0 ;
    %end;
S_0x60359ed0f510 .scope task, "close" "close" 3 129, 3 129 0, S_0x60359ecbe620;
 .timescale -9 -11;
TD_tb_single_port_ram_synchronous.close ;
    %delay 1000, 0;
    %vpi_call/w 3 133 "$fclose", v0x60359ed3dde0_0 {0 0 0};
    %vpi_call/w 3 135 "$display" {0 0 0};
    %vpi_call/w 3 136 "$display", "COVERAGE_REPORT" {0 0 0};
    %vpi_call/w 3 137 "$display" {0 0 0};
    %vpi_call/w 3 138 "$display", "for WE==0, only test two input combinations as others combination has identical behavior" {0 0 0};
    %vpi_call/w 3 139 "$display" {0 0 0};
    %fork t_1, S_0x60359ed1cb70;
    %jmp t_0;
    .scope S_0x60359ed1cb70;
t_1 ;
    %pushi/vec4 0, 0, 32;
    %store/vec4 v0x60359ed1acc0_0, 0, 32;
T_1.2 ;
    %load/vec4 v0x60359ed1acc0_0;
    %cmpi/u 31, 0, 32;
    %jmp/0xz T_1.3, 5;
    %load/vec4 v0x60359ed1acc0_0;
    %pushi/vec4 0, 0, 32;
    %cmp/e;
    %flag_get/vec4 4;
    %load/vec4 v0x60359ed1acc0_0;
    %pushi/vec4 1, 0, 32;
    %cmp/e;
    %flag_get/vec4 4;
    %or;
    %flag_set/vec4 8;
    %jmp/0xz  T_1.4, 8;
    %ix/getv/s 4, v0x60359ed1acc0_0;
    %load/vec4a v0x60359ed3e380, 4;
    %cmpi/e 0, 0, 32;
    %jmp/0xz  T_1.6, 4;
    %vpi_call/w 3 145 "$display", "input WE = %b, ADDR = %b has occured %d times ***ERROR***", &PV<v0x60359ed1acc0_0, 4, 1>, &PV<v0x60359ed1acc0_0, 0, 4>, &A<v0x60359ed3e380, v0x60359ed1acc0_0 > {0 0 0};
    %load/vec4 v0x60359ed3dd00_0;
    %addi 1, 0, 32;
    %store/vec4 v0x60359ed3dd00_0, 0, 32;
    %jmp T_1.7;
T_1.6 ;
    %vpi_call/w 3 151 "$display", "input WE = %b, ADDR = %b has occured %d times", &PV<v0x60359ed1acc0_0, 4, 1>, &PV<v0x60359ed1acc0_0, 0, 4>, &A<v0x60359ed3e380, v0x60359ed1acc0_0 > {0 0 0};
T_1.7 ;
T_1.4 ;
    %load/vec4 v0x60359ed1acc0_0;
    %cmpi/s 1, 0, 32;
    %flag_or 5, 4; GT is !LE
    %flag_inv 5;
    %flag_get/vec4 5;
    %jmp/0 T_1.10, 5;
    %load/vec4 v0x60359ed1acc0_0;
    %cmpi/u 16, 0, 32;
    %flag_get/vec4 5;
    %and;
T_1.10;
    %flag_set/vec4 8;
    %jmp/0xz  T_1.8, 8;
    %jmp T_1.9;
T_1.8 ;
    %load/vec4 v0x60359ed1acc0_0;
    %subi 16, 0, 32;
    %ix/vec4 4;
    %load/vec4a v0x60359ed3e380, 4;
    %cmpi/e 0, 0, 32;
    %jmp/0xz  T_1.11, 4;
    %load/vec4 v0x60359ed1acc0_0;
    %subi 16, 0, 32;
    %ix/vec4 4;
    %load/vec4a v0x60359ed3e380, 4;
    %vpi_call/w 3 163 "$display", "input WE = %b, ADDR = %b has occured %d times ***ERROR***", &PV<v0x60359ed1acc0_0, 4, 1>, &PV<v0x60359ed1acc0_0, 0, 4>, S<0,vec4,u32> {1 0 0};
    %load/vec4 v0x60359ed3dd00_0;
    %addi 1, 0, 32;
    %store/vec4 v0x60359ed3dd00_0, 0, 32;
    %jmp T_1.12;
T_1.11 ;
    %load/vec4 v0x60359ed1acc0_0;
    %subi 16, 0, 32;
    %ix/vec4 4;
    %load/vec4a v0x60359ed3e380, 4;
    %vpi_call/w 3 169 "$display", "input WE = %b, ADDR = %b has occured %d times", &PV<v0x60359ed1acc0_0, 4, 1>, &PV<v0x60359ed1acc0_0, 0, 4>, S<0,vec4,u32> {1 0 0};
T_1.12 ;
T_1.9 ;
    ; show_stmt_assign_vector: Get l-value for compressed += operand
    %load/vec4 v0x60359ed1acc0_0;
    %pushi/vec4 1, 0, 32;
    %add;
    %cast2;
    %store/vec4 v0x60359ed1acc0_0, 0, 32;
    %jmp T_1.2;
T_1.3 ;
    %end;
    .scope S_0x60359ed0f510;
t_0 %join;
    %vpi_call/w 3 176 "$display" {0 0 0};
    %vpi_call/w 3 177 "$display", "VECTORCOUNT = %d", v0x60359ed3e070_0 {0 0 0};
    %vpi_call/w 3 178 "$display", "ERRORS = %15d", v0x60359ed3dd00_0 {0 0 0};
    %vpi_call/w 3 179 "$display" {0 0 0};
    %vpi_call/w 3 180 "$display", "TEST_END--------------------------------------------------------------------------------------------------------------------------" {0 0 0};
    %vpi_call/w 3 181 "$display" {0 0 0};
    %vpi_call/w 3 183 "$finish" {0 0 0};
    %end;
S_0x60359ed1cb70 .scope begin, "$ivl_for_loop0" "$ivl_for_loop0" 3 140, 3 140 0, S_0x60359ed0f510;
 .timescale -9 -11;
v0x60359ed1acc0_0 .var/2s "j", 31 0;
S_0x60359ed3bba0 .scope task, "display_file" "display_file" 3 201, 3 201 0, S_0x60359ecbe620;
 .timescale -9 -11;
TD_tb_single_port_ram_synchronous.display_file ;
    %vpi_call/w 3 203 "$display", "%10d %9s | %4d | %2b | %4b | %4c    | %4c     | %9c         |", v0x60359ed3e070_0, v0x60359ed3d810_0, $time, v0x60359ed3e130_0, v0x60359ed3d730_0, v0x60359ed3d990_0, v0x60359ed3da80_0, v0x60359ed3dc40_0 {0 0 0};
    %end;
S_0x60359ed3bdb0 .scope module, "dut_single_port_ram_synchronous" "single_port_ram_synchronous" 3 30, 4 1 0, S_0x60359ecbe620;
 .timescale -9 -11;
    .port_info 0 /INPUT 1 "clk";
    .port_info 1 /INPUT 1 "we";
    .port_info 2 /INPUT 4 "addr";
    .port_info 3 /INPUT 8 "data_in";
    .port_info 4 /OUTPUT 8 "data_out";
    .port_info 5 /OUTPUT 8 "out_mem";
P_0x60359ed3bf90 .param/l "ADDR_WIDTH" 0 4 10, +C4<00000000000000000000000000000100>;
P_0x60359ed3bfd0 .param/l "DATA_WIDTH" 0 4 10, +C4<00000000000000000000000000001000>;
P_0x60359ed3c010 .param/l "MEM_DEPTH" 0 4 10, +C4<00000000000000000000000000010000>;
L_0x60359ed1ab60 .functor BUFZ 8, L_0x60359ed3e520, C4<00000000>, C4<00000000>, C4<00000000>;
v0x60359ed3c2a0_0 .net *"_ivl_0", 7 0, L_0x60359ed3e520;  1 drivers
v0x60359ed3c3a0_0 .net *"_ivl_2", 5 0, L_0x60359ed3e640;  1 drivers
L_0x7dd24f86e018 .functor BUFT 1, C4<00>, C4<0>, C4<0>, C4<0>;
v0x60359ed3c480_0 .net *"_ivl_5", 1 0, L_0x7dd24f86e018;  1 drivers
v0x60359ed3c570_0 .net "addr", 3 0, v0x60359ed3d730_0;  1 drivers
v0x60359ed3c650_0 .net "clk", 0 0, v0x60359ed3dfa0_0;  1 drivers
v0x60359ed3c760_0 .net "data_in", 7 0, v0x60359ed3d990_0;  1 drivers
v0x60359ed3c840_0 .var "data_out", 7 0;
v0x60359ed3c920 .array "mem", 0 15, 7 0;
v0x60359ed3c9e0_0 .net "out_mem", 7 0, L_0x60359ed1ab60;  alias, 1 drivers
v0x60359ed3cac0_0 .net "we", 0 0, v0x60359ed3e130_0;  1 drivers
E_0x60359ed111a0 .event posedge, v0x60359ed3c650_0;
L_0x60359ed3e520 .array/port v0x60359ed3c920, L_0x60359ed3e640;
L_0x60359ed3e640 .concat [ 4 2 0 0], v0x60359ed3d730_0, L_0x7dd24f86e018;
S_0x60359ed3cc40 .scope task, "errors_warnings_check" "errors_warnings_check" 3 220, 3 220 0, S_0x60359ecbe620;
 .timescale -9 -11;
TD_tb_single_port_ram_synchronous.errors_warnings_check ;
    %load/vec4 v0x60359ed3da80_0;
    %load/vec4 v0x60359ed3dc40_0;
    %cmp/ne;
    %jmp/0xz  T_3.13, 6;
    %vpi_call/w 3 225 "$display", "***ERROR: DATA_OUT = %b, DATA_OUT_expected = %b", v0x60359ed3da80_0, v0x60359ed3dc40_0 {0 0 0};
    %load/vec4 v0x60359ed3dd00_0;
    %addi 1, 0, 32;
    %store/vec4 v0x60359ed3dd00_0, 0, 32;
T_3.13 ;
    %load/vec4 v0x60359ed3dec0_0;
    %load/vec4 v0x60359ed3e440_0;
    %cmp/ne;
    %jmp/0xz  T_3.15, 6;
    %vpi_call/w 3 232 "$display", "***ERROR: RACING CONDITION OCCUR" {0 0 0};
    %load/vec4 v0x60359ed3dd00_0;
    %addi 1, 0, 32;
    %store/vec4 v0x60359ed3dd00_0, 0, 32;
T_3.15 ;
    %end;
S_0x60359ed3ce20 .scope task, "in_coverage_update" "in_coverage_update" 3 210, 3 210 0, S_0x60359ecbe620;
 .timescale -9 -11;
TD_tb_single_port_ram_synchronous.in_coverage_update ;
    ; show_stmt_assign_vector: Get l-value for compressed += operand
    %load/vec4 v0x60359ed3dec0_0;
    %pad/u 6;
    %ix/vec4 4;
    %flag_mov 8, 4;
    %load/vec4a v0x60359ed3e380, 4;
    %pushi/vec4 1, 0, 32;
    %add;
    %flag_mov 4, 8;
    %store/vec4a v0x60359ed3e380, 4, 0;
    %end;
S_0x60359ed3d000 .scope task, "initialize" "initialize" 3 58, 3 58 0, S_0x60359ecbe620;
 .timescale -9 -11;
TD_tb_single_port_ram_synchronous.initialize ;
    %vpi_func 3 60 "$fopen" 32, "tb_single_port_ram_synchronous.tv", "r" {0 0 0};
    %store/vec4 v0x60359ed3dde0_0, 0, 32;
    %vpi_func 3 61 "$fscanf" 32, v0x60359ed3dde0_0, "%s", v0x60359ed3d810_0 {0 0 0};
    %store/vec4 v0x60359ed3d8d0_0, 0, 32;
    %vpi_func 3 63 "$fscanf" 32, v0x60359ed3dde0_0, "%s %b %b %s %s", v0x60359ed3d810_0, v0x60359ed3e130_0, v0x60359ed3d730_0, v0x60359ed3d990_0, v0x60359ed3dc40_0 {0 0 0};
    %store/vec4 v0x60359ed3d8d0_0, 0, 32;
    %pushi/vec4 0, 0, 1;
    %store/vec4 v0x60359ed3dfa0_0, 0, 1;
    %pushi/vec4 0, 0, 32;
    %store/vec4 v0x60359ed3e070_0, 0, 32;
    %pushi/vec4 0, 0, 32;
    %store/vec4 v0x60359ed3dd00_0, 0, 32;
    %pushi/vec4 0, 0, 32;
    %store/vec4 v0x60359ed3e2a0_0, 0, 32;
T_5.17 ;
    %load/vec4 v0x60359ed3e2a0_0;
    %cmpi/s 18, 0, 32;
    %jmp/0xz T_5.18, 5;
    %pushi/vec4 0, 0, 32;
    %ix/getv/s 4, v0x60359ed3e2a0_0;
    %store/vec4a v0x60359ed3e380, 4, 0;
    ; show_stmt_assign_vector: Get l-value for compressed += operand
    %load/vec4 v0x60359ed3e2a0_0;
    %pushi/vec4 1, 0, 32;
    %add;
    %cast2;
    %store/vec4 v0x60359ed3e2a0_0, 0, 32;
    %jmp T_5.17;
T_5.18 ;
    %pushi/vec4 0, 0, 1;
    %store/vec4 v0x60359ed3e200_0, 0, 1;
    %vpi_call/w 3 74 "$display" {0 0 0};
    %vpi_call/w 3 75 "$display", "TEST_START-------------------------------------------------------------------------------------------------------------------------------------" {0 0 0};
    %vpi_call/w 3 76 "$display" {0 0 0};
    %vpi_call/w 3 77 "$display", "                                | TIME | WE | ADDR | DATA_IN | DATA_OUT | DATA_OUT_EXPECTED |" {0 0 0};
    %vpi_call/w 3 78 "$display", "-----------------------------------------------------------------------------------------------------------------------------------------------" {0 0 0};
    %end;
S_0x60359ed3d1e0 .scope task, "random_in" "random_in" 3 97, 3 97 0, S_0x60359ecbe620;
 .timescale -9 -11;
TD_tb_single_port_ram_synchronous.random_in ;
    %vpi_func 3 99 "$urandom" 32 {0 0 0};
    %pushi/vec4 2, 0, 32;
    %mod;
    %pad/u 1;
    %store/vec4 v0x60359ed3e130_0, 0, 1;
    %load/vec4 v0x60359ed3e130_0;
    %pad/u 32;
    %cmpi/e 0, 0, 32;
    %flag_mov 8, 4;
    %jmp/0 T_6.19, 8;
    %vpi_func 3 100 "$urandom" 32 {0 0 0};
    %pushi/vec4 2, 0, 32;
    %mod;
    %jmp/1 T_6.20, 8;
T_6.19 ; End of true expr.
    %vpi_func 3 100 "$urandom" 32 {0 0 0};
    %pushi/vec4 16, 0, 32;
    %mod;
    %jmp/0 T_6.20, 8;
 ; End of false expr.
    %blend;
T_6.20;
    %pad/u 4;
    %store/vec4 v0x60359ed3d730_0, 0, 4;
    %vpi_func 3 101 "$urandom_range" 32, 32'sb00000000000000000000000000100000, 32'sb00000000000000000000000001111110 {0 0 0};
    %pad/u 8;
    %store/vec4 v0x60359ed3d990_0, 0, 8;
    %pushi/vec4 0, 0, 32; draw_string_vec4
    %pushi/vec4 0, 0, 32; draw_string_vec4
    %concat/vec4; draw_string_vec4
    %pushi/vec4 0, 0, 32; draw_string_vec4
    %concat/vec4; draw_string_vec4
    %pushi/vec4 0, 0, 32; draw_string_vec4
    %concat/vec4; draw_string_vec4
    %pushi/vec4 0, 0, 32; draw_string_vec4
    %concat/vec4; draw_string_vec4
    %pushi/vec4 0, 0, 32; draw_string_vec4
    %concat/vec4; draw_string_vec4
    %pushi/vec4 0, 0, 32; draw_string_vec4
    %concat/vec4; draw_string_vec4
    %pushi/vec4 45, 0, 24; draw_string_vec4
    %concat/vec4; draw_string_vec4
    %store/vec4 v0x60359ed3d810_0, 0, 248;
    %pushi/real 1717986918, 4062; load=0.100000
    %pushi/real 1677722, 4040; load=0.100000
    %add/wr;
    %vpi_func 3 105 "$urandom_range" 32, W<0,r>, 32'sb00000000000000000000000000001010 {0 1 0};
    %pad/u 64;
    %muli 100, 0, 64;
    %ix/vec4 4;
    %delayx 4;
    %end;
S_0x60359ed3d3c0 .scope task, "scan_file" "scan_file" 3 88, 3 88 0, S_0x60359ecbe620;
 .timescale -9 -11;
TD_tb_single_port_ram_synchronous.scan_file ;
    %vpi_func 3 89 "$fscanf" 32, v0x60359ed3dde0_0, "%s %b %b %s %s", v0x60359ed3d810_0, v0x60359ed3e130_0, v0x60359ed3d730_0, v0x60359ed3d990_0, v0x60359ed3dc40_0 {0 0 0};
    %store/vec4 v0x60359ed3d8d0_0, 0, 32;
    %load/vec4 v0x60359ed3d8d0_0;
    %pushi/vec4 4294967295, 0, 32;
    %cmp/e;
    %flag_get/vec4 4;
    %store/vec4 v0x60359ed3e200_0, 0, 1;
    %end;
S_0x60359ed3d5a0 .scope task, "vectorcount" "vectorcount" 3 191, 3 191 0, S_0x60359ecbe620;
 .timescale -9 -11;
TD_tb_single_port_ram_synchronous.vectorcount ;
    %load/vec4 v0x60359ed3e070_0;
    %addi 1, 0, 32;
    %store/vec4 v0x60359ed3e070_0, 0, 32;
    %end;
    .scope S_0x60359ed3bdb0;
T_9 ;
    %wait E_0x60359ed111a0;
    %load/vec4 v0x60359ed3cac0_0;
    %flag_set/vec4 8;
    %jmp/0xz  T_9.0, 8;
    %load/vec4 v0x60359ed3c760_0;
    %load/vec4 v0x60359ed3c570_0;
    %pad/u 6;
    %ix/vec4 3;
    %ix/load 4, 0, 0; Constant delay
    %assign/vec4/a/d v0x60359ed3c920, 0, 4;
    %load/vec4 v0x60359ed3c760_0;
    %assign/vec4 v0x60359ed3c840_0, 0;
    %jmp T_9.1;
T_9.0 ;
    %load/vec4 v0x60359ed3c570_0;
    %pad/u 6;
    %ix/vec4 4;
    %load/vec4a v0x60359ed3c920, 4;
    %assign/vec4 v0x60359ed3c840_0, 0;
T_9.1 ;
    %jmp T_9;
    .thread T_9;
    .scope S_0x60359ecbe620;
T_10 ;
    %vpi_call/w 3 37 "$dumpfile", "tb_single_port_ram_synchronous.vcd" {0 0 0};
    %vpi_call/w 3 38 "$dumpvars", 32'sb00000000000000000000000000000000, S_0x60359ecbe620 {0 0 0};
    %end;
    .thread T_10;
    .scope S_0x60359ecbe620;
T_11 ;
    %delay 1000, 0;
    %load/vec4 v0x60359ed3dfa0_0;
    %inv;
    %store/vec4 v0x60359ed3dfa0_0, 0, 1;
    %jmp T_11;
    .thread T_11;
    .scope S_0x60359ecbe620;
T_12 ;
    %fork TD_tb_single_port_ram_synchronous.initialize, S_0x60359ed3d000;
    %join;
    %end;
    .thread T_12;
    .scope S_0x60359ecbe620;
T_13 ;
    %wait E_0x60359ed11100;
    %delay 990, 0;
    %load/vec4 v0x60359ed3e200_0;
    %nor/r;
    %flag_set/vec4 8;
    %jmp/0xz  T_13.0, 8;
    %fork TD_tb_single_port_ram_synchronous.scan_file, S_0x60359ed3d3c0;
    %join;
T_13.0 ;
    %load/vec4 v0x60359ed3e130_0;
    %load/vec4 v0x60359ed3d730_0;
    %concat/vec4; draw_concat_vec4
    %pad/u 2;
    %store/vec4 v0x60359ed3dec0_0, 0, 2;
    %fork TD_tb_single_port_ram_synchronous.in_coverage_update, S_0x60359ed3ce20;
    %join;
    %load/vec4 v0x60359ed3dec0_0;
    %store/vec4 v0x60359ed3e440_0, 0, 2;
    %jmp T_13;
    .thread T_13;
    .scope S_0x60359ecbe620;
T_14 ;
    %wait E_0x60359ed111a0;
    %fork TD_tb_single_port_ram_synchronous.OUT_EXP, S_0x60359ed0f380;
    %join;
    %delay 10, 0;
    %load/vec4 v0x60359ed3e130_0;
    %load/vec4 v0x60359ed3d730_0;
    %concat/vec4; draw_concat_vec4
    %pad/u 2;
    %store/vec4 v0x60359ed3dec0_0, 0, 2;
    %fork TD_tb_single_port_ram_synchronous.display_file, S_0x60359ed3bba0;
    %join;
    %fork TD_tb_single_port_ram_synchronous.errors_warnings_check, S_0x60359ed3cc40;
    %join;
    %fork TD_tb_single_port_ram_synchronous.vectorcount, S_0x60359ed3d5a0;
    %join;
    %jmp T_14;
    .thread T_14;
    .scope S_0x60359ecbe620;
T_15 ;
T_15.0 ;
    %load/vec4 v0x60359ed3e200_0;
    %cmpi/ne 1, 0, 1;
    %jmp/0xz T_15.1, 6;
    %wait E_0x60359ed11c30;
    %jmp T_15.0;
T_15.1 ;
    %vpi_call/w 3 293 "$display" {0 0 0};
    %vpi_call/w 3 294 "$display", "%13s ***time = %0d,eof ***", "\000", $time {0 0 0};
    %vpi_call/w 3 295 "$display" {0 0 0};
    %pushi/vec4 0, 0, 32;
    %store/vec4 v0x60359ed3e2a0_0, 0, 32;
T_15.2 ;
    %load/vec4 v0x60359ed3e2a0_0;
    %cmpi/s 50, 0, 32;
    %jmp/0xz T_15.3, 5;
    %load/vec4 v0x60359ed3e130_0;
    %cmpi/e 0, 0, 1;
    %flag_get/vec4 4;
    %jmp/0 T_15.6, 4;
    %load/vec4 v0x60359ed3d730_0;
    %pad/u 5;
    %pushi/vec4 16, 0, 5;
    %cmp/e;
    %flag_get/vec4 4;
    %and;
T_15.6;
    %flag_set/vec4 8;
    %jmp/0xz  T_15.4, 8;
    %fork TD_tb_single_port_ram_synchronous.vectorcount, S_0x60359ed3d5a0;
    %join;
    %fork TD_tb_single_port_ram_synchronous.close, S_0x60359ed0f510;
    %join;
    %jmp T_15.5;
T_15.4 ;
    %fork TD_tb_single_port_ram_synchronous.random_in, S_0x60359ed3d1e0;
    %join;
T_15.5 ;
    ; show_stmt_assign_vector: Get l-value for compressed += operand
    %load/vec4 v0x60359ed3e2a0_0;
    %pushi/vec4 1, 0, 32;
    %add;
    %cast2;
    %store/vec4 v0x60359ed3e2a0_0, 0, 32;
    %jmp T_15.2;
T_15.3 ;
    %fork TD_tb_single_port_ram_synchronous.close, S_0x60359ed0f510;
    %join;
    %end;
    .thread T_15;
# The file index is used to find the file name in the following table.
:file_names 5;
    "N/A";
    "<interactive>";
    "-";
    "tb_single_port_ram_synchronus.v";
    "single_port_ram_synchronus.v";
