#! /usr/bin/vvp
:ivl_version "12.0 (stable)";
:ivl_delay_selection "TYPICAL";
:vpi_time_precision - 11;
:vpi_module "/usr/lib/x86_64-linux-gnu/ivl/system.vpi";
:vpi_module "/usr/lib/x86_64-linux-gnu/ivl/vhdl_sys.vpi";
:vpi_module "/usr/lib/x86_64-linux-gnu/ivl/vhdl_textio.vpi";
:vpi_module "/usr/lib/x86_64-linux-gnu/ivl/v2005_math.vpi";
:vpi_module "/usr/lib/x86_64-linux-gnu/ivl/va_math.vpi";
:vpi_module "/usr/lib/x86_64-linux-gnu/ivl/v2009.vpi";
S_0x5e7259d81490 .scope package, "$unit" "$unit" 2 1;
 .timescale 0 0;
S_0x5e7259d81620 .scope module, "tb_priority_arbiter" "tb_priority_arbiter" 3 3;
 .timescale -9 -11;
P_0x5e7259d817b0 .param/l "TICKPERIOD" 1 3 39, +C4<00000000000000000000000000010100>;
v0x5e7259dfbb40_0 .var "COMMENT", 247 0;
v0x5e7259dfbc40_0 .var/i "COUNT", 31 0;
v0x5e7259dfbd20_0 .var "ERRORS", 31 0;
v0x5e7259dfbde0_0 .var/i "FD", 31 0;
v0x5e7259dfbec0_0 .net "GNT", 3 0, v0x5e7259dfaef0_0;  1 drivers
v0x5e7259dfbfd0_0 .var "GNT_EXPECTED", 3 0;
v0x5e7259dfc090_0 .var "REQ", 3 0;
v0x5e7259dfc180_0 .var "RST", 0 0;
v0x5e7259dfc250_0 .var "TICK", 0 0;
v0x5e7259dfc320_0 .var "VECTORCOUNT", 31 0;
v0x5e7259dfc3c0_0 .var "eof", 0 0;
v0x5e7259dfc460_0 .var/2s "i", 31 0;
v0x5e7259dfc540 .array "input_coverage", 18 0, 31 0;
v0x5e7259dfc600_0 .var "prev_RSTREQ", 4 0;
E_0x5e7259dd0e90 .event anyedge, v0x5e7259dfc3c0_0;
E_0x5e7259dd1960 .event posedge, v0x5e7259dd8f00_0;
E_0x5e7259dd14e0 .event negedge, v0x5e7259dd8f00_0;
S_0x5e7259dd0810 .scope task, "OUT_EXP" "OUT_EXP" 3 106, 3 106 0, S_0x5e7259d81620;
 .timescale -9 -11;
TD_tb_priority_arbiter.OUT_EXP ;
    %load/vec4 v0x5e7259dfc180_0;
    %flag_set/vec4 8;
    %jmp/0xz  T_0.0, 8;
    %pushi/vec4 0, 0, 4;
    %assign/vec4 v0x5e7259dfbfd0_0, 0;
    %jmp T_0.1;
T_0.0 ;
    %load/vec4 v0x5e7259dfc090_0;
    %parti/s 1, 3, 3;
    %flag_set/vec4 8;
    %jmp/0xz  T_0.2, 8;
    %pushi/vec4 8, 0, 4;
    %assign/vec4 v0x5e7259dfbfd0_0, 0;
    %jmp T_0.3;
T_0.2 ;
    %load/vec4 v0x5e7259dfc090_0;
    %parti/s 1, 2, 3;
    %flag_set/vec4 8;
    %jmp/0xz  T_0.4, 8;
    %pushi/vec4 4, 0, 4;
    %assign/vec4 v0x5e7259dfbfd0_0, 0;
    %jmp T_0.5;
T_0.4 ;
    %load/vec4 v0x5e7259dfc090_0;
    %parti/s 1, 1, 2;
    %flag_set/vec4 8;
    %jmp/0xz  T_0.6, 8;
    %pushi/vec4 2, 0, 4;
    %assign/vec4 v0x5e7259dfbfd0_0, 0;
    %jmp T_0.7;
T_0.6 ;
    %load/vec4 v0x5e7259dfc090_0;
    %parti/s 1, 0, 2;
    %flag_set/vec4 8;
    %jmp/0xz  T_0.8, 8;
    %pushi/vec4 1, 0, 4;
    %assign/vec4 v0x5e7259dfbfd0_0, 0;
    %jmp T_0.9;
T_0.8 ;
    %pushi/vec4 0, 0, 4;
    %assign/vec4 v0x5e7259dfbfd0_0, 0;
T_0.9 ;
T_0.7 ;
T_0.5 ;
T_0.3 ;
T_0.1 ;
    %end;
S_0x5e7259dd09f0 .scope task, "close" "close" 3 139, 3 139 0, S_0x5e7259d81620;
 .timescale -9 -11;
TD_tb_priority_arbiter.close ;
    %delay 1000, 0;
    %vpi_call/w 3 143 "$fclose", v0x5e7259dfbde0_0 {0 0 0};
    %vpi_call/w 3 145 "$display" {0 0 0};
    %vpi_call/w 3 146 "$display", "COVERAGE_REPORT" {0 0 0};
    %fork t_1, S_0x5e7259ddb310;
    %jmp t_0;
    .scope S_0x5e7259ddb310;
t_1 ;
    %pushi/vec4 0, 0, 32;
    %store/vec4 v0x5e7259dd8e60_0, 0, 32;
T_1.10 ;
    %load/vec4 v0x5e7259dd8e60_0;
    %cmpi/s 18, 0, 32;
    %jmp/0xz T_1.11, 5;
    %ix/getv/s 4, v0x5e7259dd8e60_0;
    %load/vec4a v0x5e7259dfc540, 4;
    %cmpi/e 0, 0, 32;
    %jmp/0xz  T_1.12, 4;
    %vpi_call/w 3 151 "$display", "input reset = %b, g[3] = %b, g[2] = %b, g[1] = %b, g[0] = %b has occured %d times ***ERROR***", &PV<v0x5e7259dd8e60_0, 4, 1>, &PV<v0x5e7259dd8e60_0, 3, 1>, &PV<v0x5e7259dd8e60_0, 2, 1>, &PV<v0x5e7259dd8e60_0, 1, 1>, &PV<v0x5e7259dd8e60_0, 0, 1>, &A<v0x5e7259dfc540, v0x5e7259dd8e60_0 > {0 0 0};
    %load/vec4 v0x5e7259dfbd20_0;
    %addi 1, 0, 32;
    %store/vec4 v0x5e7259dfbd20_0, 0, 32;
    %jmp T_1.13;
T_1.12 ;
    %vpi_call/w 3 156 "$display", "input reset = %b, g[3] = %b, g[2] = %b, g[1] = %b, g[0] = %b has occured %d times", &PV<v0x5e7259dd8e60_0, 4, 1>, &PV<v0x5e7259dd8e60_0, 3, 1>, &PV<v0x5e7259dd8e60_0, 2, 1>, &PV<v0x5e7259dd8e60_0, 1, 1>, &PV<v0x5e7259dd8e60_0, 0, 1>, &A<v0x5e7259dfc540, v0x5e7259dd8e60_0 > {0 0 0};
T_1.13 ;
    ; show_stmt_assign_vector: Get l-value for compressed += operand
    %load/vec4 v0x5e7259dd8e60_0;
    %pushi/vec4 1, 0, 32;
    %add;
    %cast2;
    %store/vec4 v0x5e7259dd8e60_0, 0, 32;
    %jmp T_1.10;
T_1.11 ;
    %end;
    .scope S_0x5e7259dd09f0;
t_0 %join;
    %vpi_call/w 3 162 "$display" {0 0 0};
    %vpi_call/w 3 163 "$display", "VECTORCOUNT = %d", v0x5e7259dfc320_0 {0 0 0};
    %vpi_call/w 3 164 "$display", "ERRORS = %15d", v0x5e7259dfbd20_0 {0 0 0};
    %vpi_call/w 3 165 "$display" {0 0 0};
    %vpi_call/w 3 166 "$display", "TEST_END--------------------------------------------------------------------------------------------------------------------------" {0 0 0};
    %vpi_call/w 3 167 "$display" {0 0 0};
    %vpi_call/w 3 169 "$finish" {0 0 0};
    %end;
S_0x5e7259ddb310 .scope begin, "$ivl_for_loop0" "$ivl_for_loop0" 3 148, 3 148 0, S_0x5e7259dd09f0;
 .timescale -9 -11;
v0x5e7259dd8e60_0 .var/2s "j", 31 0;
S_0x5e7259dfa8a0 .scope task, "coverage_update" "coverage_update" 3 196, 3 196 0, S_0x5e7259d81620;
 .timescale -9 -11;
TD_tb_priority_arbiter.coverage_update ;
    ; show_stmt_assign_vector: Get l-value for compressed += operand
    %load/vec4 v0x5e7259dfc180_0;
    %load/vec4 v0x5e7259dfc090_0;
    %concat/vec4; draw_concat_vec4
    %pad/u 6;
    %ix/vec4 4;
    %flag_mov 8, 4;
    %load/vec4a v0x5e7259dfc540, 4;
    %pushi/vec4 1, 0, 32;
    %add;
    %flag_mov 4, 8;
    %store/vec4a v0x5e7259dfc540, 4, 0;
    %end;
S_0x5e7259dfaa80 .scope task, "display_file" "display_file" 3 187, 3 187 0, S_0x5e7259d81620;
 .timescale -9 -11;
TD_tb_priority_arbiter.display_file ;
    %vpi_call/w 3 189 "$display", "%10d %9s | %4d | %2b  | %4b | %4b | %9b    |", v0x5e7259dfc320_0, v0x5e7259dfbb40_0, $time, v0x5e7259dfc180_0, v0x5e7259dfc090_0, v0x5e7259dfbec0_0, v0x5e7259dfbfd0_0 {0 0 0};
    %end;
S_0x5e7259dfac60 .scope module, "dut_priority_arbiter" "priority_arbiter" 3 25, 4 2 0, S_0x5e7259d81620;
 .timescale -9 -11;
    .port_info 0 /INPUT 1 "clk";
    .port_info 1 /INPUT 1 "rst";
    .port_info 2 /INPUT 4 "req";
    .port_info 3 /OUTPUT 4 "gnt";
v0x5e7259dd8f00_0 .net "clk", 0 0, v0x5e7259dfc250_0;  1 drivers
v0x5e7259dfaef0_0 .var "gnt", 3 0;
v0x5e7259dfafd0_0 .net "req", 3 0, v0x5e7259dfc090_0;  1 drivers
v0x5e7259dfb0c0_0 .net "rst", 0 0, v0x5e7259dfc180_0;  1 drivers
E_0x5e7259dd10d0 .event posedge, v0x5e7259dfb0c0_0, v0x5e7259dd8f00_0;
S_0x5e7259dfb230 .scope task, "errors_warnings_check" "errors_warnings_check" 3 210, 3 210 0, S_0x5e7259d81620;
 .timescale -9 -11;
TD_tb_priority_arbiter.errors_warnings_check ;
    %load/vec4 v0x5e7259dfbec0_0;
    %load/vec4 v0x5e7259dfbfd0_0;
    %cmp/ne;
    %jmp/0xz  T_4.14, 6;
    %vpi_call/w 3 215 "$display", "***ERROR: GNT = %b, GNT_expected = %b", v0x5e7259dfbec0_0, v0x5e7259dfbfd0_0 {0 0 0};
    %load/vec4 v0x5e7259dfbd20_0;
    %addi 1, 0, 32;
    %store/vec4 v0x5e7259dfbd20_0, 0, 32;
T_4.14 ;
    %load/vec4 v0x5e7259dfc180_0;
    %load/vec4 v0x5e7259dfc090_0;
    %concat/vec4; draw_concat_vec4
    %load/vec4 v0x5e7259dfc600_0;
    %cmp/ne;
    %jmp/0xz  T_4.16, 6;
    %vpi_call/w 3 224 "$display", "***ERROR: RACING CONDITION OCCUR" {0 0 0};
    %load/vec4 v0x5e7259dfbd20_0;
    %addi 1, 0, 32;
    %store/vec4 v0x5e7259dfbd20_0, 0, 32;
T_4.16 ;
    %end;
S_0x5e7259dfb410 .scope task, "initialize" "initialize" 3 53, 3 53 0, S_0x5e7259d81620;
 .timescale -9 -11;
TD_tb_priority_arbiter.initialize ;
    %vpi_func 3 55 "$fopen" 32, "tb_priority_arbiter.tv", "r" {0 0 0};
    %store/vec4 v0x5e7259dfbde0_0, 0, 32;
    %vpi_func 3 56 "$fscanf" 32, v0x5e7259dfbde0_0, "%s", v0x5e7259dfbb40_0 {0 0 0};
    %store/vec4 v0x5e7259dfbc40_0, 0, 32;
    %vpi_func 3 58 "$fscanf" 32, v0x5e7259dfbde0_0, "%s %b %b %b", v0x5e7259dfbb40_0, v0x5e7259dfc180_0, v0x5e7259dfc090_0, v0x5e7259dfbfd0_0 {0 0 0};
    %store/vec4 v0x5e7259dfbc40_0, 0, 32;
    %pushi/vec4 0, 0, 1;
    %store/vec4 v0x5e7259dfc250_0, 0, 1;
    %pushi/vec4 0, 0, 32;
    %store/vec4 v0x5e7259dfc320_0, 0, 32;
    %pushi/vec4 0, 0, 32;
    %store/vec4 v0x5e7259dfbd20_0, 0, 32;
    %pushi/vec4 0, 0, 32;
    %store/vec4 v0x5e7259dfc460_0, 0, 32;
T_5.18 ;
    %load/vec4 v0x5e7259dfc460_0;
    %cmpi/s 18, 0, 32;
    %jmp/0xz T_5.19, 5;
    %pushi/vec4 0, 0, 32;
    %ix/getv/s 4, v0x5e7259dfc460_0;
    %store/vec4a v0x5e7259dfc540, 4, 0;
    ; show_stmt_assign_vector: Get l-value for compressed += operand
    %load/vec4 v0x5e7259dfc460_0;
    %pushi/vec4 1, 0, 32;
    %add;
    %cast2;
    %store/vec4 v0x5e7259dfc460_0, 0, 32;
    %jmp T_5.18;
T_5.19 ;
    %pushi/vec4 0, 0, 1;
    %store/vec4 v0x5e7259dfc3c0_0, 0, 1;
    %vpi_call/w 3 69 "$display" {0 0 0};
    %vpi_call/w 3 70 "$display", "TEST_START-------------------------------------------------------------------------------------------------------------------------------------" {0 0 0};
    %vpi_call/w 3 71 "$display" {0 0 0};
    %vpi_call/w 3 72 "$display", "                     | TIME | RST | REQ  | GNT  | GNT_EXPECTED |" {0 0 0};
    %vpi_call/w 3 73 "$display", "-----------------------------------------------------------------------------------------------------------------------------------------------" {0 0 0};
    %end;
S_0x5e7259dfb5f0 .scope task, "random_in" "random_in" 3 92, 3 92 0, S_0x5e7259d81620;
 .timescale -9 -11;
TD_tb_priority_arbiter.random_in ;
    %vpi_func 3 94 "$urandom" 32 {0 0 0};
    %pushi/vec4 2, 0, 32;
    %mod;
    %pad/u 1;
    %store/vec4 v0x5e7259dfc180_0, 0, 1;
    %load/vec4 v0x5e7259dfc180_0;
    %cmpi/e 1, 0, 1;
    %flag_mov 8, 4;
    %jmp/0 T_6.20, 8;
    %vpi_func 3 95 "$urandom" 32 {0 0 0};
    %pushi/vec4 2, 0, 32;
    %mod;
    %jmp/1 T_6.21, 8;
T_6.20 ; End of true expr.
    %vpi_func 3 95 "$urandom" 32 {0 0 0};
    %pushi/vec4 16, 0, 32;
    %mod;
    %jmp/0 T_6.21, 8;
 ; End of false expr.
    %blend;
T_6.21;
    %pad/u 4;
    %store/vec4 v0x5e7259dfc090_0, 0, 4;
    %pushi/vec4 0, 0, 32; draw_string_vec4
    %pushi/vec4 0, 0, 32; draw_string_vec4
    %concat/vec4; draw_string_vec4
    %pushi/vec4 0, 0, 32; draw_string_vec4
    %concat/vec4; draw_string_vec4
    %pushi/vec4 0, 0, 32; draw_string_vec4
    %concat/vec4; draw_string_vec4
    %pushi/vec4 0, 0, 32; draw_string_vec4
    %concat/vec4; draw_string_vec4
    %pushi/vec4 0, 0, 32; draw_string_vec4
    %concat/vec4; draw_string_vec4
    %pushi/vec4 0, 0, 32; draw_string_vec4
    %concat/vec4; draw_string_vec4
    %pushi/vec4 45, 0, 24; draw_string_vec4
    %concat/vec4; draw_string_vec4
    %store/vec4 v0x5e7259dfbb40_0, 0, 248;
    %pushi/real 1717986918, 4062; load=0.100000
    %pushi/real 1677722, 4040; load=0.100000
    %add/wr;
    %vpi_func 3 99 "$urandom_range" 32, W<0,r>, 32'sb00000000000000000000000000001010 {0 1 0};
    %pad/u 64;
    %muli 100, 0, 64;
    %ix/vec4 4;
    %delayx 4;
    %end;
S_0x5e7259dfb7d0 .scope task, "scan_file" "scan_file" 3 83, 3 83 0, S_0x5e7259d81620;
 .timescale -9 -11;
TD_tb_priority_arbiter.scan_file ;
    %vpi_func 3 84 "$fscanf" 32, v0x5e7259dfbde0_0, "%s %b %b %b", v0x5e7259dfbb40_0, v0x5e7259dfc180_0, v0x5e7259dfc090_0, v0x5e7259dfbfd0_0 {0 0 0};
    %store/vec4 v0x5e7259dfbc40_0, 0, 32;
    %load/vec4 v0x5e7259dfbc40_0;
    %pushi/vec4 4294967295, 0, 32;
    %cmp/e;
    %flag_get/vec4 4;
    %store/vec4 v0x5e7259dfc3c0_0, 0, 1;
    %end;
S_0x5e7259dfb9b0 .scope task, "vectorcount" "vectorcount" 3 177, 3 177 0, S_0x5e7259d81620;
 .timescale -9 -11;
TD_tb_priority_arbiter.vectorcount ;
    %load/vec4 v0x5e7259dfc320_0;
    %addi 1, 0, 32;
    %store/vec4 v0x5e7259dfc320_0, 0, 32;
    %end;
    .scope S_0x5e7259dfac60;
T_9 ;
    %wait E_0x5e7259dd10d0;
    %load/vec4 v0x5e7259dfb0c0_0;
    %flag_set/vec4 8;
    %jmp/0xz  T_9.0, 8;
    %pushi/vec4 0, 0, 4;
    %assign/vec4 v0x5e7259dfaef0_0, 0;
    %jmp T_9.1;
T_9.0 ;
    %load/vec4 v0x5e7259dfafd0_0;
    %parti/s 1, 3, 3;
    %flag_set/vec4 8;
    %jmp/0xz  T_9.2, 8;
    %pushi/vec4 8, 0, 4;
    %assign/vec4 v0x5e7259dfaef0_0, 0;
    %jmp T_9.3;
T_9.2 ;
    %load/vec4 v0x5e7259dfafd0_0;
    %parti/s 1, 2, 3;
    %flag_set/vec4 8;
    %jmp/0xz  T_9.4, 8;
    %pushi/vec4 4, 0, 4;
    %assign/vec4 v0x5e7259dfaef0_0, 0;
    %jmp T_9.5;
T_9.4 ;
    %load/vec4 v0x5e7259dfafd0_0;
    %parti/s 1, 1, 2;
    %flag_set/vec4 8;
    %jmp/0xz  T_9.6, 8;
    %pushi/vec4 2, 0, 4;
    %assign/vec4 v0x5e7259dfaef0_0, 0;
    %jmp T_9.7;
T_9.6 ;
    %load/vec4 v0x5e7259dfafd0_0;
    %parti/s 1, 0, 2;
    %flag_set/vec4 8;
    %jmp/0xz  T_9.8, 8;
    %pushi/vec4 1, 0, 4;
    %assign/vec4 v0x5e7259dfaef0_0, 0;
    %jmp T_9.9;
T_9.8 ;
    %pushi/vec4 0, 0, 4;
    %assign/vec4 v0x5e7259dfaef0_0, 0;
T_9.9 ;
T_9.7 ;
T_9.5 ;
T_9.3 ;
T_9.1 ;
    %jmp T_9;
    .thread T_9;
    .scope S_0x5e7259d81620;
T_10 ;
    %vpi_call/w 3 32 "$dumpfile", "tb_priority_arbiter.vcd" {0 0 0};
    %vpi_call/w 3 33 "$dumpvars", 32'sb00000000000000000000000000000000, S_0x5e7259d81620 {0 0 0};
    %end;
    .thread T_10;
    .scope S_0x5e7259d81620;
T_11 ;
    %delay 1000, 0;
    %load/vec4 v0x5e7259dfc250_0;
    %inv;
    %store/vec4 v0x5e7259dfc250_0, 0, 1;
    %jmp T_11;
    .thread T_11;
    .scope S_0x5e7259d81620;
T_12 ;
    %fork TD_tb_priority_arbiter.initialize, S_0x5e7259dfb410;
    %join;
    %end;
    .thread T_12;
    .scope S_0x5e7259d81620;
T_13 ;
    %wait E_0x5e7259dd14e0;
    %delay 120, 0;
    %load/vec4 v0x5e7259dfc3c0_0;
    %nor/r;
    %flag_set/vec4 8;
    %jmp/0xz  T_13.0, 8;
    %fork TD_tb_priority_arbiter.scan_file, S_0x5e7259dfb7d0;
    %join;
T_13.0 ;
    %jmp T_13;
    .thread T_13;
    .scope S_0x5e7259d81620;
T_14 ;
    %wait E_0x5e7259dd10d0;
    %fork TD_tb_priority_arbiter.OUT_EXP, S_0x5e7259dd0810;
    %join;
    %jmp T_14;
    .thread T_14;
    .scope S_0x5e7259d81620;
T_15 ;
    %wait E_0x5e7259dd1960;
    %fork TD_tb_priority_arbiter.coverage_update, S_0x5e7259dfa8a0;
    %join;
    %load/vec4 v0x5e7259dfc180_0;
    %load/vec4 v0x5e7259dfc090_0;
    %concat/vec4; draw_concat_vec4
    %store/vec4 v0x5e7259dfc600_0, 0, 5;
    %delay 10, 0;
    %fork TD_tb_priority_arbiter.display_file, S_0x5e7259dfaa80;
    %join;
    %fork TD_tb_priority_arbiter.errors_warnings_check, S_0x5e7259dfb230;
    %join;
    %fork TD_tb_priority_arbiter.vectorcount, S_0x5e7259dfb9b0;
    %join;
    %jmp T_15;
    .thread T_15;
    .scope S_0x5e7259d81620;
T_16 ;
T_16.0 ;
    %load/vec4 v0x5e7259dfc3c0_0;
    %cmpi/ne 1, 0, 1;
    %jmp/0xz T_16.1, 6;
    %wait E_0x5e7259dd0e90;
    %jmp T_16.0;
T_16.1 ;
    %vpi_call/w 3 287 "$display" {0 0 0};
    %vpi_call/w 3 288 "$display", "%13s ***time = %0d,eof ***", "\000", $time {0 0 0};
    %vpi_call/w 3 289 "$display" {0 0 0};
    %pushi/vec4 0, 0, 32;
    %store/vec4 v0x5e7259dfc460_0, 0, 32;
T_16.2 ;
    %load/vec4 v0x5e7259dfc460_0;
    %cmpi/s 50, 0, 32;
    %jmp/0xz T_16.3, 5;
    %load/vec4 v0x5e7259dfc180_0;
    %load/vec4 v0x5e7259dfc090_0;
    %concat/vec4; draw_concat_vec4
    %pad/u 6;
    %cmpi/e 32, 0, 6;
    %jmp/0xz  T_16.4, 4;
    %fork TD_tb_priority_arbiter.vectorcount, S_0x5e7259dfb9b0;
    %join;
    %fork TD_tb_priority_arbiter.close, S_0x5e7259dd09f0;
    %join;
    %jmp T_16.5;
T_16.4 ;
    %fork TD_tb_priority_arbiter.random_in, S_0x5e7259dfb5f0;
    %join;
T_16.5 ;
    ; show_stmt_assign_vector: Get l-value for compressed += operand
    %load/vec4 v0x5e7259dfc460_0;
    %pushi/vec4 1, 0, 32;
    %add;
    %cast2;
    %store/vec4 v0x5e7259dfc460_0, 0, 32;
    %jmp T_16.2;
T_16.3 ;
    %fork TD_tb_priority_arbiter.close, S_0x5e7259dd09f0;
    %join;
    %end;
    .thread T_16;
# The file index is used to find the file name in the following table.
:file_names 5;
    "N/A";
    "<interactive>";
    "-";
    "tb_priority_arbiter.v";
    "priority_arbiter.v";
