#! /usr/bin/vvp
:ivl_version "12.0 (stable)";
:ivl_delay_selection "TYPICAL";
:vpi_time_precision - 11;
:vpi_module "/usr/lib/x86_64-linux-gnu/ivl/system.vpi";
:vpi_module "/usr/lib/x86_64-linux-gnu/ivl/vhdl_sys.vpi";
:vpi_module "/usr/lib/x86_64-linux-gnu/ivl/vhdl_textio.vpi";
:vpi_module "/usr/lib/x86_64-linux-gnu/ivl/v2005_math.vpi";
:vpi_module "/usr/lib/x86_64-linux-gnu/ivl/va_math.vpi";
:vpi_module "/usr/lib/x86_64-linux-gnu/ivl/v2009.vpi";
S_0x5bd50408e6e0 .scope package, "$unit" "$unit" 2 1;
 .timescale 0 0;
S_0x5bd50408e870 .scope module, "tb_nand" "tb_nand" 3 3;
 .timescale -9 -11;
P_0x5bd50408ea00 .param/l "TICKPERIOD" 1 3 43, +C4<00000000000000000000000000010100>;
v0x5bd5040b67f0_0 .var "A", 0 0;
v0x5bd5040b6890_0 .var "B", 0 0;
v0x5bd5040b6950_0 .var "COMMENT", 71 0;
v0x5bd5040b69f0_0 .var/i "COUNT", 31 0;
v0x5bd5040b6ad0_0 .var "ERRORS", 31 0;
v0x5bd5040b6c00_0 .var/i "FD", 31 0;
v0x5bd5040b6ce0_0 .var "QEXPECTED", 0 0;
v0x5bd5040b6da0_0 .net "Q_beh", 0 0, v0x5bd5040b5290_0;  1 drivers
v0x5bd5040b6e40_0 .net "Q_data", 0 0, L_0x5bd5040b76f0;  1 drivers
v0x5bd5040b6f10_0 .net "Q_gate", 0 0, L_0x5bd5040b7520;  1 drivers
v0x5bd5040b6fe0_0 .var "TICK", 0 0;
v0x5bd5040b7080_0 .var "VECTORCOUNT", 31 0;
v0x5bd5040b7120_0 .var "eof", 0 0;
v0x5bd5040b71e0_0 .var/2s "i", 31 0;
v0x5bd5040b72c0 .array "input_coverage", 15 0, 31 0;
v0x5bd5040b7380_0 .var "prev_AB", 1 0;
v0x5bd5040b7460_0 .var "prev_QEx", 0 0;
E_0x5bd5040900f0 .event anyedge, v0x5bd5040b7120_0;
E_0x5bd50408fbe0 .event posedge, v0x5bd5040b6fe0_0;
E_0x5bd50408fe90 .event negedge, v0x5bd5040b6fe0_0;
S_0x5bd50408d800 .scope task, "QEXP" "QEXP" 3 119, 3 119 0, S_0x5bd50408e870;
 .timescale -9 -11;
TD_tb_nand.QEXP ;
    %load/vec4 v0x5bd5040b67f0_0;
    %load/vec4 v0x5bd5040b6890_0;
    %concat/vec4; draw_concat_vec4
    %dup/vec4;
    %pushi/vec4 0, 0, 2;
    %cmp/u;
    %jmp/1 T_0.0, 6;
    %dup/vec4;
    %pushi/vec4 1, 0, 2;
    %cmp/u;
    %jmp/1 T_0.1, 6;
    %dup/vec4;
    %pushi/vec4 2, 0, 2;
    %cmp/u;
    %jmp/1 T_0.2, 6;
    %dup/vec4;
    %pushi/vec4 3, 0, 2;
    %cmp/u;
    %jmp/1 T_0.3, 6;
    %jmp T_0.4;
T_0.0 ;
    %pushi/vec4 1, 0, 1;
    %store/vec4 v0x5bd5040b6ce0_0, 0, 1;
    %jmp T_0.4;
T_0.1 ;
    %pushi/vec4 1, 0, 1;
    %store/vec4 v0x5bd5040b6ce0_0, 0, 1;
    %jmp T_0.4;
T_0.2 ;
    %pushi/vec4 1, 0, 1;
    %store/vec4 v0x5bd5040b6ce0_0, 0, 1;
    %jmp T_0.4;
T_0.3 ;
    %pushi/vec4 0, 0, 1;
    %store/vec4 v0x5bd5040b6ce0_0, 0, 1;
    %jmp T_0.4;
T_0.4 ;
    %pop/vec4 1;
    %end;
S_0x5bd50408d9e0 .scope task, "close" "close" 3 150, 3 150 0, S_0x5bd50408e870;
 .timescale -9 -11;
TD_tb_nand.close ;
    %delay 1000, 0;
    %vpi_call/w 3 154 "$fclose", v0x5bd5040b6c00_0 {0 0 0};
    %vpi_call/w 3 156 "$display" {0 0 0};
    %vpi_call/w 3 157 "$display", "COVERAGE_REPORT" {0 0 0};
    %pushi/vec4 0, 0, 32;
    %store/vec4 v0x5bd5040b71e0_0, 0, 32;
T_1.5 ;
    %load/vec4 v0x5bd5040b71e0_0;
    %cmpi/s 16, 0, 32;
    %jmp/0xz T_1.6, 5;
    %ix/getv/s 4, v0x5bd5040b71e0_0;
    %load/vec4a v0x5bd5040b72c0, 4;
    %cmpi/e 0, 0, 32;
    %jmp/0xz  T_1.7, 4;
    %vpi_call/w 3 163 "$display", "input %b to input %b has occured %d times (***ERROR***)", &PV<v0x5bd5040b71e0_0, 2, 2>, &PV<v0x5bd5040b71e0_0, 0, 2>, &A<v0x5bd5040b72c0, v0x5bd5040b71e0_0 > {0 0 0};
    %load/vec4 v0x5bd5040b6ad0_0;
    %addi 1, 0, 32;
    %store/vec4 v0x5bd5040b6ad0_0, 0, 32;
    %jmp T_1.8;
T_1.7 ;
    %vpi_call/w 3 170 "$display", "input %b to input %b has occured %d times", &PV<v0x5bd5040b71e0_0, 2, 2>, &PV<v0x5bd5040b71e0_0, 0, 2>, &A<v0x5bd5040b72c0, v0x5bd5040b71e0_0 > {0 0 0};
T_1.8 ;
    ; show_stmt_assign_vector: Get l-value for compressed += operand
    %load/vec4 v0x5bd5040b71e0_0;
    %pushi/vec4 1, 0, 32;
    %add;
    %cast2;
    %store/vec4 v0x5bd5040b71e0_0, 0, 32;
    %jmp T_1.5;
T_1.6 ;
    %vpi_call/w 3 176 "$display" {0 0 0};
    %vpi_call/w 3 177 "$display", "VECTORCOUNT = %d", v0x5bd5040b7080_0 {0 0 0};
    %vpi_call/w 3 178 "$display", "ERRORS = %15d", v0x5bd5040b6ad0_0 {0 0 0};
    %vpi_call/w 3 179 "$display" {0 0 0};
    %vpi_call/w 3 180 "$display", "TEST_END--------------------------------------------------------------------------------------------------------------------------" {0 0 0};
    %vpi_call/w 3 181 "$display" {0 0 0};
    %vpi_call/w 3 183 "$finish" {0 0 0};
    %end;
S_0x5bd50408f560 .scope task, "coverage_update" "coverage_update" 3 210, 3 210 0, S_0x5bd50408e870;
 .timescale -9 -11;
TD_tb_nand.coverage_update ;
    ; show_stmt_assign_vector: Get l-value for compressed += operand
    %load/vec4 v0x5bd5040b7380_0;
    %load/vec4 v0x5bd5040b67f0_0;
    %concat/vec4; draw_concat_vec4
    %load/vec4 v0x5bd5040b6890_0;
    %concat/vec4; draw_concat_vec4
    %pad/u 6;
    %ix/vec4 4;
    %flag_mov 8, 4;
    %load/vec4a v0x5bd5040b72c0, 4;
    %pushi/vec4 1, 0, 32;
    %add;
    %flag_mov 4, 8;
    %store/vec4a v0x5bd5040b72c0, 4, 0;
    %end;
S_0x5bd50408f770 .scope task, "display_file" "display_file" 3 201, 3 201 0, S_0x5bd50408e870;
 .timescale -9 -11;
TD_tb_nand.display_file ;
    %vpi_call/w 3 203 "$display", "%10d %9s | %4d | %1d | %1d | %4d     | %4d     | %4d    | %5d     |", v0x5bd5040b7080_0, v0x5bd5040b6950_0, $time, v0x5bd5040b67f0_0, v0x5bd5040b6890_0, v0x5bd5040b6f10_0, v0x5bd5040b6e40_0, v0x5bd5040b6da0_0, v0x5bd5040b6ce0_0 {0 0 0};
    %end;
S_0x5bd50403e490 .scope module, "dut_nand_behavioral" "nand_behavioral" 3 28, 4 25 0, S_0x5bd50408e870;
 .timescale -9 -11;
    .port_info 0 /INPUT 1 "a";
    .port_info 1 /INPUT 1 "b";
    .port_info 2 /OUTPUT 1 "q";
v0x5bd5040791a0_0 .net "a", 0 0, v0x5bd5040b67f0_0;  1 drivers
v0x5bd5040b51d0_0 .net "b", 0 0, v0x5bd5040b6890_0;  1 drivers
v0x5bd5040b5290_0 .var "q", 0 0;
E_0x5bd504090130 .event anyedge, v0x5bd5040b51d0_0, v0x5bd5040791a0_0;
S_0x5bd5040b53b0 .scope module, "dut_nand_dataflow" "nand_dataflow" 3 27, 4 14 0, S_0x5bd50408e870;
 .timescale -9 -11;
    .port_info 0 /INPUT 1 "a";
    .port_info 1 /INPUT 1 "b";
    .port_info 2 /OUTPUT 1 "q";
L_0x5bd5040b7660 .functor AND 1, v0x5bd5040b67f0_0, v0x5bd5040b6890_0, C4<1>, C4<1>;
L_0x5bd5040b76f0 .functor NOT 1, L_0x5bd5040b7660, C4<0>, C4<0>, C4<0>;
v0x5bd5040b55e0_0 .net *"_ivl_0", 0 0, L_0x5bd5040b7660;  1 drivers
v0x5bd5040b56e0_0 .net "a", 0 0, v0x5bd5040b67f0_0;  alias, 1 drivers
v0x5bd5040b57d0_0 .net "b", 0 0, v0x5bd5040b6890_0;  alias, 1 drivers
v0x5bd5040b58d0_0 .net "q", 0 0, L_0x5bd5040b76f0;  alias, 1 drivers
S_0x5bd5040b5990 .scope module, "dut_nand_gate" "nand_gate" 3 26, 4 4 0, S_0x5bd50408e870;
 .timescale -9 -11;
    .port_info 0 /INPUT 1 "a";
    .port_info 1 /INPUT 1 "b";
    .port_info 2 /OUTPUT 1 "q";
L_0x5bd5040b7520 .functor NAND 1, v0x5bd5040b67f0_0, v0x5bd5040b6890_0, C4<1>, C4<1>;
v0x5bd5040b5bc0_0 .net "a", 0 0, v0x5bd5040b67f0_0;  alias, 1 drivers
v0x5bd5040b5cd0_0 .net "b", 0 0, v0x5bd5040b6890_0;  alias, 1 drivers
v0x5bd5040b5de0_0 .net "q", 0 0, L_0x5bd5040b7520;  alias, 1 drivers
S_0x5bd5040b5ee0 .scope task, "errors_check" "errors_check" 3 219, 3 219 0, S_0x5bd50408e870;
 .timescale -9 -11;
TD_tb_nand.errors_check ;
    %load/vec4 v0x5bd5040b6f10_0;
    %load/vec4 v0x5bd5040b6ce0_0;
    %cmp/ne;
    %jmp/0xz  T_4.9, 6;
    %vpi_call/w 3 224 "$display", "***ERROR: Q_gate = %b, Q_expected = %b", v0x5bd5040b6f10_0, v0x5bd5040b6ce0_0 {0 0 0};
    %load/vec4 v0x5bd5040b6ad0_0;
    %addi 1, 0, 32;
    %store/vec4 v0x5bd5040b6ad0_0, 0, 32;
T_4.9 ;
    %load/vec4 v0x5bd5040b6e40_0;
    %load/vec4 v0x5bd5040b6ce0_0;
    %cmp/ne;
    %jmp/0xz  T_4.11, 6;
    %vpi_call/w 3 231 "$display", "***ERROR: Q_dataflow = %b, Q_expected = %b", v0x5bd5040b6e40_0, v0x5bd5040b6ce0_0 {0 0 0};
    %load/vec4 v0x5bd5040b6ad0_0;
    %addi 1, 0, 32;
    %store/vec4 v0x5bd5040b6ad0_0, 0, 32;
T_4.11 ;
    %load/vec4 v0x5bd5040b6da0_0;
    %load/vec4 v0x5bd5040b6ce0_0;
    %cmp/ne;
    %jmp/0xz  T_4.13, 6;
    %vpi_call/w 3 238 "$display", "***ERROR: Q_behavioral = %b, Q_expected = %b", v0x5bd5040b6da0_0, v0x5bd5040b6ce0_0 {0 0 0};
    %load/vec4 v0x5bd5040b6ad0_0;
    %addi 1, 0, 32;
    %store/vec4 v0x5bd5040b6ad0_0, 0, 32;
T_4.13 ;
    %end;
S_0x5bd5040b60c0 .scope task, "initialize" "initialize" 3 57, 3 57 0, S_0x5bd50408e870;
 .timescale -9 -11;
TD_tb_nand.initialize ;
    %vpi_func 3 59 "$fopen" 32, "tb_nand.tv", "r" {0 0 0};
    %store/vec4 v0x5bd5040b6c00_0, 0, 32;
    %vpi_func 3 60 "$fscanf" 32, v0x5bd5040b6c00_0, "%s", v0x5bd5040b6950_0 {0 0 0};
    %store/vec4 v0x5bd5040b69f0_0, 0, 32;
    %vpi_func 3 62 "$fscanf" 32, v0x5bd5040b6c00_0, "%s %b %b %b", v0x5bd5040b6950_0, v0x5bd5040b67f0_0, v0x5bd5040b6890_0, v0x5bd5040b6ce0_0 {0 0 0};
    %store/vec4 v0x5bd5040b69f0_0, 0, 32;
    %pushi/vec4 0, 0, 1;
    %store/vec4 v0x5bd5040b6fe0_0, 0, 1;
    %pushi/vec4 0, 0, 32;
    %store/vec4 v0x5bd5040b7080_0, 0, 32;
    %pushi/vec4 0, 0, 32;
    %store/vec4 v0x5bd5040b6ad0_0, 0, 32;
    %pushi/vec4 0, 0, 32;
    %store/vec4 v0x5bd5040b71e0_0, 0, 32;
T_5.15 ;
    %load/vec4 v0x5bd5040b71e0_0;
    %cmpi/s 16, 0, 32;
    %jmp/0xz T_5.16, 5;
    %pushi/vec4 0, 0, 32;
    %ix/getv/s 4, v0x5bd5040b71e0_0;
    %store/vec4a v0x5bd5040b72c0, 4, 0;
    ; show_stmt_assign_vector: Get l-value for compressed += operand
    %load/vec4 v0x5bd5040b71e0_0;
    %pushi/vec4 1, 0, 32;
    %add;
    %cast2;
    %store/vec4 v0x5bd5040b71e0_0, 0, 32;
    %jmp T_5.15;
T_5.16 ;
    %pushi/vec4 0, 0, 1;
    %store/vec4 v0x5bd5040b7120_0, 0, 1;
    %vpi_call/w 3 73 "$display" {0 0 0};
    %vpi_call/w 3 74 "$display", "TEST_START------------------------------------------------------------------------------------------------------------------------" {0 0 0};
    %vpi_call/w 3 75 "$display" {0 0 0};
    %vpi_call/w 3 76 "$display", "                     | TIME | A | B |  Q_gate  |  Q_data  |  Q_beh  | QEXPECTED |" {0 0 0};
    %vpi_call/w 3 77 "$display", "----------------------------------------------------------------------------------------------------------------------------------" {0 0 0};
    %end;
S_0x5bd5040b62a0 .scope task, "random_in" "random_in" 3 99, 3 99 0, S_0x5bd50408e870;
 .timescale -9 -11;
TD_tb_nand.random_in ;
    %vpi_func 3 101 "$urandom" 32 {0 0 0};
    %pushi/vec4 2, 0, 32;
    %mod;
    %pad/u 1;
    %store/vec4 v0x5bd5040b67f0_0, 0, 1;
    %vpi_func 3 102 "$urandom" 32 {0 0 0};
    %pushi/vec4 2, 0, 32;
    %mod;
    %pad/u 1;
    %store/vec4 v0x5bd5040b6890_0, 0, 1;
    %load/vec4 v0x5bd5040b67f0_0;
    %load/vec4 v0x5bd5040b6890_0;
    %concat/vec4; draw_concat_vec4
    %dup/vec4;
    %pushi/vec4 0, 0, 2;
    %cmp/u;
    %jmp/1 T_6.17, 6;
    %dup/vec4;
    %pushi/vec4 1, 0, 2;
    %cmp/u;
    %jmp/1 T_6.18, 6;
    %dup/vec4;
    %pushi/vec4 2, 0, 2;
    %cmp/u;
    %jmp/1 T_6.19, 6;
    %dup/vec4;
    %pushi/vec4 3, 0, 2;
    %cmp/u;
    %jmp/1 T_6.20, 6;
    %jmp T_6.21;
T_6.17 ;
    %pushi/vec4 0, 0, 32; draw_string_vec4
    %pushi/vec4 4737351, 0, 32; draw_string_vec4
    %concat/vec4; draw_string_vec4
    %pushi/vec4 72, 0, 8; draw_string_vec4
    %concat/vec4; draw_string_vec4
    %store/vec4 v0x5bd5040b6950_0, 0, 72;
    %jmp T_6.21;
T_6.18 ;
    %pushi/vec4 0, 0, 32; draw_string_vec4
    %pushi/vec4 4737351, 0, 32; draw_string_vec4
    %concat/vec4; draw_string_vec4
    %pushi/vec4 72, 0, 8; draw_string_vec4
    %concat/vec4; draw_string_vec4
    %store/vec4 v0x5bd5040b6950_0, 0, 72;
    %jmp T_6.21;
T_6.19 ;
    %pushi/vec4 0, 0, 32; draw_string_vec4
    %pushi/vec4 4737351, 0, 32; draw_string_vec4
    %concat/vec4; draw_string_vec4
    %pushi/vec4 72, 0, 8; draw_string_vec4
    %concat/vec4; draw_string_vec4
    %store/vec4 v0x5bd5040b6950_0, 0, 72;
    %jmp T_6.21;
T_6.20 ;
    %pushi/vec4 0, 0, 32; draw_string_vec4
    %pushi/vec4 19535, 0, 32; draw_string_vec4
    %concat/vec4; draw_string_vec4
    %pushi/vec4 87, 0, 8; draw_string_vec4
    %concat/vec4; draw_string_vec4
    %store/vec4 v0x5bd5040b6950_0, 0, 72;
    %jmp T_6.21;
T_6.21 ;
    %pop/vec4 1;
    %pushi/real 1717986918, 4062; load=0.100000
    %pushi/real 1677722, 4040; load=0.100000
    %add/wr;
    %vpi_func 3 112 "$urandom_range" 32, W<0,r>, 32'sb00000000000000000000000000001010 {0 1 0};
    %pad/u 64;
    %muli 100, 0, 64;
    %ix/vec4 4;
    %delayx 4;
    %end;
S_0x5bd5040b6430 .scope task, "scan_file" "scan_file" 3 88, 3 88 0, S_0x5bd50408e870;
 .timescale -9 -11;
TD_tb_nand.scan_file ;
    %vpi_func 3 91 "$fscanf" 32, v0x5bd5040b6c00_0, "%s %s %b %b", v0x5bd5040b6950_0, v0x5bd5040b67f0_0, v0x5bd5040b6890_0, v0x5bd5040b6ce0_0 {0 0 0};
    %store/vec4 v0x5bd5040b69f0_0, 0, 32;
    %load/vec4 v0x5bd5040b69f0_0;
    %pushi/vec4 4294967295, 0, 32;
    %cmp/e;
    %flag_get/vec4 4;
    %store/vec4 v0x5bd5040b7120_0, 0, 1;
    %end;
S_0x5bd5040b6610 .scope task, "vectorcount" "vectorcount" 3 191, 3 191 0, S_0x5bd50408e870;
 .timescale -9 -11;
TD_tb_nand.vectorcount ;
    %load/vec4 v0x5bd5040b7080_0;
    %addi 1, 0, 32;
    %store/vec4 v0x5bd5040b7080_0, 0, 32;
    %end;
    .scope S_0x5bd50403e490;
T_9 ;
    %wait E_0x5bd504090130;
    %load/vec4 v0x5bd5040791a0_0;
    %load/vec4 v0x5bd5040b51d0_0;
    %and;
    %inv;
    %assign/vec4 v0x5bd5040b5290_0, 0;
    %jmp T_9;
    .thread T_9, $push;
    .scope S_0x5bd50408e870;
T_10 ;
    %vpi_call/w 3 36 "$dumpfile", "tb_nand.vcd" {0 0 0};
    %vpi_call/w 3 37 "$dumpvars", 32'sb00000000000000000000000000000000, S_0x5bd50408e870 {0 0 0};
    %end;
    .thread T_10;
    .scope S_0x5bd50408e870;
T_11 ;
    %delay 1000, 0;
    %load/vec4 v0x5bd5040b6fe0_0;
    %inv;
    %store/vec4 v0x5bd5040b6fe0_0, 0, 1;
    %jmp T_11;
    .thread T_11;
    .scope S_0x5bd50408e870;
T_12 ;
    %fork TD_tb_nand.initialize, S_0x5bd5040b60c0;
    %join;
    %end;
    .thread T_12;
    .scope S_0x5bd50408e870;
T_13 ;
    %wait E_0x5bd50408fe90;
    %delay 120, 0;
    %load/vec4 v0x5bd5040b7120_0;
    %nor/r;
    %flag_set/vec4 8;
    %jmp/0xz  T_13.0, 8;
    %fork TD_tb_nand.scan_file, S_0x5bd5040b6430;
    %join;
T_13.0 ;
    %jmp T_13;
    .thread T_13;
    .scope S_0x5bd50408e870;
T_14 ;
    %wait E_0x5bd50408fbe0;
    %fork TD_tb_nand.coverage_update, S_0x5bd50408f560;
    %join;
    %load/vec4 v0x5bd5040b67f0_0;
    %load/vec4 v0x5bd5040b6890_0;
    %concat/vec4; draw_concat_vec4
    %store/vec4 v0x5bd5040b7380_0, 0, 2;
    %delay 10, 0;
    %fork TD_tb_nand.QEXP, S_0x5bd50408d800;
    %join;
    %fork TD_tb_nand.display_file, S_0x5bd50408f770;
    %join;
    %fork TD_tb_nand.errors_check, S_0x5bd5040b5ee0;
    %join;
    %fork TD_tb_nand.vectorcount, S_0x5bd5040b6610;
    %join;
    %delay 2, 0;
    %load/vec4 v0x5bd5040b6ce0_0;
    %store/vec4 v0x5bd5040b7460_0, 0, 1;
    %jmp T_14;
    .thread T_14;
    .scope S_0x5bd50408e870;
T_15 ;
T_15.0 ;
    %load/vec4 v0x5bd5040b7120_0;
    %cmpi/ne 1, 0, 1;
    %jmp/0xz T_15.1, 6;
    %wait E_0x5bd5040900f0;
    %jmp T_15.0;
T_15.1 ;
    %vpi_call/w 3 308 "$display" {0 0 0};
    %vpi_call/w 3 309 "$display", "%13s ***time = %0d,eof ***", "\000", $time {0 0 0};
    %vpi_call/w 3 310 "$display" {0 0 0};
    %pushi/vec4 0, 0, 32;
    %store/vec4 v0x5bd5040b71e0_0, 0, 32;
T_15.2 ;
    %load/vec4 v0x5bd5040b71e0_0;
    %cmpi/s 50, 0, 32;
    %jmp/0xz T_15.3, 5;
    %load/vec4 v0x5bd5040b67f0_0;
    %pad/u 32;
    %cmpi/e 1, 0, 32;
    %flag_get/vec4 4;
    %jmp/0 T_15.6, 4;
    %load/vec4 v0x5bd5040b6890_0;
    %pad/u 32;
    %pushi/vec4 2, 0, 32;
    %cmp/e;
    %flag_get/vec4 4;
    %and;
T_15.6;
    %flag_set/vec4 8;
    %jmp/0xz  T_15.4, 8;
    %fork TD_tb_nand.vectorcount, S_0x5bd5040b6610;
    %join;
    %fork TD_tb_nand.close, S_0x5bd50408d9e0;
    %join;
    %jmp T_15.5;
T_15.4 ;
    %fork TD_tb_nand.random_in, S_0x5bd5040b62a0;
    %join;
T_15.5 ;
    ; show_stmt_assign_vector: Get l-value for compressed += operand
    %load/vec4 v0x5bd5040b71e0_0;
    %pushi/vec4 1, 0, 32;
    %add;
    %cast2;
    %store/vec4 v0x5bd5040b71e0_0, 0, 32;
    %jmp T_15.2;
T_15.3 ;
    %fork TD_tb_nand.close, S_0x5bd50408d9e0;
    %join;
    %end;
    .thread T_15;
# The file index is used to find the file name in the following table.
:file_names 5;
    "N/A";
    "<interactive>";
    "-";
    "tb_nand.v";
    "nand.v";
