#! /usr/bin/vvp
:ivl_version "12.0 (stable)";
:ivl_delay_selection "TYPICAL";
:vpi_time_precision - 11;
:vpi_module "/usr/lib/x86_64-linux-gnu/ivl/system.vpi";
:vpi_module "/usr/lib/x86_64-linux-gnu/ivl/vhdl_sys.vpi";
:vpi_module "/usr/lib/x86_64-linux-gnu/ivl/vhdl_textio.vpi";
:vpi_module "/usr/lib/x86_64-linux-gnu/ivl/v2005_math.vpi";
:vpi_module "/usr/lib/x86_64-linux-gnu/ivl/va_math.vpi";
:vpi_module "/usr/lib/x86_64-linux-gnu/ivl/v2009.vpi";
S_0x63df2a88e490 .scope package, "$unit" "$unit" 2 1;
 .timescale 0 0;
S_0x63df2a88e620 .scope module, "tb_dff_posedge_sync_enable" "tb_dff_posedge_sync_enable" 3 3;
 .timescale -9 -11;
P_0x63df2a88e7b0 .param/l "TICKPERIOD" 1 3 47, +C4<00000000000000000000000000010100>;
v0x63df2a9038d0_0 .var "COMMENT", 71 0;
v0x63df2a9039d0_0 .var "COMMENT1", 71 0;
v0x63df2a903ab0_0 .var "COMMENT2", 71 0;
v0x63df2a903b70_0 .var/i "COUNT", 31 0;
v0x63df2a903c50_0 .var "D", 0 0;
v0x63df2a903d40_0 .var "ENABLE", 0 0;
v0x63df2a903e10_0 .var "ERRORS", 31 0;
v0x63df2a903eb0_0 .var/i "FD", 31 0;
v0x63df2a903f90_0 .var "QBAREXPECTED", 0 0;
v0x63df2a904050_0 .net "QBAR_beh", 0 0, L_0x63df2a8e1670;  1 drivers
v0x63df2a904120_0 .var "QEXPECTED", 0 0;
v0x63df2a9041c0_0 .net "Q_beh", 0 0, v0x63df2a902d50_0;  1 drivers
v0x63df2a904290_0 .var "TICK", 0 0;
v0x63df2a904360_0 .var "VECTORCOUNT", 31 0;
v0x63df2a904400_0 .var "eof", 0 0;
v0x63df2a9044c0_0 .var/2s "i", 31 0;
v0x63df2a9045a0 .array "input_coverage", 3 0, 31 0;
v0x63df2a904660_0 .var "prev_D", 0 0;
v0x63df2a904720_0 .var "prev_QEx", 0 0;
v0x63df2a9047e0_0 .var "prev_QExbar", 0 0;
E_0x63df2a8dd450 .event anyedge, v0x63df2a904400_0;
E_0x63df2a8dd200 .event negedge, v0x63df2a8e1790_0;
S_0x63df2a8dc940 .scope task, "QEXP" "QEXP" 3 129, 3 129 0, S_0x63df2a88e620;
 .timescale -9 -11;
TD_tb_dff_posedge_sync_enable.QEXP ;
    %load/vec4 v0x63df2a903c50_0;
    %load/vec4 v0x63df2a903d40_0;
    %concat/vec4; draw_concat_vec4
    %dup/vec4;
    %pushi/vec4 1, 0, 2;
    %cmp/u;
    %jmp/1 T_0.0, 6;
    %dup/vec4;
    %pushi/vec4 3, 0, 2;
    %cmp/u;
    %jmp/1 T_0.1, 6;
    %load/vec4 v0x63df2a904720_0;
    %store/vec4 v0x63df2a904120_0, 0, 1;
    %load/vec4 v0x63df2a9047e0_0;
    %store/vec4 v0x63df2a903f90_0, 0, 1;
    %jmp T_0.3;
T_0.0 ;
    %pushi/vec4 0, 0, 1;
    %store/vec4 v0x63df2a904120_0, 0, 1;
    %pushi/vec4 1, 0, 1;
    %store/vec4 v0x63df2a903f90_0, 0, 1;
    %jmp T_0.3;
T_0.1 ;
    %pushi/vec4 1, 0, 1;
    %store/vec4 v0x63df2a904120_0, 0, 1;
    %pushi/vec4 0, 0, 1;
    %store/vec4 v0x63df2a903f90_0, 0, 1;
    %jmp T_0.3;
T_0.3 ;
    %pop/vec4 1;
    %end;
S_0x63df2a8dcb20 .scope task, "close" "close" 3 159, 3 159 0, S_0x63df2a88e620;
 .timescale -9 -11;
TD_tb_dff_posedge_sync_enable.close ;
    %delay 1000, 0;
    %vpi_call/w 3 162 "$fclose", v0x63df2a903eb0_0 {0 0 0};
    %vpi_call/w 3 164 "$display" {0 0 0};
    %vpi_call/w 3 165 "$display", "COVERAGE_REPORT" {0 0 0};
    %pushi/vec4 0, 0, 32;
    %store/vec4 v0x63df2a9044c0_0, 0, 32;
T_1.4 ;
    %load/vec4 v0x63df2a9044c0_0;
    %cmpi/s 4, 0, 32;
    %jmp/0xz T_1.5, 5;
    %ix/getv/s 4, v0x63df2a9044c0_0;
    %load/vec4a v0x63df2a9045a0, 4;
    %cmpi/e 0, 0, 32;
    %jmp/0xz  T_1.6, 4;
    %vpi_call/w 3 171 "$display", "input %b to input %b has occured %d times (***ERROR***)", &PV<v0x63df2a9044c0_0, 1, 1>, &PV<v0x63df2a9044c0_0, 0, 1>, &A<v0x63df2a9045a0, v0x63df2a9044c0_0 > {0 0 0};
    %load/vec4 v0x63df2a903e10_0;
    %addi 1, 0, 32;
    %store/vec4 v0x63df2a903e10_0, 0, 32;
    %jmp T_1.7;
T_1.6 ;
    %vpi_call/w 3 178 "$display", "input %b to input %b has occured %d times", &PV<v0x63df2a9044c0_0, 1, 1>, &PV<v0x63df2a9044c0_0, 0, 1>, &A<v0x63df2a9045a0, v0x63df2a9044c0_0 > {0 0 0};
T_1.7 ;
    ; show_stmt_assign_vector: Get l-value for compressed += operand
    %load/vec4 v0x63df2a9044c0_0;
    %pushi/vec4 1, 0, 32;
    %add;
    %cast2;
    %store/vec4 v0x63df2a9044c0_0, 0, 32;
    %jmp T_1.4;
T_1.5 ;
    %vpi_call/w 3 184 "$display" {0 0 0};
    %vpi_call/w 3 185 "$display", "VECTORCOUNT = %d", v0x63df2a904360_0 {0 0 0};
    %vpi_call/w 3 186 "$display", "ERRORS = %15d", v0x63df2a903e10_0 {0 0 0};
    %vpi_call/w 3 187 "$display" {0 0 0};
    %vpi_call/w 3 188 "$display", "TEST_END--------------------------------------------------------------------------------------------------------------------------" {0 0 0};
    %vpi_call/w 3 189 "$display" {0 0 0};
    %vpi_call/w 3 191 "$finish" {0 0 0};
    %end;
S_0x63df2a8e34f0 .scope task, "coverage_update" "coverage_update" 3 217, 3 217 0, S_0x63df2a88e620;
 .timescale -9 -11;
TD_tb_dff_posedge_sync_enable.coverage_update ;
    ; show_stmt_assign_vector: Get l-value for compressed += operand
    %load/vec4 v0x63df2a904660_0;
    %load/vec4 v0x63df2a903c50_0;
    %concat/vec4; draw_concat_vec4
    %pad/u 4;
    %ix/vec4 4;
    %flag_mov 8, 4;
    %load/vec4a v0x63df2a9045a0, 4;
    %pushi/vec4 1, 0, 32;
    %add;
    %flag_mov 4, 8;
    %store/vec4a v0x63df2a9045a0, 4, 0;
    %end;
S_0x63df2a8e3680 .scope task, "display_file" "display_file" 3 208, 3 208 0, S_0x63df2a88e620;
 .timescale -9 -11;
TD_tb_dff_posedge_sync_enable.display_file ;
    %vpi_call/w 3 210 "$display", "%10d %9s | %4d | %1d | %4d    | %5d     | %6d       | %4d   | ", v0x63df2a904360_0, v0x63df2a9038d0_0, $time, v0x63df2a903c50_0, v0x63df2a9041c0_0, v0x63df2a904120_0, v0x63df2a903f90_0, v0x63df2a903d40_0 {0 0 0};
    %end;
S_0x63df2a8e3810 .scope module, "dut_dff_posedge_sync_enable_behavioral" "dff_posedge_sync_enable_behavioral" 3 32, 4 5 0, S_0x63df2a88e620;
 .timescale -9 -11;
    .port_info 0 /INPUT 1 "clk";
    .port_info 1 /INPUT 1 "enable";
    .port_info 2 /INPUT 1 "d";
    .port_info 3 /OUTPUT 1 "q";
    .port_info 4 /OUTPUT 1 "qbar";
L_0x63df2a8e1670 .functor NOT 1, v0x63df2a902d50_0, C4<0>, C4<0>, C4<0>;
v0x63df2a8e1790_0 .net "clk", 0 0, v0x63df2a904290_0;  1 drivers
v0x63df2a902bc0_0 .net "d", 0 0, v0x63df2a903c50_0;  1 drivers
v0x63df2a902c80_0 .net "enable", 0 0, v0x63df2a903d40_0;  1 drivers
v0x63df2a902d50_0 .var "q", 0 0;
v0x63df2a902e10_0 .net "qbar", 0 0, L_0x63df2a8e1670;  alias, 1 drivers
E_0x63df2a8dd720 .event posedge, v0x63df2a8e1790_0;
S_0x63df2a902fc0 .scope task, "errors_check" "errors_check" 3 226, 3 226 0, S_0x63df2a88e620;
 .timescale -9 -11;
TD_tb_dff_posedge_sync_enable.errors_check ;
    %load/vec4 v0x63df2a9041c0_0;
    %load/vec4 v0x63df2a904120_0;
    %cmp/ne;
    %jmp/0xz  T_4.8, 6;
    %vpi_call/w 3 233 "$display", "***ERROR: Q_behavioral = %b, Q_expected = %b", v0x63df2a9041c0_0, v0x63df2a904120_0 {0 0 0};
    %load/vec4 v0x63df2a903e10_0;
    %addi 1, 0, 32;
    %store/vec4 v0x63df2a903e10_0, 0, 32;
T_4.8 ;
    %load/vec4 v0x63df2a903c50_0;
    %load/vec4 v0x63df2a904660_0;
    %cmp/ne;
    %jmp/0xz  T_4.10, 6;
    %vpi_call/w 3 241 "$display", "***ERROR: Racing Condition Occur" {0 0 0};
    %load/vec4 v0x63df2a903e10_0;
    %addi 1, 0, 32;
    %store/vec4 v0x63df2a903e10_0, 0, 32;
T_4.10 ;
    %end;
S_0x63df2a9031a0 .scope task, "initialize" "initialize" 3 70, 3 70 0, S_0x63df2a88e620;
 .timescale -9 -11;
TD_tb_dff_posedge_sync_enable.initialize ;
    %vpi_func 3 72 "$fopen" 32, "tb_dff_posedge_sync_enable.tv", "r" {0 0 0};
    %store/vec4 v0x63df2a903eb0_0, 0, 32;
    %vpi_func 3 73 "$fscanf" 32, v0x63df2a903eb0_0, "%s", v0x63df2a9038d0_0 {0 0 0};
    %store/vec4 v0x63df2a903b70_0, 0, 32;
    %vpi_func 3 75 "$fscanf" 32, v0x63df2a903eb0_0, "%s %b %s %s", v0x63df2a9038d0_0, v0x63df2a903c50_0, v0x63df2a9039d0_0, v0x63df2a903ab0_0 {0 0 0};
    %store/vec4 v0x63df2a903b70_0, 0, 32;
    %pushi/vec4 0, 0, 1;
    %store/vec4 v0x63df2a904290_0, 0, 1;
    %pushi/vec4 1, 0, 1;
    %store/vec4 v0x63df2a903d40_0, 0, 1;
    %pushi/vec4 0, 0, 32;
    %store/vec4 v0x63df2a904360_0, 0, 32;
    %pushi/vec4 0, 0, 32;
    %store/vec4 v0x63df2a903e10_0, 0, 32;
    %pushi/vec4 0, 0, 32;
    %store/vec4 v0x63df2a9044c0_0, 0, 32;
T_5.12 ;
    %load/vec4 v0x63df2a9044c0_0;
    %cmpi/s 4, 0, 32;
    %jmp/0xz T_5.13, 5;
    %pushi/vec4 0, 0, 32;
    %ix/getv/s 4, v0x63df2a9044c0_0;
    %store/vec4a v0x63df2a9045a0, 4, 0;
    ; show_stmt_assign_vector: Get l-value for compressed += operand
    %load/vec4 v0x63df2a9044c0_0;
    %pushi/vec4 1, 0, 32;
    %add;
    %cast2;
    %store/vec4 v0x63df2a9044c0_0, 0, 32;
    %jmp T_5.12;
T_5.13 ;
    %pushi/vec4 0, 0, 1;
    %store/vec4 v0x63df2a904400_0, 0, 1;
    %vpi_call/w 3 87 "$display" {0 0 0};
    %vpi_call/w 3 88 "$display", "TEST_START------------------------------------------------------------------------------------------------------------------------" {0 0 0};
    %vpi_call/w 3 89 "$display" {0 0 0};
    %vpi_call/w 3 90 "$display", "                     | TIME | D |  Q_beh  | QEXPECTED | QBAREXPECTED | ENABLE |" {0 0 0};
    %vpi_call/w 3 91 "$display", "----------------------------------------------------------------------------------------------------------------------------------" {0 0 0};
    %end;
S_0x63df2a903380 .scope task, "random_in" "random_in" 3 112, 3 112 0, S_0x63df2a88e620;
 .timescale -9 -11;
TD_tb_dff_posedge_sync_enable.random_in ;
    %vpi_func 3 114 "$urandom" 32 {0 0 0};
    %pushi/vec4 5, 0, 32;
    %mod;
    %pad/u 1;
    %store/vec4 v0x63df2a903c50_0, 0, 1;
    %load/vec4 v0x63df2a903c50_0;
    %dup/vec4;
    %pushi/vec4 0, 0, 1;
    %cmp/u;
    %jmp/1 T_6.14, 6;
    %dup/vec4;
    %pushi/vec4 1, 0, 1;
    %cmp/u;
    %jmp/1 T_6.15, 6;
    %jmp T_6.16;
T_6.14 ;
    %pushi/vec4 0, 0, 32; draw_string_vec4
    %pushi/vec4 1380275013, 0, 32; draw_string_vec4
    %concat/vec4; draw_string_vec4
    %pushi/vec4 84, 0, 8; draw_string_vec4
    %concat/vec4; draw_string_vec4
    %store/vec4 v0x63df2a9038d0_0, 0, 72;
    %jmp T_6.16;
T_6.15 ;
    %pushi/vec4 0, 0, 32; draw_string_vec4
    %pushi/vec4 21317, 0, 32; draw_string_vec4
    %concat/vec4; draw_string_vec4
    %pushi/vec4 84, 0, 8; draw_string_vec4
    %concat/vec4; draw_string_vec4
    %store/vec4 v0x63df2a9038d0_0, 0, 72;
    %jmp T_6.16;
T_6.16 ;
    %pop/vec4 1;
    %pushi/real 1717986918, 4062; load=0.100000
    %pushi/real 1677722, 4040; load=0.100000
    %add/wr;
    %vpi_func 3 122 "$urandom_range" 32, W<0,r>, 32'sb00000000000000000000000000001010 {0 1 0};
    %pad/u 64;
    %muli 100, 0, 64;
    %ix/vec4 4;
    %delayx 4;
    %end;
S_0x63df2a903560 .scope task, "scan_file" "scan_file" 3 101, 3 101 0, S_0x63df2a88e620;
 .timescale -9 -11;
TD_tb_dff_posedge_sync_enable.scan_file ;
    %vpi_func 3 104 "$fscanf" 32, v0x63df2a903eb0_0, "%s %b %b %b", v0x63df2a9038d0_0, v0x63df2a903c50_0, v0x63df2a904120_0, v0x63df2a903f90_0 {0 0 0};
    %store/vec4 v0x63df2a903b70_0, 0, 32;
    %load/vec4 v0x63df2a903b70_0;
    %pushi/vec4 4294967295, 0, 32;
    %cmp/e;
    %flag_get/vec4 4;
    %store/vec4 v0x63df2a904400_0, 0, 1;
    %end;
S_0x63df2a903740 .scope task, "vectorcount" "vectorcount" 3 198, 3 198 0, S_0x63df2a88e620;
 .timescale -9 -11;
TD_tb_dff_posedge_sync_enable.vectorcount ;
    %load/vec4 v0x63df2a904360_0;
    %addi 1, 0, 32;
    %store/vec4 v0x63df2a904360_0, 0, 32;
    %end;
    .scope S_0x63df2a8e3810;
T_9 ;
    %wait E_0x63df2a8dd720;
    %load/vec4 v0x63df2a902c80_0;
    %flag_set/vec4 8;
    %jmp/0xz  T_9.0, 8;
    %load/vec4 v0x63df2a902bc0_0;
    %assign/vec4 v0x63df2a902d50_0, 0;
    %jmp T_9.1;
T_9.0 ;
    %load/vec4 v0x63df2a902d50_0;
    %assign/vec4 v0x63df2a902d50_0, 0;
T_9.1 ;
    %jmp T_9;
    .thread T_9;
    .scope S_0x63df2a88e620;
T_10 ;
    %vpi_call/w 3 40 "$dumpfile", "tb_dff_posedge_sync_enable.vcd" {0 0 0};
    %vpi_call/w 3 41 "$dumpvars", 32'sb00000000000000000000000000000000, S_0x63df2a88e620 {0 0 0};
    %end;
    .thread T_10;
    .scope S_0x63df2a88e620;
T_11 ;
    %delay 1000, 0;
    %load/vec4 v0x63df2a904290_0;
    %inv;
    %store/vec4 v0x63df2a904290_0, 0, 1;
    %jmp T_11;
    .thread T_11;
    .scope S_0x63df2a88e620;
T_12 ;
    %delay 2000, 0;
    %load/vec4 v0x63df2a903d40_0;
    %inv;
    %store/vec4 v0x63df2a903d40_0, 0, 1;
    %jmp T_12;
    .thread T_12;
    .scope S_0x63df2a88e620;
T_13 ;
    %fork TD_tb_dff_posedge_sync_enable.initialize, S_0x63df2a9031a0;
    %join;
    %end;
    .thread T_13;
    .scope S_0x63df2a88e620;
T_14 ;
    %wait E_0x63df2a8dd200;
    %delay 120, 0;
    %load/vec4 v0x63df2a904400_0;
    %nor/r;
    %flag_set/vec4 8;
    %jmp/0xz  T_14.0, 8;
    %fork TD_tb_dff_posedge_sync_enable.scan_file, S_0x63df2a903560;
    %join;
T_14.0 ;
    %jmp T_14;
    .thread T_14;
    .scope S_0x63df2a88e620;
T_15 ;
    %wait E_0x63df2a8dd720;
    %fork TD_tb_dff_posedge_sync_enable.coverage_update, S_0x63df2a8e34f0;
    %join;
    %load/vec4 v0x63df2a903c50_0;
    %store/vec4 v0x63df2a904660_0, 0, 1;
    %delay 10, 0;
    %fork TD_tb_dff_posedge_sync_enable.QEXP, S_0x63df2a8dc940;
    %join;
    %fork TD_tb_dff_posedge_sync_enable.display_file, S_0x63df2a8e3680;
    %join;
    %fork TD_tb_dff_posedge_sync_enable.errors_check, S_0x63df2a902fc0;
    %join;
    %fork TD_tb_dff_posedge_sync_enable.vectorcount, S_0x63df2a903740;
    %join;
    %delay 10, 0;
    %load/vec4 v0x63df2a904120_0;
    %store/vec4 v0x63df2a904720_0, 0, 1;
    %load/vec4 v0x63df2a903f90_0;
    %store/vec4 v0x63df2a9047e0_0, 0, 1;
    %jmp T_15;
    .thread T_15;
    .scope S_0x63df2a88e620;
T_16 ;
T_16.0 ;
    %load/vec4 v0x63df2a904400_0;
    %cmpi/ne 1, 0, 1;
    %jmp/0xz T_16.1, 6;
    %wait E_0x63df2a8dd450;
    %jmp T_16.0;
T_16.1 ;
    %vpi_call/w 3 309 "$display" {0 0 0};
    %vpi_call/w 3 310 "$display", "%13s ***time = %0d,eof ***", "\000", $time {0 0 0};
    %vpi_call/w 3 311 "$display" {0 0 0};
    %pushi/vec4 0, 0, 32;
    %store/vec4 v0x63df2a9044c0_0, 0, 32;
T_16.2 ;
    %load/vec4 v0x63df2a9044c0_0;
    %cmpi/s 50, 0, 32;
    %jmp/0xz T_16.3, 5;
    %load/vec4 v0x63df2a903c50_0;
    %pad/u 32;
    %cmpi/e 2, 0, 32;
    %jmp/0xz  T_16.4, 4;
    %fork TD_tb_dff_posedge_sync_enable.vectorcount, S_0x63df2a903740;
    %join;
    %fork TD_tb_dff_posedge_sync_enable.close, S_0x63df2a8dcb20;
    %join;
    %jmp T_16.5;
T_16.4 ;
    %fork TD_tb_dff_posedge_sync_enable.random_in, S_0x63df2a903380;
    %join;
T_16.5 ;
    ; show_stmt_assign_vector: Get l-value for compressed += operand
    %load/vec4 v0x63df2a9044c0_0;
    %pushi/vec4 1, 0, 32;
    %add;
    %cast2;
    %store/vec4 v0x63df2a9044c0_0, 0, 32;
    %jmp T_16.2;
T_16.3 ;
    %fork TD_tb_dff_posedge_sync_enable.close, S_0x63df2a8dcb20;
    %join;
    %end;
    .thread T_16;
# The file index is used to find the file name in the following table.
:file_names 5;
    "N/A";
    "<interactive>";
    "-";
    "tb_dff_posedge_sync_enable.v";
    "dff_posedge_sync_enable.v";
