#! /usr/bin/vvp
:ivl_version "12.0 (stable)";
:ivl_delay_selection "TYPICAL";
:vpi_time_precision - 10;
:vpi_module "/usr/lib/x86_64-linux-gnu/ivl/system.vpi";
:vpi_module "/usr/lib/x86_64-linux-gnu/ivl/vhdl_sys.vpi";
:vpi_module "/usr/lib/x86_64-linux-gnu/ivl/vhdl_textio.vpi";
:vpi_module "/usr/lib/x86_64-linux-gnu/ivl/v2005_math.vpi";
:vpi_module "/usr/lib/x86_64-linux-gnu/ivl/va_math.vpi";
:vpi_module "/usr/lib/x86_64-linux-gnu/ivl/v2009.vpi";
S_0x6342415d77a0 .scope package, "$unit" "$unit" 2 1;
 .timescale 0 0;
S_0x6342415d7930 .scope module, "tb_not" "tb_not" 3 2;
 .timescale -9 -10;
P_0x6342415d7ac0 .param/l "TICKPERIOD" 1 3 38, +C4<00000000000000000000000000010100>;
v0x634241607d10_0 .var "A", 0 0;
v0x634241607db0_0 .var "COMMENT", 31 0;
v0x634241607e90_0 .var/i "COUNT", 31 0;
v0x634241607f50_0 .var "ERRORS", 31 0;
v0x634241608030_0 .var/i "FD", 31 0;
v0x634241608160_0 .var "TICK", 0 0;
v0x634241608220_0 .var "VECTORCOUNT", 31 0;
v0x634241608300_0 .var "YEXPECTED", 0 0;
v0x6342416083c0_0 .net "Y_beh", 0 0, v0x634241606ae0_0;  1 drivers
v0x634241608460_0 .net "Y_data", 0 0, L_0x6342416089b0;  1 drivers
v0x634241608530_0 .net "Y_gate", 0 0, L_0x634241608900;  1 drivers
v0x634241608600_0 .var "eof", 0 0;
v0x6342416086a0_0 .var/2s "i", 31 0;
v0x634241608740_0 .var "input_coverage0", 31 0;
v0x634241608820_0 .var "input_coverage1", 31 0;
E_0x6342415d8950 .event posedge, v0x634241608160_0;
E_0x6342415d8690 .event negedge, v0x634241608160_0;
S_0x63424159e490 .scope task, "close" "close" 3 96, 3 96 0, S_0x6342415d7930;
 .timescale -9 -10;
TD_tb_not.close ;
    %vpi_call/w 3 98 "$fclose", v0x634241608030_0 {0 0 0};
    %vpi_call/w 3 100 "$display", "COVERAGE REPORT:" {0 0 0};
    %vpi_call/w 3 101 "$display", "Input 0 was hit %d times", v0x634241608740_0 {0 0 0};
    %vpi_call/w 3 102 "$display", "Input 1 was hit %d times", v0x634241608820_0 {0 0 0};
    %vpi_call/w 3 103 "$display" {0 0 0};
    %vpi_call/w 3 104 "$display", "VECTORCOUNT=%d", v0x634241608220_0 {0 0 0};
    %vpi_call/w 3 105 "$display", "ERRORS=%d", v0x634241607f50_0 {0 0 0};
    %vpi_call/w 3 106 "$display", "TEST END-------------------------------------------------------------" {0 0 0};
    %vpi_call/w 3 107 "$finish" {0 0 0};
    %end;
S_0x63424159e670 .scope task, "coverage_update" "coverage_update" 3 138, 3 138 0, S_0x6342415d7930;
 .timescale -9 -10;
TD_tb_not.coverage_update ;
    %load/vec4 v0x634241607d10_0;
    %dup/vec4;
    %pushi/vec4 0, 0, 1;
    %cmp/u;
    %jmp/1 T_1.0, 6;
    %dup/vec4;
    %pushi/vec4 1, 0, 1;
    %cmp/u;
    %jmp/1 T_1.1, 6;
    %jmp T_1.2;
T_1.0 ;
    %load/vec4 v0x634241608740_0;
    %addi 1, 0, 32;
    %store/vec4 v0x634241608740_0, 0, 32;
    %jmp T_1.2;
T_1.1 ;
    %load/vec4 v0x634241608820_0;
    %addi 1, 0, 32;
    %store/vec4 v0x634241608820_0, 0, 32;
    %jmp T_1.2;
T_1.2 ;
    %pop/vec4 1;
    %end;
S_0x6342415d9020 .scope task, "display_file" "display_file" 3 127, 3 127 0, S_0x6342415d7930;
 .timescale -9 -10;
TD_tb_not.display_file ;
    %vpi_call/w 3 129 "$display", "%10d %8s | %4d | %1d | %4d     | %4d     | %4d    | %4d      |", v0x634241608220_0, v0x634241607db0_0, $time, v0x634241607d10_0, v0x634241608530_0, v0x634241608460_0, v0x6342416083c0_0, v0x634241608300_0 {0 0 0};
    %end;
S_0x6342415d9230 .scope module, "dut_not_behavioral" "not_behavioral" 3 27, 4 23 0, S_0x6342415d7930;
 .timescale 0 0;
    .port_info 0 /INPUT 1 "a";
    .port_info 1 /OUTPUT 1 "y";
v0x6342415db1f0_0 .net "a", 0 0, v0x634241607d10_0;  1 drivers
v0x634241606ae0_0 .var "y", 0 0;
E_0x6342415c2780 .event anyedge, v0x6342415db1f0_0;
S_0x634241606c00 .scope module, "dut_not_dataflow" "not_dataflow" 3 26, 4 12 0, S_0x6342415d7930;
 .timescale 0 0;
    .port_info 0 /INPUT 1 "a";
    .port_info 1 /OUTPUT 1 "y";
L_0x6342416089b0 .functor NOT 1, v0x634241607d10_0, C4<0>, C4<0>, C4<0>;
v0x634241606e30_0 .net "a", 0 0, v0x634241607d10_0;  alias, 1 drivers
v0x634241606ef0_0 .net "y", 0 0, L_0x6342416089b0;  alias, 1 drivers
S_0x634241606ff0 .scope module, "dut_not_gate" "not_gate" 3 25, 4 1 0, S_0x6342415d7930;
 .timescale 0 0;
    .port_info 0 /INPUT 1 "a";
    .port_info 1 /OUTPUT 1 "y";
L_0x634241608900 .functor NOT 1, v0x634241607d10_0, C4<0>, C4<0>, C4<0>;
v0x6342416071d0_0 .net "a", 0 0, v0x634241607d10_0;  alias, 1 drivers
v0x6342416072e0_0 .net "y", 0 0, L_0x634241608900;  alias, 1 drivers
S_0x634241607400 .scope task, "errors_check" "errors_check" 3 154, 3 154 0, S_0x6342415d7930;
 .timescale -9 -10;
TD_tb_not.errors_check ;
    %load/vec4 v0x634241608530_0;
    %load/vec4 v0x634241608300_0;
    %cmp/ne;
    %jmp/0xz  T_3.3, 6;
    %vpi_call/w 3 158 "$display", "***ERRORS: Y_gate == %b, YEXPECTED == %b", v0x634241608530_0, v0x634241608300_0 {0 0 0};
    %load/vec4 v0x634241607f50_0;
    %addi 1, 0, 32;
    %store/vec4 v0x634241607f50_0, 0, 32;
T_3.3 ;
    %load/vec4 v0x634241608460_0;
    %load/vec4 v0x634241608300_0;
    %cmp/ne;
    %jmp/0xz  T_3.5, 6;
    %vpi_call/w 3 167 "$display", "***ERRORS: Y_data == %b, YEXPECTED == %b", v0x634241608460_0, v0x634241608300_0 {0 0 0};
    %load/vec4 v0x634241607f50_0;
    %addi 1, 0, 32;
    %store/vec4 v0x634241607f50_0, 0, 32;
T_3.5 ;
    %load/vec4 v0x6342416083c0_0;
    %load/vec4 v0x634241608300_0;
    %cmp/ne;
    %jmp/0xz  T_3.7, 6;
    %vpi_call/w 3 175 "$display", "***ERRORS: Y_beh == %b, YEXPECTED == %b", v0x6342416083c0_0, v0x634241608300_0 {0 0 0};
    %load/vec4 v0x634241607f50_0;
    %addi 1, 0, 32;
    %store/vec4 v0x634241607f50_0, 0, 32;
T_3.7 ;
    %end;
S_0x6342416075e0 .scope task, "initialize" "initialize" 3 47, 3 47 0, S_0x6342415d7930;
 .timescale -9 -10;
TD_tb_not.initialize ;
    %vpi_func 3 49 "$fopen" 32, "tb_not.tv" {0 0 0};
    %store/vec4 v0x634241608030_0, 0, 32;
    %vpi_func 3 50 "$fscanf" 32, v0x634241608030_0, "%s", v0x634241607db0_0 {0 0 0};
    %store/vec4 v0x634241607e90_0, 0, 32;
    %vpi_func 3 52 "$fscanf" 32, v0x634241608030_0, "%s %d %d", v0x634241607db0_0, v0x634241607d10_0, v0x634241608300_0 {0 0 0};
    %store/vec4 v0x634241607e90_0, 0, 32;
    %pushi/vec4 0, 0, 1;
    %store/vec4 v0x634241608160_0, 0, 1;
    %pushi/vec4 0, 0, 32;
    %store/vec4 v0x634241608220_0, 0, 32;
    %pushi/vec4 0, 0, 32;
    %store/vec4 v0x634241607f50_0, 0, 32;
    %pushi/vec4 0, 0, 32;
    %store/vec4 v0x634241608740_0, 0, 32;
    %pushi/vec4 0, 0, 32;
    %store/vec4 v0x634241608820_0, 0, 32;
    %vpi_call/w 3 60 "$display", "TEST START-----------------------------------------------------------" {0 0 0};
    %vpi_call/w 3 61 "$display" {0 0 0};
    %vpi_call/w 3 62 "$display", "                  | TIME | A |  Y_gate  |  Y_data  |  Y_beh  | YEXPECTED | " {0 0 0};
    %vpi_call/w 3 63 "$display", "----------------------------------------------------------------------" {0 0 0};
    %end;
S_0x6342416077c0 .scope task, "random_in" "random_in" 3 84, 3 84 0, S_0x6342415d7930;
 .timescale -9 -10;
TD_tb_not.random_in ;
    %vpi_func 3 86 "$urandom" 32 {0 0 0};
    %pushi/vec4 2, 0, 32;
    %mod;
    %pad/u 1;
    %store/vec4 v0x634241607d10_0, 0, 1;
    %vpi_func 3 87 "$urandom_range" 32, 32'sb00000000000000000000000000000001, 32'sb00000000000000000000000000001001 {0 0 0};
    %pad/u 64;
    %muli 10, 0, 64;
    %ix/vec4 4;
    %delayx 4;
    %end;
S_0x6342416079a0 .scope task, "scan_file" "scan_file" 3 72, 3 72 0, S_0x6342415d7930;
 .timescale -9 -10;
TD_tb_not.scan_file ;
    %vpi_func 3 74 "$fscanf" 32, v0x634241608030_0, "%s %d %d", v0x634241607db0_0, v0x634241607d10_0, v0x634241608300_0 {0 0 0};
    %store/vec4 v0x634241607e90_0, 0, 32;
    %load/vec4 v0x634241607e90_0;
    %pushi/vec4 4294967295, 0, 32;
    %cmp/e;
    %flag_get/vec4 4;
    %store/vec4 v0x634241608600_0, 0, 1;
    %end;
S_0x634241607b30 .scope task, "vectorcount" "vectorcount" 3 116, 3 116 0, S_0x6342415d7930;
 .timescale -9 -10;
TD_tb_not.vectorcount ;
    %load/vec4 v0x634241608220_0;
    %addi 1, 0, 32;
    %store/vec4 v0x634241608220_0, 0, 32;
    %end;
    .scope S_0x6342415d9230;
T_8 ;
    %wait E_0x6342415c2780;
    %load/vec4 v0x6342415db1f0_0;
    %inv;
    %assign/vec4 v0x634241606ae0_0, 0;
    %jmp T_8;
    .thread T_8, $push;
    .scope S_0x6342415d7930;
T_9 ;
    %vpi_call/w 3 32 "$dumpfile", "tb_not.vcd" {0 0 0};
    %vpi_call/w 3 33 "$dumpvars", 32'sb00000000000000000000000000000000, S_0x6342415d7930 {0 0 0};
    %end;
    .thread T_9;
    .scope S_0x6342415d7930;
T_10 ;
    %delay 100, 0;
    %load/vec4 v0x634241608160_0;
    %inv;
    %store/vec4 v0x634241608160_0, 0, 1;
    %jmp T_10;
    .thread T_10;
    .scope S_0x6342415d7930;
T_11 ;
    %fork TD_tb_not.initialize, S_0x6342416075e0;
    %join;
    %end;
    .thread T_11;
    .scope S_0x6342415d7930;
T_12 ;
    %wait E_0x6342415d8690;
    %fork TD_tb_not.scan_file, S_0x6342416079a0;
    %join;
    %load/vec4 v0x634241608600_0;
    %flag_set/vec4 8;
    %jmp/0xz  T_12.0, 8;
    %pushi/vec4 0, 0, 32;
    %store/vec4 v0x6342416086a0_0, 0, 32;
T_12.2 ;
    %load/vec4 v0x6342416086a0_0;
    %cmpi/s 10, 0, 32;
    %jmp/0xz T_12.3, 5;
    %load/vec4 v0x634241607d10_0;
    %pad/u 32;
    %cmpi/e 1, 0, 32;
    %jmp/0xz  T_12.4, 4;
    %fork TD_tb_not.close, S_0x63424159e490;
    %join;
    %jmp T_12.5;
T_12.4 ;
    %fork TD_tb_not.random_in, S_0x6342416077c0;
    %join;
    %fork TD_tb_not.vectorcount, S_0x634241607b30;
    %join;
    %fork TD_tb_not.display_file, S_0x6342415d9020;
    %join;
    %fork TD_tb_not.coverage_update, S_0x63424159e670;
    %join;
    %fork TD_tb_not.errors_check, S_0x634241607400;
    %join;
T_12.5 ;
    ; show_stmt_assign_vector: Get l-value for compressed += operand
    %load/vec4 v0x6342416086a0_0;
    %pushi/vec4 1, 0, 32;
    %add;
    %cast2;
    %store/vec4 v0x6342416086a0_0, 0, 32;
    %jmp T_12.2;
T_12.3 ;
    %fork TD_tb_not.close, S_0x63424159e490;
    %join;
T_12.0 ;
    %fork TD_tb_not.vectorcount, S_0x634241607b30;
    %join;
    %jmp T_12;
    .thread T_12;
    .scope S_0x6342415d7930;
T_13 ;
    %wait E_0x6342415d8950;
    %load/vec4 v0x634241608600_0;
    %nor/r;
    %flag_set/vec4 8;
    %jmp/0xz  T_13.0, 8;
    %fork TD_tb_not.display_file, S_0x6342415d9020;
    %join;
    %fork TD_tb_not.coverage_update, S_0x63424159e670;
    %join;
    %fork TD_tb_not.errors_check, S_0x634241607400;
    %join;
T_13.0 ;
    %jmp T_13;
    .thread T_13;
# The file index is used to find the file name in the following table.
:file_names 5;
    "N/A";
    "<interactive>";
    "-";
    "tb_not.v";
    "not.v";
