#! /usr/bin/vvp
:ivl_version "12.0 (stable)";
:ivl_delay_selection "TYPICAL";
:vpi_time_precision - 11;
:vpi_module "/usr/lib/x86_64-linux-gnu/ivl/system.vpi";
:vpi_module "/usr/lib/x86_64-linux-gnu/ivl/vhdl_sys.vpi";
:vpi_module "/usr/lib/x86_64-linux-gnu/ivl/vhdl_textio.vpi";
:vpi_module "/usr/lib/x86_64-linux-gnu/ivl/v2005_math.vpi";
:vpi_module "/usr/lib/x86_64-linux-gnu/ivl/va_math.vpi";
:vpi_module "/usr/lib/x86_64-linux-gnu/ivl/v2009.vpi";
S_0x60ae887b0160 .scope package, "$unit" "$unit" 2 1;
 .timescale 0 0;
S_0x60ae887b02f0 .scope module, "tb_not" "tb_not" 3 3;
 .timescale -9 -11;
P_0x60ae887b0480 .param/l "TICKPERIOD" 1 3 43, +C4<00000000000000000000000000010100>;
v0x60ae887d5b40_0 .var "A", 0 0;
v0x60ae887d5be0_0 .var "COMMENT", 71 0;
v0x60ae887d5cc0_0 .var/i "COUNT", 31 0;
v0x60ae887d5d80_0 .var "ERRORS", 31 0;
v0x60ae887d5e60_0 .var/i "FD", 31 0;
v0x60ae887d5f90_0 .var "QEXPECTED", 0 0;
v0x60ae887d6050_0 .net "Q_beh", 0 0, v0x60ae887d4920_0;  1 drivers
v0x60ae887d60f0_0 .net "Q_data", 0 0, L_0x60ae887d6860;  1 drivers
v0x60ae887d61c0_0 .net "Q_gate", 0 0, L_0x60ae887d67b0;  1 drivers
v0x60ae887d6290_0 .var "TICK", 0 0;
v0x60ae887d6330_0 .var "VECTORCOUNT", 31 0;
v0x60ae887d63d0_0 .var "eof", 0 0;
v0x60ae887d6490_0 .var/2s "i", 31 0;
v0x60ae887d6570 .array "input_coverage", 0 3, 31 0;
v0x60ae887d6630_0 .var "prev_A", 0 0;
v0x60ae887d66f0_0 .var "prev_QEx", 0 0;
E_0x60ae887b1340 .event anyedge, v0x60ae887d63d0_0;
E_0x60ae887b1640 .event posedge, v0x60ae887d6290_0;
E_0x60ae887b1380 .event negedge, v0x60ae887d6290_0;
S_0x60ae887af5c0 .scope task, "QEXP" "QEXP" 3 117, 3 117 0, S_0x60ae887b02f0;
 .timescale -9 -11;
TD_tb_not.QEXP ;
    %load/vec4 v0x60ae887d5b40_0;
    %dup/vec4;
    %pushi/vec4 0, 0, 1;
    %cmp/u;
    %jmp/1 T_0.0, 6;
    %dup/vec4;
    %pushi/vec4 1, 0, 1;
    %cmp/u;
    %jmp/1 T_0.1, 6;
    %jmp T_0.2;
T_0.0 ;
    %pushi/vec4 1, 0, 1;
    %store/vec4 v0x60ae887d5f90_0, 0, 1;
    %jmp T_0.2;
T_0.1 ;
    %pushi/vec4 0, 0, 1;
    %store/vec4 v0x60ae887d5f90_0, 0, 1;
    %jmp T_0.2;
T_0.2 ;
    %pop/vec4 1;
    %end;
S_0x60ae887af7a0 .scope task, "close" "close" 3 139, 3 139 0, S_0x60ae887b02f0;
 .timescale -9 -11;
TD_tb_not.close ;
    %delay 1000, 0;
    %vpi_call/w 3 143 "$fclose", v0x60ae887d5e60_0 {0 0 0};
    %vpi_call/w 3 145 "$display" {0 0 0};
    %vpi_call/w 3 146 "$display", "COVERAGE_REPORT" {0 0 0};
    %pushi/vec4 0, 0, 32;
    %store/vec4 v0x60ae887d6490_0, 0, 32;
T_1.3 ;
    %load/vec4 v0x60ae887d6490_0;
    %cmpi/s 4, 0, 32;
    %jmp/0xz T_1.4, 5;
    %ix/getv/s 4, v0x60ae887d6490_0;
    %load/vec4a v0x60ae887d6570, 4;
    %cmpi/e 0, 0, 32;
    %jmp/0xz  T_1.5, 4;
    %vpi_call/w 3 152 "$display", "input %b to input %b has occured %d times (***ERROR***)", &PV<v0x60ae887d6490_0, 1, 1>, &PV<v0x60ae887d6490_0, 0, 1>, &A<v0x60ae887d6570, v0x60ae887d6490_0 > {0 0 0};
    %load/vec4 v0x60ae887d5d80_0;
    %addi 1, 0, 32;
    %store/vec4 v0x60ae887d5d80_0, 0, 32;
    %jmp T_1.6;
T_1.5 ;
    %vpi_call/w 3 159 "$display", "input %b to input %b has occured %d times", &PV<v0x60ae887d6490_0, 1, 1>, &PV<v0x60ae887d6490_0, 0, 1>, &A<v0x60ae887d6570, v0x60ae887d6490_0 > {0 0 0};
T_1.6 ;
    ; show_stmt_assign_vector: Get l-value for compressed += operand
    %load/vec4 v0x60ae887d6490_0;
    %pushi/vec4 1, 0, 32;
    %add;
    %cast2;
    %store/vec4 v0x60ae887d6490_0, 0, 32;
    %jmp T_1.3;
T_1.4 ;
    %vpi_call/w 3 165 "$display" {0 0 0};
    %vpi_call/w 3 166 "$display", "VECTORCOUNT = %d", v0x60ae887d6330_0 {0 0 0};
    %vpi_call/w 3 167 "$display", "ERRORS = %15d", v0x60ae887d5d80_0 {0 0 0};
    %vpi_call/w 3 168 "$display" {0 0 0};
    %vpi_call/w 3 169 "$display", "TEST_END--------------------------------------------------------------------------------------------------------------------------" {0 0 0};
    %vpi_call/w 3 170 "$display" {0 0 0};
    %vpi_call/w 3 172 "$finish" {0 0 0};
    %end;
S_0x60ae88762490 .scope task, "coverage_update" "coverage_update" 3 198, 3 198 0, S_0x60ae887b02f0;
 .timescale -9 -11;
TD_tb_not.coverage_update ;
    ; show_stmt_assign_vector: Get l-value for compressed += operand
    %load/vec4 v0x60ae887d6630_0;
    %load/vec4 v0x60ae887d5b40_0;
    %concat/vec4; draw_concat_vec4
    %pad/u 4;
    %ix/vec4 4;
    %flag_mov 8, 4;
    %load/vec4a v0x60ae887d6570, 4;
    %pushi/vec4 1, 0, 32;
    %add;
    %flag_mov 4, 8;
    %store/vec4a v0x60ae887d6570, 4, 0;
    %end;
S_0x60ae887626a0 .scope task, "display_file" "display_file" 3 189, 3 189 0, S_0x60ae887b02f0;
 .timescale -9 -11;
TD_tb_not.display_file ;
    %vpi_call/w 3 191 "$display", "%10d %9s | %4d | %1d | %4d     | %4d     | %4d    | %5d     |", v0x60ae887d6330_0, v0x60ae887d5be0_0, $time, v0x60ae887d5b40_0, v0x60ae887d61c0_0, v0x60ae887d60f0_0, v0x60ae887d6050_0, v0x60ae887d5f90_0 {0 0 0};
    %end;
S_0x60ae887b0cd0 .scope module, "dut_not_behavioral" "not_behavioral" 3 28, 4 23 0, S_0x60ae887b02f0;
 .timescale -9 -11;
    .port_info 0 /INPUT 1 "a";
    .port_info 1 /OUTPUT 1 "q";
v0x60ae8879cf20_0 .net "a", 0 0, v0x60ae887d5b40_0;  1 drivers
v0x60ae887d4920_0 .var "q", 0 0;
E_0x60ae88786780 .event anyedge, v0x60ae8879cf20_0;
S_0x60ae887d4a40 .scope module, "dut_not_dataflow" "not_dataflow" 3 27, 4 12 0, S_0x60ae887b02f0;
 .timescale -9 -11;
    .port_info 0 /INPUT 1 "a";
    .port_info 1 /OUTPUT 1 "q";
L_0x60ae887d6860 .functor NOT 1, v0x60ae887d5b40_0, C4<0>, C4<0>, C4<0>;
v0x60ae887d4c20_0 .net "a", 0 0, v0x60ae887d5b40_0;  alias, 1 drivers
v0x60ae887d4ce0_0 .net "q", 0 0, L_0x60ae887d6860;  alias, 1 drivers
S_0x60ae887d4de0 .scope module, "dut_not_gate" "not_gate" 3 26, 4 1 0, S_0x60ae887b02f0;
 .timescale -9 -11;
    .port_info 0 /INPUT 1 "a";
    .port_info 1 /OUTPUT 1 "q";
L_0x60ae887d67b0 .functor NOT 1, v0x60ae887d5b40_0, C4<0>, C4<0>, C4<0>;
v0x60ae887d5000_0 .net "a", 0 0, v0x60ae887d5b40_0;  alias, 1 drivers
v0x60ae887d5110_0 .net "q", 0 0, L_0x60ae887d67b0;  alias, 1 drivers
S_0x60ae887d5230 .scope task, "errors_check" "errors_check" 3 207, 3 207 0, S_0x60ae887b02f0;
 .timescale -9 -11;
TD_tb_not.errors_check ;
    %load/vec4 v0x60ae887d61c0_0;
    %load/vec4 v0x60ae887d5f90_0;
    %cmp/ne;
    %jmp/0xz  T_4.7, 6;
    %vpi_call/w 3 212 "$display", "***ERROR: Q_gate = %b, Q_expected = %b", v0x60ae887d61c0_0, v0x60ae887d5f90_0 {0 0 0};
    %load/vec4 v0x60ae887d5d80_0;
    %addi 1, 0, 32;
    %store/vec4 v0x60ae887d5d80_0, 0, 32;
T_4.7 ;
    %load/vec4 v0x60ae887d60f0_0;
    %load/vec4 v0x60ae887d5f90_0;
    %cmp/ne;
    %jmp/0xz  T_4.9, 6;
    %vpi_call/w 3 219 "$display", "***ERROR: Q_dataflow = %b, Q_expected = %b", v0x60ae887d60f0_0, v0x60ae887d5f90_0 {0 0 0};
    %load/vec4 v0x60ae887d5d80_0;
    %addi 1, 0, 32;
    %store/vec4 v0x60ae887d5d80_0, 0, 32;
T_4.9 ;
    %load/vec4 v0x60ae887d6050_0;
    %load/vec4 v0x60ae887d5f90_0;
    %cmp/ne;
    %jmp/0xz  T_4.11, 6;
    %vpi_call/w 3 226 "$display", "***ERROR: Q_behavioral = %b, Q_expected = %b", v0x60ae887d6050_0, v0x60ae887d5f90_0 {0 0 0};
    %load/vec4 v0x60ae887d5d80_0;
    %addi 1, 0, 32;
    %store/vec4 v0x60ae887d5d80_0, 0, 32;
T_4.11 ;
    %end;
S_0x60ae887d5410 .scope task, "initialize" "initialize" 3 57, 3 57 0, S_0x60ae887b02f0;
 .timescale -9 -11;
TD_tb_not.initialize ;
    %vpi_func 3 59 "$fopen" 32, "tb_not.tv", "r" {0 0 0};
    %store/vec4 v0x60ae887d5e60_0, 0, 32;
    %vpi_func 3 60 "$fscanf" 32, v0x60ae887d5e60_0, "%s", v0x60ae887d5be0_0 {0 0 0};
    %store/vec4 v0x60ae887d5cc0_0, 0, 32;
    %vpi_func 3 62 "$fscanf" 32, v0x60ae887d5e60_0, "%s %b %b", v0x60ae887d5be0_0, v0x60ae887d5b40_0, v0x60ae887d5f90_0 {0 0 0};
    %store/vec4 v0x60ae887d5cc0_0, 0, 32;
    %pushi/vec4 0, 0, 1;
    %store/vec4 v0x60ae887d6290_0, 0, 1;
    %pushi/vec4 0, 0, 32;
    %store/vec4 v0x60ae887d6330_0, 0, 32;
    %pushi/vec4 0, 0, 32;
    %store/vec4 v0x60ae887d5d80_0, 0, 32;
    %pushi/vec4 0, 0, 32;
    %store/vec4 v0x60ae887d6490_0, 0, 32;
T_5.13 ;
    %load/vec4 v0x60ae887d6490_0;
    %cmpi/s 4, 0, 32;
    %jmp/0xz T_5.14, 5;
    %pushi/vec4 0, 0, 32;
    %ix/getv/s 4, v0x60ae887d6490_0;
    %store/vec4a v0x60ae887d6570, 4, 0;
    ; show_stmt_assign_vector: Get l-value for compressed += operand
    %load/vec4 v0x60ae887d6490_0;
    %pushi/vec4 1, 0, 32;
    %add;
    %cast2;
    %store/vec4 v0x60ae887d6490_0, 0, 32;
    %jmp T_5.13;
T_5.14 ;
    %pushi/vec4 0, 0, 1;
    %store/vec4 v0x60ae887d63d0_0, 0, 1;
    %vpi_call/w 3 73 "$display" {0 0 0};
    %vpi_call/w 3 74 "$display", "TEST_START------------------------------------------------------------------------------------------------------------------------" {0 0 0};
    %vpi_call/w 3 75 "$display" {0 0 0};
    %vpi_call/w 3 76 "$display", "                     | TIME | A |  Q_gate  |  Q_data  |  Q_beh  | QEXPECTED |" {0 0 0};
    %vpi_call/w 3 77 "$display", "----------------------------------------------------------------------------------------------------------------------------------" {0 0 0};
    %end;
S_0x60ae887d55f0 .scope task, "random_in" "random_in" 3 99, 3 99 0, S_0x60ae887b02f0;
 .timescale -9 -11;
TD_tb_not.random_in ;
    %vpi_func 3 102 "$urandom" 32 {0 0 0};
    %pushi/vec4 5, 0, 32;
    %mod;
    %pad/u 1;
    %store/vec4 v0x60ae887d5b40_0, 0, 1;
    %load/vec4 v0x60ae887d5b40_0;
    %dup/vec4;
    %pushi/vec4 0, 0, 1;
    %cmp/u;
    %jmp/1 T_6.15, 6;
    %dup/vec4;
    %pushi/vec4 1, 0, 1;
    %cmp/u;
    %jmp/1 T_6.16, 6;
    %jmp T_6.17;
T_6.15 ;
    %pushi/vec4 0, 0, 32; draw_string_vec4
    %pushi/vec4 4737351, 0, 32; draw_string_vec4
    %concat/vec4; draw_string_vec4
    %pushi/vec4 72, 0, 8; draw_string_vec4
    %concat/vec4; draw_string_vec4
    %store/vec4 v0x60ae887d5be0_0, 0, 72;
    %jmp T_6.17;
T_6.16 ;
    %pushi/vec4 0, 0, 32; draw_string_vec4
    %pushi/vec4 19535, 0, 32; draw_string_vec4
    %concat/vec4; draw_string_vec4
    %pushi/vec4 87, 0, 8; draw_string_vec4
    %concat/vec4; draw_string_vec4
    %store/vec4 v0x60ae887d5be0_0, 0, 72;
    %jmp T_6.17;
T_6.17 ;
    %pop/vec4 1;
    %pushi/real 1717986918, 4062; load=0.100000
    %pushi/real 1677722, 4040; load=0.100000
    %add/wr;
    %vpi_func 3 110 "$urandom_range" 32, W<0,r>, 32'sb00000000000000000000000000001010 {0 1 0};
    %pad/u 64;
    %muli 100, 0, 64;
    %ix/vec4 4;
    %delayx 4;
    %end;
S_0x60ae887d5780 .scope task, "scan_file" "scan_file" 3 88, 3 88 0, S_0x60ae887b02f0;
 .timescale -9 -11;
TD_tb_not.scan_file ;
    %vpi_func 3 91 "$fscanf" 32, v0x60ae887d5e60_0, "%s %b %b", v0x60ae887d5be0_0, v0x60ae887d5b40_0, v0x60ae887d5f90_0 {0 0 0};
    %store/vec4 v0x60ae887d5cc0_0, 0, 32;
    %load/vec4 v0x60ae887d5cc0_0;
    %pushi/vec4 4294967295, 0, 32;
    %cmp/e;
    %flag_get/vec4 4;
    %store/vec4 v0x60ae887d63d0_0, 0, 1;
    %end;
S_0x60ae887d5960 .scope task, "vectorcount" "vectorcount" 3 179, 3 179 0, S_0x60ae887b02f0;
 .timescale -9 -11;
TD_tb_not.vectorcount ;
    %load/vec4 v0x60ae887d6330_0;
    %addi 1, 0, 32;
    %store/vec4 v0x60ae887d6330_0, 0, 32;
    %end;
    .scope S_0x60ae887b0cd0;
T_9 ;
    %wait E_0x60ae88786780;
    %load/vec4 v0x60ae8879cf20_0;
    %inv;
    %assign/vec4 v0x60ae887d4920_0, 0;
    %jmp T_9;
    .thread T_9, $push;
    .scope S_0x60ae887b02f0;
T_10 ;
    %vpi_call/w 3 36 "$dumpfile", "tb_not.vcd" {0 0 0};
    %vpi_call/w 3 37 "$dumpvars", 32'sb00000000000000000000000000000000, S_0x60ae887b02f0 {0 0 0};
    %end;
    .thread T_10;
    .scope S_0x60ae887b02f0;
T_11 ;
    %delay 1000, 0;
    %load/vec4 v0x60ae887d6290_0;
    %inv;
    %store/vec4 v0x60ae887d6290_0, 0, 1;
    %jmp T_11;
    .thread T_11;
    .scope S_0x60ae887b02f0;
T_12 ;
    %fork TD_tb_not.initialize, S_0x60ae887d5410;
    %join;
    %end;
    .thread T_12;
    .scope S_0x60ae887b02f0;
T_13 ;
    %wait E_0x60ae887b1380;
    %delay 120, 0;
    %load/vec4 v0x60ae887d63d0_0;
    %nor/r;
    %flag_set/vec4 8;
    %jmp/0xz  T_13.0, 8;
    %fork TD_tb_not.scan_file, S_0x60ae887d5780;
    %join;
T_13.0 ;
    %jmp T_13;
    .thread T_13;
    .scope S_0x60ae887b02f0;
T_14 ;
    %wait E_0x60ae887b1640;
    %fork TD_tb_not.coverage_update, S_0x60ae88762490;
    %join;
    %load/vec4 v0x60ae887d5b40_0;
    %store/vec4 v0x60ae887d6630_0, 0, 1;
    %delay 10, 0;
    %fork TD_tb_not.QEXP, S_0x60ae887af5c0;
    %join;
    %fork TD_tb_not.display_file, S_0x60ae887626a0;
    %join;
    %fork TD_tb_not.errors_check, S_0x60ae887d5230;
    %join;
    %fork TD_tb_not.vectorcount, S_0x60ae887d5960;
    %join;
    %delay 2, 0;
    %load/vec4 v0x60ae887d5f90_0;
    %store/vec4 v0x60ae887d66f0_0, 0, 1;
    %jmp T_14;
    .thread T_14;
    .scope S_0x60ae887b02f0;
T_15 ;
T_15.0 ;
    %load/vec4 v0x60ae887d63d0_0;
    %cmpi/ne 1, 0, 1;
    %jmp/0xz T_15.1, 6;
    %wait E_0x60ae887b1340;
    %jmp T_15.0;
T_15.1 ;
    %vpi_call/w 3 295 "$display" {0 0 0};
    %vpi_call/w 3 296 "$display", "%13s ***time = %0d,eof ***", "\000", $time {0 0 0};
    %vpi_call/w 3 297 "$display" {0 0 0};
    %pushi/vec4 0, 0, 32;
    %store/vec4 v0x60ae887d6490_0, 0, 32;
T_15.2 ;
    %load/vec4 v0x60ae887d6490_0;
    %cmpi/s 50, 0, 32;
    %jmp/0xz T_15.3, 5;
    %load/vec4 v0x60ae887d5b40_0;
    %pad/u 32;
    %cmpi/e 2, 0, 32;
    %jmp/0xz  T_15.4, 4;
    %fork TD_tb_not.vectorcount, S_0x60ae887d5960;
    %join;
    %fork TD_tb_not.close, S_0x60ae887af7a0;
    %join;
    %jmp T_15.5;
T_15.4 ;
    %fork TD_tb_not.random_in, S_0x60ae887d55f0;
    %join;
T_15.5 ;
    ; show_stmt_assign_vector: Get l-value for compressed += operand
    %load/vec4 v0x60ae887d6490_0;
    %pushi/vec4 1, 0, 32;
    %add;
    %cast2;
    %store/vec4 v0x60ae887d6490_0, 0, 32;
    %jmp T_15.2;
T_15.3 ;
    %fork TD_tb_not.close, S_0x60ae887af7a0;
    %join;
    %end;
    .thread T_15;
# The file index is used to find the file name in the following table.
:file_names 5;
    "N/A";
    "<interactive>";
    "-";
    "tb_not.v";
    "not.v";
