#! /usr/bin/vvp
:ivl_version "12.0 (stable)";
:ivl_delay_selection "TYPICAL";
:vpi_time_precision - 10;
:vpi_module "/usr/lib/x86_64-linux-gnu/ivl/system.vpi";
:vpi_module "/usr/lib/x86_64-linux-gnu/ivl/vhdl_sys.vpi";
:vpi_module "/usr/lib/x86_64-linux-gnu/ivl/vhdl_textio.vpi";
:vpi_module "/usr/lib/x86_64-linux-gnu/ivl/v2005_math.vpi";
:vpi_module "/usr/lib/x86_64-linux-gnu/ivl/va_math.vpi";
:vpi_module "/usr/lib/x86_64-linux-gnu/ivl/v2009.vpi";
S_0x6202e2743cf0 .scope package, "$unit" "$unit" 2 1;
 .timescale 0 0;
S_0x6202e2743e80 .scope module, "tb_not" "tb_not" 3 3;
 .timescale -9 -10;
P_0x6202e2744010 .param/l "TICKPERIOD" 1 3 42, +C4<00000000000000000000000000010100>;
v0x6202e27677a0_0 .var "A", 0 0;
v0x6202e2767840_0 .var "COMMENT", 71 0;
v0x6202e2767920_0 .var/i "COUNT", 31 0;
v0x6202e27679e0_0 .var "ERRORS", 31 0;
v0x6202e2767ac0_0 .var/i "FD", 31 0;
v0x6202e2767bf0_0 .var "QEXPECTED", 0 0;
v0x6202e2767cb0_0 .net "Q_beh", 0 0, v0x6202e2743730_0;  1 drivers
v0x6202e2767d50_0 .net "Q_data", 0 0, L_0x6202e2768500;  1 drivers
v0x6202e2767e20_0 .net "Q_gate", 0 0, L_0x6202e2768450;  1 drivers
v0x6202e2767ef0_0 .var "TICK", 0 0;
v0x6202e2767f90_0 .var "VECTORCOUNT", 31 0;
v0x6202e2768030_0 .var "eof", 0 0;
v0x6202e27680f0_0 .var/2s "i", 31 0;
v0x6202e27681d0_0 .var "input_coverage0", 31 0;
v0x6202e27682b0_0 .var "input_coverage1", 31 0;
v0x6202e2768390_0 .var "prev_QEx", 0 0;
E_0x6202e2744ea0 .event anyedge, v0x6202e2768030_0;
E_0x6202e27451a0 .event posedge, v0x6202e2767ef0_0;
E_0x6202e2744ee0 .event negedge, v0x6202e2767ef0_0;
S_0x6202e27430f0 .scope task, "QEXP" "QEXP" 3 112, 3 112 0, S_0x6202e2743e80;
 .timescale -9 -10;
TD_tb_not.QEXP ;
    %load/vec4 v0x6202e27677a0_0;
    %dup/vec4;
    %pushi/vec4 0, 0, 1;
    %cmp/u;
    %jmp/1 T_0.0, 6;
    %dup/vec4;
    %pushi/vec4 1, 0, 1;
    %cmp/u;
    %jmp/1 T_0.1, 6;
    %jmp T_0.2;
T_0.0 ;
    %pushi/vec4 1, 0, 1;
    %store/vec4 v0x6202e2767bf0_0, 0, 1;
    %jmp T_0.2;
T_0.1 ;
    %pushi/vec4 0, 0, 1;
    %store/vec4 v0x6202e2767bf0_0, 0, 1;
    %jmp T_0.2;
T_0.2 ;
    %pop/vec4 1;
    %end;
S_0x6202e27432d0 .scope task, "close" "close" 3 135, 3 135 0, S_0x6202e2743e80;
 .timescale -9 -10;
TD_tb_not.close ;
    %delay 100, 0;
    %vpi_call/w 3 138 "$fclose", v0x6202e2767ac0_0 {0 0 0};
    %vpi_call/w 3 140 "$display" {0 0 0};
    %vpi_call/w 3 141 "$display", "COVERAGE_REPORT" {0 0 0};
    %vpi_call/w 3 142 "$display", "input 0 has been hit %d times", v0x6202e27681d0_0 {0 0 0};
    %vpi_call/w 3 143 "$display", "input 1 has been hit %d times", v0x6202e27682b0_0 {0 0 0};
    %vpi_call/w 3 144 "$display" {0 0 0};
    %vpi_call/w 3 145 "$display", "VECTORCOUNT = %d", v0x6202e2767f90_0 {0 0 0};
    %vpi_call/w 3 146 "$display", "ERRORS = %15d", v0x6202e27679e0_0 {0 0 0};
    %vpi_call/w 3 147 "$display" {0 0 0};
    %vpi_call/w 3 148 "$display", "TEST_END--------------------------------------------------------------------------------------------------------------------------" {0 0 0};
    %vpi_call/w 3 149 "$display" {0 0 0};
    %vpi_call/w 3 151 "$finish" {0 0 0};
    %end;
S_0x6202e26f8490 .scope task, "coverage_update" "coverage_update" 3 178, 3 178 0, S_0x6202e2743e80;
 .timescale -9 -10;
TD_tb_not.coverage_update ;
    %load/vec4 v0x6202e27677a0_0;
    %dup/vec4;
    %pushi/vec4 0, 0, 1;
    %cmp/u;
    %jmp/1 T_2.3, 6;
    %dup/vec4;
    %pushi/vec4 1, 0, 1;
    %cmp/u;
    %jmp/1 T_2.4, 6;
    %jmp T_2.5;
T_2.3 ;
    %load/vec4 v0x6202e27681d0_0;
    %addi 1, 0, 32;
    %store/vec4 v0x6202e27681d0_0, 0, 32;
    %jmp T_2.5;
T_2.4 ;
    %load/vec4 v0x6202e27682b0_0;
    %addi 1, 0, 32;
    %store/vec4 v0x6202e27682b0_0, 0, 32;
    %jmp T_2.5;
T_2.5 ;
    %pop/vec4 1;
    %end;
S_0x6202e26f86a0 .scope task, "display_file" "display_file" 3 169, 3 169 0, S_0x6202e2743e80;
 .timescale -9 -10;
TD_tb_not.display_file ;
    %vpi_call/w 3 171 "$display", "%10d %9s | %4d | %1d | %4d     | %4d     | %4d    | %5d     |", v0x6202e2767f90_0, v0x6202e2767840_0, $time, v0x6202e27677a0_0, v0x6202e2767e20_0, v0x6202e2767d50_0, v0x6202e2767cb0_0, v0x6202e2767bf0_0 {0 0 0};
    %end;
S_0x6202e2744830 .scope module, "dut_not_behavioral" "not_behavioral" 3 27, 4 23 0, S_0x6202e2743e80;
 .timescale -9 -10;
    .port_info 0 /INPUT 1 "a";
    .port_info 1 /OUTPUT 1 "q";
v0x6202e2732b80_0 .net "a", 0 0, v0x6202e27677a0_0;  1 drivers
v0x6202e2743730_0 .var "q", 0 0;
E_0x6202e271c780 .event anyedge, v0x6202e2732b80_0;
S_0x6202e27666a0 .scope module, "dut_not_dataflow" "not_dataflow" 3 26, 4 12 0, S_0x6202e2743e80;
 .timescale -9 -10;
    .port_info 0 /INPUT 1 "a";
    .port_info 1 /OUTPUT 1 "q";
L_0x6202e2768500 .functor NOT 1, v0x6202e27677a0_0, C4<0>, C4<0>, C4<0>;
v0x6202e2766880_0 .net "a", 0 0, v0x6202e27677a0_0;  alias, 1 drivers
v0x6202e2766940_0 .net "q", 0 0, L_0x6202e2768500;  alias, 1 drivers
S_0x6202e2766a40 .scope module, "dut_not_gate" "not_gate" 3 25, 4 1 0, S_0x6202e2743e80;
 .timescale -9 -10;
    .port_info 0 /INPUT 1 "a";
    .port_info 1 /OUTPUT 1 "q";
L_0x6202e2768450 .functor NOT 1, v0x6202e27677a0_0, C4<0>, C4<0>, C4<0>;
v0x6202e2766c60_0 .net "a", 0 0, v0x6202e27677a0_0;  alias, 1 drivers
v0x6202e2766d70_0 .net "q", 0 0, L_0x6202e2768450;  alias, 1 drivers
S_0x6202e2766e90 .scope task, "errors_check" "errors_check" 3 192, 3 192 0, S_0x6202e2743e80;
 .timescale -9 -10;
TD_tb_not.errors_check ;
    %load/vec4 v0x6202e2767e20_0;
    %load/vec4 v0x6202e2767bf0_0;
    %cmp/ne;
    %jmp/0xz  T_4.6, 6;
    %vpi_call/w 3 197 "$display", "***ERROR: Q_gate = %b, Q_expected = %b", v0x6202e2767e20_0, v0x6202e2767bf0_0 {0 0 0};
    %load/vec4 v0x6202e27679e0_0;
    %addi 1, 0, 32;
    %store/vec4 v0x6202e27679e0_0, 0, 32;
T_4.6 ;
    %load/vec4 v0x6202e2767d50_0;
    %load/vec4 v0x6202e2767bf0_0;
    %cmp/ne;
    %jmp/0xz  T_4.8, 6;
    %vpi_call/w 3 204 "$display", "***ERROR: Q_dataflow = %b, Q_expected = %b", v0x6202e2767d50_0, v0x6202e2767bf0_0 {0 0 0};
    %load/vec4 v0x6202e27679e0_0;
    %addi 1, 0, 32;
    %store/vec4 v0x6202e27679e0_0, 0, 32;
T_4.8 ;
    %load/vec4 v0x6202e2767cb0_0;
    %load/vec4 v0x6202e2767bf0_0;
    %cmp/ne;
    %jmp/0xz  T_4.10, 6;
    %vpi_call/w 3 211 "$display", "***ERROR: Q_behavioral = %b, Q_expected = %b", v0x6202e2767cb0_0, v0x6202e2767bf0_0 {0 0 0};
    %load/vec4 v0x6202e27679e0_0;
    %addi 1, 0, 32;
    %store/vec4 v0x6202e27679e0_0, 0, 32;
T_4.10 ;
    %end;
S_0x6202e2767070 .scope task, "initialize" "initialize" 3 56, 3 56 0, S_0x6202e2743e80;
 .timescale -9 -10;
TD_tb_not.initialize ;
    %vpi_func 3 58 "$fopen" 32, "tb_not.tv", "r" {0 0 0};
    %store/vec4 v0x6202e2767ac0_0, 0, 32;
    %vpi_func 3 59 "$fscanf" 32, v0x6202e2767ac0_0, "%s", v0x6202e2767840_0 {0 0 0};
    %store/vec4 v0x6202e2767920_0, 0, 32;
    %vpi_func 3 61 "$fscanf" 32, v0x6202e2767ac0_0, "%s %b %b", v0x6202e2767840_0, v0x6202e27677a0_0, v0x6202e2767bf0_0 {0 0 0};
    %store/vec4 v0x6202e2767920_0, 0, 32;
    %pushi/vec4 0, 0, 1;
    %store/vec4 v0x6202e2767ef0_0, 0, 1;
    %pushi/vec4 0, 0, 32;
    %store/vec4 v0x6202e2767f90_0, 0, 32;
    %pushi/vec4 0, 0, 32;
    %store/vec4 v0x6202e27679e0_0, 0, 32;
    %pushi/vec4 0, 0, 32;
    %store/vec4 v0x6202e27681d0_0, 0, 32;
    %pushi/vec4 0, 0, 32;
    %store/vec4 v0x6202e27682b0_0, 0, 32;
    %pushi/vec4 0, 0, 1;
    %store/vec4 v0x6202e2768030_0, 0, 1;
    %vpi_call/w 3 69 "$display" {0 0 0};
    %vpi_call/w 3 70 "$display", "TEST_START------------------------------------------------------------------------------------------------------------------------" {0 0 0};
    %vpi_call/w 3 71 "$display" {0 0 0};
    %vpi_call/w 3 72 "$display", "                     | TIME | A |  Q_gate  |  Q_data  |  Q_beh  | QEXPECTED |" {0 0 0};
    %vpi_call/w 3 73 "$display", "----------------------------------------------------------------------------------------------------------------------------------" {0 0 0};
    %end;
S_0x6202e2767250 .scope task, "random_in" "random_in" 3 95, 3 95 0, S_0x6202e2743e80;
 .timescale -9 -10;
TD_tb_not.random_in ;
    %vpi_func 3 97 "$urandom" 32 {0 0 0};
    %pushi/vec4 2, 0, 32;
    %mod;
    %pad/u 1;
    %store/vec4 v0x6202e27677a0_0, 0, 1;
    %load/vec4 v0x6202e27677a0_0;
    %dup/vec4;
    %pushi/vec4 0, 0, 1;
    %cmp/u;
    %jmp/1 T_6.12, 6;
    %dup/vec4;
    %pushi/vec4 1, 0, 1;
    %cmp/u;
    %jmp/1 T_6.13, 6;
    %jmp T_6.14;
T_6.12 ;
    %pushi/vec4 0, 0, 32; draw_string_vec4
    %pushi/vec4 4737351, 0, 32; draw_string_vec4
    %concat/vec4; draw_string_vec4
    %pushi/vec4 72, 0, 8; draw_string_vec4
    %concat/vec4; draw_string_vec4
    %store/vec4 v0x6202e2767840_0, 0, 72;
    %jmp T_6.14;
T_6.13 ;
    %pushi/vec4 0, 0, 32; draw_string_vec4
    %pushi/vec4 19535, 0, 32; draw_string_vec4
    %concat/vec4; draw_string_vec4
    %pushi/vec4 87, 0, 8; draw_string_vec4
    %concat/vec4; draw_string_vec4
    %store/vec4 v0x6202e2767840_0, 0, 72;
    %jmp T_6.14;
T_6.14 ;
    %pop/vec4 1;
    %pushi/real 1717986918, 4062; load=0.100000
    %pushi/real 1677722, 4040; load=0.100000
    %add/wr;
    %vpi_func 3 105 "$urandom_range" 32, W<0,r>, 32'sb00000000000000000000000000001010 {0 1 0};
    %pad/u 64;
    %muli 10, 0, 64;
    %ix/vec4 4;
    %delayx 4;
    %end;
S_0x6202e27673e0 .scope task, "scan_file" "scan_file" 3 84, 3 84 0, S_0x6202e2743e80;
 .timescale -9 -10;
TD_tb_not.scan_file ;
    %vpi_func 3 87 "$fscanf" 32, v0x6202e2767ac0_0, "%s %b %b", v0x6202e2767840_0, v0x6202e27677a0_0, v0x6202e2767bf0_0 {0 0 0};
    %store/vec4 v0x6202e2767920_0, 0, 32;
    %load/vec4 v0x6202e2767920_0;
    %pushi/vec4 4294967295, 0, 32;
    %cmp/e;
    %flag_get/vec4 4;
    %store/vec4 v0x6202e2768030_0, 0, 1;
    %end;
S_0x6202e27675c0 .scope task, "vectorcount" "vectorcount" 3 159, 3 159 0, S_0x6202e2743e80;
 .timescale -9 -10;
TD_tb_not.vectorcount ;
    %load/vec4 v0x6202e2767f90_0;
    %addi 1, 0, 32;
    %store/vec4 v0x6202e2767f90_0, 0, 32;
    %end;
    .scope S_0x6202e2744830;
T_9 ;
    %wait E_0x6202e271c780;
    %load/vec4 v0x6202e2732b80_0;
    %inv;
    %assign/vec4 v0x6202e2743730_0, 0;
    %jmp T_9;
    .thread T_9, $push;
    .scope S_0x6202e2743e80;
T_10 ;
    %vpi_call/w 3 35 "$dumpfile", "tb_not.vcd" {0 0 0};
    %vpi_call/w 3 36 "$dumpvars", 32'sb00000000000000000000000000000000, S_0x6202e2743e80 {0 0 0};
    %end;
    .thread T_10;
    .scope S_0x6202e2743e80;
T_11 ;
    %delay 100, 0;
    %load/vec4 v0x6202e2767ef0_0;
    %inv;
    %store/vec4 v0x6202e2767ef0_0, 0, 1;
    %jmp T_11;
    .thread T_11;
    .scope S_0x6202e2743e80;
T_12 ;
    %fork TD_tb_not.initialize, S_0x6202e2767070;
    %join;
    %end;
    .thread T_12;
    .scope S_0x6202e2743e80;
T_13 ;
    %wait E_0x6202e2744ee0;
    %delay 12, 0;
    %load/vec4 v0x6202e2768030_0;
    %nor/r;
    %flag_set/vec4 8;
    %jmp/0xz  T_13.0, 8;
    %fork TD_tb_not.scan_file, S_0x6202e27673e0;
    %join;
T_13.0 ;
    %jmp T_13;
    .thread T_13;
    .scope S_0x6202e2743e80;
T_14 ;
    %wait E_0x6202e27451a0;
    %delay 1, 0;
    %fork TD_tb_not.QEXP, S_0x6202e27430f0;
    %join;
    %fork TD_tb_not.display_file, S_0x6202e26f86a0;
    %join;
    %fork TD_tb_not.coverage_update, S_0x6202e26f8490;
    %join;
    %fork TD_tb_not.errors_check, S_0x6202e2766e90;
    %join;
    %fork TD_tb_not.vectorcount, S_0x6202e27675c0;
    %join;
    %delay 1, 0;
    %load/vec4 v0x6202e2767bf0_0;
    %store/vec4 v0x6202e2768390_0, 0, 1;
    %jmp T_14;
    .thread T_14;
    .scope S_0x6202e2743e80;
T_15 ;
T_15.0 ;
    %load/vec4 v0x6202e2768030_0;
    %cmpi/ne 1, 0, 1;
    %jmp/0xz T_15.1, 6;
    %wait E_0x6202e2744ea0;
    %jmp T_15.0;
T_15.1 ;
    %pushi/vec4 0, 0, 32;
    %store/vec4 v0x6202e27680f0_0, 0, 32;
T_15.2 ;
    %load/vec4 v0x6202e27680f0_0;
    %cmpi/s 10, 0, 32;
    %jmp/0xz T_15.3, 5;
    %load/vec4 v0x6202e27677a0_0;
    %pad/u 32;
    %cmpi/e 2, 0, 32;
    %jmp/0xz  T_15.4, 4;
    %fork TD_tb_not.vectorcount, S_0x6202e27675c0;
    %join;
    %fork TD_tb_not.close, S_0x6202e27432d0;
    %join;
    %jmp T_15.5;
T_15.4 ;
    %fork TD_tb_not.random_in, S_0x6202e2767250;
    %join;
T_15.5 ;
    ; show_stmt_assign_vector: Get l-value for compressed += operand
    %load/vec4 v0x6202e27680f0_0;
    %pushi/vec4 1, 0, 32;
    %add;
    %cast2;
    %store/vec4 v0x6202e27680f0_0, 0, 32;
    %jmp T_15.2;
T_15.3 ;
    %fork TD_tb_not.close, S_0x6202e27432d0;
    %join;
    %end;
    .thread T_15;
# The file index is used to find the file name in the following table.
:file_names 5;
    "N/A";
    "<interactive>";
    "-";
    "tb_not.v";
    "not.v";
