#! /usr/bin/vvp
:ivl_version "12.0 (stable)";
:ivl_delay_selection "TYPICAL";
:vpi_time_precision - 11;
:vpi_module "/usr/lib/x86_64-linux-gnu/ivl/system.vpi";
:vpi_module "/usr/lib/x86_64-linux-gnu/ivl/vhdl_sys.vpi";
:vpi_module "/usr/lib/x86_64-linux-gnu/ivl/vhdl_textio.vpi";
:vpi_module "/usr/lib/x86_64-linux-gnu/ivl/v2005_math.vpi";
:vpi_module "/usr/lib/x86_64-linux-gnu/ivl/va_math.vpi";
:vpi_module "/usr/lib/x86_64-linux-gnu/ivl/v2009.vpi";
S_0x5654eb5c5af0 .scope package, "$unit" "$unit" 2 1;
 .timescale 0 0;
S_0x5654eb5c5330 .scope module, "tb_t_flip_flop" "tb_t_flip_flop" 3 3;
 .timescale -9 -11;
P_0x5654eb588f10 .param/l "TICKPERIOD" 1 3 50, +C4<00000000000000000000000000010100>;
v0x5654eb5ea350_0 .var "COMMENT", 71 0;
v0x5654eb5ea450_0 .var "COMMENT1", 71 0;
v0x5654eb5ea530_0 .var "COMMENT2", 71 0;
v0x5654eb5ea5f0_0 .var/i "COUNT", 31 0;
v0x5654eb5ea6d0_0 .var "ERRORS", 31 0;
v0x5654eb5ea800_0 .var/i "FD", 31 0;
v0x5654eb5ea8e0_0 .var "QBAREXPECTED", 0 0;
v0x5654eb5ea9a0_0 .net "QBAR_beh", 0 0, L_0x5654eb5ed5b0;  1 drivers
v0x5654eb5eaa40_0 .net "QBAR_data", 0 0, L_0x5654eb5ed3f0;  1 drivers
v0x5654eb5eaae0_0 .net "QBAR_gate", 0 0, L_0x5654eb5ec1c0;  1 drivers
v0x5654eb5eabb0_0 .var "QEXPECTED", 0 0;
v0x5654eb5eac50_0 .net "Q_beh", 0 0, v0x5654eb5c8f20_0;  1 drivers
v0x5654eb5ead20_0 .net "Q_data", 0 0, L_0x5654eb5ed1d0;  1 drivers
v0x5654eb5eadf0_0 .net "Q_gate", 0 0, L_0x5654eb5ec070;  1 drivers
v0x5654eb5eaec0_0 .var "T", 0 0;
v0x5654eb5eaf60_0 .var "TICK", 0 0;
v0x5654eb5eb000_0 .var "VECTORCOUNT", 31 0;
v0x5654eb5eb0a0_0 .var "eof", 0 0;
v0x5654eb5eb140_0 .var/2s "i", 31 0;
v0x5654eb5eb1e0 .array "input_coverage", 3 0, 31 0;
v0x5654eb5eb2a0_0 .var "prev_QEx", 0 0;
v0x5654eb5eb360_0 .var "prev_QExbar", 0 0;
v0x5654eb5eb420_0 .var "prev_Qbarbeh", 0 0;
v0x5654eb5eb4e0_0 .var "prev_Qbardata", 0 0;
v0x5654eb5eb5a0_0 .var "prev_Qbargate", 0 0;
v0x5654eb5eb660_0 .var "prev_Qbeh", 0 0;
v0x5654eb5eb720_0 .var "prev_Qdata", 0 0;
v0x5654eb5eb7e0_0 .var "prev_Qgate", 0 0;
v0x5654eb5eb8a0_0 .var "prev_T", 0 0;
E_0x5654eb5b0ac0 .event anyedge, v0x5654eb5eb0a0_0;
E_0x5654eb5b0d80 .event negedge, v0x5654eb5c7e90_0;
S_0x5654eb5c4b70 .scope task, "QEXP" "QEXP" 3 155, 3 155 0, S_0x5654eb5c5330;
 .timescale -9 -11;
TD_tb_t_flip_flop.QEXP ;
    %load/vec4 v0x5654eb5eb7e0_0;
    %load/vec4 v0x5654eb5eb5a0_0;
    %concat/vec4; draw_concat_vec4
    %cmpi/e 3, 0, 2;
    %jmp/1 T_0.4, 4;
    %flag_mov 8, 4;
    %load/vec4 v0x5654eb5eb720_0;
    %load/vec4 v0x5654eb5eb4e0_0;
    %concat/vec4; draw_concat_vec4
    %cmpi/e 3, 0, 2;
    %flag_or 4, 8;
T_0.4;
    %jmp/1 T_0.3, 4;
    %flag_mov 8, 4;
    %load/vec4 v0x5654eb5eb660_0;
    %load/vec4 v0x5654eb5eb420_0;
    %concat/vec4; draw_concat_vec4
    %cmpi/e 3, 0, 2;
    %flag_or 4, 8;
T_0.3;
    %jmp/1 T_0.2, 4;
    %flag_mov 8, 4;
    %load/vec4 v0x5654eb5eb7e0_0;
    %load/vec4 v0x5654eb5eb5a0_0;
    %concat/vec4; draw_concat_vec4
    %cmpi/e 0, 0, 2;
    %jmp/1 T_0.7, 4;
    %flag_mov 10, 4;
    %load/vec4 v0x5654eb5eb720_0;
    %load/vec4 v0x5654eb5eb4e0_0;
    %concat/vec4; draw_concat_vec4
    %cmpi/e 0, 0, 2;
    %flag_or 4, 10;
T_0.7;
    %jmp/1 T_0.6, 4;
    %flag_mov 10, 4;
    %load/vec4 v0x5654eb5eb660_0;
    %load/vec4 v0x5654eb5eb420_0;
    %concat/vec4; draw_concat_vec4
    %cmpi/e 0, 0, 2;
    %flag_or 4, 10;
T_0.6;
    %flag_get/vec4 4;
    %jmp/0 T_0.5, 4;
    %load/vec4 v0x5654eb5eaec0_0;
    %cmpi/e 0, 0, 1;
    %flag_get/vec4 4;
    %jmp/1 T_0.8, 4;
    %load/vec4 v0x5654eb5eaec0_0;
    %pushi/vec4 1, 0, 1;
    %cmp/e;
    %flag_get/vec4 4;
    %or;
T_0.8;
    %and;
T_0.5;
    %flag_set/vec4 9;
    %flag_or 9, 8;
    %flag_mov 4, 9;
T_0.2;
    %jmp/0xz  T_0.0, 4;
    %pushi/vec4 1, 1, 1;
    %store/vec4 v0x5654eb5eabb0_0, 0, 1;
    %pushi/vec4 1, 1, 1;
    %store/vec4 v0x5654eb5ea8e0_0, 0, 1;
    %jmp T_0.1;
T_0.0 ;
    %load/vec4 v0x5654eb5eaec0_0;
    %dup/vec4;
    %pushi/vec4 0, 0, 1;
    %cmp/u;
    %jmp/1 T_0.9, 6;
    %dup/vec4;
    %pushi/vec4 1, 0, 1;
    %cmp/u;
    %jmp/1 T_0.10, 6;
    %jmp T_0.11;
T_0.9 ;
    %load/vec4 v0x5654eb5eb2a0_0;
    %store/vec4 v0x5654eb5eabb0_0, 0, 1;
    %load/vec4 v0x5654eb5eb360_0;
    %store/vec4 v0x5654eb5ea8e0_0, 0, 1;
    %jmp T_0.11;
T_0.10 ;
    %load/vec4 v0x5654eb5eb2a0_0;
    %inv;
    %store/vec4 v0x5654eb5eabb0_0, 0, 1;
    %load/vec4 v0x5654eb5eb360_0;
    %inv;
    %store/vec4 v0x5654eb5ea8e0_0, 0, 1;
    %jmp T_0.11;
T_0.11 ;
    %pop/vec4 1;
T_0.1 ;
    %end;
S_0x5654eb5aba10 .scope task, "close" "close" 3 189, 3 189 0, S_0x5654eb5c5330;
 .timescale -9 -11;
TD_tb_t_flip_flop.close ;
    %delay 1000, 0;
    %vpi_call/w 3 192 "$fclose", v0x5654eb5ea800_0 {0 0 0};
    %vpi_call/w 3 194 "$display" {0 0 0};
    %vpi_call/w 3 195 "$display", "COVERAGE_REPORT" {0 0 0};
    %pushi/vec4 0, 0, 32;
    %store/vec4 v0x5654eb5eb140_0, 0, 32;
T_1.12 ;
    %load/vec4 v0x5654eb5eb140_0;
    %cmpi/s 4, 0, 32;
    %jmp/0xz T_1.13, 5;
    %ix/getv/s 4, v0x5654eb5eb140_0;
    %load/vec4a v0x5654eb5eb1e0, 4;
    %cmpi/e 0, 0, 32;
    %jmp/0xz  T_1.14, 4;
    %vpi_call/w 3 201 "$display", "input %b to input %b has occured %d times (***ERROR***)", &PV<v0x5654eb5eb140_0, 1, 1>, &PV<v0x5654eb5eb140_0, 0, 1>, &A<v0x5654eb5eb1e0, v0x5654eb5eb140_0 > {0 0 0};
    %load/vec4 v0x5654eb5ea6d0_0;
    %addi 1, 0, 32;
    %store/vec4 v0x5654eb5ea6d0_0, 0, 32;
    %jmp T_1.15;
T_1.14 ;
    %vpi_call/w 3 208 "$display", "input %b to input %b has occured %d times", &PV<v0x5654eb5eb140_0, 1, 1>, &PV<v0x5654eb5eb140_0, 0, 1>, &A<v0x5654eb5eb1e0, v0x5654eb5eb140_0 > {0 0 0};
T_1.15 ;
    ; show_stmt_assign_vector: Get l-value for compressed += operand
    %load/vec4 v0x5654eb5eb140_0;
    %pushi/vec4 1, 0, 32;
    %add;
    %cast2;
    %store/vec4 v0x5654eb5eb140_0, 0, 32;
    %jmp T_1.12;
T_1.13 ;
    %vpi_call/w 3 214 "$display" {0 0 0};
    %vpi_call/w 3 215 "$display", "VECTORCOUNT = %d", v0x5654eb5eb000_0 {0 0 0};
    %vpi_call/w 3 216 "$display", "ERRORS = %15d", v0x5654eb5ea6d0_0 {0 0 0};
    %vpi_call/w 3 217 "$display" {0 0 0};
    %vpi_call/w 3 218 "$display", "TEST_END--------------------------------------------------------------------------------------------------------------------------" {0 0 0};
    %vpi_call/w 3 219 "$display" {0 0 0};
    %vpi_call/w 3 221 "$finish" {0 0 0};
    %end;
S_0x5654eb5abbf0 .scope task, "coverage_update" "coverage_update" 3 248, 3 248 0, S_0x5654eb5c5330;
 .timescale -9 -11;
TD_tb_t_flip_flop.coverage_update ;
    ; show_stmt_assign_vector: Get l-value for compressed += operand
    %load/vec4 v0x5654eb5eb8a0_0;
    %load/vec4 v0x5654eb5eaec0_0;
    %concat/vec4; draw_concat_vec4
    %pad/u 4;
    %ix/vec4 4;
    %flag_mov 8, 4;
    %load/vec4a v0x5654eb5eb1e0, 4;
    %pushi/vec4 1, 0, 32;
    %add;
    %flag_mov 4, 8;
    %store/vec4a v0x5654eb5eb1e0, 4, 0;
    %end;
S_0x5654eb5a7730 .scope task, "display_file" "display_file" 3 239, 3 239 0, S_0x5654eb5c5330;
 .timescale -9 -11;
TD_tb_t_flip_flop.display_file ;
    %vpi_call/w 3 241 "$display", "%10d %9s | %4d | %1d | %4d     | %4d     | %4d    | %5d     | %5d     | %5d     | %6d       |", v0x5654eb5eb000_0, v0x5654eb5ea350_0, $time, v0x5654eb5eaec0_0, v0x5654eb5eadf0_0, v0x5654eb5ead20_0, v0x5654eb5eac50_0, v0x5654eb5eaae0_0, v0x5654eb5eaa40_0, v0x5654eb5eabb0_0, v0x5654eb5ea8e0_0 {0 0 0};
    %end;
S_0x5654eb5a7910 .scope module, "dut_t_flip_flop_behavioral" "t_flip_flop_behavioral" 3 35, 4 83 0, S_0x5654eb5c5330;
 .timescale -9 -11;
    .port_info 0 /INPUT 1 "t";
    .port_info 1 /INPUT 1 "clk";
    .port_info 2 /OUTPUT 1 "q";
    .port_info 3 /OUTPUT 1 "qbar";
L_0x5654eb5ed5b0 .functor NOT 1, v0x5654eb5c8f20_0, C4<0>, C4<0>, C4<0>;
v0x5654eb5c7e90_0 .net "clk", 0 0, v0x5654eb5eaf60_0;  1 drivers
v0x5654eb5c8f20_0 .var "q", 0 0;
v0x5654eb5b7a20_0 .net "qbar", 0 0, L_0x5654eb5ed5b0;  alias, 1 drivers
v0x5654eb5c0ee0_0 .net "t", 0 0, v0x5654eb5eaec0_0;  1 drivers
E_0x5654eb5b0fe0 .event posedge, v0x5654eb5c7e90_0;
S_0x5654eb5e7640 .scope module, "dut_t_flip_flop_dataflow" "t_flip_flop_dataflow" 3 34, 4 43 0, S_0x5654eb5c5330;
 .timescale -9 -11;
    .port_info 0 /INPUT 1 "t";
    .port_info 1 /INPUT 1 "clk";
    .port_info 2 /OUTPUT 1 "q";
    .port_info 3 /OUTPUT 1 "qbar";
L_0x5654eb5ec370 .functor BUFZ 1, v0x5654eb5eaec0_0, C4<0>, C4<0>, C4<0>;
L_0x5654eb5ec3e0 .functor BUFZ 1, v0x5654eb5eaec0_0, C4<0>, C4<0>, C4<0>;
L_0x5654eb5ec450 .functor AND 1, L_0x5654eb5ec370, v0x5654eb5eaf60_0, C4<1>, C4<1>;
L_0x5654eb5ec4c0 .functor AND 1, L_0x5654eb5ec450, v0x5654eb5e8350_0, C4<1>, C4<1>;
L_0x5654eb5ec580 .functor NOT 1, L_0x5654eb5ec4c0, C4<0>, C4<0>, C4<0>;
L_0x5654eb5ec640 .functor AND 1, L_0x5654eb5ec3e0, v0x5654eb5eaf60_0, C4<1>, C4<1>;
L_0x5654eb5ec740 .functor AND 1, L_0x5654eb5ec640, v0x5654eb5e8290_0, C4<1>, C4<1>;
L_0x5654eb5ec800 .functor NOT 1, L_0x5654eb5ec740, C4<0>, C4<0>, C4<0>;
L_0x5654eb5ec910 .functor AND 1, L_0x5654eb5ec580, v0x5654eb5e8350_0, C4<1>, C4<1>;
L_0x5654eb5eca20 .functor NOT 1, L_0x5654eb5ec910, C4<0>, C4<0>, C4<0>;
L_0x5654eb5ecb40 .functor AND 1, L_0x5654eb5ec800, v0x5654eb5e8290_0, C4<1>, C4<1>;
L_0x5654eb5ecc00 .functor NOT 1, L_0x5654eb5ecb40, C4<0>, C4<0>, C4<0>;
L_0x5654eb5ecd30 .functor AND 1, L_0x5654eb5ec580, L_0x5654eb5ecc00, C4<1>, C4<1>;
L_0x5654eb5ecdf0 .functor NOT 1, L_0x5654eb5ecd30, C4<0>, C4<0>, C4<0>;
L_0x5654eb5eccc0 .functor AND 1, L_0x5654eb5ec800, L_0x5654eb5eca20, C4<1>, C4<1>;
L_0x5654eb5ecf80 .functor NOT 1, L_0x5654eb5eccc0, C4<0>, C4<0>, C4<0>;
L_0x5654eb5ed0d0 .functor AND 1, L_0x5654eb5ec580, L_0x5654eb5ecf80, C4<1>, C4<1>;
L_0x5654eb5ed1d0 .functor NOT 1, L_0x5654eb5ed0d0, C4<0>, C4<0>, C4<0>;
L_0x5654eb5ed380 .functor AND 1, L_0x5654eb5ec800, L_0x5654eb5ecdf0, C4<1>, C4<1>;
L_0x5654eb5ed3f0 .functor NOT 1, L_0x5654eb5ed380, C4<0>, C4<0>, C4<0>;
v0x5654eb5c6200_0 .net *"_ivl_10", 0 0, L_0x5654eb5ec640;  1 drivers
v0x5654eb5e7880_0 .net *"_ivl_12", 0 0, L_0x5654eb5ec740;  1 drivers
v0x5654eb5e7960_0 .net *"_ivl_16", 0 0, L_0x5654eb5ec910;  1 drivers
v0x5654eb5e7a20_0 .net *"_ivl_20", 0 0, L_0x5654eb5ecb40;  1 drivers
v0x5654eb5e7b00_0 .net *"_ivl_24", 0 0, L_0x5654eb5ecd30;  1 drivers
v0x5654eb5e7c30_0 .net *"_ivl_28", 0 0, L_0x5654eb5eccc0;  1 drivers
v0x5654eb5e7d10_0 .net *"_ivl_32", 0 0, L_0x5654eb5ed0d0;  1 drivers
v0x5654eb5e7df0_0 .net *"_ivl_36", 0 0, L_0x5654eb5ed380;  1 drivers
v0x5654eb5e7ed0_0 .net *"_ivl_4", 0 0, L_0x5654eb5ec450;  1 drivers
v0x5654eb5e7fb0_0 .net *"_ivl_6", 0 0, L_0x5654eb5ec4c0;  1 drivers
v0x5654eb5e8090_0 .net "clk", 0 0, v0x5654eb5eaf60_0;  alias, 1 drivers
v0x5654eb5e8130_0 .net "j", 0 0, L_0x5654eb5ec370;  1 drivers
v0x5654eb5e81d0_0 .net "k", 0 0, L_0x5654eb5ec3e0;  1 drivers
v0x5654eb5e8290_0 .var "prev_q", 0 0;
v0x5654eb5e8350_0 .var "prev_qbar", 0 0;
v0x5654eb5e8410_0 .net "q", 0 0, L_0x5654eb5ed1d0;  alias, 1 drivers
v0x5654eb5e84d0_0 .net "q1", 0 0, L_0x5654eb5eca20;  1 drivers
v0x5654eb5e8590_0 .net "q2", 0 0, L_0x5654eb5ecdf0;  1 drivers
v0x5654eb5e8650_0 .net "qbar", 0 0, L_0x5654eb5ed3f0;  alias, 1 drivers
v0x5654eb5e8710_0 .net "qbar1", 0 0, L_0x5654eb5ecc00;  1 drivers
v0x5654eb5e87d0_0 .net "qbar2", 0 0, L_0x5654eb5ecf80;  1 drivers
v0x5654eb5e8890_0 .net "r", 0 0, L_0x5654eb5ec800;  1 drivers
v0x5654eb5e8950_0 .net "s", 0 0, L_0x5654eb5ec580;  1 drivers
v0x5654eb5e8a10_0 .net "t", 0 0, v0x5654eb5eaec0_0;  alias, 1 drivers
S_0x5654eb5e8b70 .scope module, "dut_t_flip_flop_gate" "t_flip_flop_gate" 3 33, 4 3 0, S_0x5654eb5c5330;
 .timescale -9 -11;
    .port_info 0 /INPUT 1 "t";
    .port_info 1 /INPUT 1 "clk";
    .port_info 2 /OUTPUT 1 "q";
    .port_info 3 /OUTPUT 1 "qbar";
L_0x5654eb5c0dc0 .functor BUFZ 1, v0x5654eb5eaec0_0, C4<0>, C4<0>, C4<0>;
L_0x5654eb5c60e0 .functor BUFZ 1, v0x5654eb5eaec0_0, C4<0>, C4<0>, C4<0>;
L_0x5654eb5eba00 .functor NAND 1, L_0x5654eb5c0dc0, v0x5654eb5eaf60_0, v0x5654eb5e9030_0, C4<1>;
L_0x5654eb5ebb60 .functor NAND 1, L_0x5654eb5c60e0, v0x5654eb5eaf60_0, v0x5654eb5e8f70_0, C4<1>;
L_0x5654eb5ebc60 .functor NAND 1, L_0x5654eb5eba00, v0x5654eb5e9030_0, C4<1>, C4<1>;
L_0x5654eb5ebd50 .functor NAND 1, L_0x5654eb5ebb60, v0x5654eb5e8f70_0, C4<1>, C4<1>;
L_0x5654eb5ebea0 .functor NAND 1, L_0x5654eb5eba00, L_0x5654eb5ebd50, C4<1>, C4<1>;
L_0x5654eb5ebf60 .functor NAND 1, L_0x5654eb5ebb60, L_0x5654eb5ebc60, C4<1>, C4<1>;
L_0x5654eb5ec070 .functor NAND 1, L_0x5654eb5eba00, L_0x5654eb5ebf60, C4<1>, C4<1>;
L_0x5654eb5ec1c0 .functor NAND 1, L_0x5654eb5ebb60, L_0x5654eb5ebea0, C4<1>, C4<1>;
v0x5654eb5e8d00_0 .net "clk", 0 0, v0x5654eb5eaf60_0;  alias, 1 drivers
v0x5654eb5e8e10_0 .net "j", 0 0, L_0x5654eb5c0dc0;  1 drivers
v0x5654eb5e8ed0_0 .net "k", 0 0, L_0x5654eb5c60e0;  1 drivers
v0x5654eb5e8f70_0 .var "prev_q", 0 0;
v0x5654eb5e9030_0 .var "prev_qbar", 0 0;
v0x5654eb5e9140_0 .net "q", 0 0, L_0x5654eb5ec070;  alias, 1 drivers
v0x5654eb5e9200_0 .net "q1", 0 0, L_0x5654eb5ebc60;  1 drivers
v0x5654eb5e92c0_0 .net "q2", 0 0, L_0x5654eb5ebea0;  1 drivers
v0x5654eb5e9380_0 .net "qbar", 0 0, L_0x5654eb5ec1c0;  alias, 1 drivers
v0x5654eb5e9440_0 .net "qbar1", 0 0, L_0x5654eb5ebd50;  1 drivers
v0x5654eb5e9500_0 .net "qbar2", 0 0, L_0x5654eb5ebf60;  1 drivers
v0x5654eb5e95c0_0 .net "r", 0 0, L_0x5654eb5ebb60;  1 drivers
v0x5654eb5e9680_0 .net "s", 0 0, L_0x5654eb5eba00;  1 drivers
v0x5654eb5e9740_0 .net "t", 0 0, v0x5654eb5eaec0_0;  alias, 1 drivers
S_0x5654eb5e9860 .scope task, "errors_check" "errors_check" 3 257, 3 257 0, S_0x5654eb5c5330;
 .timescale -9 -11;
TD_tb_t_flip_flop.errors_check ;
    %load/vec4 v0x5654eb5eb7e0_0;
    %load/vec4 v0x5654eb5eb5a0_0;
    %concat/vec4; draw_concat_vec4
    %cmpi/e 0, 0, 2;
    %jmp/1 T_4.20, 4;
    %flag_mov 9, 4;
    %load/vec4 v0x5654eb5eb720_0;
    %load/vec4 v0x5654eb5eb4e0_0;
    %concat/vec4; draw_concat_vec4
    %cmpi/e 0, 0, 2;
    %flag_or 4, 9;
T_4.20;
    %jmp/1 T_4.19, 4;
    %flag_mov 9, 4;
    %load/vec4 v0x5654eb5eb660_0;
    %load/vec4 v0x5654eb5eb420_0;
    %concat/vec4; draw_concat_vec4
    %cmpi/e 0, 0, 2;
    %flag_or 4, 9;
T_4.19;
    %flag_get/vec4 4;
    %jmp/0 T_4.18, 4;
    %load/vec4 v0x5654eb5eaec0_0;
    %cmpi/e 0, 0, 1;
    %flag_get/vec4 4;
    %jmp/1 T_4.21, 4;
    %load/vec4 v0x5654eb5eaec0_0;
    %pushi/vec4 1, 0, 1;
    %cmp/e;
    %flag_get/vec4 4;
    %or;
T_4.21;
    %and;
T_4.18;
    %flag_set/vec4 8;
    %jmp/0xz  T_4.16, 8;
    %vpi_call/w 3 262 "$display", "***ERROR: ILLEGAL CONDITION,RACING CONDITION" {0 0 0};
    %load/vec4 v0x5654eb5ea6d0_0;
    %addi 1, 0, 32;
    %store/vec4 v0x5654eb5ea6d0_0, 0, 32;
T_4.16 ;
    %load/vec4 v0x5654eb5eb7e0_0;
    %load/vec4 v0x5654eb5eb5a0_0;
    %concat/vec4; draw_concat_vec4
    %cmpi/e 3, 0, 2;
    %jmp/1 T_4.26, 4;
    %flag_mov 9, 4;
    %load/vec4 v0x5654eb5eb720_0;
    %load/vec4 v0x5654eb5eb4e0_0;
    %concat/vec4; draw_concat_vec4
    %cmpi/e 3, 0, 2;
    %flag_or 4, 9;
T_4.26;
    %jmp/1 T_4.25, 4;
    %flag_mov 9, 4;
    %load/vec4 v0x5654eb5eb660_0;
    %load/vec4 v0x5654eb5eb420_0;
    %concat/vec4; draw_concat_vec4
    %cmpi/e 3, 0, 2;
    %flag_or 4, 9;
T_4.25;
    %flag_get/vec4 4;
    %jmp/0 T_4.24, 4;
    %load/vec4 v0x5654eb5eaec0_0;
    %cmpi/e 0, 0, 1;
    %flag_get/vec4 4;
    %jmp/1 T_4.27, 4;
    %load/vec4 v0x5654eb5eaec0_0;
    %pushi/vec4 1, 0, 1;
    %cmp/e;
    %flag_get/vec4 4;
    %or;
T_4.27;
    %and;
T_4.24;
    %flag_set/vec4 8;
    %jmp/0xz  T_4.22, 8;
    %vpi_call/w 3 269 "$display", "***ERROR: ILLEGAL CONDITION, q = %b and qbar = %b", v0x5654eb5eabb0_0, v0x5654eb5ea8e0_0 {0 0 0};
    %load/vec4 v0x5654eb5ea6d0_0;
    %addi 1, 0, 32;
    %store/vec4 v0x5654eb5ea6d0_0, 0, 32;
T_4.22 ;
    %load/vec4 v0x5654eb5eadf0_0;
    %load/vec4 v0x5654eb5eabb0_0;
    %cmp/ne;
    %jmp/0xz  T_4.28, 6;
    %vpi_call/w 3 278 "$display", "***ERROR: Q_gate = %b, Q_expected = %b", v0x5654eb5eadf0_0, v0x5654eb5eabb0_0 {0 0 0};
    %load/vec4 v0x5654eb5ea6d0_0;
    %addi 1, 0, 32;
    %store/vec4 v0x5654eb5ea6d0_0, 0, 32;
T_4.28 ;
    %load/vec4 v0x5654eb5ead20_0;
    %load/vec4 v0x5654eb5eabb0_0;
    %cmp/ne;
    %jmp/0xz  T_4.30, 6;
    %vpi_call/w 3 285 "$display", "***ERROR: Q_dataflow = %b, Q_expected = %b", v0x5654eb5ead20_0, v0x5654eb5eabb0_0 {0 0 0};
    %load/vec4 v0x5654eb5ea6d0_0;
    %addi 1, 0, 32;
    %store/vec4 v0x5654eb5ea6d0_0, 0, 32;
T_4.30 ;
    %load/vec4 v0x5654eb5eac50_0;
    %load/vec4 v0x5654eb5eabb0_0;
    %cmp/ne;
    %jmp/0xz  T_4.32, 6;
    %vpi_call/w 3 292 "$display", "***ERROR: Q_behavioral = %b, Q_expected = %b", v0x5654eb5eac50_0, v0x5654eb5eabb0_0 {0 0 0};
    %load/vec4 v0x5654eb5ea6d0_0;
    %addi 1, 0, 32;
    %store/vec4 v0x5654eb5ea6d0_0, 0, 32;
T_4.32 ;
    %load/vec4 v0x5654eb5eaae0_0;
    %load/vec4 v0x5654eb5ea8e0_0;
    %cmp/ne;
    %jmp/0xz  T_4.34, 6;
    %vpi_call/w 3 299 "$display", "***ERROR: QBAR_gate = %b, QBAR_expected = %b", v0x5654eb5eaae0_0, v0x5654eb5ea8e0_0 {0 0 0};
    %load/vec4 v0x5654eb5ea6d0_0;
    %addi 1, 0, 32;
    %store/vec4 v0x5654eb5ea6d0_0, 0, 32;
T_4.34 ;
    %load/vec4 v0x5654eb5eaa40_0;
    %load/vec4 v0x5654eb5ea8e0_0;
    %cmp/ne;
    %jmp/0xz  T_4.36, 6;
    %vpi_call/w 3 306 "$display", "***ERROR: QBAR_dataflow = %b, QBAR_expected = %b", v0x5654eb5eaa40_0, v0x5654eb5ea8e0_0 {0 0 0};
    %load/vec4 v0x5654eb5ea6d0_0;
    %addi 1, 0, 32;
    %store/vec4 v0x5654eb5ea6d0_0, 0, 32;
T_4.36 ;
    %load/vec4 v0x5654eb5eaec0_0;
    %load/vec4 v0x5654eb5eb8a0_0;
    %cmp/ne;
    %jmp/0xz  T_4.38, 6;
    %vpi_call/w 3 313 "$display", "***ERROR: Racing Condition Occur" {0 0 0};
    %load/vec4 v0x5654eb5ea6d0_0;
    %addi 1, 0, 32;
    %store/vec4 v0x5654eb5ea6d0_0, 0, 32;
T_4.38 ;
    %end;
S_0x5654eb5e9a40 .scope task, "force_release" "force_release" 3 93, 3 93 0, S_0x5654eb5c5330;
 .timescale -9 -11;
TD_tb_t_flip_flop.force_release ;
    %delay 11, 0;
    %pushi/vec4 0, 0, 1;
    %force/vec4 v0x5654eb5eadf0_0;
    %pushi/vec4 1, 0, 1;
    %force/vec4 v0x5654eb5eaae0_0;
    %pushi/vec4 0, 0, 1;
    %force/vec4 v0x5654eb5ead20_0;
    %pushi/vec4 1, 0, 1;
    %force/vec4 v0x5654eb5eaa40_0;
    %pushi/vec4 0, 0, 1;
    %force/vec4 v0x5654eb5eac50_0;
    %pushi/vec4 1, 0, 1;
    %force/vec4 v0x5654eb5ea9a0_0;
    %pushi/vec4 0, 0, 1;
    %force/vec4 v0x5654eb5eabb0_0;
    %pushi/vec4 1, 0, 1;
    %force/vec4 v0x5654eb5ea8e0_0;
    %delay 1000, 0;
    %release/net v0x5654eb5eadf0_0, 0, 1;
    %release/net v0x5654eb5eaae0_0, 0, 1;
    %release/net v0x5654eb5ead20_0, 0, 1;
    %release/net v0x5654eb5eaa40_0, 0, 1;
    %release/reg v0x5654eb5eabb0_0, 0, 1;
    %release/reg v0x5654eb5ea8e0_0, 0, 1;
    %wait E_0x5654eb5b0fe0;
    %delay 10, 0;
    %release/net v0x5654eb5eac50_0, 0, 1;
    %release/net v0x5654eb5ea9a0_0, 0, 1;
    %end;
S_0x5654eb5e9c20 .scope task, "initialize" "initialize" 3 64, 3 64 0, S_0x5654eb5c5330;
 .timescale -9 -11;
TD_tb_t_flip_flop.initialize ;
    %vpi_func 3 66 "$fopen" 32, "tb_t_flip_flop.tv", "r" {0 0 0};
    %store/vec4 v0x5654eb5ea800_0, 0, 32;
    %vpi_func 3 67 "$fscanf" 32, v0x5654eb5ea800_0, "%s", v0x5654eb5ea350_0 {0 0 0};
    %store/vec4 v0x5654eb5ea5f0_0, 0, 32;
    %vpi_func 3 69 "$fscanf" 32, v0x5654eb5ea800_0, "%s %b %s %s", v0x5654eb5ea350_0, v0x5654eb5eaec0_0, v0x5654eb5ea450_0, v0x5654eb5ea530_0 {0 0 0};
    %store/vec4 v0x5654eb5ea5f0_0, 0, 32;
    %pushi/vec4 0, 0, 1;
    %store/vec4 v0x5654eb5eaf60_0, 0, 1;
    %pushi/vec4 0, 0, 32;
    %store/vec4 v0x5654eb5eb000_0, 0, 32;
    %pushi/vec4 0, 0, 32;
    %store/vec4 v0x5654eb5ea6d0_0, 0, 32;
    %pushi/vec4 0, 0, 32;
    %store/vec4 v0x5654eb5eb140_0, 0, 32;
T_6.40 ;
    %load/vec4 v0x5654eb5eb140_0;
    %cmpi/s 4, 0, 32;
    %jmp/0xz T_6.41, 5;
    %pushi/vec4 0, 0, 32;
    %ix/getv/s 4, v0x5654eb5eb140_0;
    %store/vec4a v0x5654eb5eb1e0, 4, 0;
    ; show_stmt_assign_vector: Get l-value for compressed += operand
    %load/vec4 v0x5654eb5eb140_0;
    %pushi/vec4 1, 0, 32;
    %add;
    %cast2;
    %store/vec4 v0x5654eb5eb140_0, 0, 32;
    %jmp T_6.40;
T_6.41 ;
    %pushi/vec4 0, 0, 1;
    %store/vec4 v0x5654eb5eb0a0_0, 0, 1;
    %vpi_call/w 3 80 "$display" {0 0 0};
    %vpi_call/w 3 81 "$display", "TEST_START------------------------------------------------------------------------------------------------------------------------" {0 0 0};
    %vpi_call/w 3 82 "$display" {0 0 0};
    %vpi_call/w 3 83 "$display", "                     | TIME | T |  Q_gate  |  Q_data  |  Q_beh  | QBAR_gate | QBAR_data | QEXPECTED | QBAREXPECTED |" {0 0 0};
    %vpi_call/w 3 84 "$display", "----------------------------------------------------------------------------------------------------------------------------------" {0 0 0};
    %end;
S_0x5654eb5e9db0 .scope task, "random_in" "random_in" 3 138, 3 138 0, S_0x5654eb5c5330;
 .timescale -9 -11;
TD_tb_t_flip_flop.random_in ;
    %vpi_func 3 140 "$urandom" 32 {0 0 0};
    %pushi/vec4 2, 0, 32;
    %mod;
    %pad/u 1;
    %store/vec4 v0x5654eb5eaec0_0, 0, 1;
    %load/vec4 v0x5654eb5eaec0_0;
    %dup/vec4;
    %pushi/vec4 0, 0, 1;
    %cmp/u;
    %jmp/1 T_7.42, 6;
    %dup/vec4;
    %pushi/vec4 1, 0, 1;
    %cmp/u;
    %jmp/1 T_7.43, 6;
    %jmp T_7.44;
T_7.42 ;
    %load/vec4 v0x5654eb5eb7e0_0;
    %load/vec4 v0x5654eb5eb5a0_0;
    %concat/vec4; draw_concat_vec4
    %cmpi/e 3, 0, 2;
    %jmp/1 T_7.49, 4;
    %flag_mov 8, 4;
    %load/vec4 v0x5654eb5eb720_0;
    %load/vec4 v0x5654eb5eb4e0_0;
    %concat/vec4; draw_concat_vec4
    %cmpi/e 3, 0, 2;
    %flag_or 4, 8;
T_7.49;
    %jmp/1 T_7.48, 4;
    %flag_mov 8, 4;
    %load/vec4 v0x5654eb5eb660_0;
    %load/vec4 v0x5654eb5eb420_0;
    %concat/vec4; draw_concat_vec4
    %cmpi/e 3, 0, 2;
    %flag_or 4, 8;
T_7.48;
    %jmp/1 T_7.47, 4;
    %flag_mov 8, 4;
    %load/vec4 v0x5654eb5eb7e0_0;
    %load/vec4 v0x5654eb5eb5a0_0;
    %concat/vec4; draw_concat_vec4
    %cmpi/e 0, 0, 2;
    %jmp/1 T_7.51, 4;
    %flag_mov 9, 4;
    %load/vec4 v0x5654eb5eb720_0;
    %load/vec4 v0x5654eb5eb4e0_0;
    %concat/vec4; draw_concat_vec4
    %cmpi/e 0, 0, 2;
    %flag_or 4, 9;
T_7.51;
    %jmp/1 T_7.50, 4;
    %flag_mov 9, 4;
    %load/vec4 v0x5654eb5eb660_0;
    %load/vec4 v0x5654eb5eb420_0;
    %concat/vec4; draw_concat_vec4
    %cmpi/e 0, 0, 2;
    %flag_or 4, 9;
T_7.50;
    %flag_or 4, 8;
T_7.47;
    %flag_mov 8, 4;
    %jmp/0 T_7.45, 8;
    %pushi/vec4 18764, 0, 32; draw_string_vec4
    %pushi/vec4 1279608641, 0, 32; draw_string_vec4
    %concat/vec4; draw_string_vec4
    %pushi/vec4 76, 0, 8; draw_string_vec4
    %concat/vec4; draw_string_vec4
    %jmp/1 T_7.46, 8;
T_7.45 ; End of true expr.
    %pushi/vec4 0, 0, 32; draw_string_vec4
    %pushi/vec4 4738892, 0, 32; draw_string_vec4
    %concat/vec4; draw_string_vec4
    %pushi/vec4 68, 0, 8; draw_string_vec4
    %concat/vec4; draw_string_vec4
    %jmp/0 T_7.46, 8;
 ; End of false expr.
    %blend;
T_7.46;
    %store/vec4 v0x5654eb5ea350_0, 0, 72;
    %jmp T_7.44;
T_7.43 ;
    %load/vec4 v0x5654eb5eb7e0_0;
    %load/vec4 v0x5654eb5eb5a0_0;
    %concat/vec4; draw_concat_vec4
    %cmpi/e 3, 0, 2;
    %jmp/1 T_7.56, 4;
    %flag_mov 8, 4;
    %load/vec4 v0x5654eb5eb720_0;
    %load/vec4 v0x5654eb5eb4e0_0;
    %concat/vec4; draw_concat_vec4
    %cmpi/e 3, 0, 2;
    %flag_or 4, 8;
T_7.56;
    %jmp/1 T_7.55, 4;
    %flag_mov 8, 4;
    %load/vec4 v0x5654eb5eb660_0;
    %load/vec4 v0x5654eb5eb420_0;
    %concat/vec4; draw_concat_vec4
    %cmpi/e 3, 0, 2;
    %flag_or 4, 8;
T_7.55;
    %jmp/1 T_7.54, 4;
    %flag_mov 8, 4;
    %load/vec4 v0x5654eb5eb7e0_0;
    %load/vec4 v0x5654eb5eb5a0_0;
    %concat/vec4; draw_concat_vec4
    %cmpi/e 0, 0, 2;
    %jmp/1 T_7.58, 4;
    %flag_mov 9, 4;
    %load/vec4 v0x5654eb5eb720_0;
    %load/vec4 v0x5654eb5eb4e0_0;
    %concat/vec4; draw_concat_vec4
    %cmpi/e 0, 0, 2;
    %flag_or 4, 9;
T_7.58;
    %jmp/1 T_7.57, 4;
    %flag_mov 9, 4;
    %load/vec4 v0x5654eb5eb660_0;
    %load/vec4 v0x5654eb5eb420_0;
    %concat/vec4; draw_concat_vec4
    %cmpi/e 0, 0, 2;
    %flag_or 4, 9;
T_7.57;
    %flag_or 4, 8;
T_7.54;
    %flag_mov 8, 4;
    %jmp/0 T_7.52, 8;
    %pushi/vec4 18764, 0, 32; draw_string_vec4
    %pushi/vec4 1279608641, 0, 32; draw_string_vec4
    %concat/vec4; draw_string_vec4
    %pushi/vec4 76, 0, 8; draw_string_vec4
    %concat/vec4; draw_string_vec4
    %jmp/1 T_7.53, 8;
T_7.52 ; End of true expr.
    %pushi/vec4 84, 0, 32; draw_string_vec4
    %pushi/vec4 1330071372, 0, 32; draw_string_vec4
    %concat/vec4; draw_string_vec4
    %pushi/vec4 69, 0, 8; draw_string_vec4
    %concat/vec4; draw_string_vec4
    %jmp/0 T_7.53, 8;
 ; End of false expr.
    %blend;
T_7.53;
    %store/vec4 v0x5654eb5ea350_0, 0, 72;
    %jmp T_7.44;
T_7.44 ;
    %pop/vec4 1;
    %pushi/real 1717986918, 4062; load=0.100000
    %pushi/real 1677722, 4040; load=0.100000
    %add/wr;
    %vpi_func 3 148 "$urandom_range" 32, W<0,r>, 32'sb00000000000000000000000000001010 {0 1 0};
    %pad/u 64;
    %muli 100, 0, 64;
    %ix/vec4 4;
    %delayx 4;
    %end;
S_0x5654eb5e9f90 .scope task, "scan_file" "scan_file" 3 127, 3 127 0, S_0x5654eb5c5330;
 .timescale -9 -11;
TD_tb_t_flip_flop.scan_file ;
    %vpi_func 3 130 "$fscanf" 32, v0x5654eb5ea800_0, "%s %b %b %b", v0x5654eb5ea350_0, v0x5654eb5eaec0_0, v0x5654eb5eabb0_0, v0x5654eb5ea8e0_0 {0 0 0};
    %store/vec4 v0x5654eb5ea5f0_0, 0, 32;
    %load/vec4 v0x5654eb5ea5f0_0;
    %pushi/vec4 4294967295, 0, 32;
    %cmp/e;
    %flag_get/vec4 4;
    %store/vec4 v0x5654eb5eb0a0_0, 0, 1;
    %end;
S_0x5654eb5ea170 .scope task, "vectorcount" "vectorcount" 3 229, 3 229 0, S_0x5654eb5c5330;
 .timescale -9 -11;
TD_tb_t_flip_flop.vectorcount ;
    %load/vec4 v0x5654eb5eb000_0;
    %addi 1, 0, 32;
    %store/vec4 v0x5654eb5eb000_0, 0, 32;
    %end;
    .scope S_0x5654eb5e8b70;
T_10 ;
    %wait E_0x5654eb5b0fe0;
    %delay 12, 0;
    %load/vec4 v0x5654eb5e9140_0;
    %store/vec4 v0x5654eb5e8f70_0, 0, 1;
    %load/vec4 v0x5654eb5e9380_0;
    %store/vec4 v0x5654eb5e9030_0, 0, 1;
    %jmp T_10;
    .thread T_10;
    .scope S_0x5654eb5e7640;
T_11 ;
    %wait E_0x5654eb5b0fe0;
    %delay 20, 0;
    %load/vec4 v0x5654eb5e8410_0;
    %store/vec4 v0x5654eb5e8290_0, 0, 1;
    %load/vec4 v0x5654eb5e8650_0;
    %store/vec4 v0x5654eb5e8350_0, 0, 1;
    %jmp T_11;
    .thread T_11;
    .scope S_0x5654eb5a7910;
T_12 ;
    %wait E_0x5654eb5b0fe0;
    %load/vec4 v0x5654eb5c0ee0_0;
    %dup/vec4;
    %pushi/vec4 0, 0, 1;
    %cmp/u;
    %jmp/1 T_12.0, 6;
    %dup/vec4;
    %pushi/vec4 1, 0, 1;
    %cmp/u;
    %jmp/1 T_12.1, 6;
    %jmp T_12.2;
T_12.0 ;
    %load/vec4 v0x5654eb5c8f20_0;
    %assign/vec4 v0x5654eb5c8f20_0, 0;
    %jmp T_12.2;
T_12.1 ;
    %load/vec4 v0x5654eb5b7a20_0;
    %assign/vec4 v0x5654eb5c8f20_0, 0;
    %jmp T_12.2;
T_12.2 ;
    %pop/vec4 1;
    %jmp T_12;
    .thread T_12;
    .scope S_0x5654eb5c5330;
T_13 ;
    %vpi_call/w 3 43 "$dumpfile", "tb_t_flip_flop.vcd" {0 0 0};
    %vpi_call/w 3 44 "$dumpvars", 32'sb00000000000000000000000000000000, S_0x5654eb5c5330 {0 0 0};
    %end;
    .thread T_13;
    .scope S_0x5654eb5c5330;
T_14 ;
    %delay 1000, 0;
    %load/vec4 v0x5654eb5eaf60_0;
    %inv;
    %store/vec4 v0x5654eb5eaf60_0, 0, 1;
    %jmp T_14;
    .thread T_14;
    .scope S_0x5654eb5c5330;
T_15 ;
    %fork TD_tb_t_flip_flop.initialize, S_0x5654eb5e9c20;
    %join;
    %wait E_0x5654eb5b0fe0;
    %fork TD_tb_t_flip_flop.force_release, S_0x5654eb5e9a40;
    %join;
    %end;
    .thread T_15;
    .scope S_0x5654eb5c5330;
T_16 ;
    %wait E_0x5654eb5b0d80;
    %delay 120, 0;
    %load/vec4 v0x5654eb5eb0a0_0;
    %nor/r;
    %flag_set/vec4 8;
    %jmp/0xz  T_16.0, 8;
    %fork TD_tb_t_flip_flop.scan_file, S_0x5654eb5e9f90;
    %join;
T_16.0 ;
    %jmp T_16;
    .thread T_16;
    .scope S_0x5654eb5c5330;
T_17 ;
    %wait E_0x5654eb5b0fe0;
    %fork TD_tb_t_flip_flop.coverage_update, S_0x5654eb5abbf0;
    %join;
    %load/vec4 v0x5654eb5eaec0_0;
    %store/vec4 v0x5654eb5eb8a0_0, 0, 1;
    %delay 10, 0;
    %fork TD_tb_t_flip_flop.QEXP, S_0x5654eb5c4b70;
    %join;
    %fork TD_tb_t_flip_flop.display_file, S_0x5654eb5a7730;
    %join;
    %fork TD_tb_t_flip_flop.errors_check, S_0x5654eb5e9860;
    %join;
    %fork TD_tb_t_flip_flop.vectorcount, S_0x5654eb5ea170;
    %join;
    %delay 2, 0;
    %load/vec4 v0x5654eb5eadf0_0;
    %store/vec4 v0x5654eb5eb7e0_0, 0, 1;
    %load/vec4 v0x5654eb5eaae0_0;
    %store/vec4 v0x5654eb5eb5a0_0, 0, 1;
    %load/vec4 v0x5654eb5ead20_0;
    %store/vec4 v0x5654eb5eb720_0, 0, 1;
    %load/vec4 v0x5654eb5eaa40_0;
    %store/vec4 v0x5654eb5eb4e0_0, 0, 1;
    %load/vec4 v0x5654eb5eac50_0;
    %store/vec4 v0x5654eb5eb660_0, 0, 1;
    %load/vec4 v0x5654eb5ea9a0_0;
    %store/vec4 v0x5654eb5eb420_0, 0, 1;
    %load/vec4 v0x5654eb5eabb0_0;
    %store/vec4 v0x5654eb5eb2a0_0, 0, 1;
    %load/vec4 v0x5654eb5ea8e0_0;
    %store/vec4 v0x5654eb5eb360_0, 0, 1;
    %jmp T_17;
    .thread T_17;
    .scope S_0x5654eb5c5330;
T_18 ;
T_18.0 ;
    %load/vec4 v0x5654eb5eb0a0_0;
    %cmpi/ne 1, 0, 1;
    %jmp/0xz T_18.1, 6;
    %wait E_0x5654eb5b0ac0;
    %jmp T_18.0;
T_18.1 ;
    %vpi_call/w 3 395 "$display" {0 0 0};
    %vpi_call/w 3 396 "$display", "%13s ***time = %0d,eof ***", "\000", $time {0 0 0};
    %vpi_call/w 3 397 "$display" {0 0 0};
    %pushi/vec4 0, 0, 32;
    %store/vec4 v0x5654eb5eb140_0, 0, 32;
T_18.2 ;
    %load/vec4 v0x5654eb5eb140_0;
    %cmpi/s 50, 0, 32;
    %jmp/0xz T_18.3, 5;
    %load/vec4 v0x5654eb5eaec0_0;
    %pad/u 32;
    %cmpi/e 2, 0, 32;
    %jmp/0xz  T_18.4, 4;
    %fork TD_tb_t_flip_flop.vectorcount, S_0x5654eb5ea170;
    %join;
    %fork TD_tb_t_flip_flop.close, S_0x5654eb5aba10;
    %join;
    %jmp T_18.5;
T_18.4 ;
    %fork TD_tb_t_flip_flop.random_in, S_0x5654eb5e9db0;
    %join;
T_18.5 ;
    ; show_stmt_assign_vector: Get l-value for compressed += operand
    %load/vec4 v0x5654eb5eb140_0;
    %pushi/vec4 1, 0, 32;
    %add;
    %cast2;
    %store/vec4 v0x5654eb5eb140_0, 0, 32;
    %jmp T_18.2;
T_18.3 ;
    %fork TD_tb_t_flip_flop.close, S_0x5654eb5aba10;
    %join;
    %end;
    .thread T_18;
# The file index is used to find the file name in the following table.
:file_names 5;
    "N/A";
    "<interactive>";
    "-";
    "tb_t_flip_flop.v";
    "t_flip_flop.v";
