#! /usr/bin/vvp
:ivl_version "12.0 (stable)";
:ivl_delay_selection "TYPICAL";
:vpi_time_precision - 11;
:vpi_module "/usr/lib/x86_64-linux-gnu/ivl/system.vpi";
:vpi_module "/usr/lib/x86_64-linux-gnu/ivl/vhdl_sys.vpi";
:vpi_module "/usr/lib/x86_64-linux-gnu/ivl/vhdl_textio.vpi";
:vpi_module "/usr/lib/x86_64-linux-gnu/ivl/v2005_math.vpi";
:vpi_module "/usr/lib/x86_64-linux-gnu/ivl/va_math.vpi";
:vpi_module "/usr/lib/x86_64-linux-gnu/ivl/v2009.vpi";
S_0x641c08758490 .scope package, "$unit" "$unit" 2 1;
 .timescale 0 0;
S_0x641c08758620 .scope module, "tb_single_port_ram_synchronous" "tb_single_port_ram_synchronous" 3 3;
 .timescale -9 -11;
P_0x641c087afdc0 .param/l "ADDR_WIDTH" 0 3 25, +C4<00000000000000000000000000000100>;
P_0x641c087afe00 .param/l "DATA_WIDTH" 0 3 25, +C4<00000000000000000000000000001000>;
P_0x641c087afe40 .param/l "MEM_DEPTH" 0 3 25, +C4<00000000000000000000000000010000>;
P_0x641c087afe80 .param/l "TICKPERIOD" 1 3 45, +C4<00000000000000000000000000010100>;
v0x641c087d3350_0 .var "ADDR", 3 0;
v0x641c087d3430_0 .var "COMMENT", 247 0;
v0x641c087d34f0_0 .var/i "COUNT", 31 0;
v0x641c087d35b0_0 .var "DATA_IN", 7 0;
v0x641c087d36a0_0 .net "DATA_OUT", 7 0, v0x641c087d24c0_0;  1 drivers
v0x641c087d3790_0 .var "DATA_OUT_EXPECTED", 7 0;
v0x641c087d3850_0 .var "ERRORS", 31 0;
v0x641c087d3930_0 .var/i "FD", 31 0;
v0x641c087d3a10_0 .var "INPUT", 4 0;
v0x641c087d3af0 .array "MEM", 16 0, 8 0;
v0x641c087d3bb0_0 .var "TICK", 0 0;
v0x641c087d3c80_0 .var "VECTORCOUNT", 31 0;
v0x641c087d3d40_0 .var "WE", 0 0;
v0x641c087d3e10_0 .var "eof", 0 0;
v0x641c087d3eb0_0 .var/2s "i", 31 0;
v0x641c087d3f90 .array "input_coverage", 31 0, 31 0;
v0x641c087d4050_0 .var "prev_INPUT", 4 0;
E_0x641c087a94e0 .event anyedge, v0x641c087d3e10_0;
E_0x641c087a9a30 .event negedge, v0x641c087d2310_0;
S_0x641c087a81d0 .scope task, "OUT_EXP" "OUT_EXP" 3 118, 3 118 0, S_0x641c08758620;
 .timescale -9 -11;
TD_tb_single_port_ram_synchronous.OUT_EXP ;
    %load/vec4 v0x641c087d3d40_0;
    %flag_set/vec4 8;
    %jmp/0xz  T_0.0, 8;
    %load/vec4 v0x641c087d35b0_0;
    %pad/u 9;
    %load/vec4 v0x641c087d3350_0;
    %pad/u 6;
    %ix/vec4 3;
    %ix/load 4, 0, 0; Constant delay
    %assign/vec4/a/d v0x641c087d3af0, 0, 4;
    %load/vec4 v0x641c087d35b0_0;
    %assign/vec4 v0x641c087d3790_0, 0;
    %jmp T_0.1;
T_0.0 ;
    %load/vec4 v0x641c087d3350_0;
    %pad/u 6;
    %ix/vec4 4;
    %load/vec4a v0x641c087d3af0, 4;
    %pad/u 8;
    %assign/vec4 v0x641c087d3790_0, 0;
T_0.1 ;
    %end;
S_0x641c087a8360 .scope task, "close" "close" 3 137, 3 137 0, S_0x641c08758620;
 .timescale -9 -11;
TD_tb_single_port_ram_synchronous.close ;
    %delay 1000, 0;
    %vpi_call/w 3 141 "$fclose", v0x641c087d3930_0 {0 0 0};
    %vpi_call/w 3 143 "$display" {0 0 0};
    %vpi_call/w 3 144 "$display", "COVERAGE_REPORT" {0 0 0};
    %vpi_call/w 3 145 "$display" {0 0 0};
    %vpi_call/w 3 146 "$display", "for WE==0, only test two input combinations as others combination has identical behavior" {0 0 0};
    %vpi_call/w 3 147 "$display" {0 0 0};
    %fork t_1, S_0x641c087b2970;
    %jmp t_0;
    .scope S_0x641c087b2970;
t_1 ;
    %pushi/vec4 0, 0, 32;
    %store/vec4 v0x641c0878e5c0_0, 0, 32;
T_1.2 ;
    %load/vec4 v0x641c0878e5c0_0;
    %cmpi/u 31, 0, 32;
    %jmp/0xz T_1.3, 5;
    %load/vec4 v0x641c0878e5c0_0;
    %cmpi/s 2, 0, 32;
    %jmp/1 T_1.6, 5;
    %flag_mov 8, 5;
    %load/vec4 v0x641c0878e5c0_0;
    %cmpi/u 15, 0, 32;
    %flag_or 5, 4; GT is !LE
    %flag_inv 5;
    %flag_or 5, 8;
T_1.6;
    %jmp/0xz  T_1.4, 5;
    %ix/getv/s 4, v0x641c0878e5c0_0;
    %load/vec4a v0x641c087d3f90, 4;
    %cmpi/e 0, 0, 32;
    %jmp/0xz  T_1.7, 4;
    %vpi_call/w 3 153 "$display", "input WE = %b, ADDR = %b has occured %d times ***ERROR***", &PV<v0x641c0878e5c0_0, 4, 1>, &PV<v0x641c0878e5c0_0, 0, 4>, &A<v0x641c087d3f90, v0x641c0878e5c0_0 > {0 0 0};
    %load/vec4 v0x641c087d3850_0;
    %addi 1, 0, 32;
    %store/vec4 v0x641c087d3850_0, 0, 32;
    %jmp T_1.8;
T_1.7 ;
    %vpi_call/w 3 159 "$display", "input WE = %b, ADDR = %b has occured %d times", &PV<v0x641c0878e5c0_0, 4, 1>, &PV<v0x641c0878e5c0_0, 0, 4>, &A<v0x641c087d3f90, v0x641c0878e5c0_0 > {0 0 0};
T_1.8 ;
T_1.4 ;
    ; show_stmt_assign_vector: Get l-value for compressed += operand
    %load/vec4 v0x641c0878e5c0_0;
    %pushi/vec4 1, 0, 32;
    %add;
    %cast2;
    %store/vec4 v0x641c0878e5c0_0, 0, 32;
    %jmp T_1.2;
T_1.3 ;
    %end;
    .scope S_0x641c087a8360;
t_0 %join;
    %vpi_call/w 3 170 "$display" {0 0 0};
    %vpi_call/w 3 171 "$display", "VECTORCOUNT = %d", v0x641c087d3c80_0 {0 0 0};
    %vpi_call/w 3 172 "$display", "ERRORS = %15d", v0x641c087d3850_0 {0 0 0};
    %vpi_call/w 3 173 "$display" {0 0 0};
    %vpi_call/w 3 174 "$display", "TEST_END--------------------------------------------------------------------------------------------------------------------------" {0 0 0};
    %vpi_call/w 3 175 "$display" {0 0 0};
    %vpi_call/w 3 177 "$finish" {0 0 0};
    %end;
S_0x641c087b2970 .scope begin, "$ivl_for_loop0" "$ivl_for_loop0" 3 148, 3 148 0, S_0x641c087a8360;
 .timescale -9 -11;
v0x641c0878e5c0_0 .var/2s "j", 31 0;
S_0x641c087d1b80 .scope task, "display_file" "display_file" 3 195, 3 195 0, S_0x641c08758620;
 .timescale -9 -11;
TD_tb_single_port_ram_synchronous.display_file ;
    %vpi_call/w 3 197 "$display", "%10d %9s | %4d | %2b | %4b | %4c    | %4c     | %9c         |", v0x641c087d3c80_0, v0x641c087d3430_0, $time, v0x641c087d3d40_0, v0x641c087d3350_0, v0x641c087d35b0_0, v0x641c087d36a0_0, v0x641c087d3790_0 {0 0 0};
    %end;
S_0x641c087d1d90 .scope module, "dut_single_port_ram_synchronous" "single_port_ram_synchronous" 3 30, 4 1 0, S_0x641c08758620;
 .timescale -9 -11;
    .port_info 0 /INPUT 1 "clk";
    .port_info 1 /INPUT 1 "we";
    .port_info 2 /INPUT 4 "addr";
    .port_info 3 /INPUT 8 "data_in";
    .port_info 4 /OUTPUT 8 "data_out";
P_0x641c087d1f70 .param/l "ADDR_WIDTH" 0 4 9, +C4<00000000000000000000000000000100>;
P_0x641c087d1fb0 .param/l "DATA_WIDTH" 0 4 9, +C4<00000000000000000000000000001000>;
P_0x641c087d1ff0 .param/l "MEM_DEPTH" 0 4 9, +C4<00000000000000000000000000010000>;
v0x641c087d2210_0 .net "addr", 3 0, v0x641c087d3350_0;  1 drivers
v0x641c087d2310_0 .net "clk", 0 0, v0x641c087d3bb0_0;  1 drivers
v0x641c087d23d0_0 .net "data_in", 7 0, v0x641c087d35b0_0;  1 drivers
v0x641c087d24c0_0 .var "data_out", 7 0;
v0x641c087d25a0 .array "mem", 0 15, 7 0;
v0x641c087d26b0_0 .net "we", 0 0, v0x641c087d3d40_0;  1 drivers
E_0x641c087aa520 .event posedge, v0x641c087d2310_0;
S_0x641c087d2810 .scope task, "errors_warnings_check" "errors_warnings_check" 3 214, 3 214 0, S_0x641c08758620;
 .timescale -9 -11;
TD_tb_single_port_ram_synchronous.errors_warnings_check ;
    %load/vec4 v0x641c087d36a0_0;
    %load/vec4 v0x641c087d3790_0;
    %cmp/ne;
    %jmp/0xz  T_3.9, 6;
    %vpi_call/w 3 219 "$display", "***ERROR: DATA_OUT = %b, DATA_OUT_expected = %b", v0x641c087d36a0_0, v0x641c087d3790_0 {0 0 0};
    %load/vec4 v0x641c087d3850_0;
    %addi 1, 0, 32;
    %store/vec4 v0x641c087d3850_0, 0, 32;
T_3.9 ;
    %load/vec4 v0x641c087d3a10_0;
    %load/vec4 v0x641c087d4050_0;
    %cmp/ne;
    %jmp/0xz  T_3.11, 6;
    %vpi_call/w 3 226 "$display", "***ERROR: RACING CONDITION OCCUR" {0 0 0};
    %load/vec4 v0x641c087d3850_0;
    %addi 1, 0, 32;
    %store/vec4 v0x641c087d3850_0, 0, 32;
T_3.11 ;
    %end;
S_0x641c087d2a40 .scope task, "in_coverage_update" "in_coverage_update" 3 204, 3 204 0, S_0x641c08758620;
 .timescale -9 -11;
TD_tb_single_port_ram_synchronous.in_coverage_update ;
    ; show_stmt_assign_vector: Get l-value for compressed += operand
    %load/vec4 v0x641c087d3a10_0;
    %pad/u 7;
    %ix/vec4 4;
    %flag_mov 8, 4;
    %load/vec4a v0x641c087d3f90, 4;
    %pushi/vec4 1, 0, 32;
    %add;
    %flag_mov 4, 8;
    %store/vec4a v0x641c087d3f90, 4, 0;
    %end;
S_0x641c087d2c20 .scope task, "initialize" "initialize" 3 58, 3 58 0, S_0x641c08758620;
 .timescale -9 -11;
TD_tb_single_port_ram_synchronous.initialize ;
    %vpi_func 3 60 "$fopen" 32, "tb_single_port_ram_synchronous.tv", "r" {0 0 0};
    %store/vec4 v0x641c087d3930_0, 0, 32;
    %vpi_func 3 61 "$fscanf" 32, v0x641c087d3930_0, "%s", v0x641c087d3430_0 {0 0 0};
    %store/vec4 v0x641c087d34f0_0, 0, 32;
    %vpi_func 3 63 "$fscanf" 32, v0x641c087d3930_0, "%s %b %b %s %s", v0x641c087d3430_0, v0x641c087d3d40_0, v0x641c087d3350_0, v0x641c087d35b0_0, v0x641c087d3790_0 {0 0 0};
    %store/vec4 v0x641c087d34f0_0, 0, 32;
    %pushi/vec4 0, 0, 1;
    %store/vec4 v0x641c087d3bb0_0, 0, 1;
    %pushi/vec4 0, 0, 32;
    %store/vec4 v0x641c087d3c80_0, 0, 32;
    %pushi/vec4 0, 0, 32;
    %store/vec4 v0x641c087d3850_0, 0, 32;
    %pushi/vec4 0, 0, 32;
    %store/vec4 v0x641c087d3eb0_0, 0, 32;
T_5.13 ;
    %load/vec4 v0x641c087d3eb0_0;
    %cmpi/u 31, 0, 32;
    %flag_or 5, 4;
    %jmp/0xz T_5.14, 5;
    %load/vec4 v0x641c087d3eb0_0;
    %cmpi/s 2, 0, 32;
    %jmp/1 T_5.17, 5;
    %flag_mov 8, 5;
    %load/vec4 v0x641c087d3eb0_0;
    %cmpi/u 15, 0, 32;
    %flag_or 5, 4; GT is !LE
    %flag_inv 5;
    %flag_or 5, 8;
T_5.17;
    %jmp/0xz  T_5.15, 5;
    %pushi/vec4 0, 0, 32;
    %ix/getv/s 4, v0x641c087d3eb0_0;
    %store/vec4a v0x641c087d3f90, 4, 0;
T_5.15 ;
    ; show_stmt_assign_vector: Get l-value for compressed += operand
    %load/vec4 v0x641c087d3eb0_0;
    %pushi/vec4 1, 0, 32;
    %add;
    %cast2;
    %store/vec4 v0x641c087d3eb0_0, 0, 32;
    %jmp T_5.13;
T_5.14 ;
    %pushi/vec4 0, 0, 1;
    %store/vec4 v0x641c087d3e10_0, 0, 1;
    %vpi_call/w 3 76 "$display" {0 0 0};
    %vpi_call/w 3 77 "$display", "TEST_START-------------------------------------------------------------------------------------------------------------------------------------" {0 0 0};
    %vpi_call/w 3 78 "$display" {0 0 0};
    %vpi_call/w 3 79 "$display", "                                | TIME | WE | ADDR | DATA_IN | DATA_OUT | DATA_OUT_EXPECTED |" {0 0 0};
    %vpi_call/w 3 80 "$display", "-----------------------------------------------------------------------------------------------------------------------------------------------" {0 0 0};
    %end;
S_0x641c087d2e00 .scope task, "random_in" "random_in" 3 99, 3 99 0, S_0x641c08758620;
 .timescale -9 -11;
TD_tb_single_port_ram_synchronous.random_in ;
    %vpi_func 3 101 "$urandom" 32 {0 0 0};
    %pushi/vec4 2, 0, 32;
    %mod;
    %pad/u 1;
    %store/vec4 v0x641c087d3d40_0, 0, 1;
    %load/vec4 v0x641c087d3d40_0;
    %pad/u 32;
    %cmpi/e 0, 0, 32;
    %flag_mov 8, 4;
    %jmp/0 T_6.18, 8;
    %vpi_func 3 102 "$urandom" 32 {0 0 0};
    %pushi/vec4 2, 0, 32;
    %mod;
    %jmp/1 T_6.19, 8;
T_6.18 ; End of true expr.
    %vpi_func 3 102 "$urandom" 32 {0 0 0};
    %pushi/vec4 16, 0, 32;
    %mod;
    %jmp/0 T_6.19, 8;
 ; End of false expr.
    %blend;
T_6.19;
    %pad/u 4;
    %store/vec4 v0x641c087d3350_0, 0, 4;
    %vpi_func 3 103 "$urandom_range" 32, 32'sb00000000000000000000000000100000, 32'sb00000000000000000000000001111110 {0 0 0};
    %pad/u 8;
    %store/vec4 v0x641c087d35b0_0, 0, 8;
    %pushi/vec4 0, 0, 32; draw_string_vec4
    %pushi/vec4 0, 0, 32; draw_string_vec4
    %concat/vec4; draw_string_vec4
    %pushi/vec4 0, 0, 32; draw_string_vec4
    %concat/vec4; draw_string_vec4
    %pushi/vec4 0, 0, 32; draw_string_vec4
    %concat/vec4; draw_string_vec4
    %pushi/vec4 0, 0, 32; draw_string_vec4
    %concat/vec4; draw_string_vec4
    %pushi/vec4 0, 0, 32; draw_string_vec4
    %concat/vec4; draw_string_vec4
    %pushi/vec4 0, 0, 32; draw_string_vec4
    %concat/vec4; draw_string_vec4
    %pushi/vec4 45, 0, 24; draw_string_vec4
    %concat/vec4; draw_string_vec4
    %store/vec4 v0x641c087d3430_0, 0, 248;
    %pushi/real 1717986918, 4062; load=0.100000
    %pushi/real 1677722, 4040; load=0.100000
    %add/wr;
    %vpi_func 3 107 "$urandom_range" 32, W<0,r>, 32'sb00000000000000000000000000001010 {0 1 0};
    %pad/u 64;
    %muli 100, 0, 64;
    %ix/vec4 4;
    %delayx 4;
    %end;
S_0x641c087d2fe0 .scope task, "scan_file" "scan_file" 3 90, 3 90 0, S_0x641c08758620;
 .timescale -9 -11;
TD_tb_single_port_ram_synchronous.scan_file ;
    %vpi_func 3 91 "$fscanf" 32, v0x641c087d3930_0, "%s %b %b %s %s", v0x641c087d3430_0, v0x641c087d3d40_0, v0x641c087d3350_0, v0x641c087d35b0_0, v0x641c087d3790_0 {0 0 0};
    %store/vec4 v0x641c087d34f0_0, 0, 32;
    %load/vec4 v0x641c087d34f0_0;
    %pushi/vec4 4294967295, 0, 32;
    %cmp/e;
    %flag_get/vec4 4;
    %store/vec4 v0x641c087d3e10_0, 0, 1;
    %end;
S_0x641c087d31c0 .scope task, "vectorcount" "vectorcount" 3 185, 3 185 0, S_0x641c08758620;
 .timescale -9 -11;
TD_tb_single_port_ram_synchronous.vectorcount ;
    %load/vec4 v0x641c087d3c80_0;
    %addi 1, 0, 32;
    %store/vec4 v0x641c087d3c80_0, 0, 32;
    %end;
    .scope S_0x641c087d1d90;
T_9 ;
    %wait E_0x641c087aa520;
    %load/vec4 v0x641c087d26b0_0;
    %flag_set/vec4 8;
    %jmp/0xz  T_9.0, 8;
    %load/vec4 v0x641c087d23d0_0;
    %load/vec4 v0x641c087d2210_0;
    %pad/u 6;
    %ix/vec4 4;
    %store/vec4a v0x641c087d25a0, 4, 0;
    %load/vec4 v0x641c087d2210_0;
    %pad/u 6;
    %ix/vec4 4;
    %load/vec4a v0x641c087d25a0, 4;
    %store/vec4 v0x641c087d24c0_0, 0, 8;
    %jmp T_9.1;
T_9.0 ;
    %load/vec4 v0x641c087d2210_0;
    %pad/u 6;
    %ix/vec4 4;
    %load/vec4a v0x641c087d25a0, 4;
    %store/vec4 v0x641c087d24c0_0, 0, 8;
T_9.1 ;
    %jmp T_9;
    .thread T_9;
    .scope S_0x641c08758620;
T_10 ;
    %vpi_call/w 3 37 "$dumpfile", "tb_single_port_ram_synchronous.vcd" {0 0 0};
    %vpi_call/w 3 38 "$dumpvars", 32'sb00000000000000000000000000000000, S_0x641c08758620 {0 0 0};
    %end;
    .thread T_10;
    .scope S_0x641c08758620;
T_11 ;
    %delay 1000, 0;
    %load/vec4 v0x641c087d3bb0_0;
    %inv;
    %store/vec4 v0x641c087d3bb0_0, 0, 1;
    %jmp T_11;
    .thread T_11;
    .scope S_0x641c08758620;
T_12 ;
    %fork TD_tb_single_port_ram_synchronous.initialize, S_0x641c087d2c20;
    %join;
    %end;
    .thread T_12;
    .scope S_0x641c08758620;
T_13 ;
    %wait E_0x641c087a9a30;
    %delay 990, 0;
    %load/vec4 v0x641c087d3e10_0;
    %nor/r;
    %flag_set/vec4 8;
    %jmp/0xz  T_13.0, 8;
    %fork TD_tb_single_port_ram_synchronous.scan_file, S_0x641c087d2fe0;
    %join;
T_13.0 ;
    %jmp T_13;
    .thread T_13;
    .scope S_0x641c08758620;
T_14 ;
    %wait E_0x641c087aa520;
    %load/vec4 v0x641c087d3d40_0;
    %load/vec4 v0x641c087d3350_0;
    %concat/vec4; draw_concat_vec4
    %store/vec4 v0x641c087d3a10_0, 0, 5;
    %fork TD_tb_single_port_ram_synchronous.in_coverage_update, S_0x641c087d2a40;
    %join;
    %load/vec4 v0x641c087d3a10_0;
    %store/vec4 v0x641c087d4050_0, 0, 5;
    %fork TD_tb_single_port_ram_synchronous.OUT_EXP, S_0x641c087a81d0;
    %join;
    %delay 10, 0;
    %load/vec4 v0x641c087d3d40_0;
    %load/vec4 v0x641c087d3350_0;
    %concat/vec4; draw_concat_vec4
    %store/vec4 v0x641c087d3a10_0, 0, 5;
    %fork TD_tb_single_port_ram_synchronous.display_file, S_0x641c087d1b80;
    %join;
    %fork TD_tb_single_port_ram_synchronous.errors_warnings_check, S_0x641c087d2810;
    %join;
    %fork TD_tb_single_port_ram_synchronous.vectorcount, S_0x641c087d31c0;
    %join;
    %jmp T_14;
    .thread T_14;
    .scope S_0x641c08758620;
T_15 ;
T_15.0 ;
    %load/vec4 v0x641c087d3e10_0;
    %cmpi/ne 1, 0, 1;
    %jmp/0xz T_15.1, 6;
    %wait E_0x641c087a94e0;
    %jmp T_15.0;
T_15.1 ;
    %vpi_call/w 3 284 "$display" {0 0 0};
    %vpi_call/w 3 285 "$display", "%13s ***time = %0d,eof ***", "\000", $time {0 0 0};
    %vpi_call/w 3 286 "$display" {0 0 0};
    %pushi/vec4 0, 0, 32;
    %store/vec4 v0x641c087d3eb0_0, 0, 32;
T_15.2 ;
    %load/vec4 v0x641c087d3eb0_0;
    %cmpi/s 50, 0, 32;
    %jmp/0xz T_15.3, 5;
    %load/vec4 v0x641c087d3d40_0;
    %cmpi/e 0, 0, 1;
    %flag_get/vec4 4;
    %jmp/0 T_15.6, 4;
    %load/vec4 v0x641c087d3350_0;
    %pad/u 5;
    %pushi/vec4 16, 0, 5;
    %cmp/e;
    %flag_get/vec4 4;
    %and;
T_15.6;
    %flag_set/vec4 8;
    %jmp/0xz  T_15.4, 8;
    %fork TD_tb_single_port_ram_synchronous.vectorcount, S_0x641c087d31c0;
    %join;
    %fork TD_tb_single_port_ram_synchronous.close, S_0x641c087a8360;
    %join;
    %jmp T_15.5;
T_15.4 ;
    %fork TD_tb_single_port_ram_synchronous.random_in, S_0x641c087d2e00;
    %join;
T_15.5 ;
    ; show_stmt_assign_vector: Get l-value for compressed += operand
    %load/vec4 v0x641c087d3eb0_0;
    %pushi/vec4 1, 0, 32;
    %add;
    %cast2;
    %store/vec4 v0x641c087d3eb0_0, 0, 32;
    %jmp T_15.2;
T_15.3 ;
    %fork TD_tb_single_port_ram_synchronous.close, S_0x641c087a8360;
    %join;
    %end;
    .thread T_15;
# The file index is used to find the file name in the following table.
:file_names 5;
    "N/A";
    "<interactive>";
    "-";
    "tb_single_port_ram_synchronous.v";
    "single_port_ram_synchronous.v";
