#! /usr/bin/vvp
:ivl_version "12.0 (stable)";
:ivl_delay_selection "TYPICAL";
:vpi_time_precision - 11;
:vpi_module "/usr/lib/x86_64-linux-gnu/ivl/system.vpi";
:vpi_module "/usr/lib/x86_64-linux-gnu/ivl/vhdl_sys.vpi";
:vpi_module "/usr/lib/x86_64-linux-gnu/ivl/vhdl_textio.vpi";
:vpi_module "/usr/lib/x86_64-linux-gnu/ivl/v2005_math.vpi";
:vpi_module "/usr/lib/x86_64-linux-gnu/ivl/va_math.vpi";
:vpi_module "/usr/lib/x86_64-linux-gnu/ivl/v2009.vpi";
S_0x55c4399f26a0 .scope package, "$unit" "$unit" 2 1;
 .timescale 0 0;
S_0x55c4399f2830 .scope module, "tb_dual_port_ram_asynchronous" "tb_dual_port_ram_asynchronous" 3 3;
 .timescale -9 -11;
P_0x55c4399bd520 .param/l "ADDR_WIDTH" 0 3 28, +C4<00000000000000000000000000000100>;
P_0x55c4399bd560 .param/l "DATA_WIDTH" 0 3 28, +C4<00000000000000000000000000001000>;
P_0x55c4399bd5a0 .param/l "MEM_DEPTH" 0 3 28, +C4<00000000000000000000000000010000>;
P_0x55c4399bd5e0 .param/l "TICKPERIOD" 1 3 48, +C4<00000000000000000000000000010100>;
v0x55c439a38790_0 .var "ADDR_A", 3 0;
v0x55c439a38870_0 .var "ADDR_B", 3 0;
v0x55c439a38940_0 .var "COMMENT", 247 0;
v0x55c439a38a10_0 .var/i "COUNT", 31 0;
v0x55c439a38af0_0 .var "DATA_IN_A", 7 0;
v0x55c439a38c00_0 .var "DATA_IN_B", 7 0;
v0x55c439a38cd0_0 .net "DATA_OUT_A", 7 0, v0x55c439a37270_0;  1 drivers
v0x55c439a38da0_0 .var "DATA_OUT_A_EXPECTED", 7 0;
v0x55c439a38e60_0 .net "DATA_OUT_B", 7 0, v0x55c439a37350_0;  1 drivers
v0x55c439a38f50_0 .var "DATA_OUT_B_EXPECTED", 7 0;
v0x55c439a39010_0 .var "ERRORS", 31 0;
v0x55c439a390f0_0 .var/i "FD", 31 0;
v0x55c439a391d0 .array "MEM", 15 0, 7 0;
v0x55c439a39290_0 .var "TICK", 0 0;
v0x55c439a39350_0 .var "TICK_A", 0 0;
v0x55c439a39420_0 .var "TICK_B", 0 0;
v0x55c439a394f0_0 .var "VECTORCOUNT", 31 0;
v0x55c439a39590_0 .var "WE_A", 0 0;
v0x55c439a39660_0 .var "WE_B", 0 0;
v0x55c439a39730_0 .var "eof", 0 0;
v0x55c439a397d0_0 .var/2s "i", 31 0;
v0x55c439a39890 .array "input_coverage_TICKA", 1 0, 31 0;
v0x55c439a39950 .array "input_coverage_TICKB", 1 0, 31 0;
v0x55c439a39a10 .array "input_coverage_a", 31 0, 31 0;
v0x55c439a39ad0 .array "input_coverage_b", 31 0, 31 0;
v0x55c439a39b90_0 .var "prev_INPUT_A", 4 0;
v0x55c439a39c70_0 .var "prev_INPUT_B", 4 0;
E_0x55c4399f53f0 .event anyedge, v0x55c439a39730_0;
E_0x55c4399f5f40 .event negedge, v0x55c439a39290_0;
S_0x55c43998d490 .scope task, "OUT_EXP_A" "OUT_EXP_A" 3 160, 3 160 0, S_0x55c4399f2830;
 .timescale -9 -11;
TD_tb_dual_port_ram_asynchronous.OUT_EXP_A ;
    %load/vec4 v0x55c439a39590_0;
    %flag_set/vec4 8;
    %jmp/0xz  T_0.0, 8;
    %load/vec4 v0x55c439a38af0_0;
    %load/vec4 v0x55c439a38790_0;
    %pad/u 6;
    %ix/vec4 3;
    %ix/load 4, 0, 0; Constant delay
    %assign/vec4/a/d v0x55c439a391d0, 0, 4;
    %load/vec4 v0x55c439a38790_0;
    %pad/u 6;
    %ix/vec4 4;
    %load/vec4a v0x55c439a391d0, 4;
    %assign/vec4 v0x55c439a38da0_0, 0;
    %jmp T_0.1;
T_0.0 ;
    %load/vec4 v0x55c439a38790_0;
    %pad/u 6;
    %ix/vec4 4;
    %load/vec4a v0x55c439a391d0, 4;
    %assign/vec4 v0x55c439a38da0_0, 0;
T_0.1 ;
    %end;
S_0x55c43998d670 .scope task, "OUT_EXP_B" "OUT_EXP_B" 3 174, 3 174 0, S_0x55c4399f2830;
 .timescale -9 -11;
TD_tb_dual_port_ram_asynchronous.OUT_EXP_B ;
    %load/vec4 v0x55c439a39660_0;
    %flag_set/vec4 8;
    %jmp/0xz  T_1.2, 8;
    %load/vec4 v0x55c439a38c00_0;
    %load/vec4 v0x55c439a38870_0;
    %pad/u 6;
    %ix/vec4 3;
    %ix/load 4, 0, 0; Constant delay
    %assign/vec4/a/d v0x55c439a391d0, 0, 4;
    %load/vec4 v0x55c439a38870_0;
    %pad/u 6;
    %ix/vec4 4;
    %load/vec4a v0x55c439a391d0, 4;
    %assign/vec4 v0x55c439a38f50_0, 0;
    %jmp T_1.3;
T_1.2 ;
    %load/vec4 v0x55c439a38870_0;
    %pad/u 6;
    %ix/vec4 4;
    %load/vec4a v0x55c439a391d0, 4;
    %assign/vec4 v0x55c439a38f50_0, 0;
T_1.3 ;
    %end;
S_0x55c439a17150 .scope task, "close" "close" 3 193, 3 193 0, S_0x55c4399f2830;
 .timescale -9 -11;
TD_tb_dual_port_ram_asynchronous.close ;
    %delay 1000, 0;
    %vpi_call/w 3 197 "$fclose", v0x55c439a390f0_0 {0 0 0};
    %vpi_call/w 3 199 "$display" {0 0 0};
    %vpi_call/w 3 200 "$display", "COVERAGE_REPORT" {0 0 0};
    %vpi_call/w 3 201 "$display" {0 0 0};
    %vpi_call/w 3 202 "$display", "1.for WE_A==0 and WE_B==0, only test two input combinations as others combination has identical behavior" {0 0 0};
    %vpi_call/w 3 203 "$display" {0 0 0};
    %fork t_1, S_0x55c439a172e0;
    %jmp t_0;
    .scope S_0x55c439a172e0;
t_1 ;
    %pushi/vec4 0, 0, 32;
    %store/vec4 v0x55c439a14780_0, 0, 32;
T_2.4 ;
    %load/vec4 v0x55c439a14780_0;
    %cmpi/s 2, 0, 32;
    %jmp/0xz T_2.5, 5;
    %ix/getv/s 4, v0x55c439a14780_0;
    %load/vec4a v0x55c439a39890, 4;
    %cmpi/e 0, 0, 32;
    %jmp/0xz  T_2.6, 4;
    %vpi_call/w 3 208 "$display", "input TICK_A = %b has occured %22s%-2d times ***ERROR***", &PV<v0x55c439a14780_0, 0, 1>, "\000", &A<v0x55c439a39890, v0x55c439a14780_0 > {0 0 0};
    %load/vec4 v0x55c439a39010_0;
    %addi 1, 0, 32;
    %store/vec4 v0x55c439a39010_0, 0, 32;
    %jmp T_2.7;
T_2.6 ;
    %vpi_call/w 3 214 "$display", "input TICK_A = %b has occured %22s%-2d times", &PV<v0x55c439a14780_0, 0, 1>, "\000", &A<v0x55c439a39890, v0x55c439a14780_0 > {0 0 0};
T_2.7 ;
    ; show_stmt_assign_vector: Get l-value for compressed += operand
    %load/vec4 v0x55c439a14780_0;
    %pushi/vec4 1, 0, 32;
    %add;
    %cast2;
    %store/vec4 v0x55c439a14780_0, 0, 32;
    %jmp T_2.4;
T_2.5 ;
    %end;
    .scope S_0x55c439a17150;
t_0 %join;
    %fork t_3, S_0x55c439a35b70;
    %jmp t_2;
    .scope S_0x55c439a35b70;
t_3 ;
    %pushi/vec4 0, 0, 32;
    %store/vec4 v0x55c439a14d30_0, 0, 32;
T_2.8 ;
    %load/vec4 v0x55c439a14d30_0;
    %cmpi/u 31, 0, 32;
    %jmp/0xz T_2.9, 5;
    %load/vec4 v0x55c439a14d30_0;
    %cmpi/s 2, 0, 32;
    %jmp/1 T_2.12, 5;
    %flag_mov 8, 5;
    %load/vec4 v0x55c439a14d30_0;
    %cmpi/u 15, 0, 32;
    %flag_or 5, 4; GT is !LE
    %flag_inv 5;
    %flag_or 5, 8;
T_2.12;
    %jmp/0xz  T_2.10, 5;
    %ix/getv/s 4, v0x55c439a14d30_0;
    %load/vec4a v0x55c439a39a10, 4;
    %cmpi/u 2, 0, 32;
    %jmp/0xz  T_2.13, 5;
    %vpi_call/w 3 225 "$display", "input WE_A = %b, ADDR_A = %b has occured %9s%-2d times ***ERROR***", &PV<v0x55c439a14d30_0, 4, 1>, &PV<v0x55c439a14d30_0, 0, 4>, "\000", &A<v0x55c439a39a10, v0x55c439a14d30_0 > {0 0 0};
    %load/vec4 v0x55c439a39010_0;
    %addi 1, 0, 32;
    %store/vec4 v0x55c439a39010_0, 0, 32;
    %jmp T_2.14;
T_2.13 ;
    %vpi_call/w 3 231 "$display", "input WE_A = %b, ADDR_A = %b has occured %9s%-2d times", &PV<v0x55c439a14d30_0, 4, 1>, &PV<v0x55c439a14d30_0, 0, 4>, "\000", &A<v0x55c439a39a10, v0x55c439a14d30_0 > {0 0 0};
T_2.14 ;
T_2.10 ;
    ; show_stmt_assign_vector: Get l-value for compressed += operand
    %load/vec4 v0x55c439a14d30_0;
    %pushi/vec4 1, 0, 32;
    %add;
    %cast2;
    %store/vec4 v0x55c439a14d30_0, 0, 32;
    %jmp T_2.8;
T_2.9 ;
    %end;
    .scope S_0x55c439a17150;
t_2 %join;
    %fork t_5, S_0x55c439a35db0;
    %jmp t_4;
    .scope S_0x55c439a35db0;
t_5 ;
    %pushi/vec4 0, 0, 32;
    %store/vec4 v0x55c439a35fc0_0, 0, 32;
T_2.15 ;
    %load/vec4 v0x55c439a35fc0_0;
    %cmpi/s 2, 0, 32;
    %jmp/0xz T_2.16, 5;
    %ix/getv/s 4, v0x55c439a35fc0_0;
    %load/vec4a v0x55c439a39950, 4;
    %cmpi/e 0, 0, 32;
    %jmp/0xz  T_2.17, 4;
    %vpi_call/w 3 244 "$display", "input TICK_B = %b has occured %22s%-2d times ***ERROR***", &PV<v0x55c439a35fc0_0, 0, 1>, "\000", &A<v0x55c439a39950, v0x55c439a35fc0_0 > {0 0 0};
    %load/vec4 v0x55c439a39010_0;
    %addi 1, 0, 32;
    %store/vec4 v0x55c439a39010_0, 0, 32;
    %jmp T_2.18;
T_2.17 ;
    %vpi_call/w 3 250 "$display", "input TICK_B = %b has occured %22s%-2d times", &PV<v0x55c439a35fc0_0, 0, 1>, "\000", &A<v0x55c439a39950, v0x55c439a35fc0_0 > {0 0 0};
T_2.18 ;
    ; show_stmt_assign_vector: Get l-value for compressed += operand
    %load/vec4 v0x55c439a35fc0_0;
    %pushi/vec4 1, 0, 32;
    %add;
    %cast2;
    %store/vec4 v0x55c439a35fc0_0, 0, 32;
    %jmp T_2.15;
T_2.16 ;
    %end;
    .scope S_0x55c439a17150;
t_4 %join;
    %fork t_7, S_0x55c439a360a0;
    %jmp t_6;
    .scope S_0x55c439a360a0;
t_7 ;
    %pushi/vec4 0, 0, 32;
    %store/vec4 v0x55c439a36280_0, 0, 32;
T_2.19 ;
    %load/vec4 v0x55c439a36280_0;
    %cmpi/u 31, 0, 32;
    %jmp/0xz T_2.20, 5;
    %load/vec4 v0x55c439a36280_0;
    %cmpi/s 2, 0, 32;
    %jmp/1 T_2.23, 5;
    %flag_mov 8, 5;
    %load/vec4 v0x55c439a36280_0;
    %cmpi/u 15, 0, 32;
    %flag_or 5, 4; GT is !LE
    %flag_inv 5;
    %flag_or 5, 8;
T_2.23;
    %jmp/0xz  T_2.21, 5;
    %ix/getv/s 4, v0x55c439a36280_0;
    %load/vec4a v0x55c439a39ad0, 4;
    %cmpi/u 2, 0, 32;
    %jmp/0xz  T_2.24, 5;
    %vpi_call/w 3 261 "$display", "input WE_B = %b, ADDR_B = %b has occured %9s%-2d times ***ERROR***", &PV<v0x55c439a36280_0, 4, 1>, &PV<v0x55c439a36280_0, 0, 4>, "\000", &A<v0x55c439a39ad0, v0x55c439a36280_0 > {0 0 0};
    %load/vec4 v0x55c439a39010_0;
    %addi 1, 0, 32;
    %store/vec4 v0x55c439a39010_0, 0, 32;
    %jmp T_2.25;
T_2.24 ;
    %vpi_call/w 3 267 "$display", "input WE_B = %b, ADDR_B = %b has occured %9s%-2d times", &PV<v0x55c439a36280_0, 4, 1>, &PV<v0x55c439a36280_0, 0, 4>, "\000", &A<v0x55c439a39ad0, v0x55c439a36280_0 > {0 0 0};
T_2.25 ;
T_2.21 ;
    ; show_stmt_assign_vector: Get l-value for compressed += operand
    %load/vec4 v0x55c439a36280_0;
    %pushi/vec4 1, 0, 32;
    %add;
    %cast2;
    %store/vec4 v0x55c439a36280_0, 0, 32;
    %jmp T_2.19;
T_2.20 ;
    %end;
    .scope S_0x55c439a17150;
t_6 %join;
    %vpi_call/w 3 278 "$display" {0 0 0};
    %vpi_call/w 3 279 "$display", "VECTORCOUNT = %d", v0x55c439a394f0_0 {0 0 0};
    %vpi_call/w 3 280 "$display", "ERRORS = %15d", v0x55c439a39010_0 {0 0 0};
    %vpi_call/w 3 281 "$display" {0 0 0};
    %vpi_call/w 3 282 "$display", "TEST_END--------------------------------------------------------------------------------------------------------------------------" {0 0 0};
    %vpi_call/w 3 283 "$display" {0 0 0};
    %vpi_call/w 3 285 "$finish" {0 0 0};
    %end;
S_0x55c439a172e0 .scope begin, "$ivl_for_loop0" "$ivl_for_loop0" 3 205, 3 205 0, S_0x55c439a17150;
 .timescale -9 -11;
v0x55c439a14780_0 .var/2s "j", 31 0;
S_0x55c439a35b70 .scope begin, "$ivl_for_loop1" "$ivl_for_loop1" 3 220, 3 220 0, S_0x55c439a17150;
 .timescale -9 -11;
v0x55c439a14d30_0 .var/2s "j", 31 0;
S_0x55c439a35db0 .scope begin, "$ivl_for_loop2" "$ivl_for_loop2" 3 241, 3 241 0, S_0x55c439a17150;
 .timescale -9 -11;
v0x55c439a35fc0_0 .var/2s "j", 31 0;
S_0x55c439a360a0 .scope begin, "$ivl_for_loop3" "$ivl_for_loop3" 3 256, 3 256 0, S_0x55c439a17150;
 .timescale -9 -11;
v0x55c439a36280_0 .var/2s "j", 31 0;
S_0x55c439a36380 .scope task, "display_file_A" "display_file_A" 3 303, 3 303 0, S_0x55c4399f2830;
 .timescale -9 -11;
TD_tb_dual_port_ram_asynchronous.display_file_A ;
    %vpi_call/w 3 305 "$display", "_____________________________________________________________________________________________________" {0 0 0};
    %vpi_call/w 3 306 "$display", "%10d %9s | %4d | %3b    | %2b   | %5b  | %5c     | %5c      | %10c          |", v0x55c439a394f0_0, v0x55c439a38940_0, $time, v0x55c439a39350_0, v0x55c439a39590_0, v0x55c439a38790_0, v0x55c439a38af0_0, v0x55c439a38cd0_0, v0x55c439a38da0_0 {0 0 0};
    %vpi_call/w 3 307 "$display", "-----------------------------------------------------------------------------------------------------" {0 0 0};
    %end;
S_0x55c439a36560 .scope task, "display_file_B" "display_file_B" 3 313, 3 313 0, S_0x55c4399f2830;
 .timescale -9 -11;
TD_tb_dual_port_ram_asynchronous.display_file_B ;
    %vpi_call/w 3 316 "$display", "%100s__________________________________________________________________________", "\000" {0 0 0};
    %vpi_call/w 3 317 "$display", "%10d %9s | %4d |%70s | %3b    | %2b   | %5b  | %5c     | %5c      | %10c          |", v0x55c439a394f0_0, v0x55c439a38940_0, $time, "\000", v0x55c439a39420_0, v0x55c439a39660_0, v0x55c439a38870_0, v0x55c439a38c00_0, v0x55c439a38e60_0, v0x55c439a38f50_0 {0 0 0};
    %vpi_call/w 3 318 "$display", "%100s--------------------------------------------------------------------------", "\000" {0 0 0};
    %end;
S_0x55c439a36790 .scope module, "dut_dual_port_ram_asynchronous" "dual_port_ram_asynchronous" 3 33, 4 1 0, S_0x55c4399f2830;
 .timescale -9 -11;
    .port_info 0 /INPUT 1 "clk_a";
    .port_info 1 /INPUT 1 "we_a";
    .port_info 2 /INPUT 4 "addr_a";
    .port_info 3 /INPUT 8 "data_in_a";
    .port_info 4 /OUTPUT 8 "data_out_a";
    .port_info 5 /INPUT 1 "clk_b";
    .port_info 6 /INPUT 1 "we_b";
    .port_info 7 /INPUT 4 "addr_b";
    .port_info 8 /INPUT 8 "data_in_b";
    .port_info 9 /OUTPUT 8 "data_out_b";
P_0x55c439a36970 .param/l "ADDR_WIDTH" 0 4 15, +C4<00000000000000000000000000000100>;
P_0x55c439a369b0 .param/l "DATA_WIDTH" 0 4 15, +C4<00000000000000000000000000001000>;
P_0x55c439a369f0 .param/l "MEM_DEPTH" 0 4 15, +C4<00000000000000000000000000010000>;
v0x55c439a36cf0_0 .net "addr_a", 3 0, v0x55c439a38790_0;  1 drivers
v0x55c439a36df0_0 .net "addr_b", 3 0, v0x55c439a38870_0;  1 drivers
v0x55c439a36ed0_0 .net "clk_a", 0 0, v0x55c439a39350_0;  1 drivers
v0x55c439a36fa0_0 .net "clk_b", 0 0, v0x55c439a39420_0;  1 drivers
v0x55c439a37060_0 .net "data_in_a", 7 0, v0x55c439a38af0_0;  1 drivers
v0x55c439a37190_0 .net "data_in_b", 7 0, v0x55c439a38c00_0;  1 drivers
v0x55c439a37270_0 .var "data_out_a", 7 0;
v0x55c439a37350_0 .var "data_out_b", 7 0;
v0x55c439a37430 .array "mem", 0 15, 7 0;
v0x55c439a374f0_0 .net "we_a", 0 0, v0x55c439a39590_0;  1 drivers
v0x55c439a375b0_0 .net "we_b", 0 0, v0x55c439a39660_0;  1 drivers
E_0x55c4399f2f60 .event posedge, v0x55c439a36fa0_0;
E_0x55c4399f43d0 .event posedge, v0x55c439a36ed0_0;
S_0x55c439a37810 .scope task, "errors_warnings_check_A" "errors_warnings_check_A" 3 338, 3 338 0, S_0x55c4399f2830;
 .timescale -9 -11;
TD_tb_dual_port_ram_asynchronous.errors_warnings_check_A ;
    %load/vec4 v0x55c439a38cd0_0;
    %load/vec4 v0x55c439a38da0_0;
    %cmp/ne;
    %jmp/0xz  T_5.26, 6;
    %vpi_call/w 3 343 "$display", "***ERROR: DATA_OUT_A = %b, DATA_OUT_A_expected = %b", v0x55c439a38cd0_0, v0x55c439a38da0_0 {0 0 0};
    %load/vec4 v0x55c439a39010_0;
    %addi 1, 0, 32;
    %store/vec4 v0x55c439a39010_0, 0, 32;
T_5.26 ;
    %load/vec4 v0x55c439a39590_0;
    %load/vec4 v0x55c439a38790_0;
    %concat/vec4; draw_concat_vec4
    %load/vec4 v0x55c439a39b90_0;
    %cmp/ne;
    %flag_get/vec4 6;
    %jmp/0 T_5.30, 6;
    %load/vec4 v0x55c439a39350_0;
    %and;
T_5.30;
    %flag_set/vec4 8;
    %jmp/0xz  T_5.28, 8;
    %vpi_call/w 3 350 "$display", "***ERROR: INPUT_A - RACING CONDITION OCCUR" {0 0 0};
    %load/vec4 v0x55c439a39010_0;
    %addi 1, 0, 32;
    %store/vec4 v0x55c439a39010_0, 0, 32;
T_5.28 ;
    %end;
S_0x55c439a379a0 .scope task, "errors_warnings_check_B" "errors_warnings_check_B" 3 358, 3 358 0, S_0x55c4399f2830;
 .timescale -9 -11;
TD_tb_dual_port_ram_asynchronous.errors_warnings_check_B ;
    %load/vec4 v0x55c439a38e60_0;
    %load/vec4 v0x55c439a38f50_0;
    %cmp/ne;
    %jmp/0xz  T_6.31, 6;
    %vpi_call/w 3 362 "$display", "***ERROR: DATA_OUT_B = %b, DATA_OUT_B_expected = %b", v0x55c439a38e60_0, v0x55c439a38f50_0 {0 0 0};
    %load/vec4 v0x55c439a39010_0;
    %addi 1, 0, 32;
    %store/vec4 v0x55c439a39010_0, 0, 32;
T_6.31 ;
    %load/vec4 v0x55c439a39660_0;
    %load/vec4 v0x55c439a38870_0;
    %concat/vec4; draw_concat_vec4
    %load/vec4 v0x55c439a39c70_0;
    %cmp/ne;
    %flag_get/vec4 6;
    %jmp/0 T_6.35, 6;
    %load/vec4 v0x55c439a39420_0;
    %and;
T_6.35;
    %flag_set/vec4 8;
    %jmp/0xz  T_6.33, 8;
    %vpi_call/w 3 369 "$display", "***ERROR: INPUT_B - RACING CONDITION OCCUR" {0 0 0};
    %load/vec4 v0x55c439a39010_0;
    %addi 1, 0, 32;
    %store/vec4 v0x55c439a39010_0, 0, 32;
T_6.33 ;
    %end;
S_0x55c439a37b80 .scope task, "in_coverage_update" "in_coverage_update" 3 325, 3 325 0, S_0x55c4399f2830;
 .timescale -9 -11;
TD_tb_dual_port_ram_asynchronous.in_coverage_update ;
    ; show_stmt_assign_vector: Get l-value for compressed += operand
    %load/vec4 v0x55c439a39350_0;
    %pad/u 3;
    %ix/vec4 4;
    %flag_mov 8, 4;
    %load/vec4a v0x55c439a39890, 4;
    %pushi/vec4 1, 0, 32;
    %add;
    %flag_mov 4, 8;
    %store/vec4a v0x55c439a39890, 4, 0;
    ; show_stmt_assign_vector: Get l-value for compressed += operand
    %load/vec4 v0x55c439a39420_0;
    %pad/u 3;
    %ix/vec4 4;
    %flag_mov 8, 4;
    %load/vec4a v0x55c439a39950, 4;
    %pushi/vec4 1, 0, 32;
    %add;
    %flag_mov 4, 8;
    %store/vec4a v0x55c439a39950, 4, 0;
    ; show_stmt_assign_vector: Get l-value for compressed += operand
    %load/vec4 v0x55c439a39590_0;
    %load/vec4 v0x55c439a38790_0;
    %concat/vec4; draw_concat_vec4
    %pad/u 7;
    %ix/vec4 4;
    %flag_mov 8, 4;
    %load/vec4a v0x55c439a39a10, 4;
    %pushi/vec4 1, 0, 32;
    %add;
    %flag_mov 4, 8;
    %store/vec4a v0x55c439a39a10, 4, 0;
    ; show_stmt_assign_vector: Get l-value for compressed += operand
    %load/vec4 v0x55c439a39660_0;
    %load/vec4 v0x55c439a38870_0;
    %concat/vec4; draw_concat_vec4
    %pad/u 7;
    %ix/vec4 4;
    %flag_mov 8, 4;
    %load/vec4a v0x55c439a39ad0, 4;
    %pushi/vec4 1, 0, 32;
    %add;
    %flag_mov 4, 8;
    %store/vec4a v0x55c439a39ad0, 4, 0;
    %end;
S_0x55c439a37d60 .scope task, "initialize" "initialize" 3 66, 3 66 0, S_0x55c4399f2830;
 .timescale -9 -11;
TD_tb_dual_port_ram_asynchronous.initialize ;
    %vpi_func 3 68 "$fopen" 32, "tb_dual_port_ram_asynchronous.tv", "r" {0 0 0};
    %store/vec4 v0x55c439a390f0_0, 0, 32;
    %vpi_func 3 69 "$fscanf" 32, v0x55c439a390f0_0, "%s", v0x55c439a38940_0 {0 0 0};
    %store/vec4 v0x55c439a38a10_0, 0, 32;
    %vpi_func 3 71 "$fscanf" 32, v0x55c439a390f0_0, "%s %b %b %s %b %b %s ", v0x55c439a38940_0, v0x55c439a39590_0, v0x55c439a38790_0, v0x55c439a38af0_0, v0x55c439a39660_0, v0x55c439a38870_0, v0x55c439a38c00_0 {0 0 0};
    %store/vec4 v0x55c439a38a10_0, 0, 32;
    %pushi/vec4 0, 0, 1;
    %store/vec4 v0x55c439a39290_0, 0, 1;
    %pushi/vec4 0, 0, 1;
    %store/vec4 v0x55c439a39350_0, 0, 1;
    %pushi/vec4 0, 0, 1;
    %store/vec4 v0x55c439a39420_0, 0, 1;
    %pushi/vec4 0, 0, 32;
    %store/vec4 v0x55c439a394f0_0, 0, 32;
    %pushi/vec4 0, 0, 32;
    %store/vec4 v0x55c439a39010_0, 0, 32;
    %pushi/vec4 0, 0, 32;
    %store/vec4 v0x55c439a397d0_0, 0, 32;
T_8.36 ;
    %load/vec4 v0x55c439a397d0_0;
    %cmpi/s 2, 0, 32;
    %jmp/0xz T_8.37, 5;
    %pushi/vec4 0, 0, 32;
    %ix/getv/s 4, v0x55c439a397d0_0;
    %store/vec4a v0x55c439a39890, 4, 0;
    %pushi/vec4 0, 0, 32;
    %ix/getv/s 4, v0x55c439a397d0_0;
    %store/vec4a v0x55c439a39950, 4, 0;
    ; show_stmt_assign_vector: Get l-value for compressed += operand
    %load/vec4 v0x55c439a397d0_0;
    %pushi/vec4 1, 0, 32;
    %add;
    %cast2;
    %store/vec4 v0x55c439a397d0_0, 0, 32;
    %jmp T_8.36;
T_8.37 ;
    %pushi/vec4 0, 0, 32;
    %store/vec4 v0x55c439a397d0_0, 0, 32;
T_8.38 ;
    %load/vec4 v0x55c439a397d0_0;
    %cmpi/u 31, 0, 32;
    %flag_or 5, 4;
    %jmp/0xz T_8.39, 5;
    %load/vec4 v0x55c439a397d0_0;
    %cmpi/s 2, 0, 32;
    %jmp/1 T_8.42, 5;
    %flag_mov 8, 5;
    %load/vec4 v0x55c439a397d0_0;
    %cmpi/u 15, 0, 32;
    %flag_or 5, 4; GT is !LE
    %flag_inv 5;
    %flag_or 5, 8;
T_8.42;
    %jmp/0xz  T_8.40, 5;
    %pushi/vec4 0, 0, 32;
    %ix/getv/s 4, v0x55c439a397d0_0;
    %store/vec4a v0x55c439a39a10, 4, 0;
T_8.40 ;
    ; show_stmt_assign_vector: Get l-value for compressed += operand
    %load/vec4 v0x55c439a397d0_0;
    %pushi/vec4 1, 0, 32;
    %add;
    %cast2;
    %store/vec4 v0x55c439a397d0_0, 0, 32;
    %jmp T_8.38;
T_8.39 ;
    %pushi/vec4 0, 0, 32;
    %store/vec4 v0x55c439a397d0_0, 0, 32;
T_8.43 ;
    %load/vec4 v0x55c439a397d0_0;
    %cmpi/u 31, 0, 32;
    %flag_or 5, 4;
    %jmp/0xz T_8.44, 5;
    %load/vec4 v0x55c439a397d0_0;
    %cmpi/s 2, 0, 32;
    %jmp/1 T_8.47, 5;
    %flag_mov 8, 5;
    %load/vec4 v0x55c439a397d0_0;
    %cmpi/u 15, 0, 32;
    %flag_or 5, 4; GT is !LE
    %flag_inv 5;
    %flag_or 5, 8;
T_8.47;
    %jmp/0xz  T_8.45, 5;
    %pushi/vec4 0, 0, 32;
    %ix/getv/s 4, v0x55c439a397d0_0;
    %store/vec4a v0x55c439a39ad0, 4, 0;
T_8.45 ;
    ; show_stmt_assign_vector: Get l-value for compressed += operand
    %load/vec4 v0x55c439a397d0_0;
    %pushi/vec4 1, 0, 32;
    %add;
    %cast2;
    %store/vec4 v0x55c439a397d0_0, 0, 32;
    %jmp T_8.43;
T_8.44 ;
    %pushi/vec4 0, 0, 1;
    %store/vec4 v0x55c439a39730_0, 0, 1;
    %vpi_call/w 3 99 "$display" {0 0 0};
    %vpi_call/w 3 100 "$display", "TEST_START--------------------------------------------------------------------------------------------------------------------------------------------------------------------" {0 0 0};
    %vpi_call/w 3 101 "$display" {0 0 0};
    %vpi_call/w 3 102 "$display", "                     | TIME | TICK_A | WE_A | ADDR_A | DATA_IN_A | DATA_OUT_A | DATA_OUT_A_EXPECTED | TICK_B | WE_B | ADDR_B | DATA_IN_B | DATA_OUT_B | DATA_OUT_B_EXPECTED |" {0 0 0};
    %vpi_call/w 3 103 "$display", "------------------------------------------------------------------------------------------------------------------------------------------------------------------------------" {0 0 0};
    %delay 1000, 0;
    %pushi/vec4 0, 0, 1;
    %force/vec4 v0x55c439a39350_0;
    %delay 2000, 0;
    %release/reg v0x55c439a39350_0, 0, 1;
    %end;
S_0x55c439a37ef0 .scope task, "random_in" "random_in" 3 126, 3 126 0, S_0x55c4399f2830;
 .timescale -9 -11;
TD_tb_dual_port_ram_asynchronous.random_in ;
    %fork t_9, S_0x55c439a380d0;
    %jmp t_8;
    .scope S_0x55c439a380d0;
t_9 ;
    %vpi_func 3 129 "$urandom" 32 {0 0 0};
    %pushi/vec4 2, 0, 32;
    %mod;
    %pad/u 1;
    %store/vec4 v0x55c439a39590_0, 0, 1;
    %load/vec4 v0x55c439a39590_0;
    %pad/u 32;
    %cmpi/e 0, 0, 32;
    %flag_mov 8, 4;
    %jmp/0 T_9.48, 8;
    %vpi_func 3 130 "$urandom" 32 {0 0 0};
    %pushi/vec4 2, 0, 32;
    %mod;
    %jmp/1 T_9.49, 8;
T_9.48 ; End of true expr.
    %vpi_func 3 130 "$urandom" 32 {0 0 0};
    %pushi/vec4 16, 0, 32;
    %mod;
    %jmp/0 T_9.49, 8;
 ; End of false expr.
    %blend;
T_9.49;
    %pad/u 4;
    %store/vec4 v0x55c439a38790_0, 0, 4;
    %vpi_func 3 131 "$urandom_range" 32, 32'sb00000000000000000000000000100000, 32'sb00000000000000000000000001111110 {0 0 0};
    %pad/u 8;
    %store/vec4 v0x55c439a38af0_0, 0, 8;
    %vpi_func 3 133 "$urandom" 32 {0 0 0};
    %pushi/vec4 2, 0, 32;
    %mod;
    %pad/u 1;
    %store/vec4 v0x55c439a39660_0, 0, 1;
    %load/vec4 v0x55c439a39660_0;
    %pad/u 32;
    %cmpi/e 0, 0, 32;
    %flag_mov 8, 4;
    %jmp/0 T_9.50, 8;
    %vpi_func 3 134 "$urandom" 32 {0 0 0};
    %pushi/vec4 2, 0, 32;
    %mod;
    %jmp/1 T_9.51, 8;
T_9.50 ; End of true expr.
    %vpi_func 3 134 "$urandom" 32 {0 0 0};
    %pushi/vec4 16, 0, 32;
    %mod;
    %jmp/0 T_9.51, 8;
 ; End of false expr.
    %blend;
T_9.51;
    %pad/u 8;
    %store/vec4 v0x55c439a382d0_0, 0, 8;
    %vpi_func 3 135 "$urandom_range" 32, 32'sb00000000000000000000000000100000, 32'sb00000000000000000000000001111110 {0 0 0};
    %pad/u 8;
    %store/vec4 v0x55c439a38c00_0, 0, 8;
    %load/vec4 v0x55c439a382d0_0;
    %load/vec4 v0x55c439a38790_0;
    %pad/u 8;
    %cmp/e;
    %jmp/0xz  T_9.52, 4;
    %vpi_func 3 138 "$urandom" 32 {0 0 0};
    %pushi/vec4 2, 0, 32;
    %mod;
    %cmpi/ne 0, 0, 32;
    %jmp/0xz  T_9.54, 4;
    %load/vec4 v0x55c439a382d0_0;
    %pad/u 32;
    %cmpi/e 15, 0, 32;
    %flag_mov 8, 4;
    %jmp/0 T_9.56, 8;
    %load/vec4 v0x55c439a382d0_0;
    %subi 1, 0, 8;
    %jmp/1 T_9.57, 8;
T_9.56 ; End of true expr.
    %load/vec4 v0x55c439a382d0_0;
    %addi 1, 0, 8;
    %jmp/0 T_9.57, 8;
 ; End of false expr.
    %blend;
T_9.57;
    %pad/u 4;
    %store/vec4 v0x55c439a38870_0, 0, 4;
    %jmp T_9.55;
T_9.54 ;
    %load/vec4 v0x55c439a382d0_0;
    %pad/u 32;
    %cmpi/e 0, 0, 32;
    %flag_mov 8, 4;
    %jmp/0 T_9.58, 8;
    %load/vec4 v0x55c439a382d0_0;
    %addi 1, 0, 8;
    %jmp/1 T_9.59, 8;
T_9.58 ; End of true expr.
    %load/vec4 v0x55c439a382d0_0;
    %subi 1, 0, 8;
    %jmp/0 T_9.59, 8;
 ; End of false expr.
    %blend;
T_9.59;
    %pad/u 4;
    %store/vec4 v0x55c439a38870_0, 0, 4;
T_9.55 ;
    %jmp T_9.53;
T_9.52 ;
    %load/vec4 v0x55c439a382d0_0;
    %pad/u 4;
    %store/vec4 v0x55c439a38870_0, 0, 4;
T_9.53 ;
    %pushi/vec4 0, 0, 32; draw_string_vec4
    %pushi/vec4 0, 0, 32; draw_string_vec4
    %concat/vec4; draw_string_vec4
    %pushi/vec4 0, 0, 32; draw_string_vec4
    %concat/vec4; draw_string_vec4
    %pushi/vec4 0, 0, 32; draw_string_vec4
    %concat/vec4; draw_string_vec4
    %pushi/vec4 0, 0, 32; draw_string_vec4
    %concat/vec4; draw_string_vec4
    %pushi/vec4 0, 0, 32; draw_string_vec4
    %concat/vec4; draw_string_vec4
    %pushi/vec4 0, 0, 32; draw_string_vec4
    %concat/vec4; draw_string_vec4
    %pushi/vec4 45, 0, 24; draw_string_vec4
    %concat/vec4; draw_string_vec4
    %store/vec4 v0x55c439a38940_0, 0, 248;
    %pushi/real 1717986918, 4062; load=0.100000
    %pushi/real 1677722, 4040; load=0.100000
    %add/wr;
    %vpi_func 3 151 "$urandom_range" 32, W<0,r>, 32'sb00000000000000000000000000001010 {0 1 0};
    %pad/u 64;
    %muli 100, 0, 64;
    %ix/vec4 4;
    %delayx 4;
    %end;
    .scope S_0x55c439a37ef0;
t_8 %join;
    %end;
S_0x55c439a380d0 .scope begin, "$unm_blk_12" "$unm_blk_12" 3 126, 3 126 0, S_0x55c439a37ef0;
 .timescale -9 -11;
v0x55c439a382d0_0 .var "temp", 7 0;
S_0x55c439a383d0 .scope task, "scan_file" "scan_file" 3 116, 3 116 0, S_0x55c4399f2830;
 .timescale -9 -11;
TD_tb_dual_port_ram_asynchronous.scan_file ;
    %vpi_func 3 118 "$fscanf" 32, v0x55c439a390f0_0, "%s %b %b %s %b %b %s", v0x55c439a38940_0, v0x55c439a39590_0, v0x55c439a38790_0, v0x55c439a38af0_0, v0x55c439a39660_0, v0x55c439a38870_0, v0x55c439a38c00_0 {0 0 0};
    %store/vec4 v0x55c439a38a10_0, 0, 32;
    %load/vec4 v0x55c439a38a10_0;
    %pushi/vec4 4294967295, 0, 32;
    %cmp/e;
    %flag_get/vec4 4;
    %store/vec4 v0x55c439a39730_0, 0, 1;
    %end;
S_0x55c439a385b0 .scope task, "vectorcount" "vectorcount" 3 293, 3 293 0, S_0x55c4399f2830;
 .timescale -9 -11;
TD_tb_dual_port_ram_asynchronous.vectorcount ;
    %load/vec4 v0x55c439a394f0_0;
    %addi 1, 0, 32;
    %store/vec4 v0x55c439a394f0_0, 0, 32;
    %end;
    .scope S_0x55c439a36790;
T_12 ;
    %wait E_0x55c4399f43d0;
    %load/vec4 v0x55c439a374f0_0;
    %flag_set/vec4 8;
    %jmp/0xz  T_12.0, 8;
    %load/vec4 v0x55c439a37060_0;
    %load/vec4 v0x55c439a36cf0_0;
    %pad/u 6;
    %ix/vec4 3;
    %ix/load 4, 0, 0; Constant delay
    %assign/vec4/a/d v0x55c439a37430, 0, 4;
    %load/vec4 v0x55c439a36cf0_0;
    %pad/u 6;
    %ix/vec4 4;
    %load/vec4a v0x55c439a37430, 4;
    %assign/vec4 v0x55c439a37270_0, 0;
    %jmp T_12.1;
T_12.0 ;
    %load/vec4 v0x55c439a36cf0_0;
    %pad/u 6;
    %ix/vec4 4;
    %load/vec4a v0x55c439a37430, 4;
    %assign/vec4 v0x55c439a37270_0, 0;
T_12.1 ;
    %jmp T_12;
    .thread T_12;
    .scope S_0x55c439a36790;
T_13 ;
    %wait E_0x55c4399f2f60;
    %load/vec4 v0x55c439a375b0_0;
    %flag_set/vec4 8;
    %jmp/0xz  T_13.0, 8;
    %load/vec4 v0x55c439a37190_0;
    %load/vec4 v0x55c439a36df0_0;
    %pad/u 6;
    %ix/vec4 3;
    %ix/load 4, 0, 0; Constant delay
    %assign/vec4/a/d v0x55c439a37430, 0, 4;
    %load/vec4 v0x55c439a36df0_0;
    %pad/u 6;
    %ix/vec4 4;
    %load/vec4a v0x55c439a37430, 4;
    %assign/vec4 v0x55c439a37350_0, 0;
    %jmp T_13.1;
T_13.0 ;
    %load/vec4 v0x55c439a36df0_0;
    %pad/u 6;
    %ix/vec4 4;
    %load/vec4a v0x55c439a37430, 4;
    %assign/vec4 v0x55c439a37350_0, 0;
T_13.1 ;
    %jmp T_13;
    .thread T_13;
    .scope S_0x55c4399f2830;
T_14 ;
    %vpi_call/w 3 40 "$dumpfile", "tb_dual_port_ram_asynchronous.vcd" {0 0 0};
    %vpi_call/w 3 41 "$dumpvars", 32'sb00000000000000000000000000000000, S_0x55c4399f2830 {0 0 0};
    %end;
    .thread T_14;
    .scope S_0x55c4399f2830;
T_15 ;
    %delay 1000, 0;
    %load/vec4 v0x55c439a39290_0;
    %inv;
    %assign/vec4 v0x55c439a39290_0, 0;
    %jmp T_15;
    .thread T_15;
    .scope S_0x55c4399f2830;
T_16 ;
    %delay 1000, 0;
    %load/vec4 v0x55c439a39350_0;
    %inv;
    %assign/vec4 v0x55c439a39350_0, 0;
    %jmp T_16;
    .thread T_16;
    .scope S_0x55c4399f2830;
T_17 ;
    %delay 2000, 0;
    %load/vec4 v0x55c439a39420_0;
    %inv;
    %assign/vec4 v0x55c439a39420_0, 0;
    %jmp T_17;
    .thread T_17;
    .scope S_0x55c4399f2830;
T_18 ;
    %fork TD_tb_dual_port_ram_asynchronous.initialize, S_0x55c439a37d60;
    %join;
    %end;
    .thread T_18;
    .scope S_0x55c4399f2830;
T_19 ;
    %wait E_0x55c4399f5f40;
    %delay 990, 0;
    %load/vec4 v0x55c439a39730_0;
    %nor/r;
    %flag_set/vec4 8;
    %jmp/0xz  T_19.0, 8;
    %fork TD_tb_dual_port_ram_asynchronous.scan_file, S_0x55c439a383d0;
    %join;
T_19.0 ;
    %jmp T_19;
    .thread T_19;
    .scope S_0x55c4399f2830;
T_20 ;
    %wait E_0x55c4399f43d0;
    %load/vec4 v0x55c439a39590_0;
    %load/vec4 v0x55c439a38790_0;
    %concat/vec4; draw_concat_vec4
    %store/vec4 v0x55c439a39b90_0, 0, 5;
    %fork TD_tb_dual_port_ram_asynchronous.in_coverage_update, S_0x55c439a37b80;
    %join;
    %fork TD_tb_dual_port_ram_asynchronous.OUT_EXP_A, S_0x55c43998d490;
    %join;
    %delay 10, 0;
    %fork TD_tb_dual_port_ram_asynchronous.display_file_A, S_0x55c439a36380;
    %join;
    %fork TD_tb_dual_port_ram_asynchronous.errors_warnings_check_A, S_0x55c439a37810;
    %join;
    %fork TD_tb_dual_port_ram_asynchronous.vectorcount, S_0x55c439a385b0;
    %join;
    %jmp T_20;
    .thread T_20;
    .scope S_0x55c4399f2830;
T_21 ;
    %wait E_0x55c4399f2f60;
    %load/vec4 v0x55c439a39660_0;
    %load/vec4 v0x55c439a38870_0;
    %concat/vec4; draw_concat_vec4
    %store/vec4 v0x55c439a39c70_0, 0, 5;
    %fork TD_tb_dual_port_ram_asynchronous.in_coverage_update, S_0x55c439a37b80;
    %join;
    %fork TD_tb_dual_port_ram_asynchronous.OUT_EXP_B, S_0x55c43998d670;
    %join;
    %delay 10, 0;
    %fork TD_tb_dual_port_ram_asynchronous.display_file_B, S_0x55c439a36560;
    %join;
    %fork TD_tb_dual_port_ram_asynchronous.errors_warnings_check_B, S_0x55c439a379a0;
    %join;
    %fork TD_tb_dual_port_ram_asynchronous.vectorcount, S_0x55c439a385b0;
    %join;
    %jmp T_21;
    .thread T_21;
    .scope S_0x55c4399f2830;
T_22 ;
T_22.0 ;
    %load/vec4 v0x55c439a39730_0;
    %cmpi/ne 1, 0, 1;
    %jmp/0xz T_22.1, 6;
    %wait E_0x55c4399f53f0;
    %jmp T_22.0;
T_22.1 ;
    %vpi_call/w 3 439 "$display" {0 0 0};
    %vpi_call/w 3 440 "$display", "%13s ***time = %0d,eof ***", "\000", $time {0 0 0};
    %vpi_call/w 3 441 "$display" {0 0 0};
    %pushi/vec4 0, 0, 32;
    %store/vec4 v0x55c439a397d0_0, 0, 32;
T_22.2 ;
    %load/vec4 v0x55c439a397d0_0;
    %cmpi/s 50, 0, 32;
    %jmp/0xz T_22.3, 5;
    %load/vec4 v0x55c439a39350_0;
    %cmpi/e 1, 0, 1;
    %flag_get/vec4 4;
    %jmp/0 T_22.8, 4;
    %load/vec4 v0x55c439a39590_0;
    %pushi/vec4 0, 0, 1;
    %cmp/e;
    %flag_get/vec4 4;
    %and;
T_22.8;
    %flag_set/vec4 9;
    %flag_get/vec4 9;
    %jmp/0 T_22.7, 9;
    %load/vec4 v0x55c439a38790_0;
    %pad/u 5;
    %pushi/vec4 16, 0, 5;
    %cmp/e;
    %flag_get/vec4 4;
    %and;
T_22.7;
    %flag_set/vec4 8;
    %jmp/1 T_22.6, 8;
    %load/vec4 v0x55c439a39420_0;
    %cmpi/e 1, 0, 1;
    %flag_get/vec4 4;
    %jmp/0 T_22.10, 4;
    %load/vec4 v0x55c439a39660_0;
    %pushi/vec4 0, 0, 1;
    %cmp/e;
    %flag_get/vec4 4;
    %and;
T_22.10;
    %flag_set/vec4 10;
    %flag_get/vec4 10;
    %jmp/0 T_22.9, 10;
    %load/vec4 v0x55c439a38870_0;
    %pad/u 5;
    %pushi/vec4 16, 0, 5;
    %cmp/e;
    %flag_get/vec4 4;
    %and;
T_22.9;
    %flag_set/vec4 9;
    %flag_or 8, 9;
T_22.6;
    %jmp/0xz  T_22.4, 8;
    %fork TD_tb_dual_port_ram_asynchronous.vectorcount, S_0x55c439a385b0;
    %join;
    %fork TD_tb_dual_port_ram_asynchronous.close, S_0x55c439a17150;
    %join;
    %jmp T_22.5;
T_22.4 ;
    %fork TD_tb_dual_port_ram_asynchronous.random_in, S_0x55c439a37ef0;
    %join;
T_22.5 ;
    ; show_stmt_assign_vector: Get l-value for compressed += operand
    %load/vec4 v0x55c439a397d0_0;
    %pushi/vec4 1, 0, 32;
    %add;
    %cast2;
    %store/vec4 v0x55c439a397d0_0, 0, 32;
    %jmp T_22.2;
T_22.3 ;
    %fork TD_tb_dual_port_ram_asynchronous.close, S_0x55c439a17150;
    %join;
    %end;
    .thread T_22;
# The file index is used to find the file name in the following table.
:file_names 5;
    "N/A";
    "<interactive>";
    "-";
    "tb_dual_port_ram_asynchronous.v";
    "dual_port_ram_asynchronous.v";
