#! /usr/bin/vvp
:ivl_version "12.0 (stable)";
:ivl_delay_selection "TYPICAL";
:vpi_time_precision - 11;
:vpi_module "/usr/lib/x86_64-linux-gnu/ivl/system.vpi";
:vpi_module "/usr/lib/x86_64-linux-gnu/ivl/vhdl_sys.vpi";
:vpi_module "/usr/lib/x86_64-linux-gnu/ivl/vhdl_textio.vpi";
:vpi_module "/usr/lib/x86_64-linux-gnu/ivl/v2005_math.vpi";
:vpi_module "/usr/lib/x86_64-linux-gnu/ivl/va_math.vpi";
:vpi_module "/usr/lib/x86_64-linux-gnu/ivl/v2009.vpi";
S_0x5d118b56b9e0 .scope package, "$unit" "$unit" 2 1;
 .timescale 0 0;
S_0x5d118b566eb0 .scope module, "tb_jkff_pulse_triggered" "tb_jkff_pulse_triggered" 3 3;
 .timescale -9 -11;
P_0x5d118b4f9680 .param/l "TICKPERIOD" 1 3 52, +C4<00000000000000000000000000010100>;
v0x5d118b5933c0_0 .var "COMMENT", 71 0;
v0x5d118b5934c0_0 .var "COMMENT1", 71 0;
v0x5d118b5935a0_0 .var "COMMENT2", 71 0;
v0x5d118b593660_0 .var/i "COUNT", 31 0;
v0x5d118b593740_0 .var "ERRORS", 31 0;
v0x5d118b593870_0 .var/i "FD", 31 0;
v0x5d118b593950_0 .var "J", 0 0;
v0x5d118b5939f0_0 .var "K", 0 0;
v0x5d118b593a90_0 .var "QBAREXPECTED", 0 0;
v0x5d118b593b50_0 .net "QBAR_beh", 0 0, L_0x5d118b5976d0;  1 drivers
v0x5d118b593bf0_0 .net "QBAR_data", 0 0, L_0x5d118b5974c0;  1 drivers
v0x5d118b593c90_0 .net "QBAR_gate", 0 0, L_0x5d118b5956b0;  1 drivers
v0x5d118b593d30_0 .var "QEXPECTED", 0 0;
v0x5d118b593dd0_0 .net "Q_beh", 0 0, v0x5d118b58f0c0_0;  1 drivers
v0x5d118b593e70_0 .net "Q_data", 0 0, L_0x5d118b597200;  1 drivers
v0x5d118b593f40_0 .net "Q_gate", 0 0, L_0x5d118b5955a0;  1 drivers
v0x5d118b594010_0 .var "TICK", 0 0;
v0x5d118b5940b0_0 .var "TICK2", 0 0;
v0x5d118b594150_0 .var "VECTORCOUNT", 31 0;
v0x5d118b5941f0_0 .var "eof", 0 0;
v0x5d118b594290_0 .var/2s "i", 31 0;
v0x5d118b594330 .array "input_coverage", 0 15, 31 0;
v0x5d118b5943f0_0 .var "prev_JK", 1 0;
v0x5d118b5944d0_0 .var "prev_QEx", 0 0;
v0x5d118b594590_0 .var "prev_QExbar", 0 0;
v0x5d118b594650_0 .var "prev_Qbarbeh", 0 0;
v0x5d118b594710_0 .var "prev_Qbardata", 0 0;
v0x5d118b5947d0_0 .var "prev_Qbargate", 0 0;
v0x5d118b594890_0 .var "prev_Qbeh", 0 0;
v0x5d118b594950_0 .var "prev_Qdata", 0 0;
v0x5d118b594a10_0 .var "prev_Qgate", 0 0;
E_0x5d118b5513b0 .event anyedge, v0x5d118b5941f0_0;
E_0x5d118b551ac0 .event negedge, v0x5d118b571a80_0;
S_0x5d118b56b220 .scope task, "QEXP" "QEXP" 3 163, 3 163 0, S_0x5d118b566eb0;
 .timescale -9 -11;
TD_tb_jkff_pulse_triggered.QEXP ;
    %load/vec4 v0x5d118b594a10_0;
    %load/vec4 v0x5d118b5947d0_0;
    %concat/vec4; draw_concat_vec4
    %cmpi/e 3, 0, 2;
    %jmp/1 T_0.4, 4;
    %flag_mov 8, 4;
    %load/vec4 v0x5d118b594950_0;
    %load/vec4 v0x5d118b594710_0;
    %concat/vec4; draw_concat_vec4
    %cmpi/e 3, 0, 2;
    %flag_or 4, 8;
T_0.4;
    %jmp/1 T_0.3, 4;
    %flag_mov 8, 4;
    %load/vec4 v0x5d118b594890_0;
    %load/vec4 v0x5d118b594650_0;
    %concat/vec4; draw_concat_vec4
    %cmpi/e 3, 0, 2;
    %flag_or 4, 8;
T_0.3;
    %jmp/1 T_0.2, 4;
    %flag_mov 8, 4;
    %load/vec4 v0x5d118b594a10_0;
    %load/vec4 v0x5d118b5947d0_0;
    %concat/vec4; draw_concat_vec4
    %cmpi/e 0, 0, 2;
    %jmp/1 T_0.7, 4;
    %flag_mov 10, 4;
    %load/vec4 v0x5d118b594950_0;
    %load/vec4 v0x5d118b594710_0;
    %concat/vec4; draw_concat_vec4
    %cmpi/e 0, 0, 2;
    %flag_or 4, 10;
T_0.7;
    %jmp/1 T_0.6, 4;
    %flag_mov 10, 4;
    %load/vec4 v0x5d118b594890_0;
    %load/vec4 v0x5d118b594650_0;
    %concat/vec4; draw_concat_vec4
    %cmpi/e 0, 0, 2;
    %flag_or 4, 10;
T_0.6;
    %flag_get/vec4 4;
    %jmp/0 T_0.5, 4;
    %load/vec4 v0x5d118b593950_0;
    %load/vec4 v0x5d118b5939f0_0;
    %concat/vec4; draw_concat_vec4
    %cmpi/e 0, 0, 2;
    %flag_get/vec4 4;
    %jmp/1 T_0.8, 4;
    %load/vec4 v0x5d118b593950_0;
    %load/vec4 v0x5d118b5939f0_0;
    %concat/vec4; draw_concat_vec4
    %pushi/vec4 3, 0, 2;
    %cmp/e;
    %flag_get/vec4 4;
    %or;
T_0.8;
    %and;
T_0.5;
    %flag_set/vec4 9;
    %flag_or 9, 8;
    %flag_mov 4, 9;
T_0.2;
    %jmp/0xz  T_0.0, 4;
    %pushi/vec4 1, 1, 1;
    %store/vec4 v0x5d118b593d30_0, 0, 1;
    %pushi/vec4 1, 1, 1;
    %store/vec4 v0x5d118b593a90_0, 0, 1;
    %jmp T_0.1;
T_0.0 ;
    %load/vec4 v0x5d118b593950_0;
    %load/vec4 v0x5d118b5939f0_0;
    %concat/vec4; draw_concat_vec4
    %load/vec4 v0x5d118b5940b0_0;
    %concat/vec4; draw_concat_vec4
    %dup/vec4;
    %pushi/vec4 1, 0, 3;
    %cmp/u;
    %jmp/1 T_0.9, 6;
    %dup/vec4;
    %pushi/vec4 3, 0, 3;
    %cmp/u;
    %jmp/1 T_0.10, 6;
    %dup/vec4;
    %pushi/vec4 5, 0, 3;
    %cmp/u;
    %jmp/1 T_0.11, 6;
    %dup/vec4;
    %pushi/vec4 7, 0, 3;
    %cmp/u;
    %jmp/1 T_0.12, 6;
    %load/vec4 v0x5d118b5944d0_0;
    %store/vec4 v0x5d118b593d30_0, 0, 1;
    %load/vec4 v0x5d118b594590_0;
    %store/vec4 v0x5d118b593a90_0, 0, 1;
    %jmp T_0.14;
T_0.9 ;
    %load/vec4 v0x5d118b5944d0_0;
    %store/vec4 v0x5d118b593d30_0, 0, 1;
    %load/vec4 v0x5d118b594590_0;
    %store/vec4 v0x5d118b593a90_0, 0, 1;
    %jmp T_0.14;
T_0.10 ;
    %pushi/vec4 0, 0, 1;
    %store/vec4 v0x5d118b593d30_0, 0, 1;
    %pushi/vec4 1, 0, 1;
    %store/vec4 v0x5d118b593a90_0, 0, 1;
    %jmp T_0.14;
T_0.11 ;
    %pushi/vec4 1, 0, 1;
    %store/vec4 v0x5d118b593d30_0, 0, 1;
    %pushi/vec4 0, 0, 1;
    %store/vec4 v0x5d118b593a90_0, 0, 1;
    %jmp T_0.14;
T_0.12 ;
    %load/vec4 v0x5d118b5944d0_0;
    %inv;
    %store/vec4 v0x5d118b593d30_0, 0, 1;
    %load/vec4 v0x5d118b594590_0;
    %inv;
    %store/vec4 v0x5d118b593a90_0, 0, 1;
    %jmp T_0.14;
T_0.14 ;
    %pop/vec4 1;
T_0.1 ;
    %end;
S_0x5d118b56aa30 .scope task, "close" "close" 3 209, 3 209 0, S_0x5d118b566eb0;
 .timescale -9 -11;
TD_tb_jkff_pulse_triggered.close ;
    %delay 1000, 0;
    %vpi_call/w 3 212 "$fclose", v0x5d118b593870_0 {0 0 0};
    %vpi_call/w 3 214 "$display" {0 0 0};
    %vpi_call/w 3 215 "$display", "COVERAGE_REPORT" {0 0 0};
    %pushi/vec4 0, 0, 32;
    %store/vec4 v0x5d118b594290_0, 0, 32;
T_1.15 ;
    %load/vec4 v0x5d118b594290_0;
    %cmpi/s 16, 0, 32;
    %jmp/0xz T_1.16, 5;
    %ix/getv/s 4, v0x5d118b594290_0;
    %load/vec4a v0x5d118b594330, 4;
    %cmpi/e 0, 0, 32;
    %jmp/0xz  T_1.17, 4;
    %vpi_call/w 3 221 "$display", "input %b to input %b has occured %d times (***ERROR***)", &PV<v0x5d118b594290_0, 2, 2>, &PV<v0x5d118b594290_0, 0, 2>, &A<v0x5d118b594330, v0x5d118b594290_0 > {0 0 0};
    %load/vec4 v0x5d118b593740_0;
    %addi 1, 0, 32;
    %store/vec4 v0x5d118b593740_0, 0, 32;
    %jmp T_1.18;
T_1.17 ;
    %vpi_call/w 3 228 "$display", "input %b to input %b has occured %d times", &PV<v0x5d118b594290_0, 2, 2>, &PV<v0x5d118b594290_0, 0, 2>, &A<v0x5d118b594330, v0x5d118b594290_0 > {0 0 0};
T_1.18 ;
    ; show_stmt_assign_vector: Get l-value for compressed += operand
    %load/vec4 v0x5d118b594290_0;
    %pushi/vec4 1, 0, 32;
    %add;
    %cast2;
    %store/vec4 v0x5d118b594290_0, 0, 32;
    %jmp T_1.15;
T_1.16 ;
    %vpi_call/w 3 234 "$display" {0 0 0};
    %vpi_call/w 3 235 "$display", "VECTORCOUNT = %d", v0x5d118b594150_0 {0 0 0};
    %vpi_call/w 3 236 "$display", "ERRORS = %15d", v0x5d118b593740_0 {0 0 0};
    %vpi_call/w 3 237 "$display" {0 0 0};
    %vpi_call/w 3 238 "$display", "TEST_END--------------------------------------------------------------------------------------------------------------------------" {0 0 0};
    %vpi_call/w 3 239 "$display" {0 0 0};
    %vpi_call/w 3 241 "$finish" {0 0 0};
    %end;
S_0x5d118b54a1f0 .scope task, "coverage_update" "coverage_update" 3 267, 3 267 0, S_0x5d118b566eb0;
 .timescale -9 -11;
TD_tb_jkff_pulse_triggered.coverage_update ;
    ; show_stmt_assign_vector: Get l-value for compressed += operand
    %load/vec4 v0x5d118b5943f0_0;
    %load/vec4 v0x5d118b593950_0;
    %concat/vec4; draw_concat_vec4
    %load/vec4 v0x5d118b5939f0_0;
    %concat/vec4; draw_concat_vec4
    %pad/u 6;
    %ix/vec4 4;
    %flag_mov 8, 4;
    %load/vec4a v0x5d118b594330, 4;
    %pushi/vec4 1, 0, 32;
    %add;
    %flag_mov 4, 8;
    %store/vec4a v0x5d118b594330, 4, 0;
    %end;
S_0x5d118b54a3d0 .scope task, "display_file" "display_file" 3 258, 3 258 0, S_0x5d118b566eb0;
 .timescale -9 -11;
TD_tb_jkff_pulse_triggered.display_file ;
    %vpi_call/w 3 260 "$display", "%10d %9s | %4d | %1d | %1d | %4d     | %4d     | %4d    | %5d     | %5d     | %5d     | %6d       | %2d   |", v0x5d118b594150_0, v0x5d118b5933c0_0, $time, v0x5d118b593950_0, v0x5d118b5939f0_0, v0x5d118b593f40_0, v0x5d118b593e70_0, v0x5d118b593dd0_0, v0x5d118b593c90_0, v0x5d118b593bf0_0, v0x5d118b593d30_0, v0x5d118b593a90_0, v0x5d118b5940b0_0 {0 0 0};
    %end;
S_0x5d118b544160 .scope module, "dut_jkff_pulse_triggered_behavioral" "jkff_pulse_triggered_behavioral" 3 37, 4 125 0, S_0x5d118b566eb0;
 .timescale -9 -11;
    .port_info 0 /INPUT 1 "j";
    .port_info 1 /INPUT 1 "k";
    .port_info 2 /INPUT 1 "clk";
    .port_info 3 /INPUT 1 "clk2";
    .port_info 4 /OUTPUT 1 "q";
    .port_info 5 /OUTPUT 1 "qbar";
L_0x5d118b5976d0 .functor NOT 1, v0x5d118b58f0c0_0, C4<0>, C4<0>, C4<0>;
v0x5d118b571a80_0 .net "clk", 0 0, v0x5d118b594010_0;  1 drivers
v0x5d118b566320_0 .net "clk2", 0 0, v0x5d118b5940b0_0;  1 drivers
v0x5d118b56e1d0_0 .net "j", 0 0, v0x5d118b593950_0;  1 drivers
v0x5d118b58f000_0 .net "k", 0 0, v0x5d118b5939f0_0;  1 drivers
v0x5d118b58f0c0_0 .var "q", 0 0;
v0x5d118b58f1d0_0 .net "qbar", 0 0, L_0x5d118b5976d0;  alias, 1 drivers
E_0x5d118b551d20 .event posedge, v0x5d118b571a80_0;
S_0x5d118b58f350 .scope module, "dut_jkff_pulse_triggered_dataflow" "jkff_pulse_triggered_dataflow" 3 36, 4 63 0, S_0x5d118b566eb0;
 .timescale -9 -11;
    .port_info 0 /INPUT 1 "j";
    .port_info 1 /INPUT 1 "k";
    .port_info 2 /INPUT 1 "clk";
    .port_info 3 /INPUT 1 "clk2";
    .port_info 4 /OUTPUT 1 "q";
    .port_info 5 /OUTPUT 1 "qbar";
L_0x5d118b595530 .functor AND 1, v0x5d118b593950_0, v0x5d118b594010_0, C4<1>, C4<1>;
L_0x5d118b595840 .functor AND 1, L_0x5d118b595530, v0x5d118b5907e0_0, C4<1>, C4<1>;
L_0x5d118b595900 .functor NOT 1, L_0x5d118b595840, C4<0>, C4<0>, C4<0>;
L_0x5d118b5959c0 .functor AND 1, v0x5d118b5939f0_0, v0x5d118b594010_0, C4<1>, C4<1>;
L_0x5d118b595a30 .functor AND 1, L_0x5d118b5959c0, v0x5d118b5906a0_0, C4<1>, C4<1>;
L_0x5d118b595af0 .functor NOT 1, L_0x5d118b595a30, C4<0>, C4<0>, C4<0>;
L_0x5d118b595bf0 .functor AND 1, L_0x5d118b595900, v0x5d118b590880_0, C4<1>, C4<1>;
L_0x5d118b595cb0 .functor NOT 1, L_0x5d118b595bf0, C4<0>, C4<0>, C4<0>;
L_0x5d118b595dc0 .functor AND 1, L_0x5d118b595af0, v0x5d118b590740_0, C4<1>, C4<1>;
L_0x5d118b595e80 .functor NOT 1, L_0x5d118b595dc0, C4<0>, C4<0>, C4<0>;
L_0x5d118b595fa0 .functor AND 1, L_0x5d118b595900, L_0x5d118b595e80, C4<1>, C4<1>;
L_0x5d118b596010 .functor NOT 1, L_0x5d118b595fa0, C4<0>, C4<0>, C4<0>;
L_0x5d118b596140 .functor AND 1, L_0x5d118b595af0, L_0x5d118b595cb0, C4<1>, C4<1>;
L_0x5d118b596200 .functor NOT 1, L_0x5d118b596140, C4<0>, C4<0>, C4<0>;
L_0x5d118b5960d0 .functor AND 1, L_0x5d118b595900, L_0x5d118b596200, C4<1>, C4<1>;
L_0x5d118b5963d0 .functor NOT 1, L_0x5d118b5960d0, C4<0>, C4<0>, C4<0>;
L_0x5d118b596520 .functor AND 1, L_0x5d118b595af0, L_0x5d118b596010, C4<1>, C4<1>;
L_0x5d118b596620 .functor NOT 1, L_0x5d118b596520, C4<0>, C4<0>, C4<0>;
L_0x5d118b596780 .functor AND 1, L_0x5d118b5963d0, v0x5d118b5940b0_0, C4<1>, C4<1>;
L_0x5d118b596840 .functor NOT 1, L_0x5d118b596780, C4<0>, C4<0>, C4<0>;
L_0x5d118b5969b0 .functor AND 1, L_0x5d118b596620, v0x5d118b5940b0_0, C4<1>, C4<1>;
L_0x5d118b596a70 .functor NOT 1, L_0x5d118b5969b0, C4<0>, C4<0>, C4<0>;
L_0x5d118b596bf0 .functor AND 1, L_0x5d118b596840, v0x5d118b5907e0_0, C4<1>, C4<1>;
L_0x5d118b596d00 .functor NOT 1, L_0x5d118b596bf0, C4<0>, C4<0>, C4<0>;
L_0x5d118b596e90 .functor AND 1, L_0x5d118b596a70, v0x5d118b5906a0_0, C4<1>, C4<1>;
L_0x5d118b596fa0 .functor NOT 1, L_0x5d118b596e90, C4<0>, C4<0>, C4<0>;
L_0x5d118b597140 .functor AND 1, L_0x5d118b596840, L_0x5d118b596fa0, C4<1>, C4<1>;
L_0x5d118b597200 .functor NOT 1, L_0x5d118b597140, C4<0>, C4<0>, C4<0>;
L_0x5d118b597400 .functor AND 1, L_0x5d118b596a70, L_0x5d118b596d00, C4<1>, C4<1>;
L_0x5d118b5974c0 .functor NOT 1, L_0x5d118b597400, C4<0>, C4<0>, C4<0>;
v0x5d118b58f5d0_0 .net *"_ivl_0", 0 0, L_0x5d118b595530;  1 drivers
v0x5d118b58f6d0_0 .net *"_ivl_12", 0 0, L_0x5d118b595bf0;  1 drivers
v0x5d118b58f7b0_0 .net *"_ivl_16", 0 0, L_0x5d118b595dc0;  1 drivers
v0x5d118b58f870_0 .net *"_ivl_2", 0 0, L_0x5d118b595840;  1 drivers
v0x5d118b58f950_0 .net *"_ivl_20", 0 0, L_0x5d118b595fa0;  1 drivers
v0x5d118b58fa80_0 .net *"_ivl_24", 0 0, L_0x5d118b596140;  1 drivers
v0x5d118b58fb60_0 .net *"_ivl_28", 0 0, L_0x5d118b5960d0;  1 drivers
v0x5d118b58fc40_0 .net *"_ivl_32", 0 0, L_0x5d118b596520;  1 drivers
v0x5d118b58fd20_0 .net *"_ivl_36", 0 0, L_0x5d118b596780;  1 drivers
v0x5d118b58fe00_0 .net *"_ivl_40", 0 0, L_0x5d118b5969b0;  1 drivers
v0x5d118b58fee0_0 .net *"_ivl_44", 0 0, L_0x5d118b596bf0;  1 drivers
v0x5d118b58ffc0_0 .net *"_ivl_48", 0 0, L_0x5d118b596e90;  1 drivers
v0x5d118b5900a0_0 .net *"_ivl_52", 0 0, L_0x5d118b597140;  1 drivers
v0x5d118b590180_0 .net *"_ivl_56", 0 0, L_0x5d118b597400;  1 drivers
v0x5d118b590260_0 .net *"_ivl_6", 0 0, L_0x5d118b5959c0;  1 drivers
v0x5d118b590340_0 .net *"_ivl_8", 0 0, L_0x5d118b595a30;  1 drivers
v0x5d118b590420_0 .net "clk", 0 0, v0x5d118b594010_0;  alias, 1 drivers
v0x5d118b5904c0_0 .net "clk2", 0 0, v0x5d118b5940b0_0;  alias, 1 drivers
v0x5d118b590560_0 .net "j", 0 0, v0x5d118b593950_0;  alias, 1 drivers
v0x5d118b590600_0 .net "k", 0 0, v0x5d118b5939f0_0;  alias, 1 drivers
v0x5d118b5906a0_0 .var "prev_q", 0 0;
v0x5d118b590740_0 .var "prev_q3", 0 0;
v0x5d118b5907e0_0 .var "prev_qbar", 0 0;
v0x5d118b590880_0 .var "prev_qbar3", 0 0;
v0x5d118b590920_0 .net "q", 0 0, L_0x5d118b597200;  alias, 1 drivers
v0x5d118b5909e0_0 .net "q1", 0 0, L_0x5d118b595cb0;  1 drivers
v0x5d118b590aa0_0 .net "q2", 0 0, L_0x5d118b596010;  1 drivers
v0x5d118b590b60_0 .net "q3", 0 0, L_0x5d118b5963d0;  1 drivers
v0x5d118b590c20_0 .net "q4", 0 0, L_0x5d118b596d00;  1 drivers
v0x5d118b590ce0_0 .net "qbar", 0 0, L_0x5d118b5974c0;  alias, 1 drivers
v0x5d118b590da0_0 .net "qbar1", 0 0, L_0x5d118b595e80;  1 drivers
v0x5d118b590e60_0 .net "qbar2", 0 0, L_0x5d118b596200;  1 drivers
v0x5d118b590f20_0 .net "qbar3", 0 0, L_0x5d118b596620;  1 drivers
v0x5d118b590fe0_0 .net "qbar4", 0 0, L_0x5d118b596fa0;  1 drivers
v0x5d118b5910a0_0 .net "r", 0 0, L_0x5d118b596a70;  1 drivers
v0x5d118b591160_0 .net "r1", 0 0, L_0x5d118b595af0;  1 drivers
v0x5d118b591220_0 .net "s", 0 0, L_0x5d118b596840;  1 drivers
v0x5d118b5912e0_0 .net "s1", 0 0, L_0x5d118b595900;  1 drivers
S_0x5d118b591460 .scope module, "dut_jkff_pulse_triggered_gate" "jkff_pulse_triggered_gate" 3 35, 4 3 0, S_0x5d118b566eb0;
 .timescale -9 -11;
    .port_info 0 /INPUT 1 "j";
    .port_info 1 /INPUT 1 "k";
    .port_info 2 /INPUT 1 "clk";
    .port_info 3 /INPUT 1 "clk2";
    .port_info 4 /OUTPUT 1 "q";
    .port_info 5 /OUTPUT 1 "qbar";
L_0x5d118b570730 .functor NAND 1, v0x5d118b593950_0, v0x5d118b594010_0, v0x5d118b591c20_0, C4<1>;
L_0x5d118b571960 .functor NAND 1, v0x5d118b5939f0_0, v0x5d118b594010_0, v0x5d118b591a90_0, C4<1>;
L_0x5d118b566200 .functor NAND 1, L_0x5d118b570730, v0x5d118b591ce0_0, C4<1>, C4<1>;
L_0x5d118b56e0b0 .functor NAND 1, L_0x5d118b571960, v0x5d118b591b80_0, C4<1>, C4<1>;
L_0x5d118b594da0 .functor NAND 1, L_0x5d118b570730, L_0x5d118b56e0b0, C4<1>, C4<1>;
L_0x5d118b594e40 .functor NAND 1, L_0x5d118b571960, L_0x5d118b566200, C4<1>, C4<1>;
L_0x5d118b594ef0 .functor NAND 1, L_0x5d118b570730, L_0x5d118b594e40, C4<1>, C4<1>;
L_0x5d118b594ff0 .functor NAND 1, L_0x5d118b571960, L_0x5d118b594da0, C4<1>, C4<1>;
L_0x5d118b595140 .functor NAND 1, L_0x5d118b594ef0, v0x5d118b5940b0_0, C4<1>, C4<1>;
L_0x5d118b595290 .functor NAND 1, L_0x5d118b594ff0, v0x5d118b5940b0_0, C4<1>, C4<1>;
L_0x5d118b595360 .functor NAND 1, L_0x5d118b595140, v0x5d118b591c20_0, C4<1>, C4<1>;
L_0x5d118b595420 .functor NAND 1, L_0x5d118b595290, v0x5d118b591a90_0, C4<1>, C4<1>;
L_0x5d118b5955a0 .functor NAND 1, L_0x5d118b595140, L_0x5d118b595420, C4<1>, C4<1>;
L_0x5d118b5956b0 .functor NAND 1, L_0x5d118b595290, L_0x5d118b595360, C4<1>, C4<1>;
v0x5d118b591690_0 .net "clk", 0 0, v0x5d118b594010_0;  alias, 1 drivers
v0x5d118b5917a0_0 .net "clk2", 0 0, v0x5d118b5940b0_0;  alias, 1 drivers
v0x5d118b5918b0_0 .net "j", 0 0, v0x5d118b593950_0;  alias, 1 drivers
v0x5d118b5919a0_0 .net "k", 0 0, v0x5d118b5939f0_0;  alias, 1 drivers
v0x5d118b591a90_0 .var "prev_q", 0 0;
v0x5d118b591b80_0 .var "prev_q3", 0 0;
v0x5d118b591c20_0 .var "prev_qbar", 0 0;
v0x5d118b591ce0_0 .var "prev_qbar3", 0 0;
v0x5d118b591da0_0 .net "q", 0 0, L_0x5d118b5955a0;  alias, 1 drivers
v0x5d118b591e60_0 .net "q1", 0 0, L_0x5d118b566200;  1 drivers
v0x5d118b591f20_0 .net "q2", 0 0, L_0x5d118b594da0;  1 drivers
v0x5d118b591fe0_0 .net "q3", 0 0, L_0x5d118b594ef0;  1 drivers
v0x5d118b5920a0_0 .net "q4", 0 0, L_0x5d118b595360;  1 drivers
v0x5d118b592160_0 .net "qbar", 0 0, L_0x5d118b5956b0;  alias, 1 drivers
v0x5d118b592220_0 .net "qbar1", 0 0, L_0x5d118b56e0b0;  1 drivers
v0x5d118b5922e0_0 .net "qbar2", 0 0, L_0x5d118b594e40;  1 drivers
v0x5d118b5923a0_0 .net "qbar3", 0 0, L_0x5d118b594ff0;  1 drivers
v0x5d118b592460_0 .net "qbar4", 0 0, L_0x5d118b595420;  1 drivers
v0x5d118b592520_0 .net "r", 0 0, L_0x5d118b595290;  1 drivers
v0x5d118b5925e0_0 .net "r1", 0 0, L_0x5d118b571960;  1 drivers
v0x5d118b5926a0_0 .net "s", 0 0, L_0x5d118b595140;  1 drivers
v0x5d118b592760_0 .net "s1", 0 0, L_0x5d118b570730;  1 drivers
S_0x5d118b592920 .scope task, "errors_check" "errors_check" 3 276, 3 276 0, S_0x5d118b566eb0;
 .timescale -9 -11;
TD_tb_jkff_pulse_triggered.errors_check ;
    %load/vec4 v0x5d118b594a10_0;
    %load/vec4 v0x5d118b5947d0_0;
    %concat/vec4; draw_concat_vec4
    %cmpi/e 0, 0, 2;
    %jmp/1 T_4.23, 4;
    %flag_mov 9, 4;
    %load/vec4 v0x5d118b594950_0;
    %load/vec4 v0x5d118b594710_0;
    %concat/vec4; draw_concat_vec4
    %cmpi/e 0, 0, 2;
    %flag_or 4, 9;
T_4.23;
    %jmp/1 T_4.22, 4;
    %flag_mov 9, 4;
    %load/vec4 v0x5d118b594890_0;
    %load/vec4 v0x5d118b594650_0;
    %concat/vec4; draw_concat_vec4
    %cmpi/e 0, 0, 2;
    %flag_or 4, 9;
T_4.22;
    %flag_get/vec4 4;
    %jmp/0 T_4.21, 4;
    %load/vec4 v0x5d118b593950_0;
    %load/vec4 v0x5d118b5939f0_0;
    %concat/vec4; draw_concat_vec4
    %cmpi/e 0, 0, 2;
    %flag_get/vec4 4;
    %jmp/1 T_4.24, 4;
    %load/vec4 v0x5d118b593950_0;
    %load/vec4 v0x5d118b5939f0_0;
    %concat/vec4; draw_concat_vec4
    %pushi/vec4 3, 0, 2;
    %cmp/e;
    %flag_get/vec4 4;
    %or;
T_4.24;
    %and;
T_4.21;
    %flag_set/vec4 8;
    %jmp/0xz  T_4.19, 8;
    %vpi_call/w 3 281 "$display", "***ERROR: ILLEGAL CONDITION,RACING CONDITION" {0 0 0};
    %load/vec4 v0x5d118b593740_0;
    %addi 1, 0, 32;
    %store/vec4 v0x5d118b593740_0, 0, 32;
T_4.19 ;
    %load/vec4 v0x5d118b594a10_0;
    %load/vec4 v0x5d118b5947d0_0;
    %concat/vec4; draw_concat_vec4
    %cmpi/e 3, 0, 2;
    %jmp/1 T_4.29, 4;
    %flag_mov 9, 4;
    %load/vec4 v0x5d118b594950_0;
    %load/vec4 v0x5d118b594710_0;
    %concat/vec4; draw_concat_vec4
    %cmpi/e 3, 0, 2;
    %flag_or 4, 9;
T_4.29;
    %jmp/1 T_4.28, 4;
    %flag_mov 9, 4;
    %load/vec4 v0x5d118b594890_0;
    %load/vec4 v0x5d118b594650_0;
    %concat/vec4; draw_concat_vec4
    %cmpi/e 3, 0, 2;
    %flag_or 4, 9;
T_4.28;
    %flag_get/vec4 4;
    %jmp/0 T_4.27, 4;
    %load/vec4 v0x5d118b593950_0;
    %load/vec4 v0x5d118b5939f0_0;
    %concat/vec4; draw_concat_vec4
    %cmpi/e 3, 0, 2;
    %flag_get/vec4 4;
    %jmp/1 T_4.30, 4;
    %load/vec4 v0x5d118b593950_0;
    %load/vec4 v0x5d118b5939f0_0;
    %concat/vec4; draw_concat_vec4
    %pushi/vec4 0, 0, 2;
    %cmp/e;
    %flag_get/vec4 4;
    %or;
T_4.30;
    %and;
T_4.27;
    %flag_set/vec4 8;
    %jmp/0xz  T_4.25, 8;
    %vpi_call/w 3 288 "$display", "***ERROR: ILLEGAL CONDITION, q = qbar" {0 0 0};
    %load/vec4 v0x5d118b593740_0;
    %addi 1, 0, 32;
    %store/vec4 v0x5d118b593740_0, 0, 32;
T_4.25 ;
    %load/vec4 v0x5d118b593f40_0;
    %load/vec4 v0x5d118b593d30_0;
    %cmp/ne;
    %jmp/0xz  T_4.31, 6;
    %vpi_call/w 3 297 "$display", "***ERROR: Q_gate = %b, Q_expected = %b", v0x5d118b593f40_0, v0x5d118b593d30_0 {0 0 0};
    %load/vec4 v0x5d118b593740_0;
    %addi 1, 0, 32;
    %store/vec4 v0x5d118b593740_0, 0, 32;
T_4.31 ;
    %load/vec4 v0x5d118b593e70_0;
    %load/vec4 v0x5d118b593d30_0;
    %cmp/ne;
    %jmp/0xz  T_4.33, 6;
    %vpi_call/w 3 304 "$display", "***ERROR: Q_dataflow = %b, Q_expected = %b", v0x5d118b593e70_0, v0x5d118b593d30_0 {0 0 0};
    %load/vec4 v0x5d118b593740_0;
    %addi 1, 0, 32;
    %store/vec4 v0x5d118b593740_0, 0, 32;
T_4.33 ;
    %load/vec4 v0x5d118b593dd0_0;
    %load/vec4 v0x5d118b593d30_0;
    %cmp/ne;
    %jmp/0xz  T_4.35, 6;
    %vpi_call/w 3 311 "$display", "***ERROR: Q_behavioral = %b, Q_expected = %b", v0x5d118b593dd0_0, v0x5d118b593d30_0 {0 0 0};
    %load/vec4 v0x5d118b593740_0;
    %addi 1, 0, 32;
    %store/vec4 v0x5d118b593740_0, 0, 32;
T_4.35 ;
    %load/vec4 v0x5d118b593c90_0;
    %load/vec4 v0x5d118b593a90_0;
    %cmp/ne;
    %jmp/0xz  T_4.37, 6;
    %vpi_call/w 3 318 "$display", "***ERROR: QBAR_gate = %b, QBAR_expected = %b", v0x5d118b593c90_0, v0x5d118b593a90_0 {0 0 0};
    %load/vec4 v0x5d118b593740_0;
    %addi 1, 0, 32;
    %store/vec4 v0x5d118b593740_0, 0, 32;
T_4.37 ;
    %load/vec4 v0x5d118b593bf0_0;
    %load/vec4 v0x5d118b593a90_0;
    %cmp/ne;
    %jmp/0xz  T_4.39, 6;
    %vpi_call/w 3 325 "$display", "***ERROR: QBAR_dataflow = %b, QBAR_expected = %b", v0x5d118b593bf0_0, v0x5d118b593a90_0 {0 0 0};
    %load/vec4 v0x5d118b593740_0;
    %addi 1, 0, 32;
    %store/vec4 v0x5d118b593740_0, 0, 32;
T_4.39 ;
    %load/vec4 v0x5d118b593950_0;
    %load/vec4 v0x5d118b5939f0_0;
    %concat/vec4; draw_concat_vec4
    %load/vec4 v0x5d118b5943f0_0;
    %cmp/ne;
    %jmp/0xz  T_4.41, 6;
    %vpi_call/w 3 332 "$display", "***ERROR: Racing Condition Occur" {0 0 0};
    %load/vec4 v0x5d118b593740_0;
    %addi 1, 0, 32;
    %store/vec4 v0x5d118b593740_0, 0, 32;
T_4.41 ;
    %end;
S_0x5d118b592ab0 .scope task, "force_release" "force_release" 3 103, 3 103 0, S_0x5d118b566eb0;
 .timescale -9 -11;
TD_tb_jkff_pulse_triggered.force_release ;
    %delay 11, 0;
    %pushi/vec4 0, 0, 1;
    %force/vec4 v0x5d118b593f40_0;
    %pushi/vec4 1, 0, 1;
    %force/vec4 v0x5d118b593c90_0;
    %pushi/vec4 0, 0, 1;
    %force/vec4 v0x5d118b593e70_0;
    %pushi/vec4 1, 0, 1;
    %force/vec4 v0x5d118b593bf0_0;
    %pushi/vec4 0, 0, 1;
    %force/vec4 v0x5d118b593dd0_0;
    %pushi/vec4 1, 0, 1;
    %force/vec4 v0x5d118b593b50_0;
    %delay 1000, 0;
    %release/net v0x5d118b593f40_0, 0, 1;
    %release/net v0x5d118b593c90_0, 0, 1;
    %release/net v0x5d118b593e70_0, 0, 1;
    %release/net v0x5d118b593bf0_0, 0, 1;
    %release/net v0x5d118b593dd0_0, 0, 1;
    %release/net v0x5d118b593b50_0, 0, 1;
    %end;
S_0x5d118b592c90 .scope task, "initialize" "initialize" 3 73, 3 73 0, S_0x5d118b566eb0;
 .timescale -9 -11;
TD_tb_jkff_pulse_triggered.initialize ;
    %vpi_func 3 75 "$fopen" 32, "tb_jkff_pulse_triggered.tv", "r" {0 0 0};
    %store/vec4 v0x5d118b593870_0, 0, 32;
    %vpi_func 3 76 "$fscanf" 32, v0x5d118b593870_0, "%s", v0x5d118b5933c0_0 {0 0 0};
    %store/vec4 v0x5d118b593660_0, 0, 32;
    %vpi_func 3 78 "$fscanf" 32, v0x5d118b593870_0, "%s %b %b %s %s", v0x5d118b5933c0_0, v0x5d118b593950_0, v0x5d118b5939f0_0, v0x5d118b5934c0_0, v0x5d118b5935a0_0 {0 0 0};
    %store/vec4 v0x5d118b593660_0, 0, 32;
    %pushi/vec4 0, 0, 1;
    %store/vec4 v0x5d118b594010_0, 0, 1;
    %pushi/vec4 0, 0, 32;
    %store/vec4 v0x5d118b594150_0, 0, 32;
    %pushi/vec4 0, 0, 32;
    %store/vec4 v0x5d118b593740_0, 0, 32;
    %pushi/vec4 0, 0, 32;
    %store/vec4 v0x5d118b594290_0, 0, 32;
T_6.43 ;
    %load/vec4 v0x5d118b594290_0;
    %cmpi/s 16, 0, 32;
    %jmp/0xz T_6.44, 5;
    %pushi/vec4 0, 0, 32;
    %ix/getv/s 4, v0x5d118b594290_0;
    %store/vec4a v0x5d118b594330, 4, 0;
    ; show_stmt_assign_vector: Get l-value for compressed += operand
    %load/vec4 v0x5d118b594290_0;
    %pushi/vec4 1, 0, 32;
    %add;
    %cast2;
    %store/vec4 v0x5d118b594290_0, 0, 32;
    %jmp T_6.43;
T_6.44 ;
    %pushi/vec4 0, 0, 1;
    %store/vec4 v0x5d118b5941f0_0, 0, 1;
    %pushi/vec4 0, 0, 1;
    %store/vec4 v0x5d118b5940b0_0, 0, 1;
    %vpi_call/w 3 90 "$display" {0 0 0};
    %vpi_call/w 3 91 "$display", "TEST_START------------------------------------------------------------------------------------------------------------------------" {0 0 0};
    %vpi_call/w 3 92 "$display" {0 0 0};
    %vpi_call/w 3 93 "$display", "                     | TIME | J | K |  Q_gate  |  Q_data  |  Q_beh  | QBAR_gate | QBAR_data | QEXPECTED | QBAREXPECTED | CLK2 |" {0 0 0};
    %vpi_call/w 3 94 "$display", "----------------------------------------------------------------------------------------------------------------------------------" {0 0 0};
    %end;
S_0x5d118b592e20 .scope task, "random_in" "random_in" 3 141, 3 141 0, S_0x5d118b566eb0;
 .timescale -9 -11;
TD_tb_jkff_pulse_triggered.random_in ;
    %vpi_func 3 143 "$urandom" 32 {0 0 0};
    %pushi/vec4 2, 0, 32;
    %mod;
    %pad/u 1;
    %store/vec4 v0x5d118b593950_0, 0, 1;
    %vpi_func 3 144 "$urandom" 32 {0 0 0};
    %pushi/vec4 2, 0, 32;
    %mod;
    %pad/u 1;
    %store/vec4 v0x5d118b5939f0_0, 0, 1;
    %load/vec4 v0x5d118b593950_0;
    %load/vec4 v0x5d118b5939f0_0;
    %concat/vec4; draw_concat_vec4
    %dup/vec4;
    %pushi/vec4 0, 0, 2;
    %cmp/u;
    %jmp/1 T_7.45, 6;
    %dup/vec4;
    %pushi/vec4 1, 0, 2;
    %cmp/u;
    %jmp/1 T_7.46, 6;
    %dup/vec4;
    %pushi/vec4 2, 0, 2;
    %cmp/u;
    %jmp/1 T_7.47, 6;
    %dup/vec4;
    %pushi/vec4 3, 0, 2;
    %cmp/u;
    %jmp/1 T_7.48, 6;
    %jmp T_7.49;
T_7.45 ;
    %load/vec4 v0x5d118b594a10_0;
    %load/vec4 v0x5d118b5947d0_0;
    %concat/vec4; draw_concat_vec4
    %cmpi/e 3, 0, 2;
    %jmp/1 T_7.54, 4;
    %flag_mov 8, 4;
    %load/vec4 v0x5d118b594950_0;
    %load/vec4 v0x5d118b594710_0;
    %concat/vec4; draw_concat_vec4
    %cmpi/e 3, 0, 2;
    %flag_or 4, 8;
T_7.54;
    %jmp/1 T_7.53, 4;
    %flag_mov 8, 4;
    %load/vec4 v0x5d118b594890_0;
    %load/vec4 v0x5d118b594650_0;
    %concat/vec4; draw_concat_vec4
    %cmpi/e 3, 0, 2;
    %flag_or 4, 8;
T_7.53;
    %jmp/1 T_7.52, 4;
    %flag_mov 8, 4;
    %load/vec4 v0x5d118b594a10_0;
    %load/vec4 v0x5d118b5947d0_0;
    %concat/vec4; draw_concat_vec4
    %cmpi/e 0, 0, 2;
    %jmp/1 T_7.56, 4;
    %flag_mov 9, 4;
    %load/vec4 v0x5d118b594950_0;
    %load/vec4 v0x5d118b594710_0;
    %concat/vec4; draw_concat_vec4
    %cmpi/e 0, 0, 2;
    %flag_or 4, 9;
T_7.56;
    %jmp/1 T_7.55, 4;
    %flag_mov 9, 4;
    %load/vec4 v0x5d118b594890_0;
    %load/vec4 v0x5d118b594650_0;
    %concat/vec4; draw_concat_vec4
    %cmpi/e 0, 0, 2;
    %flag_or 4, 9;
T_7.55;
    %flag_or 4, 8;
T_7.52;
    %flag_mov 8, 4;
    %jmp/0 T_7.50, 8;
    %pushi/vec4 18764, 0, 32; draw_string_vec4
    %pushi/vec4 1279608641, 0, 32; draw_string_vec4
    %concat/vec4; draw_string_vec4
    %pushi/vec4 76, 0, 8; draw_string_vec4
    %concat/vec4; draw_string_vec4
    %jmp/1 T_7.51, 8;
T_7.50 ; End of true expr.
    %pushi/vec4 0, 0, 32; draw_string_vec4
    %pushi/vec4 4738892, 0, 32; draw_string_vec4
    %concat/vec4; draw_string_vec4
    %pushi/vec4 68, 0, 8; draw_string_vec4
    %concat/vec4; draw_string_vec4
    %jmp/0 T_7.51, 8;
 ; End of false expr.
    %blend;
T_7.51;
    %store/vec4 v0x5d118b5933c0_0, 0, 72;
    %jmp T_7.49;
T_7.46 ;
    %pushi/vec4 0, 0, 32; draw_string_vec4
    %pushi/vec4 1380275013, 0, 32; draw_string_vec4
    %concat/vec4; draw_string_vec4
    %pushi/vec4 84, 0, 8; draw_string_vec4
    %concat/vec4; draw_string_vec4
    %store/vec4 v0x5d118b5933c0_0, 0, 72;
    %jmp T_7.49;
T_7.47 ;
    %pushi/vec4 0, 0, 32; draw_string_vec4
    %pushi/vec4 21317, 0, 32; draw_string_vec4
    %concat/vec4; draw_string_vec4
    %pushi/vec4 84, 0, 8; draw_string_vec4
    %concat/vec4; draw_string_vec4
    %store/vec4 v0x5d118b5933c0_0, 0, 72;
    %jmp T_7.49;
T_7.48 ;
    %load/vec4 v0x5d118b594a10_0;
    %load/vec4 v0x5d118b5947d0_0;
    %concat/vec4; draw_concat_vec4
    %cmpi/e 3, 0, 2;
    %jmp/1 T_7.61, 4;
    %flag_mov 8, 4;
    %load/vec4 v0x5d118b594950_0;
    %load/vec4 v0x5d118b594710_0;
    %concat/vec4; draw_concat_vec4
    %cmpi/e 3, 0, 2;
    %flag_or 4, 8;
T_7.61;
    %jmp/1 T_7.60, 4;
    %flag_mov 8, 4;
    %load/vec4 v0x5d118b594890_0;
    %load/vec4 v0x5d118b594650_0;
    %concat/vec4; draw_concat_vec4
    %cmpi/e 3, 0, 2;
    %flag_or 4, 8;
T_7.60;
    %jmp/1 T_7.59, 4;
    %flag_mov 8, 4;
    %load/vec4 v0x5d118b594a10_0;
    %load/vec4 v0x5d118b5947d0_0;
    %concat/vec4; draw_concat_vec4
    %cmpi/e 0, 0, 2;
    %jmp/1 T_7.63, 4;
    %flag_mov 9, 4;
    %load/vec4 v0x5d118b594950_0;
    %load/vec4 v0x5d118b594710_0;
    %concat/vec4; draw_concat_vec4
    %cmpi/e 0, 0, 2;
    %flag_or 4, 9;
T_7.63;
    %jmp/1 T_7.62, 4;
    %flag_mov 9, 4;
    %load/vec4 v0x5d118b594890_0;
    %load/vec4 v0x5d118b594650_0;
    %concat/vec4; draw_concat_vec4
    %cmpi/e 0, 0, 2;
    %flag_or 4, 9;
T_7.62;
    %flag_or 4, 8;
T_7.59;
    %flag_mov 8, 4;
    %jmp/0 T_7.57, 8;
    %pushi/vec4 18764, 0, 32; draw_string_vec4
    %pushi/vec4 1279608641, 0, 32; draw_string_vec4
    %concat/vec4; draw_string_vec4
    %pushi/vec4 76, 0, 8; draw_string_vec4
    %concat/vec4; draw_string_vec4
    %jmp/1 T_7.58, 8;
T_7.57 ; End of true expr.
    %pushi/vec4 84, 0, 32; draw_string_vec4
    %pushi/vec4 1330071372, 0, 32; draw_string_vec4
    %concat/vec4; draw_string_vec4
    %pushi/vec4 69, 0, 8; draw_string_vec4
    %concat/vec4; draw_string_vec4
    %jmp/0 T_7.58, 8;
 ; End of false expr.
    %blend;
T_7.58;
    %store/vec4 v0x5d118b5933c0_0, 0, 72;
    %jmp T_7.49;
T_7.49 ;
    %pop/vec4 1;
    %pushi/real 1717986918, 4062; load=0.100000
    %pushi/real 1677722, 4040; load=0.100000
    %add/wr;
    %vpi_func 3 156 "$urandom_range" 32, W<0,r>, 32'sb00000000000000000000000000001010 {0 1 0};
    %pad/u 64;
    %muli 100, 0, 64;
    %ix/vec4 4;
    %delayx 4;
    %end;
S_0x5d118b593000 .scope task, "scan_file" "scan_file" 3 130, 3 130 0, S_0x5d118b566eb0;
 .timescale -9 -11;
TD_tb_jkff_pulse_triggered.scan_file ;
    %vpi_func 3 133 "$fscanf" 32, v0x5d118b593870_0, "%s %b %b %b %b", v0x5d118b5933c0_0, v0x5d118b593950_0, v0x5d118b5939f0_0, v0x5d118b593d30_0, v0x5d118b593a90_0 {0 0 0};
    %store/vec4 v0x5d118b593660_0, 0, 32;
    %load/vec4 v0x5d118b593660_0;
    %pushi/vec4 4294967295, 0, 32;
    %cmp/e;
    %flag_get/vec4 4;
    %store/vec4 v0x5d118b5941f0_0, 0, 1;
    %end;
S_0x5d118b5931e0 .scope task, "vectorcount" "vectorcount" 3 248, 3 248 0, S_0x5d118b566eb0;
 .timescale -9 -11;
TD_tb_jkff_pulse_triggered.vectorcount ;
    %load/vec4 v0x5d118b594150_0;
    %addi 1, 0, 32;
    %store/vec4 v0x5d118b594150_0, 0, 32;
    %end;
    .scope S_0x5d118b591460;
T_10 ;
    %wait E_0x5d118b551d20;
    %delay 12, 0;
    %load/vec4 v0x5d118b591da0_0;
    %store/vec4 v0x5d118b591a90_0, 0, 1;
    %load/vec4 v0x5d118b592160_0;
    %store/vec4 v0x5d118b591c20_0, 0, 1;
    %load/vec4 v0x5d118b591fe0_0;
    %store/vec4 v0x5d118b591b80_0, 0, 1;
    %load/vec4 v0x5d118b5923a0_0;
    %store/vec4 v0x5d118b591ce0_0, 0, 1;
    %jmp T_10;
    .thread T_10;
    .scope S_0x5d118b58f350;
T_11 ;
    %wait E_0x5d118b551d20;
    %delay 12, 0;
    %load/vec4 v0x5d118b590920_0;
    %store/vec4 v0x5d118b5906a0_0, 0, 1;
    %load/vec4 v0x5d118b590ce0_0;
    %store/vec4 v0x5d118b5907e0_0, 0, 1;
    %load/vec4 v0x5d118b590b60_0;
    %store/vec4 v0x5d118b590740_0, 0, 1;
    %load/vec4 v0x5d118b590f20_0;
    %store/vec4 v0x5d118b590880_0, 0, 1;
    %jmp T_11;
    .thread T_11;
    .scope S_0x5d118b544160;
T_12 ;
    %wait E_0x5d118b551d20;
    %load/vec4 v0x5d118b56e1d0_0;
    %load/vec4 v0x5d118b58f000_0;
    %concat/vec4; draw_concat_vec4
    %load/vec4 v0x5d118b566320_0;
    %concat/vec4; draw_concat_vec4
    %dup/vec4;
    %pushi/vec4 1, 0, 3;
    %cmp/u;
    %jmp/1 T_12.0, 6;
    %dup/vec4;
    %pushi/vec4 3, 0, 3;
    %cmp/u;
    %jmp/1 T_12.1, 6;
    %dup/vec4;
    %pushi/vec4 5, 0, 3;
    %cmp/u;
    %jmp/1 T_12.2, 6;
    %dup/vec4;
    %pushi/vec4 7, 0, 3;
    %cmp/u;
    %jmp/1 T_12.3, 6;
    %load/vec4 v0x5d118b58f0c0_0;
    %assign/vec4 v0x5d118b58f0c0_0, 0;
    %jmp T_12.5;
T_12.0 ;
    %load/vec4 v0x5d118b58f0c0_0;
    %assign/vec4 v0x5d118b58f0c0_0, 0;
    %jmp T_12.5;
T_12.1 ;
    %pushi/vec4 0, 0, 1;
    %assign/vec4 v0x5d118b58f0c0_0, 0;
    %jmp T_12.5;
T_12.2 ;
    %pushi/vec4 1, 0, 1;
    %assign/vec4 v0x5d118b58f0c0_0, 0;
    %jmp T_12.5;
T_12.3 ;
    %load/vec4 v0x5d118b58f0c0_0;
    %inv;
    %assign/vec4 v0x5d118b58f0c0_0, 0;
    %jmp T_12.5;
T_12.5 ;
    %pop/vec4 1;
    %jmp T_12;
    .thread T_12;
    .scope S_0x5d118b566eb0;
T_13 ;
    %vpi_call/w 3 45 "$dumpfile", "tb_jkff_pulse_triggered.vcd" {0 0 0};
    %vpi_call/w 3 46 "$dumpvars", 32'sb00000000000000000000000000000000, S_0x5d118b566eb0 {0 0 0};
    %end;
    .thread T_13;
    .scope S_0x5d118b566eb0;
T_14 ;
    %delay 1000, 0;
    %load/vec4 v0x5d118b594010_0;
    %inv;
    %store/vec4 v0x5d118b594010_0, 0, 1;
    %jmp T_14;
    .thread T_14;
    .scope S_0x5d118b566eb0;
T_15 ;
    %delay 2000, 0;
    %load/vec4 v0x5d118b5940b0_0;
    %inv;
    %store/vec4 v0x5d118b5940b0_0, 0, 1;
    %jmp T_15;
    .thread T_15;
    .scope S_0x5d118b566eb0;
T_16 ;
    %fork TD_tb_jkff_pulse_triggered.initialize, S_0x5d118b592c90;
    %join;
    %wait E_0x5d118b551d20;
    %fork TD_tb_jkff_pulse_triggered.force_release, S_0x5d118b592ab0;
    %join;
    %end;
    .thread T_16;
    .scope S_0x5d118b566eb0;
T_17 ;
    %wait E_0x5d118b551ac0;
    %delay 120, 0;
    %load/vec4 v0x5d118b5941f0_0;
    %nor/r;
    %flag_set/vec4 8;
    %jmp/0xz  T_17.0, 8;
    %fork TD_tb_jkff_pulse_triggered.scan_file, S_0x5d118b593000;
    %join;
T_17.0 ;
    %jmp T_17;
    .thread T_17;
    .scope S_0x5d118b566eb0;
T_18 ;
    %wait E_0x5d118b551d20;
    %fork TD_tb_jkff_pulse_triggered.coverage_update, S_0x5d118b54a1f0;
    %join;
    %load/vec4 v0x5d118b593950_0;
    %load/vec4 v0x5d118b5939f0_0;
    %concat/vec4; draw_concat_vec4
    %store/vec4 v0x5d118b5943f0_0, 0, 2;
    %delay 10, 0;
    %fork TD_tb_jkff_pulse_triggered.QEXP, S_0x5d118b56b220;
    %join;
    %fork TD_tb_jkff_pulse_triggered.display_file, S_0x5d118b54a3d0;
    %join;
    %fork TD_tb_jkff_pulse_triggered.errors_check, S_0x5d118b592920;
    %join;
    %fork TD_tb_jkff_pulse_triggered.vectorcount, S_0x5d118b5931e0;
    %join;
    %delay 2, 0;
    %load/vec4 v0x5d118b593f40_0;
    %assign/vec4 v0x5d118b594a10_0, 0;
    %load/vec4 v0x5d118b593c90_0;
    %assign/vec4 v0x5d118b5947d0_0, 0;
    %load/vec4 v0x5d118b593e70_0;
    %assign/vec4 v0x5d118b594950_0, 0;
    %load/vec4 v0x5d118b593bf0_0;
    %assign/vec4 v0x5d118b594710_0, 0;
    %load/vec4 v0x5d118b593dd0_0;
    %assign/vec4 v0x5d118b594890_0, 0;
    %load/vec4 v0x5d118b593b50_0;
    %assign/vec4 v0x5d118b594650_0, 0;
    %load/vec4 v0x5d118b593d30_0;
    %assign/vec4 v0x5d118b5944d0_0, 0;
    %load/vec4 v0x5d118b593a90_0;
    %assign/vec4 v0x5d118b594590_0, 0;
    %jmp T_18;
    .thread T_18;
    .scope S_0x5d118b566eb0;
T_19 ;
T_19.0 ;
    %load/vec4 v0x5d118b5941f0_0;
    %cmpi/ne 1, 0, 1;
    %jmp/0xz T_19.1, 6;
    %wait E_0x5d118b5513b0;
    %jmp T_19.0;
T_19.1 ;
    %vpi_call/w 3 413 "$display" {0 0 0};
    %vpi_call/w 3 414 "$display", "%13s ***time = %0d,eof ***", "\000", $time {0 0 0};
    %vpi_call/w 3 415 "$display" {0 0 0};
    %pushi/vec4 0, 0, 32;
    %store/vec4 v0x5d118b594290_0, 0, 32;
T_19.2 ;
    %load/vec4 v0x5d118b594290_0;
    %cmpi/s 50, 0, 32;
    %jmp/0xz T_19.3, 5;
    %load/vec4 v0x5d118b593950_0;
    %pad/u 32;
    %cmpi/e 1, 0, 32;
    %flag_get/vec4 4;
    %jmp/0 T_19.6, 4;
    %load/vec4 v0x5d118b5939f0_0;
    %pad/u 32;
    %pushi/vec4 2, 0, 32;
    %cmp/e;
    %flag_get/vec4 4;
    %and;
T_19.6;
    %flag_set/vec4 8;
    %jmp/0xz  T_19.4, 8;
    %fork TD_tb_jkff_pulse_triggered.vectorcount, S_0x5d118b5931e0;
    %join;
    %fork TD_tb_jkff_pulse_triggered.close, S_0x5d118b56aa30;
    %join;
    %jmp T_19.5;
T_19.4 ;
    %fork TD_tb_jkff_pulse_triggered.random_in, S_0x5d118b592e20;
    %join;
T_19.5 ;
    ; show_stmt_assign_vector: Get l-value for compressed += operand
    %load/vec4 v0x5d118b594290_0;
    %pushi/vec4 1, 0, 32;
    %add;
    %cast2;
    %store/vec4 v0x5d118b594290_0, 0, 32;
    %jmp T_19.2;
T_19.3 ;
    %fork TD_tb_jkff_pulse_triggered.close, S_0x5d118b56aa30;
    %join;
    %end;
    .thread T_19;
# The file index is used to find the file name in the following table.
:file_names 5;
    "N/A";
    "<interactive>";
    "-";
    "tb_jkff_pulse_triggered.v";
    "jkff_pulse_triggered.v";
