#! /usr/bin/vvp
:ivl_version "12.0 (stable)";
:ivl_delay_selection "TYPICAL";
:vpi_time_precision - 11;
:vpi_module "/usr/lib/x86_64-linux-gnu/ivl/system.vpi";
:vpi_module "/usr/lib/x86_64-linux-gnu/ivl/vhdl_sys.vpi";
:vpi_module "/usr/lib/x86_64-linux-gnu/ivl/vhdl_textio.vpi";
:vpi_module "/usr/lib/x86_64-linux-gnu/ivl/v2005_math.vpi";
:vpi_module "/usr/lib/x86_64-linux-gnu/ivl/va_math.vpi";
:vpi_module "/usr/lib/x86_64-linux-gnu/ivl/v2009.vpi";
S_0x5b077035e800 .scope package, "$unit" "$unit" 2 1;
 .timescale 0 0;
S_0x5b0770361050 .scope module, "tb_jkff_pulse_triggered" "tb_jkff_pulse_triggered" 3 3;
 .timescale -9 -11;
P_0x5b07702eb680 .param/l "TICKPERIOD" 1 3 56, +C4<00000000000000000000000000010100>;
v0x5b077038db40_0 .var "COMMENT", 71 0;
v0x5b077038dc40_0 .var "COMMENT1", 71 0;
v0x5b077038dd20_0 .var "COMMENT2", 71 0;
v0x5b077038dde0_0 .var/i "COUNT", 31 0;
v0x5b077038dec0_0 .var "ERRORS", 31 0;
v0x5b077038dff0_0 .var/i "FD", 31 0;
v0x5b077038e0d0_0 .var "J", 0 0;
v0x5b077038e170_0 .var "K", 0 0;
v0x5b077038e210_0 .net "Q3_data", 0 0, L_0x5b07703919b0;  1 drivers
v0x5b077038e2b0_0 .net "Q3_gate", 0 0, L_0x5b07703901a0;  1 drivers
v0x5b077038e350_0 .net "QBAR3_data", 0 0, L_0x5b0770391be0;  1 drivers
v0x5b077038e3f0_0 .net "QBAR3_gate", 0 0, L_0x5b07703902a0;  1 drivers
v0x5b077038e490_0 .var "QBAREXPECTED", 0 0;
v0x5b077038e530_0 .net "QBAR_beh", 0 0, L_0x5b0770392f10;  1 drivers
v0x5b077038e600_0 .net "QBAR_data", 0 0, L_0x5b07703929e0;  1 drivers
v0x5b077038e6d0_0 .net "QBAR_gate", 0 0, L_0x5b07703908b0;  1 drivers
v0x5b077038e7a0_0 .var "QEXPECTED", 0 0;
v0x5b077038e840_0 .net "Q_beh", 0 0, v0x5b0770388ff0_0;  1 drivers
v0x5b077038e910_0 .net "Q_data", 0 0, L_0x5b0770392700;  1 drivers
v0x5b077038e9e0_0 .net "Q_gate", 0 0, L_0x5b07703907a0;  1 drivers
v0x5b077038eab0_0 .var "TICK", 0 0;
v0x5b077038eb50_0 .var "TICK2", 0 0;
v0x5b077038ebf0_0 .var "VECTORCOUNT", 31 0;
v0x5b077038ec90_0 .var "eof", 0 0;
v0x5b077038ed30_0 .var/2s "i", 31 0;
v0x5b077038edd0 .array "input_coverage", 0 15, 31 0;
v0x5b077038ee70_0 .var "prev_JK", 1 0;
v0x5b077038ef10_0 .var "prev_Q3data", 0 0;
v0x5b077038efd0_0 .net "prev_Q3gate", 0 0, L_0x5b077035db10;  1 drivers
v0x5b077038f0a0_0 .var "prev_QEx", 0 0;
v0x5b077038f140_0 .var "prev_QExbar", 0 0;
v0x5b077038f200_0 .var "prev_Qbar3data", 0 0;
v0x5b077038f2c0_0 .net "prev_Qbar3gate", 0 0, L_0x5b0770338e30;  1 drivers
v0x5b077038f5a0_0 .net "prev_Qbarbeh", 0 0, v0x5b0770388f30_0;  1 drivers
v0x5b077038f670_0 .var "prev_Qbardata", 0 0;
v0x5b077038f710_0 .net "prev_Qbargate", 0 0, L_0x5b0770368fb0;  1 drivers
v0x5b077038f7e0_0 .net "prev_Qbeh", 0 0, v0x5b077036a820_0;  1 drivers
v0x5b077038f8b0_0 .var "prev_Qdata", 0 0;
v0x5b077038f950_0 .net "prev_Qgate", 0 0, L_0x5b077036c990;  1 drivers
E_0x5b0770347020 .event anyedge, v0x5b077038ec90_0;
E_0x5b07703472b0 .event negedge, v0x5b077036caf0_0;
S_0x5b0770361430 .scope task, "QEXP" "QEXP" 3 175, 3 175 0, S_0x5b0770361050;
 .timescale -9 -11;
TD_tb_jkff_pulse_triggered.QEXP ;
    %load/vec4 v0x5b077038f950_0;
    %load/vec4 v0x5b077038f710_0;
    %concat/vec4; draw_concat_vec4
    %cmpi/ne 0, 0, 2;
    %jmp/1 T_0.5, 4;
    %flag_mov 9, 4;
    %load/vec4 v0x5b077038f8b0_0;
    %load/vec4 v0x5b077038f670_0;
    %concat/vec4; draw_concat_vec4
    %cmpi/ne 0, 0, 2;
    %flag_or 4, 9;
T_0.5;
    %flag_get/vec4 4;
    %jmp/1 T_0.4, 4;
    %load/vec4 v0x5b077038f7e0_0;
    %load/vec4 v0x5b077038f5a0_0;
    %concat/vec4; draw_concat_vec4
    %pushi/vec4 0, 0, 2;
    %cmp/ne;
    %flag_get/vec4 4;
    %or;
T_0.4;
    %pad/u 2;
    %cmpi/e 3, 0, 2;
    %jmp/1 T_0.3, 4;
    %flag_mov 9, 4;
    %load/vec4 v0x5b077038f950_0;
    %load/vec4 v0x5b077038f710_0;
    %concat/vec4; draw_concat_vec4
    %cmpi/ne 0, 0, 2;
    %jmp/1 T_0.7, 4;
    %flag_mov 10, 4;
    %load/vec4 v0x5b077038f8b0_0;
    %load/vec4 v0x5b077038f670_0;
    %concat/vec4; draw_concat_vec4
    %cmpi/ne 0, 0, 2;
    %flag_or 4, 10;
T_0.7;
    %flag_get/vec4 4;
    %jmp/1 T_0.6, 4;
    %load/vec4 v0x5b077038f7e0_0;
    %load/vec4 v0x5b077038f5a0_0;
    %concat/vec4; draw_concat_vec4
    %pushi/vec4 0, 0, 2;
    %cmp/ne;
    %flag_get/vec4 4;
    %or;
T_0.6;
    %pad/u 2;
    %cmpi/e 0, 0, 2;
    %flag_or 4, 9;
T_0.3;
    %flag_get/vec4 4;
    %jmp/0 T_0.2, 4;
    %load/vec4 v0x5b077038e0d0_0;
    %load/vec4 v0x5b077038e170_0;
    %concat/vec4; draw_concat_vec4
    %cmpi/e 0, 0, 2;
    %flag_get/vec4 4;
    %jmp/1 T_0.8, 4;
    %load/vec4 v0x5b077038e0d0_0;
    %load/vec4 v0x5b077038e170_0;
    %concat/vec4; draw_concat_vec4
    %pushi/vec4 3, 0, 2;
    %cmp/e;
    %flag_get/vec4 4;
    %or;
T_0.8;
    %and;
T_0.2;
    %flag_set/vec4 8;
    %jmp/0xz  T_0.0, 8;
    %pushi/vec4 1, 1, 1;
    %store/vec4 v0x5b077038e7a0_0, 0, 1;
    %pushi/vec4 1, 1, 1;
    %store/vec4 v0x5b077038e490_0, 0, 1;
    %jmp T_0.1;
T_0.0 ;
    %load/vec4 v0x5b077038e0d0_0;
    %load/vec4 v0x5b077038e170_0;
    %concat/vec4; draw_concat_vec4
    %load/vec4 v0x5b077038eb50_0;
    %concat/vec4; draw_concat_vec4
    %dup/vec4;
    %pushi/vec4 1, 0, 3;
    %cmp/u;
    %jmp/1 T_0.9, 6;
    %dup/vec4;
    %pushi/vec4 3, 0, 3;
    %cmp/u;
    %jmp/1 T_0.10, 6;
    %dup/vec4;
    %pushi/vec4 5, 0, 3;
    %cmp/u;
    %jmp/1 T_0.11, 6;
    %dup/vec4;
    %pushi/vec4 7, 0, 3;
    %cmp/u;
    %jmp/1 T_0.12, 6;
    %load/vec4 v0x5b077038f0a0_0;
    %store/vec4 v0x5b077038e7a0_0, 0, 1;
    %load/vec4 v0x5b077038f140_0;
    %store/vec4 v0x5b077038e490_0, 0, 1;
    %jmp T_0.14;
T_0.9 ;
    %load/vec4 v0x5b077038f0a0_0;
    %store/vec4 v0x5b077038e7a0_0, 0, 1;
    %load/vec4 v0x5b077038f140_0;
    %store/vec4 v0x5b077038e490_0, 0, 1;
    %jmp T_0.14;
T_0.10 ;
    %pushi/vec4 0, 0, 1;
    %store/vec4 v0x5b077038e7a0_0, 0, 1;
    %pushi/vec4 1, 0, 1;
    %store/vec4 v0x5b077038e490_0, 0, 1;
    %jmp T_0.14;
T_0.11 ;
    %pushi/vec4 1, 0, 1;
    %store/vec4 v0x5b077038e7a0_0, 0, 1;
    %pushi/vec4 0, 0, 1;
    %store/vec4 v0x5b077038e490_0, 0, 1;
    %jmp T_0.14;
T_0.12 ;
    %load/vec4 v0x5b077038f0a0_0;
    %inv;
    %store/vec4 v0x5b077038e7a0_0, 0, 1;
    %load/vec4 v0x5b077038f140_0;
    %inv;
    %store/vec4 v0x5b077038e490_0, 0, 1;
    %jmp T_0.14;
T_0.14 ;
    %pop/vec4 1;
T_0.1 ;
    %end;
S_0x5b077035e040 .scope task, "close" "close" 3 221, 3 221 0, S_0x5b0770361050;
 .timescale -9 -11;
TD_tb_jkff_pulse_triggered.close ;
    %delay 1000, 0;
    %vpi_call/w 3 224 "$fclose", v0x5b077038dff0_0 {0 0 0};
    %vpi_call/w 3 226 "$display" {0 0 0};
    %vpi_call/w 3 227 "$display", "COVERAGE_REPORT" {0 0 0};
    %pushi/vec4 0, 0, 32;
    %store/vec4 v0x5b077038ed30_0, 0, 32;
T_1.15 ;
    %load/vec4 v0x5b077038ed30_0;
    %cmpi/s 16, 0, 32;
    %jmp/0xz T_1.16, 5;
    %ix/getv/s 4, v0x5b077038ed30_0;
    %load/vec4a v0x5b077038edd0, 4;
    %cmpi/e 0, 0, 32;
    %jmp/0xz  T_1.17, 4;
    %vpi_call/w 3 233 "$display", "input %b to input %b has occured %d times (***ERROR***)", &PV<v0x5b077038ed30_0, 2, 2>, &PV<v0x5b077038ed30_0, 0, 2>, &A<v0x5b077038edd0, v0x5b077038ed30_0 > {0 0 0};
    %load/vec4 v0x5b077038dec0_0;
    %addi 1, 0, 32;
    %store/vec4 v0x5b077038dec0_0, 0, 32;
    %jmp T_1.18;
T_1.17 ;
    %vpi_call/w 3 240 "$display", "input %b to input %b has occured %d times", &PV<v0x5b077038ed30_0, 2, 2>, &PV<v0x5b077038ed30_0, 0, 2>, &A<v0x5b077038edd0, v0x5b077038ed30_0 > {0 0 0};
T_1.18 ;
    ; show_stmt_assign_vector: Get l-value for compressed += operand
    %load/vec4 v0x5b077038ed30_0;
    %pushi/vec4 1, 0, 32;
    %add;
    %cast2;
    %store/vec4 v0x5b077038ed30_0, 0, 32;
    %jmp T_1.15;
T_1.16 ;
    %vpi_call/w 3 246 "$display" {0 0 0};
    %vpi_call/w 3 247 "$display", "VECTORCOUNT = %d", v0x5b077038ebf0_0 {0 0 0};
    %vpi_call/w 3 248 "$display", "ERRORS = %15d", v0x5b077038dec0_0 {0 0 0};
    %vpi_call/w 3 249 "$display" {0 0 0};
    %vpi_call/w 3 250 "$display", "TEST_END--------------------------------------------------------------------------------------------------------------------------" {0 0 0};
    %vpi_call/w 3 251 "$display" {0 0 0};
    %vpi_call/w 3 253 "$finish" {0 0 0};
    %end;
S_0x5b077035e420 .scope task, "coverage_update" "coverage_update" 3 279, 3 279 0, S_0x5b0770361050;
 .timescale -9 -11;
TD_tb_jkff_pulse_triggered.coverage_update ;
    ; show_stmt_assign_vector: Get l-value for compressed += operand
    %load/vec4 v0x5b077038ee70_0;
    %load/vec4 v0x5b077038e0d0_0;
    %concat/vec4; draw_concat_vec4
    %load/vec4 v0x5b077038e170_0;
    %concat/vec4; draw_concat_vec4
    %pad/u 6;
    %ix/vec4 4;
    %flag_mov 8, 4;
    %load/vec4a v0x5b077038edd0, 4;
    %pushi/vec4 1, 0, 32;
    %add;
    %flag_mov 4, 8;
    %store/vec4a v0x5b077038edd0, 4, 0;
    %end;
S_0x5b077035dcc0 .scope task, "display_file" "display_file" 3 270, 3 270 0, S_0x5b0770361050;
 .timescale -9 -11;
TD_tb_jkff_pulse_triggered.display_file ;
    %vpi_call/w 3 272 "$display", "%10d %9s | %4d | %1d | %1d | %4d     | %4d     | %4d    | %5d     | %5d     | %5d     | %6d       | %2d   |", v0x5b077038ebf0_0, v0x5b077038db40_0, $time, v0x5b077038e0d0_0, v0x5b077038e170_0, v0x5b077038e9e0_0, v0x5b077038e910_0, v0x5b077038e840_0, v0x5b077038e6d0_0, v0x5b077038e600_0, v0x5b077038e7a0_0, v0x5b077038e490_0, v0x5b077038eb50_0 {0 0 0};
    %end;
S_0x5b07703687e0 .scope module, "dut_jkff_pulse_triggered_behavioral" "jkff_pulse_triggered_behavioral" 3 41, 4 147 0, S_0x5b0770361050;
 .timescale -9 -11;
    .port_info 0 /INPUT 1 "j";
    .port_info 1 /INPUT 1 "k";
    .port_info 2 /INPUT 1 "clk";
    .port_info 3 /INPUT 1 "clk2";
    .port_info 4 /OUTPUT 1 "prev_q";
    .port_info 5 /OUTPUT 1 "prev_qbar";
    .port_info 6 /OUTPUT 1 "q";
    .port_info 7 /OUTPUT 1 "qbar";
L_0x5b0770392f10 .functor NOT 1, v0x5b0770388ff0_0, C4<0>, C4<0>, C4<0>;
v0x5b077036caf0_0 .net "clk", 0 0, v0x5b077038eab0_0;  1 drivers
v0x5b077036d720_0 .net "clk2", 0 0, v0x5b077038eb50_0;  1 drivers
v0x5b0770360350_0 .net "j", 0 0, v0x5b077038e0d0_0;  1 drivers
v0x5b07703690d0_0 .net "k", 0 0, v0x5b077038e170_0;  1 drivers
v0x5b077036a820_0 .var "prev_q", 0 0;
v0x5b0770388f30_0 .var "prev_qbar", 0 0;
v0x5b0770388ff0_0 .var "q", 0 0;
v0x5b07703890b0_0 .net "qbar", 0 0, L_0x5b0770392f10;  alias, 1 drivers
E_0x5b0770347570 .event posedge, v0x5b077036caf0_0;
S_0x5b07703892c0 .scope module, "dut_jkff_pulse_triggered_dataflow" "jkff_pulse_triggered_dataflow" 3 40, 4 75 0, S_0x5b0770361050;
 .timescale -9 -11;
    .port_info 0 /INPUT 1 "j";
    .port_info 1 /INPUT 1 "k";
    .port_info 2 /INPUT 1 "clk";
    .port_info 3 /INPUT 1 "clk2";
    .port_info 4 /INPUT 1 "prev_qI";
    .port_info 5 /INPUT 1 "prev_qbarI";
    .port_info 6 /INPUT 1 "prev_qIII";
    .port_info 7 /INPUT 1 "prev_qbarIII";
    .port_info 8 /OUTPUT 1 "q3";
    .port_info 9 /OUTPUT 1 "qbar3";
    .port_info 10 /OUTPUT 1 "q";
    .port_info 11 /OUTPUT 1 "qbar";
L_0x5b0770390a60 .functor BUFZ 1, v0x5b077038a650_0, C4<0>, C4<0>, C4<0>;
L_0x5b0770390ad0 .functor BUFZ 1, v0x5b077038a8d0_0, C4<0>, C4<0>, C4<0>;
L_0x5b0770390b40 .functor BUFZ 1, v0x5b077038a6f0_0, C4<0>, C4<0>, C4<0>;
L_0x5b0770390bb0 .functor BUFZ 1, v0x5b077038a990_0, C4<0>, C4<0>, C4<0>;
L_0x5b0770390c50 .functor AND 1, v0x5b077038e0d0_0, v0x5b077038eab0_0, C4<1>, C4<1>;
L_0x5b0770390cc0 .functor AND 1, L_0x5b0770390c50, v0x5b077038a8d0_0, C4<1>, C4<1>;
L_0x5b0770390e10 .functor NOT 1, L_0x5b0770390cc0, C4<0>, C4<0>, C4<0>;
L_0x5b0770390ed0 .functor AND 1, v0x5b077038e170_0, v0x5b077038eab0_0, C4<1>, C4<1>;
L_0x5b0770390f90 .functor AND 1, L_0x5b0770390ed0, v0x5b077038a650_0, C4<1>, C4<1>;
L_0x5b07703910a0 .functor NOT 1, L_0x5b0770390f90, C4<0>, C4<0>, C4<0>;
L_0x5b07703911c0 .functor AND 1, L_0x5b0770390e10, v0x5b077038a990_0, C4<1>, C4<1>;
L_0x5b0770391280 .functor NOT 1, L_0x5b07703911c0, C4<0>, C4<0>, C4<0>;
L_0x5b07703913b0 .functor AND 1, L_0x5b07703910a0, v0x5b077038a6f0_0, C4<1>, C4<1>;
L_0x5b07703914c0 .functor NOT 1, L_0x5b07703913b0, C4<0>, C4<0>, C4<0>;
L_0x5b0770391340 .functor AND 1, L_0x5b0770390e10, L_0x5b07703914c0, C4<1>, C4<1>;
L_0x5b07703915d0 .functor NOT 1, L_0x5b0770391340, C4<0>, C4<0>, C4<0>;
L_0x5b0770391720 .functor AND 1, L_0x5b07703910a0, L_0x5b0770391280, C4<1>, C4<1>;
L_0x5b07703917e0 .functor NOT 1, L_0x5b0770391720, C4<0>, C4<0>, C4<0>;
L_0x5b0770391940 .functor AND 1, L_0x5b0770390e10, L_0x5b07703917e0, C4<1>, C4<1>;
L_0x5b07703919b0 .functor NOT 1, L_0x5b0770391940, C4<0>, C4<0>, C4<0>;
L_0x5b0770391b70 .functor AND 1, L_0x5b07703910a0, L_0x5b07703915d0, C4<1>, C4<1>;
L_0x5b0770391be0 .functor NOT 1, L_0x5b0770391b70, C4<0>, C4<0>, C4<0>;
L_0x5b0770391db0 .functor AND 1, L_0x5b07703919b0, v0x5b077038eb50_0, C4<1>, C4<1>;
L_0x5b0770391e20 .functor NOT 1, L_0x5b0770391db0, C4<0>, C4<0>, C4<0>;
L_0x5b07703905d0 .functor AND 1, L_0x5b0770391be0, v0x5b077038eb50_0, C4<1>, C4<1>;
L_0x5b0770391fb0 .functor NOT 1, L_0x5b07703905d0, C4<0>, C4<0>, C4<0>;
L_0x5b0770392150 .functor AND 1, L_0x5b0770391e20, v0x5b077038a8d0_0, C4<1>, C4<1>;
L_0x5b0770392210 .functor NOT 1, L_0x5b0770392150, C4<0>, C4<0>, C4<0>;
L_0x5b07703923c0 .functor AND 1, L_0x5b0770391fb0, v0x5b077038a650_0, C4<1>, C4<1>;
L_0x5b0770392480 .functor NOT 1, L_0x5b07703923c0, C4<0>, C4<0>, C4<0>;
L_0x5b0770392640 .functor AND 1, L_0x5b0770391e20, L_0x5b0770392480, C4<1>, C4<1>;
L_0x5b0770392700 .functor NOT 1, L_0x5b0770392640, C4<0>, C4<0>, C4<0>;
L_0x5b0770392920 .functor AND 1, L_0x5b0770391fb0, L_0x5b0770392210, C4<1>, C4<1>;
L_0x5b07703929e0 .functor NOT 1, L_0x5b0770392920, C4<0>, C4<0>, C4<0>;
v0x5b0770389580_0 .net *"_ivl_10", 0 0, L_0x5b0770390cc0;  1 drivers
v0x5b0770389680_0 .net *"_ivl_14", 0 0, L_0x5b0770390ed0;  1 drivers
v0x5b0770389760_0 .net *"_ivl_16", 0 0, L_0x5b0770390f90;  1 drivers
v0x5b0770389820_0 .net *"_ivl_20", 0 0, L_0x5b07703911c0;  1 drivers
v0x5b0770389900_0 .net *"_ivl_24", 0 0, L_0x5b07703913b0;  1 drivers
v0x5b0770389a30_0 .net *"_ivl_28", 0 0, L_0x5b0770391340;  1 drivers
v0x5b0770389b10_0 .net *"_ivl_32", 0 0, L_0x5b0770391720;  1 drivers
v0x5b0770389bf0_0 .net *"_ivl_36", 0 0, L_0x5b0770391940;  1 drivers
v0x5b0770389cd0_0 .net *"_ivl_40", 0 0, L_0x5b0770391b70;  1 drivers
v0x5b0770389db0_0 .net *"_ivl_44", 0 0, L_0x5b0770391db0;  1 drivers
v0x5b0770389e90_0 .net *"_ivl_48", 0 0, L_0x5b07703905d0;  1 drivers
v0x5b0770389f70_0 .net *"_ivl_52", 0 0, L_0x5b0770392150;  1 drivers
v0x5b077038a050_0 .net *"_ivl_56", 0 0, L_0x5b07703923c0;  1 drivers
v0x5b077038a130_0 .net *"_ivl_60", 0 0, L_0x5b0770392640;  1 drivers
v0x5b077038a210_0 .net *"_ivl_64", 0 0, L_0x5b0770392920;  1 drivers
v0x5b077038a2f0_0 .net *"_ivl_8", 0 0, L_0x5b0770390c50;  1 drivers
v0x5b077038a3d0_0 .net "clk", 0 0, v0x5b077038eab0_0;  alias, 1 drivers
v0x5b077038a470_0 .net "clk2", 0 0, v0x5b077038eb50_0;  alias, 1 drivers
v0x5b077038a510_0 .net "j", 0 0, v0x5b077038e0d0_0;  alias, 1 drivers
v0x5b077038a5b0_0 .net "k", 0 0, v0x5b077038e170_0;  alias, 1 drivers
v0x5b077038a650_0 .var "prev_q", 0 0;
v0x5b077038a6f0_0 .var "prev_q3", 0 0;
RS_0x714039cfc678 .resolv tri, L_0x5b0770390a60, v0x5b077038f8b0_0;
v0x5b077038a790_0 .net8 "prev_qI", 0 0, RS_0x714039cfc678;  2 drivers
RS_0x714039cfc6a8 .resolv tri, L_0x5b0770390b40, v0x5b077038ef10_0;
v0x5b077038a830_0 .net8 "prev_qIII", 0 0, RS_0x714039cfc6a8;  2 drivers
v0x5b077038a8d0_0 .var "prev_qbar", 0 0;
v0x5b077038a990_0 .var "prev_qbar3", 0 0;
RS_0x714039cfc738 .resolv tri, L_0x5b0770390ad0, v0x5b077038f670_0;
v0x5b077038aa50_0 .net8 "prev_qbarI", 0 0, RS_0x714039cfc738;  2 drivers
RS_0x714039cfc768 .resolv tri, L_0x5b0770390bb0, v0x5b077038f200_0;
v0x5b077038ab10_0 .net8 "prev_qbarIII", 0 0, RS_0x714039cfc768;  2 drivers
v0x5b077038abd0_0 .net "q", 0 0, L_0x5b0770392700;  alias, 1 drivers
v0x5b077038ac90_0 .net "q1", 0 0, L_0x5b0770391280;  1 drivers
v0x5b077038ad50_0 .net "q2", 0 0, L_0x5b07703915d0;  1 drivers
v0x5b077038ae10_0 .net "q3", 0 0, L_0x5b07703919b0;  alias, 1 drivers
v0x5b077038aed0_0 .net "q4", 0 0, L_0x5b0770392210;  1 drivers
v0x5b077038af90_0 .net "qbar", 0 0, L_0x5b07703929e0;  alias, 1 drivers
v0x5b077038b050_0 .net "qbar1", 0 0, L_0x5b07703914c0;  1 drivers
v0x5b077038b110_0 .net "qbar2", 0 0, L_0x5b07703917e0;  1 drivers
v0x5b077038b1d0_0 .net "qbar3", 0 0, L_0x5b0770391be0;  alias, 1 drivers
v0x5b077038b290_0 .net "qbar4", 0 0, L_0x5b0770392480;  1 drivers
v0x5b077038b350_0 .net "r", 0 0, L_0x5b0770391fb0;  1 drivers
v0x5b077038b410_0 .net "r1", 0 0, L_0x5b07703910a0;  1 drivers
v0x5b077038b4d0_0 .net "s", 0 0, L_0x5b0770391e20;  1 drivers
v0x5b077038b590_0 .net "s1", 0 0, L_0x5b0770390e10;  1 drivers
S_0x5b077038b7d0 .scope module, "dut_jkff_pulse_triggered_gate" "jkff_pulse_triggered_gate" 3 39, 4 3 0, S_0x5b0770361050;
 .timescale -9 -11;
    .port_info 0 /INPUT 1 "j";
    .port_info 1 /INPUT 1 "k";
    .port_info 2 /INPUT 1 "clk";
    .port_info 3 /INPUT 1 "clk2";
    .port_info 4 /OUTPUT 1 "prev_qI";
    .port_info 5 /OUTPUT 1 "prev_qbarI";
    .port_info 6 /OUTPUT 1 "prev_qIII";
    .port_info 7 /OUTPUT 1 "prev_qbarIII";
    .port_info 8 /OUTPUT 1 "q3";
    .port_info 9 /OUTPUT 1 "qbar3";
    .port_info 10 /OUTPUT 1 "q";
    .port_info 11 /OUTPUT 1 "qbar";
L_0x5b077036c990 .functor BUFZ 1, v0x5b077038be90_0, C4<0>, C4<0>, C4<0>;
L_0x5b0770368fb0 .functor BUFZ 1, v0x5b077038c1a0_0, C4<0>, C4<0>, C4<0>;
L_0x5b077035db10 .functor BUFZ 1, v0x5b077038bf80_0, C4<0>, C4<0>, C4<0>;
L_0x5b0770338e30 .functor BUFZ 1, v0x5b077038c260_0, C4<0>, C4<0>, C4<0>;
L_0x5b0770340270 .functor NAND 1, v0x5b077038e0d0_0, v0x5b077038eab0_0, v0x5b077038c1a0_0, C4<1>;
L_0x5b077038fc30 .functor NAND 1, v0x5b077038e170_0, v0x5b077038eab0_0, v0x5b077038be90_0, C4<1>;
L_0x5b077038fda0 .functor NAND 1, L_0x5b0770340270, v0x5b077038c260_0, C4<1>, C4<1>;
L_0x5b077038fe60 .functor NAND 1, L_0x5b077038fc30, v0x5b077038bf80_0, C4<1>, C4<1>;
L_0x5b077038ffc0 .functor NAND 1, L_0x5b0770340270, L_0x5b077038fe60, C4<1>, C4<1>;
L_0x5b0770390080 .functor NAND 1, L_0x5b077038fc30, L_0x5b077038fda0, C4<1>, C4<1>;
L_0x5b07703901a0 .functor NAND 1, L_0x5b0770340270, L_0x5b0770390080, C4<1>, C4<1>;
L_0x5b07703902a0 .functor NAND 1, L_0x5b077038fc30, L_0x5b077038ffc0, C4<1>, C4<1>;
L_0x5b0770390460 .functor NAND 1, L_0x5b07703901a0, v0x5b077038eb50_0, C4<1>, C4<1>;
L_0x5b0770390560 .functor NAND 1, L_0x5b07703902a0, v0x5b077038eb50_0, C4<1>, C4<1>;
L_0x5b07703903f0 .functor NAND 1, L_0x5b0770390460, v0x5b077038c1a0_0, C4<1>, C4<1>;
L_0x5b0770390650 .functor NAND 1, L_0x5b0770390560, v0x5b077038be90_0, C4<1>, C4<1>;
L_0x5b07703907a0 .functor NAND 1, L_0x5b0770390460, L_0x5b0770390650, C4<1>, C4<1>;
L_0x5b07703908b0 .functor NAND 1, L_0x5b0770390560, L_0x5b07703903f0, C4<1>, C4<1>;
v0x5b077038ba90_0 .net "clk", 0 0, v0x5b077038eab0_0;  alias, 1 drivers
v0x5b077038bba0_0 .net "clk2", 0 0, v0x5b077038eb50_0;  alias, 1 drivers
v0x5b077038bcb0_0 .net "j", 0 0, v0x5b077038e0d0_0;  alias, 1 drivers
v0x5b077038bda0_0 .net "k", 0 0, v0x5b077038e170_0;  alias, 1 drivers
v0x5b077038be90_0 .var "prev_q", 0 0;
v0x5b077038bf80_0 .var "prev_q3", 0 0;
v0x5b077038c020_0 .net "prev_qI", 0 0, L_0x5b077036c990;  alias, 1 drivers
v0x5b077038c0e0_0 .net "prev_qIII", 0 0, L_0x5b077035db10;  alias, 1 drivers
v0x5b077038c1a0_0 .var "prev_qbar", 0 0;
v0x5b077038c260_0 .var "prev_qbar3", 0 0;
v0x5b077038c320_0 .net "prev_qbarI", 0 0, L_0x5b0770368fb0;  alias, 1 drivers
v0x5b077038c3e0_0 .net "prev_qbarIII", 0 0, L_0x5b0770338e30;  alias, 1 drivers
v0x5b077038c4a0_0 .net "q", 0 0, L_0x5b07703907a0;  alias, 1 drivers
v0x5b077038c560_0 .net "q1", 0 0, L_0x5b077038fda0;  1 drivers
v0x5b077038c620_0 .net "q2", 0 0, L_0x5b077038ffc0;  1 drivers
v0x5b077038c6e0_0 .net "q3", 0 0, L_0x5b07703901a0;  alias, 1 drivers
v0x5b077038c7a0_0 .net "q4", 0 0, L_0x5b07703903f0;  1 drivers
v0x5b077038c860_0 .net "qbar", 0 0, L_0x5b07703908b0;  alias, 1 drivers
v0x5b077038c920_0 .net "qbar1", 0 0, L_0x5b077038fe60;  1 drivers
v0x5b077038c9e0_0 .net "qbar2", 0 0, L_0x5b0770390080;  1 drivers
v0x5b077038caa0_0 .net "qbar3", 0 0, L_0x5b07703902a0;  alias, 1 drivers
v0x5b077038cb60_0 .net "qbar4", 0 0, L_0x5b0770390650;  1 drivers
v0x5b077038cc20_0 .net "r", 0 0, L_0x5b0770390560;  1 drivers
v0x5b077038cce0_0 .net "r1", 0 0, L_0x5b077038fc30;  1 drivers
v0x5b077038cda0_0 .net "s", 0 0, L_0x5b0770390460;  1 drivers
v0x5b077038ce60_0 .net "s1", 0 0, L_0x5b0770340270;  1 drivers
S_0x5b077038d0a0 .scope task, "errors_check" "errors_check" 3 288, 3 288 0, S_0x5b0770361050;
 .timescale -9 -11;
TD_tb_jkff_pulse_triggered.errors_check ;
    %load/vec4 v0x5b077038f950_0;
    %load/vec4 v0x5b077038f710_0;
    %concat/vec4; draw_concat_vec4
    %cmpi/ne 0, 0, 2;
    %jmp/1 T_4.23, 4;
    %flag_mov 9, 4;
    %load/vec4 v0x5b077038f8b0_0;
    %load/vec4 v0x5b077038f670_0;
    %concat/vec4; draw_concat_vec4
    %cmpi/ne 0, 0, 2;
    %flag_or 4, 9;
T_4.23;
    %flag_get/vec4 4;
    %jmp/1 T_4.22, 4;
    %load/vec4 v0x5b077038f7e0_0;
    %load/vec4 v0x5b077038f5a0_0;
    %concat/vec4; draw_concat_vec4
    %pushi/vec4 0, 0, 2;
    %cmp/ne;
    %flag_get/vec4 4;
    %or;
T_4.22;
    %pad/u 2;
    %cmpi/e 0, 0, 2;
    %flag_get/vec4 4;
    %jmp/0 T_4.21, 4;
    %load/vec4 v0x5b077038e0d0_0;
    %load/vec4 v0x5b077038e170_0;
    %concat/vec4; draw_concat_vec4
    %cmpi/e 0, 0, 2;
    %flag_get/vec4 4;
    %jmp/1 T_4.24, 4;
    %load/vec4 v0x5b077038e0d0_0;
    %load/vec4 v0x5b077038e170_0;
    %concat/vec4; draw_concat_vec4
    %pushi/vec4 3, 0, 2;
    %cmp/e;
    %flag_get/vec4 4;
    %or;
T_4.24;
    %and;
T_4.21;
    %flag_set/vec4 8;
    %jmp/0xz  T_4.19, 8;
    %vpi_call/w 3 293 "$display", "***ERROR: ILLEGAL CONDITION,RACING CONDITION" {0 0 0};
    %load/vec4 v0x5b077038dec0_0;
    %addi 1, 0, 32;
    %store/vec4 v0x5b077038dec0_0, 0, 32;
T_4.19 ;
    %load/vec4 v0x5b077038f950_0;
    %load/vec4 v0x5b077038f710_0;
    %concat/vec4; draw_concat_vec4
    %cmpi/ne 0, 0, 2;
    %jmp/1 T_4.29, 4;
    %flag_mov 9, 4;
    %load/vec4 v0x5b077038f8b0_0;
    %load/vec4 v0x5b077038f670_0;
    %concat/vec4; draw_concat_vec4
    %cmpi/ne 0, 0, 2;
    %flag_or 4, 9;
T_4.29;
    %flag_get/vec4 4;
    %jmp/1 T_4.28, 4;
    %load/vec4 v0x5b077038f7e0_0;
    %load/vec4 v0x5b077038f5a0_0;
    %concat/vec4; draw_concat_vec4
    %pushi/vec4 0, 0, 2;
    %cmp/ne;
    %flag_get/vec4 4;
    %or;
T_4.28;
    %pad/u 2;
    %cmpi/e 3, 0, 2;
    %flag_get/vec4 4;
    %jmp/0 T_4.27, 4;
    %load/vec4 v0x5b077038e0d0_0;
    %load/vec4 v0x5b077038e170_0;
    %concat/vec4; draw_concat_vec4
    %cmpi/e 3, 0, 2;
    %flag_get/vec4 4;
    %jmp/1 T_4.30, 4;
    %load/vec4 v0x5b077038e0d0_0;
    %load/vec4 v0x5b077038e170_0;
    %concat/vec4; draw_concat_vec4
    %pushi/vec4 0, 0, 2;
    %cmp/e;
    %flag_get/vec4 4;
    %or;
T_4.30;
    %and;
T_4.27;
    %flag_set/vec4 8;
    %jmp/0xz  T_4.25, 8;
    %vpi_call/w 3 300 "$display", "***ERROR: ILLEGAL CONDITION, q = qbar" {0 0 0};
    %load/vec4 v0x5b077038dec0_0;
    %addi 1, 0, 32;
    %store/vec4 v0x5b077038dec0_0, 0, 32;
T_4.25 ;
    %load/vec4 v0x5b077038e9e0_0;
    %load/vec4 v0x5b077038e7a0_0;
    %cmp/ne;
    %jmp/0xz  T_4.31, 6;
    %vpi_call/w 3 309 "$display", "***ERROR: Q_gate = %b, Q_expected = %b", v0x5b077038e9e0_0, v0x5b077038e7a0_0 {0 0 0};
    %load/vec4 v0x5b077038dec0_0;
    %addi 1, 0, 32;
    %store/vec4 v0x5b077038dec0_0, 0, 32;
T_4.31 ;
    %load/vec4 v0x5b077038e910_0;
    %load/vec4 v0x5b077038e7a0_0;
    %cmp/ne;
    %jmp/0xz  T_4.33, 6;
    %vpi_call/w 3 316 "$display", "***ERROR: Q_dataflow = %b, Q_expected = %b", v0x5b077038e910_0, v0x5b077038e7a0_0 {0 0 0};
    %load/vec4 v0x5b077038dec0_0;
    %addi 1, 0, 32;
    %store/vec4 v0x5b077038dec0_0, 0, 32;
T_4.33 ;
    %load/vec4 v0x5b077038e840_0;
    %load/vec4 v0x5b077038e7a0_0;
    %cmp/ne;
    %jmp/0xz  T_4.35, 6;
    %vpi_call/w 3 323 "$display", "***ERROR: Q_behavioral = %b, Q_expected = %b", v0x5b077038e840_0, v0x5b077038e7a0_0 {0 0 0};
    %load/vec4 v0x5b077038dec0_0;
    %addi 1, 0, 32;
    %store/vec4 v0x5b077038dec0_0, 0, 32;
T_4.35 ;
    %load/vec4 v0x5b077038e6d0_0;
    %load/vec4 v0x5b077038e490_0;
    %cmp/ne;
    %jmp/0xz  T_4.37, 6;
    %vpi_call/w 3 330 "$display", "***ERROR: QBAR_gate = %b, QBAR_expected = %b", v0x5b077038e6d0_0, v0x5b077038e490_0 {0 0 0};
    %load/vec4 v0x5b077038dec0_0;
    %addi 1, 0, 32;
    %store/vec4 v0x5b077038dec0_0, 0, 32;
T_4.37 ;
    %load/vec4 v0x5b077038e600_0;
    %load/vec4 v0x5b077038e490_0;
    %cmp/ne;
    %jmp/0xz  T_4.39, 6;
    %vpi_call/w 3 337 "$display", "***ERROR: QBAR_dataflow = %b, QBAR_expected = %b", v0x5b077038e600_0, v0x5b077038e490_0 {0 0 0};
    %load/vec4 v0x5b077038dec0_0;
    %addi 1, 0, 32;
    %store/vec4 v0x5b077038dec0_0, 0, 32;
T_4.39 ;
    %load/vec4 v0x5b077038e0d0_0;
    %load/vec4 v0x5b077038e170_0;
    %concat/vec4; draw_concat_vec4
    %load/vec4 v0x5b077038ee70_0;
    %cmp/ne;
    %jmp/0xz  T_4.41, 6;
    %vpi_call/w 3 344 "$display", "***ERROR: Racing Condition Occur" {0 0 0};
    %load/vec4 v0x5b077038dec0_0;
    %addi 1, 0, 32;
    %store/vec4 v0x5b077038dec0_0, 0, 32;
T_4.41 ;
    %end;
S_0x5b077038d230 .scope task, "force_release" "force_release" 3 107, 3 107 0, S_0x5b0770361050;
 .timescale -9 -11;
TD_tb_jkff_pulse_triggered.force_release ;
    %delay 11, 0;
    %pushi/vec4 0, 0, 1;
    %force/vec4 v0x5b077038e9e0_0;
    %pushi/vec4 1, 0, 1;
    %force/vec4 v0x5b077038e6d0_0;
    %pushi/vec4 0, 0, 1;
    %force/vec4 v0x5b077038e2b0_0;
    %pushi/vec4 1, 0, 1;
    %force/vec4 v0x5b077038e3f0_0;
    %pushi/vec4 0, 0, 1;
    %force/vec4 v0x5b077038e910_0;
    %pushi/vec4 1, 0, 1;
    %force/vec4 v0x5b077038e600_0;
    %pushi/vec4 0, 0, 1;
    %force/vec4 v0x5b077038e210_0;
    %pushi/vec4 1, 0, 1;
    %force/vec4 v0x5b077038e350_0;
    %pushi/vec4 0, 0, 1;
    %force/vec4 v0x5b077038e840_0;
    %pushi/vec4 1, 0, 1;
    %force/vec4 v0x5b077038e530_0;
    %delay 1000, 0;
    %release/net v0x5b077038e9e0_0, 0, 1;
    %release/net v0x5b077038e6d0_0, 0, 1;
    %release/net v0x5b077038e2b0_0, 0, 1;
    %release/net v0x5b077038e3f0_0, 0, 1;
    %release/net v0x5b077038e910_0, 0, 1;
    %release/net v0x5b077038e600_0, 0, 1;
    %release/net v0x5b077038e210_0, 0, 1;
    %release/net v0x5b077038e350_0, 0, 1;
    %release/net v0x5b077038e840_0, 0, 1;
    %release/net v0x5b077038e530_0, 0, 1;
    %end;
S_0x5b077038d410 .scope task, "initialize" "initialize" 3 77, 3 77 0, S_0x5b0770361050;
 .timescale -9 -11;
TD_tb_jkff_pulse_triggered.initialize ;
    %vpi_func 3 79 "$fopen" 32, "tb_jkff_pulse_triggered.tv", "r" {0 0 0};
    %store/vec4 v0x5b077038dff0_0, 0, 32;
    %vpi_func 3 80 "$fscanf" 32, v0x5b077038dff0_0, "%s", v0x5b077038db40_0 {0 0 0};
    %store/vec4 v0x5b077038dde0_0, 0, 32;
    %vpi_func 3 82 "$fscanf" 32, v0x5b077038dff0_0, "%s %b %b %s %s", v0x5b077038db40_0, v0x5b077038e0d0_0, v0x5b077038e170_0, v0x5b077038dc40_0, v0x5b077038dd20_0 {0 0 0};
    %store/vec4 v0x5b077038dde0_0, 0, 32;
    %pushi/vec4 0, 0, 1;
    %store/vec4 v0x5b077038eab0_0, 0, 1;
    %pushi/vec4 0, 0, 32;
    %store/vec4 v0x5b077038ebf0_0, 0, 32;
    %pushi/vec4 0, 0, 32;
    %store/vec4 v0x5b077038dec0_0, 0, 32;
    %pushi/vec4 0, 0, 32;
    %store/vec4 v0x5b077038ed30_0, 0, 32;
T_6.43 ;
    %load/vec4 v0x5b077038ed30_0;
    %cmpi/s 16, 0, 32;
    %jmp/0xz T_6.44, 5;
    %pushi/vec4 0, 0, 32;
    %ix/getv/s 4, v0x5b077038ed30_0;
    %store/vec4a v0x5b077038edd0, 4, 0;
    ; show_stmt_assign_vector: Get l-value for compressed += operand
    %load/vec4 v0x5b077038ed30_0;
    %pushi/vec4 1, 0, 32;
    %add;
    %cast2;
    %store/vec4 v0x5b077038ed30_0, 0, 32;
    %jmp T_6.43;
T_6.44 ;
    %pushi/vec4 0, 0, 1;
    %store/vec4 v0x5b077038ec90_0, 0, 1;
    %pushi/vec4 0, 0, 1;
    %store/vec4 v0x5b077038eb50_0, 0, 1;
    %vpi_call/w 3 94 "$display" {0 0 0};
    %vpi_call/w 3 95 "$display", "TEST_START------------------------------------------------------------------------------------------------------------------------" {0 0 0};
    %vpi_call/w 3 96 "$display" {0 0 0};
    %vpi_call/w 3 97 "$display", "                     | TIME | J | K |  Q_gate  |  Q_data  |  Q_beh  | QBAR_gate | QBAR_data | QEXPECTED | QBAREXPECTED | CLK2 |" {0 0 0};
    %vpi_call/w 3 98 "$display", "----------------------------------------------------------------------------------------------------------------------------------" {0 0 0};
    %end;
S_0x5b077038d5a0 .scope task, "random_in" "random_in" 3 153, 3 153 0, S_0x5b0770361050;
 .timescale -9 -11;
TD_tb_jkff_pulse_triggered.random_in ;
    %vpi_func 3 155 "$urandom" 32 {0 0 0};
    %pushi/vec4 2, 0, 32;
    %mod;
    %pad/u 1;
    %store/vec4 v0x5b077038e0d0_0, 0, 1;
    %vpi_func 3 156 "$urandom" 32 {0 0 0};
    %pushi/vec4 2, 0, 32;
    %mod;
    %pad/u 1;
    %store/vec4 v0x5b077038e170_0, 0, 1;
    %load/vec4 v0x5b077038e0d0_0;
    %load/vec4 v0x5b077038e170_0;
    %concat/vec4; draw_concat_vec4
    %dup/vec4;
    %pushi/vec4 0, 0, 2;
    %cmp/u;
    %jmp/1 T_7.45, 6;
    %dup/vec4;
    %pushi/vec4 1, 0, 2;
    %cmp/u;
    %jmp/1 T_7.46, 6;
    %dup/vec4;
    %pushi/vec4 2, 0, 2;
    %cmp/u;
    %jmp/1 T_7.47, 6;
    %dup/vec4;
    %pushi/vec4 3, 0, 2;
    %cmp/u;
    %jmp/1 T_7.48, 6;
    %jmp T_7.49;
T_7.45 ;
    %load/vec4 v0x5b077038f950_0;
    %load/vec4 v0x5b077038f710_0;
    %concat/vec4; draw_concat_vec4
    %cmpi/ne 0, 0, 2;
    %jmp/1 T_7.54, 4;
    %flag_mov 8, 4;
    %load/vec4 v0x5b077038f8b0_0;
    %load/vec4 v0x5b077038f670_0;
    %concat/vec4; draw_concat_vec4
    %cmpi/ne 0, 0, 2;
    %flag_or 4, 8;
T_7.54;
    %flag_get/vec4 4;
    %jmp/1 T_7.53, 4;
    %load/vec4 v0x5b077038f7e0_0;
    %load/vec4 v0x5b077038f5a0_0;
    %concat/vec4; draw_concat_vec4
    %pushi/vec4 0, 0, 2;
    %cmp/ne;
    %flag_get/vec4 4;
    %or;
T_7.53;
    %pad/u 2;
    %cmpi/e 3, 0, 2;
    %jmp/1 T_7.52, 4;
    %flag_mov 8, 4;
    %load/vec4 v0x5b077038f950_0;
    %load/vec4 v0x5b077038f710_0;
    %concat/vec4; draw_concat_vec4
    %cmpi/ne 0, 0, 2;
    %jmp/1 T_7.56, 4;
    %flag_mov 9, 4;
    %load/vec4 v0x5b077038f8b0_0;
    %load/vec4 v0x5b077038f670_0;
    %concat/vec4; draw_concat_vec4
    %cmpi/ne 0, 0, 2;
    %flag_or 4, 9;
T_7.56;
    %flag_get/vec4 4;
    %jmp/1 T_7.55, 4;
    %load/vec4 v0x5b077038f7e0_0;
    %load/vec4 v0x5b077038f5a0_0;
    %concat/vec4; draw_concat_vec4
    %pushi/vec4 0, 0, 2;
    %cmp/ne;
    %flag_get/vec4 4;
    %or;
T_7.55;
    %pad/u 2;
    %cmpi/e 0, 0, 2;
    %flag_or 4, 8;
T_7.52;
    %flag_mov 8, 4;
    %jmp/0 T_7.50, 8;
    %pushi/vec4 18764, 0, 32; draw_string_vec4
    %pushi/vec4 1279608641, 0, 32; draw_string_vec4
    %concat/vec4; draw_string_vec4
    %pushi/vec4 76, 0, 8; draw_string_vec4
    %concat/vec4; draw_string_vec4
    %jmp/1 T_7.51, 8;
T_7.50 ; End of true expr.
    %pushi/vec4 0, 0, 32; draw_string_vec4
    %pushi/vec4 4738892, 0, 32; draw_string_vec4
    %concat/vec4; draw_string_vec4
    %pushi/vec4 68, 0, 8; draw_string_vec4
    %concat/vec4; draw_string_vec4
    %jmp/0 T_7.51, 8;
 ; End of false expr.
    %blend;
T_7.51;
    %store/vec4 v0x5b077038db40_0, 0, 72;
    %jmp T_7.49;
T_7.46 ;
    %pushi/vec4 0, 0, 32; draw_string_vec4
    %pushi/vec4 1380275013, 0, 32; draw_string_vec4
    %concat/vec4; draw_string_vec4
    %pushi/vec4 84, 0, 8; draw_string_vec4
    %concat/vec4; draw_string_vec4
    %store/vec4 v0x5b077038db40_0, 0, 72;
    %jmp T_7.49;
T_7.47 ;
    %pushi/vec4 0, 0, 32; draw_string_vec4
    %pushi/vec4 21317, 0, 32; draw_string_vec4
    %concat/vec4; draw_string_vec4
    %pushi/vec4 84, 0, 8; draw_string_vec4
    %concat/vec4; draw_string_vec4
    %store/vec4 v0x5b077038db40_0, 0, 72;
    %jmp T_7.49;
T_7.48 ;
    %load/vec4 v0x5b077038f950_0;
    %load/vec4 v0x5b077038f710_0;
    %concat/vec4; draw_concat_vec4
    %cmpi/ne 0, 0, 2;
    %jmp/1 T_7.61, 4;
    %flag_mov 8, 4;
    %load/vec4 v0x5b077038f8b0_0;
    %load/vec4 v0x5b077038f670_0;
    %concat/vec4; draw_concat_vec4
    %cmpi/ne 0, 0, 2;
    %flag_or 4, 8;
T_7.61;
    %flag_get/vec4 4;
    %jmp/1 T_7.60, 4;
    %load/vec4 v0x5b077038f7e0_0;
    %load/vec4 v0x5b077038f5a0_0;
    %concat/vec4; draw_concat_vec4
    %pushi/vec4 0, 0, 2;
    %cmp/ne;
    %flag_get/vec4 4;
    %or;
T_7.60;
    %pad/u 2;
    %cmpi/e 3, 0, 2;
    %jmp/1 T_7.59, 4;
    %flag_mov 8, 4;
    %load/vec4 v0x5b077038f950_0;
    %load/vec4 v0x5b077038f710_0;
    %concat/vec4; draw_concat_vec4
    %cmpi/ne 0, 0, 2;
    %jmp/1 T_7.63, 4;
    %flag_mov 9, 4;
    %load/vec4 v0x5b077038f8b0_0;
    %load/vec4 v0x5b077038f670_0;
    %concat/vec4; draw_concat_vec4
    %cmpi/ne 0, 0, 2;
    %flag_or 4, 9;
T_7.63;
    %flag_get/vec4 4;
    %jmp/1 T_7.62, 4;
    %load/vec4 v0x5b077038f7e0_0;
    %load/vec4 v0x5b077038f5a0_0;
    %concat/vec4; draw_concat_vec4
    %pushi/vec4 0, 0, 2;
    %cmp/ne;
    %flag_get/vec4 4;
    %or;
T_7.62;
    %pad/u 2;
    %cmpi/e 0, 0, 2;
    %flag_or 4, 8;
T_7.59;
    %flag_mov 8, 4;
    %jmp/0 T_7.57, 8;
    %pushi/vec4 18764, 0, 32; draw_string_vec4
    %pushi/vec4 1279608641, 0, 32; draw_string_vec4
    %concat/vec4; draw_string_vec4
    %pushi/vec4 76, 0, 8; draw_string_vec4
    %concat/vec4; draw_string_vec4
    %jmp/1 T_7.58, 8;
T_7.57 ; End of true expr.
    %pushi/vec4 84, 0, 32; draw_string_vec4
    %pushi/vec4 1330071372, 0, 32; draw_string_vec4
    %concat/vec4; draw_string_vec4
    %pushi/vec4 69, 0, 8; draw_string_vec4
    %concat/vec4; draw_string_vec4
    %jmp/0 T_7.58, 8;
 ; End of false expr.
    %blend;
T_7.58;
    %store/vec4 v0x5b077038db40_0, 0, 72;
    %jmp T_7.49;
T_7.49 ;
    %pop/vec4 1;
    %pushi/real 1717986918, 4062; load=0.100000
    %pushi/real 1677722, 4040; load=0.100000
    %add/wr;
    %vpi_func 3 168 "$urandom_range" 32, W<0,r>, 32'sb00000000000000000000000000001010 {0 1 0};
    %pad/u 64;
    %muli 100, 0, 64;
    %ix/vec4 4;
    %delayx 4;
    %end;
S_0x5b077038d780 .scope task, "scan_file" "scan_file" 3 142, 3 142 0, S_0x5b0770361050;
 .timescale -9 -11;
TD_tb_jkff_pulse_triggered.scan_file ;
    %vpi_func 3 145 "$fscanf" 32, v0x5b077038dff0_0, "%s %b %b %b %b", v0x5b077038db40_0, v0x5b077038e0d0_0, v0x5b077038e170_0, v0x5b077038e7a0_0, v0x5b077038e490_0 {0 0 0};
    %store/vec4 v0x5b077038dde0_0, 0, 32;
    %load/vec4 v0x5b077038dde0_0;
    %pushi/vec4 4294967295, 0, 32;
    %cmp/e;
    %flag_get/vec4 4;
    %store/vec4 v0x5b077038ec90_0, 0, 1;
    %end;
S_0x5b077038d960 .scope task, "vectorcount" "vectorcount" 3 260, 3 260 0, S_0x5b0770361050;
 .timescale -9 -11;
TD_tb_jkff_pulse_triggered.vectorcount ;
    %load/vec4 v0x5b077038ebf0_0;
    %addi 1, 0, 32;
    %store/vec4 v0x5b077038ebf0_0, 0, 32;
    %end;
    .scope S_0x5b077038b7d0;
T_10 ;
    %wait E_0x5b0770347570;
    %delay 12, 0;
    %load/vec4 v0x5b077038c4a0_0;
    %store/vec4 v0x5b077038be90_0, 0, 1;
    %load/vec4 v0x5b077038c860_0;
    %store/vec4 v0x5b077038c1a0_0, 0, 1;
    %load/vec4 v0x5b077038c6e0_0;
    %store/vec4 v0x5b077038bf80_0, 0, 1;
    %load/vec4 v0x5b077038caa0_0;
    %store/vec4 v0x5b077038c260_0, 0, 1;
    %jmp T_10;
    .thread T_10;
    .scope S_0x5b07703892c0;
T_11 ;
    %wait E_0x5b0770347570;
    %delay 12, 0;
    %load/vec4 v0x5b077038abd0_0;
    %store/vec4 v0x5b077038a650_0, 0, 1;
    %load/vec4 v0x5b077038af90_0;
    %store/vec4 v0x5b077038a8d0_0, 0, 1;
    %load/vec4 v0x5b077038ae10_0;
    %store/vec4 v0x5b077038a6f0_0, 0, 1;
    %load/vec4 v0x5b077038b1d0_0;
    %store/vec4 v0x5b077038a990_0, 0, 1;
    %jmp T_11;
    .thread T_11;
    .scope S_0x5b07703687e0;
T_12 ;
    %wait E_0x5b0770347570;
    %delay 12, 0;
    %load/vec4 v0x5b0770388ff0_0;
    %store/vec4 v0x5b077036a820_0, 0, 1;
    %load/vec4 v0x5b07703890b0_0;
    %store/vec4 v0x5b0770388f30_0, 0, 1;
    %jmp T_12;
    .thread T_12;
    .scope S_0x5b07703687e0;
T_13 ;
    %wait E_0x5b0770347570;
    %load/vec4 v0x5b0770360350_0;
    %load/vec4 v0x5b07703690d0_0;
    %concat/vec4; draw_concat_vec4
    %load/vec4 v0x5b077036d720_0;
    %concat/vec4; draw_concat_vec4
    %dup/vec4;
    %pushi/vec4 1, 0, 3;
    %cmp/u;
    %jmp/1 T_13.0, 6;
    %dup/vec4;
    %pushi/vec4 3, 0, 3;
    %cmp/u;
    %jmp/1 T_13.1, 6;
    %dup/vec4;
    %pushi/vec4 5, 0, 3;
    %cmp/u;
    %jmp/1 T_13.2, 6;
    %dup/vec4;
    %pushi/vec4 7, 0, 3;
    %cmp/u;
    %jmp/1 T_13.3, 6;
    %load/vec4 v0x5b0770388ff0_0;
    %assign/vec4 v0x5b0770388ff0_0, 0;
    %jmp T_13.5;
T_13.0 ;
    %load/vec4 v0x5b0770388ff0_0;
    %assign/vec4 v0x5b0770388ff0_0, 0;
    %jmp T_13.5;
T_13.1 ;
    %pushi/vec4 0, 0, 1;
    %assign/vec4 v0x5b0770388ff0_0, 0;
    %jmp T_13.5;
T_13.2 ;
    %pushi/vec4 1, 0, 1;
    %assign/vec4 v0x5b0770388ff0_0, 0;
    %jmp T_13.5;
T_13.3 ;
    %load/vec4 v0x5b0770388ff0_0;
    %inv;
    %assign/vec4 v0x5b0770388ff0_0, 0;
    %jmp T_13.5;
T_13.5 ;
    %pop/vec4 1;
    %jmp T_13;
    .thread T_13;
    .scope S_0x5b0770361050;
T_14 ;
    %vpi_call/w 3 49 "$dumpfile", "tb_jkff_pulse_triggered.vcd" {0 0 0};
    %vpi_call/w 3 50 "$dumpvars", 32'sb00000000000000000000000000000000, S_0x5b0770361050 {0 0 0};
    %end;
    .thread T_14;
    .scope S_0x5b0770361050;
T_15 ;
    %delay 1000, 0;
    %load/vec4 v0x5b077038eab0_0;
    %inv;
    %store/vec4 v0x5b077038eab0_0, 0, 1;
    %jmp T_15;
    .thread T_15;
    .scope S_0x5b0770361050;
T_16 ;
    %delay 2000, 0;
    %load/vec4 v0x5b077038eb50_0;
    %inv;
    %store/vec4 v0x5b077038eb50_0, 0, 1;
    %jmp T_16;
    .thread T_16;
    .scope S_0x5b0770361050;
T_17 ;
    %fork TD_tb_jkff_pulse_triggered.initialize, S_0x5b077038d410;
    %join;
    %wait E_0x5b0770347570;
    %fork TD_tb_jkff_pulse_triggered.force_release, S_0x5b077038d230;
    %join;
    %end;
    .thread T_17;
    .scope S_0x5b0770361050;
T_18 ;
    %wait E_0x5b07703472b0;
    %delay 120, 0;
    %load/vec4 v0x5b077038ec90_0;
    %nor/r;
    %flag_set/vec4 8;
    %jmp/0xz  T_18.0, 8;
    %fork TD_tb_jkff_pulse_triggered.scan_file, S_0x5b077038d780;
    %join;
T_18.0 ;
    %jmp T_18;
    .thread T_18;
    .scope S_0x5b0770361050;
T_19 ;
    %wait E_0x5b0770347570;
    %fork TD_tb_jkff_pulse_triggered.coverage_update, S_0x5b077035e420;
    %join;
    %load/vec4 v0x5b077038e0d0_0;
    %load/vec4 v0x5b077038e170_0;
    %concat/vec4; draw_concat_vec4
    %store/vec4 v0x5b077038ee70_0, 0, 2;
    %delay 10, 0;
    %fork TD_tb_jkff_pulse_triggered.QEXP, S_0x5b0770361430;
    %join;
    %fork TD_tb_jkff_pulse_triggered.display_file, S_0x5b077035dcc0;
    %join;
    %fork TD_tb_jkff_pulse_triggered.errors_check, S_0x5b077038d0a0;
    %join;
    %fork TD_tb_jkff_pulse_triggered.vectorcount, S_0x5b077038d960;
    %join;
    %delay 10, 0;
    %load/vec4 v0x5b077038e7a0_0;
    %assign/vec4 v0x5b077038f0a0_0, 0;
    %load/vec4 v0x5b077038e490_0;
    %assign/vec4 v0x5b077038f140_0, 0;
    %jmp T_19;
    .thread T_19;
    .scope S_0x5b0770361050;
T_20 ;
T_20.0 ;
    %load/vec4 v0x5b077038ec90_0;
    %cmpi/ne 1, 0, 1;
    %jmp/0xz T_20.1, 6;
    %wait E_0x5b0770347020;
    %jmp T_20.0;
T_20.1 ;
    %vpi_call/w 3 419 "$display" {0 0 0};
    %vpi_call/w 3 420 "$display", "%13s ***time = %0d,eof ***", "\000", $time {0 0 0};
    %vpi_call/w 3 421 "$display" {0 0 0};
    %pushi/vec4 0, 0, 32;
    %store/vec4 v0x5b077038ed30_0, 0, 32;
T_20.2 ;
    %load/vec4 v0x5b077038ed30_0;
    %cmpi/s 50, 0, 32;
    %jmp/0xz T_20.3, 5;
    %load/vec4 v0x5b077038e0d0_0;
    %pad/u 32;
    %cmpi/e 1, 0, 32;
    %flag_get/vec4 4;
    %jmp/0 T_20.6, 4;
    %load/vec4 v0x5b077038e170_0;
    %pad/u 32;
    %pushi/vec4 2, 0, 32;
    %cmp/e;
    %flag_get/vec4 4;
    %and;
T_20.6;
    %flag_set/vec4 8;
    %jmp/0xz  T_20.4, 8;
    %fork TD_tb_jkff_pulse_triggered.vectorcount, S_0x5b077038d960;
    %join;
    %fork TD_tb_jkff_pulse_triggered.close, S_0x5b077035e040;
    %join;
    %jmp T_20.5;
T_20.4 ;
    %fork TD_tb_jkff_pulse_triggered.random_in, S_0x5b077038d5a0;
    %join;
T_20.5 ;
    ; show_stmt_assign_vector: Get l-value for compressed += operand
    %load/vec4 v0x5b077038ed30_0;
    %pushi/vec4 1, 0, 32;
    %add;
    %cast2;
    %store/vec4 v0x5b077038ed30_0, 0, 32;
    %jmp T_20.2;
T_20.3 ;
    %fork TD_tb_jkff_pulse_triggered.close, S_0x5b077035e040;
    %join;
    %end;
    .thread T_20;
# The file index is used to find the file name in the following table.
:file_names 5;
    "N/A";
    "<interactive>";
    "-";
    "tb_jkff_pulse_triggered.v";
    "jkff_pulse_triggered.v";
