#! /usr/bin/vvp
:ivl_version "12.0 (stable)";
:ivl_delay_selection "TYPICAL";
:vpi_time_precision - 11;
:vpi_module "/usr/lib/x86_64-linux-gnu/ivl/system.vpi";
:vpi_module "/usr/lib/x86_64-linux-gnu/ivl/vhdl_sys.vpi";
:vpi_module "/usr/lib/x86_64-linux-gnu/ivl/vhdl_textio.vpi";
:vpi_module "/usr/lib/x86_64-linux-gnu/ivl/v2005_math.vpi";
:vpi_module "/usr/lib/x86_64-linux-gnu/ivl/va_math.vpi";
:vpi_module "/usr/lib/x86_64-linux-gnu/ivl/v2009.vpi";
S_0x606060168b20 .scope package, "$unit" "$unit" 2 1;
 .timescale 0 0;
S_0x60606019fa30 .scope module, "tb_fsm_moore" "tb_fsm_moore" 3 3;
 .timescale -9 -11;
P_0x606060169b70 .param/l "MATCH" 0 3 26, C4<101>;
P_0x606060169bb0 .param/l "ONE1" 0 3 26, C4<011>;
P_0x606060169bf0 .param/l "ONE2" 0 3 26, C4<100>;
P_0x606060169c30 .param/l "START" 0 3 26, C4<000>;
P_0x606060169c70 .param/l "TICKPERIOD" 1 3 46, +C4<00000000000000000000000000010100>;
P_0x606060169cb0 .param/l "ZERO1" 0 3 26, C4<001>;
P_0x606060169cf0 .param/l "ZERO2" 0 3 26, C4<010>;
v0x6060601e45d0_0 .var "COMMENT", 247 0;
v0x6060601e46d0_0 .var/i "COUNT", 31 0;
v0x6060601e47b0_0 .var "ERRORS", 31 0;
v0x6060601e48a0_0 .var/i "FD", 31 0;
L_0x789c8289d018 .functor BUFT 1, C4<1>, C4<0>, C4<0>, C4<0>;
v0x6060601e4980_0 .net "FOUND", 0 0, L_0x789c8289d018;  1 drivers
v0x6060601e4a70_0 .var "FOUND_EXPECTED", 0 0;
v0x6060601e4b10_0 .var "FOUND_EXPECTED1", 0 0;
v0x6060601e4bd0_0 .var "IN", 0 0;
v0x6060601e4ca0_0 .var "INPUT", 1 0;
v0x6060601e4d60_0 .var "NEXT_STATE", 2 0;
v0x6060601e4e40_0 .var "RST", 0 0;
v0x6060601e4f10_0 .var "STATE", 2 0;
v0x6060601e4fd0_0 .var "TICK", 0 0;
v0x6060601e50a0_0 .var "VECTORCOUNT", 31 0;
v0x6060601e5160_0 .var "eof", 0 0;
v0x6060601e5220_0 .var/2s "i", 31 0;
v0x6060601e5300 .array "input_coverage", 3 0, 31 0;
v0x6060601e53c0_0 .var "prev_INPUT", 1 0;
v0x6060601e54a0 .array "state_coverage", 11 0, 31 0;
E_0x6060601a0540 .event anyedge, v0x6060601e5160_0;
S_0x60606013a490 .scope task, "OUT_EXP" "OUT_EXP" 3 262, 3 262 0, S_0x60606019fa30;
 .timescale -9 -11;
TD_tb_fsm_moore.OUT_EXP ;
    %load/vec4 v0x6060601e4e40_0;
    %flag_set/vec4 8;
    %jmp/0xz  T_0.0, 8;
    %pushi/vec4 0, 0, 3;
    %store/vec4 v0x6060601e4f10_0, 0, 3;
    %load/vec4 v0x6060601e4e40_0;
    %load/vec4 v0x6060601e4f10_0;
    %load/vec4 v0x6060601e4d60_0;
    %store/vec4 v0x6060601e1c40_0, 0, 3;
    %store/vec4 v0x6060601e1de0_0, 0, 3;
    %store/vec4 v0x6060601e1d20_0, 0, 1;
    %callf/vec4 TD_tb_fsm_moore.cmt, S_0x6060601e1a60;
    %pad/u 248;
    %store/vec4 v0x6060601e45d0_0, 0, 248;
    %jmp T_0.1;
T_0.0 ;
    %load/vec4 v0x6060601e4e40_0;
    %load/vec4 v0x6060601e4f10_0;
    %load/vec4 v0x6060601e4d60_0;
    %store/vec4 v0x6060601e1c40_0, 0, 3;
    %store/vec4 v0x6060601e1de0_0, 0, 3;
    %store/vec4 v0x6060601e1d20_0, 0, 1;
    %callf/vec4 TD_tb_fsm_moore.cmt, S_0x6060601e1a60;
    %pad/u 248;
    %store/vec4 v0x6060601e45d0_0, 0, 248;
    %load/vec4 v0x6060601e4d60_0;
    %store/vec4 v0x6060601e4f10_0, 0, 3;
T_0.1 ;
    %load/vec4 v0x6060601e4f10_0;
    %load/vec4 v0x6060601e4bd0_0;
    %store/vec4 v0x6060601e3bd0_0, 0, 1;
    %store/vec4 v0x6060601e3cb0_0, 0, 3;
    %callf/vec4 TD_tb_fsm_moore.next_state, S_0x6060601e3a40;
    %store/vec4 v0x6060601e4d60_0, 0, 3;
    %pushi/vec4 1, 0, 1;
    %store/vec4 v0x6060601e4a70_0, 0, 1;
    %end;
S_0x60606013a670 .scope task, "close" "close" 3 285, 3 285 0, S_0x60606019fa30;
 .timescale -9 -11;
TD_tb_fsm_moore.close ;
    %delay 1000, 0;
    %vpi_call/w 3 289 "$fclose", v0x6060601e48a0_0 {0 0 0};
    %vpi_call/w 3 291 "$display" {0 0 0};
    %vpi_call/w 3 292 "$display", "COVERAGE_REPORT" {0 0 0};
    %fork t_1, S_0x6060601c2f90;
    %jmp t_0;
    .scope S_0x6060601c2f90;
t_1 ;
    %pushi/vec4 0, 0, 32;
    %store/vec4 v0x6060601c0ad0_0, 0, 32;
T_1.2 ;
    %load/vec4 v0x6060601c0ad0_0;
    %cmpi/s 4, 0, 32;
    %jmp/0xz T_1.3, 5;
    %ix/getv/s 4, v0x6060601c0ad0_0;
    %load/vec4a v0x6060601e5300, 4;
    %cmpi/e 0, 0, 32;
    %jmp/0xz  T_1.4, 4;
    %vpi_call/w 3 297 "$display", "input RST = %b, IN = %b has occured %d times ***ERROR***", &PV<v0x6060601c0ad0_0, 1, 1>, &PV<v0x6060601c0ad0_0, 0, 1>, &A<v0x6060601e5300, v0x6060601c0ad0_0 > {0 0 0};
    %load/vec4 v0x6060601e47b0_0;
    %addi 1, 0, 32;
    %store/vec4 v0x6060601e47b0_0, 0, 32;
    %jmp T_1.5;
T_1.4 ;
    %load/vec4 v0x6060601c0ad0_0;
    %cmpi/e 3, 0, 32;
    %jmp/0xz  T_1.6, 4;
    %vpi_call/w 3 302 "$display", "input RST = %b, IN = %b has occured %d times ***same logic as above while RST = 1***", &PV<v0x6060601c0ad0_0, 1, 1>, &PV<v0x6060601c0ad0_0, 0, 1>, &A<v0x6060601e5300, v0x6060601c0ad0_0 > {0 0 0};
    %jmp T_1.7;
T_1.6 ;
    %vpi_call/w 3 306 "$display", "input RST = %b, IN = %b has occured %d times", &PV<v0x6060601c0ad0_0, 1, 1>, &PV<v0x6060601c0ad0_0, 0, 1>, &A<v0x6060601e5300, v0x6060601c0ad0_0 > {0 0 0};
T_1.7 ;
T_1.5 ;
    ; show_stmt_assign_vector: Get l-value for compressed += operand
    %load/vec4 v0x6060601c0ad0_0;
    %pushi/vec4 1, 0, 32;
    %add;
    %cast2;
    %store/vec4 v0x6060601c0ad0_0, 0, 32;
    %jmp T_1.2;
T_1.3 ;
    %end;
    .scope S_0x60606013a670;
t_0 %join;
    %fork t_3, S_0x6060601e1820;
    %jmp t_2;
    .scope S_0x6060601e1820;
t_3 ;
    %pushi/vec4 0, 0, 32;
    %store/vec4 v0x6060601c1030_0, 0, 32;
T_1.8 ;
    %load/vec4 v0x6060601c1030_0;
    %cmpi/s 12, 0, 32;
    %jmp/0xz T_1.9, 5;
    %ix/getv/s 4, v0x6060601c1030_0;
    %load/vec4a v0x6060601e54a0, 4;
    %cmpi/e 0, 0, 32;
    %jmp/0xz  T_1.10, 4;
    %load/vec4 v0x6060601c1030_0;
    %store/vec4 v0x6060601e2260_0, 0, 4;
    %callf/vec4 TD_tb_fsm_moore.cmt1, S_0x6060601e1f80;
    %vpi_call/w 3 315 "$display", "state = %-16s has occured %d times ***ERROR***", S<0,vec4,u120>, &A<v0x6060601e54a0, v0x6060601c1030_0 > {1 0 0};
    %load/vec4 v0x6060601e47b0_0;
    %addi 1, 0, 32;
    %store/vec4 v0x6060601e47b0_0, 0, 32;
    %jmp T_1.11;
T_1.10 ;
    %load/vec4 v0x6060601c1030_0;
    %store/vec4 v0x6060601e2260_0, 0, 4;
    %callf/vec4 TD_tb_fsm_moore.cmt1, S_0x6060601e1f80;
    %vpi_call/w 3 320 "$display", "state = %-16s has occured %d times", S<0,vec4,u120>, &A<v0x6060601e54a0, v0x6060601c1030_0 > {1 0 0};
T_1.11 ;
    ; show_stmt_assign_vector: Get l-value for compressed += operand
    %load/vec4 v0x6060601c1030_0;
    %pushi/vec4 1, 0, 32;
    %add;
    %cast2;
    %store/vec4 v0x6060601c1030_0, 0, 32;
    %jmp T_1.8;
T_1.9 ;
    %end;
    .scope S_0x60606013a670;
t_2 %join;
    %vpi_call/w 3 325 "$display" {0 0 0};
    %vpi_call/w 3 326 "$display", "VECTORCOUNT = %d", v0x6060601e50a0_0 {0 0 0};
    %vpi_call/w 3 327 "$display", "ERRORS = %15d", v0x6060601e47b0_0 {0 0 0};
    %vpi_call/w 3 328 "$display" {0 0 0};
    %vpi_call/w 3 329 "$display", "TEST_END--------------------------------------------------------------------------------------------------------------------------" {0 0 0};
    %vpi_call/w 3 330 "$display" {0 0 0};
    %vpi_call/w 3 332 "$finish" {0 0 0};
    %end;
S_0x6060601c2f90 .scope begin, "$ivl_for_loop0" "$ivl_for_loop0" 3 294, 3 294 0, S_0x60606013a670;
 .timescale -9 -11;
v0x6060601c0ad0_0 .var/2s "j", 31 0;
S_0x6060601e1820 .scope begin, "$ivl_for_loop1" "$ivl_for_loop1" 3 312, 3 312 0, S_0x60606013a670;
 .timescale -9 -11;
v0x6060601c1030_0 .var/2s "j", 31 0;
S_0x6060601e1a60 .scope function.vec4.s256, "cmt" "cmt" 3 57, 3 57 0, S_0x60606019fa30;
 .timescale -9 -11;
v0x6060601e1c40_0 .var "NEXT_STATE", 2 0;
v0x6060601e1d20_0 .var "RST", 0 0;
v0x6060601e1de0_0 .var "STATE", 2 0;
; Variable cmt is vec4 return value of scope S_0x6060601e1a60
TD_tb_fsm_moore.cmt ;
    %load/vec4 v0x6060601e1d20_0;
    %flag_set/vec4 8;
    %jmp/0xz  T_2.12, 8;
    %pushi/vec4 0, 0, 32; draw_string_vec4
    %pushi/vec4 0, 0, 32; draw_string_vec4
    %concat/vec4; draw_string_vec4
    %pushi/vec4 0, 0, 32; draw_string_vec4
    %concat/vec4; draw_string_vec4
    %pushi/vec4 0, 0, 32; draw_string_vec4
    %concat/vec4; draw_string_vec4
    %pushi/vec4 0, 0, 32; draw_string_vec4
    %concat/vec4; draw_string_vec4
    %pushi/vec4 1381192799, 0, 32; draw_string_vec4
    %concat/vec4; draw_string_vec4
    %pushi/vec4 1953455955, 0, 32; draw_string_vec4
    %concat/vec4; draw_string_vec4
    %pushi/vec4 1413567060, 0, 32; draw_string_vec4
    %concat/vec4; draw_string_vec4
    %ret/vec4 0, 0, 256;  Assign to cmt (store_vec4_to_lval)
    %jmp T_2.13;
T_2.12 ;
    %load/vec4 v0x6060601e1de0_0;
    %load/vec4 v0x6060601e1c40_0;
    %concat/vec4; draw_concat_vec4
    %dup/vec4;
    %pushi/vec4 1, 0, 6;
    %cmp/u;
    %jmp/1 T_2.14, 6;
    %dup/vec4;
    %pushi/vec4 0, 0, 6;
    %cmp/u;
    %jmp/1 T_2.15, 6;
    %dup/vec4;
    %pushi/vec4 10, 0, 6;
    %cmp/u;
    %jmp/1 T_2.16, 6;
    %dup/vec4;
    %pushi/vec4 8, 0, 6;
    %cmp/u;
    %jmp/1 T_2.17, 6;
    %dup/vec4;
    %pushi/vec4 19, 0, 6;
    %cmp/u;
    %jmp/1 T_2.18, 6;
    %dup/vec4;
    %pushi/vec4 18, 0, 6;
    %cmp/u;
    %jmp/1 T_2.19, 6;
    %dup/vec4;
    %pushi/vec4 28, 0, 6;
    %cmp/u;
    %jmp/1 T_2.20, 6;
    %dup/vec4;
    %pushi/vec4 25, 0, 6;
    %cmp/u;
    %jmp/1 T_2.21, 6;
    %dup/vec4;
    %pushi/vec4 37, 0, 6;
    %cmp/u;
    %jmp/1 T_2.22, 6;
    %dup/vec4;
    %pushi/vec4 32, 0, 6;
    %cmp/u;
    %jmp/1 T_2.23, 6;
    %dup/vec4;
    %pushi/vec4 40, 0, 6;
    %cmp/u;
    %jmp/1 T_2.24, 6;
    %dup/vec4;
    %pushi/vec4 42, 0, 6;
    %cmp/u;
    %jmp/1 T_2.25, 6;
    %pushi/vec4 0, 0, 32; draw_string_vec4
    %pushi/vec4 0, 0, 32; draw_string_vec4
    %concat/vec4; draw_string_vec4
    %pushi/vec4 0, 0, 32; draw_string_vec4
    %concat/vec4; draw_string_vec4
    %pushi/vec4 0, 0, 32; draw_string_vec4
    %concat/vec4; draw_string_vec4
    %pushi/vec4 0, 0, 32; draw_string_vec4
    %concat/vec4; draw_string_vec4
    %pushi/vec4 0, 0, 32; draw_string_vec4
    %concat/vec4; draw_string_vec4
    %pushi/vec4 0, 0, 32; draw_string_vec4
    %concat/vec4; draw_string_vec4
    %pushi/vec4 7895160, 0, 32; draw_string_vec4
    %concat/vec4; draw_string_vec4
    %ret/vec4 0, 0, 256;  Assign to cmt (store_vec4_to_lval)
    %jmp T_2.27;
T_2.14 ;
    %pushi/vec4 0, 0, 32; draw_string_vec4
    %pushi/vec4 0, 0, 32; draw_string_vec4
    %concat/vec4; draw_string_vec4
    %pushi/vec4 0, 0, 32; draw_string_vec4
    %concat/vec4; draw_string_vec4
    %pushi/vec4 0, 0, 32; draw_string_vec4
    %concat/vec4; draw_string_vec4
    %pushi/vec4 21332, 0, 32; draw_string_vec4
    %concat/vec4; draw_string_vec4
    %pushi/vec4 1095914591, 0, 32; draw_string_vec4
    %concat/vec4; draw_string_vec4
    %pushi/vec4 1953455962, 0, 32; draw_string_vec4
    %concat/vec4; draw_string_vec4
    %pushi/vec4 1163022129, 0, 32; draw_string_vec4
    %concat/vec4; draw_string_vec4
    %ret/vec4 0, 0, 256;  Assign to cmt (store_vec4_to_lval)
    %jmp T_2.27;
T_2.15 ;
    %pushi/vec4 0, 0, 32; draw_string_vec4
    %pushi/vec4 0, 0, 32; draw_string_vec4
    %concat/vec4; draw_string_vec4
    %pushi/vec4 0, 0, 32; draw_string_vec4
    %concat/vec4; draw_string_vec4
    %pushi/vec4 0, 0, 32; draw_string_vec4
    %concat/vec4; draw_string_vec4
    %pushi/vec4 21332, 0, 32; draw_string_vec4
    %concat/vec4; draw_string_vec4
    %pushi/vec4 1095914591, 0, 32; draw_string_vec4
    %concat/vec4; draw_string_vec4
    %pushi/vec4 1953455955, 0, 32; draw_string_vec4
    %concat/vec4; draw_string_vec4
    %pushi/vec4 1413567060, 0, 32; draw_string_vec4
    %concat/vec4; draw_string_vec4
    %ret/vec4 0, 0, 256;  Assign to cmt (store_vec4_to_lval)
    %jmp T_2.27;
T_2.16 ;
    %pushi/vec4 0, 0, 32; draw_string_vec4
    %pushi/vec4 0, 0, 32; draw_string_vec4
    %concat/vec4; draw_string_vec4
    %pushi/vec4 0, 0, 32; draw_string_vec4
    %concat/vec4; draw_string_vec4
    %pushi/vec4 0, 0, 32; draw_string_vec4
    %concat/vec4; draw_string_vec4
    %pushi/vec4 23109, 0, 32; draw_string_vec4
    %concat/vec4; draw_string_vec4
    %pushi/vec4 1380921695, 0, 32; draw_string_vec4
    %concat/vec4; draw_string_vec4
    %pushi/vec4 1953455962, 0, 32; draw_string_vec4
    %concat/vec4; draw_string_vec4
    %pushi/vec4 1163022130, 0, 32; draw_string_vec4
    %concat/vec4; draw_string_vec4
    %ret/vec4 0, 0, 256;  Assign to cmt (store_vec4_to_lval)
    %jmp T_2.27;
T_2.17 ;
    %pushi/vec4 0, 0, 32; draw_string_vec4
    %pushi/vec4 0, 0, 32; draw_string_vec4
    %concat/vec4; draw_string_vec4
    %pushi/vec4 0, 0, 32; draw_string_vec4
    %concat/vec4; draw_string_vec4
    %pushi/vec4 0, 0, 32; draw_string_vec4
    %concat/vec4; draw_string_vec4
    %pushi/vec4 23109, 0, 32; draw_string_vec4
    %concat/vec4; draw_string_vec4
    %pushi/vec4 1380921695, 0, 32; draw_string_vec4
    %concat/vec4; draw_string_vec4
    %pushi/vec4 1953455955, 0, 32; draw_string_vec4
    %concat/vec4; draw_string_vec4
    %pushi/vec4 1413567060, 0, 32; draw_string_vec4
    %concat/vec4; draw_string_vec4
    %ret/vec4 0, 0, 256;  Assign to cmt (store_vec4_to_lval)
    %jmp T_2.27;
T_2.18 ;
    %pushi/vec4 0, 0, 32; draw_string_vec4
    %pushi/vec4 0, 0, 32; draw_string_vec4
    %concat/vec4; draw_string_vec4
    %pushi/vec4 0, 0, 32; draw_string_vec4
    %concat/vec4; draw_string_vec4
    %pushi/vec4 0, 0, 32; draw_string_vec4
    %concat/vec4; draw_string_vec4
    %pushi/vec4 90, 0, 32; draw_string_vec4
    %concat/vec4; draw_string_vec4
    %pushi/vec4 1163022130, 0, 32; draw_string_vec4
    %concat/vec4; draw_string_vec4
    %pushi/vec4 1601466207, 0, 32; draw_string_vec4
    %concat/vec4; draw_string_vec4
    %pushi/vec4 1330529585, 0, 32; draw_string_vec4
    %concat/vec4; draw_string_vec4
    %ret/vec4 0, 0, 256;  Assign to cmt (store_vec4_to_lval)
    %jmp T_2.27;
T_2.19 ;
    %pushi/vec4 0, 0, 32; draw_string_vec4
    %pushi/vec4 0, 0, 32; draw_string_vec4
    %concat/vec4; draw_string_vec4
    %pushi/vec4 0, 0, 32; draw_string_vec4
    %concat/vec4; draw_string_vec4
    %pushi/vec4 0, 0, 32; draw_string_vec4
    %concat/vec4; draw_string_vec4
    %pushi/vec4 23109, 0, 32; draw_string_vec4
    %concat/vec4; draw_string_vec4
    %pushi/vec4 1380921951, 0, 32; draw_string_vec4
    %concat/vec4; draw_string_vec4
    %pushi/vec4 1953455962, 0, 32; draw_string_vec4
    %concat/vec4; draw_string_vec4
    %pushi/vec4 1163022130, 0, 32; draw_string_vec4
    %concat/vec4; draw_string_vec4
    %ret/vec4 0, 0, 256;  Assign to cmt (store_vec4_to_lval)
    %jmp T_2.27;
T_2.20 ;
    %pushi/vec4 0, 0, 32; draw_string_vec4
    %pushi/vec4 0, 0, 32; draw_string_vec4
    %concat/vec4; draw_string_vec4
    %pushi/vec4 0, 0, 32; draw_string_vec4
    %concat/vec4; draw_string_vec4
    %pushi/vec4 0, 0, 32; draw_string_vec4
    %concat/vec4; draw_string_vec4
    %pushi/vec4 0, 0, 32; draw_string_vec4
    %concat/vec4; draw_string_vec4
    %pushi/vec4 1330529585, 0, 32; draw_string_vec4
    %concat/vec4; draw_string_vec4
    %pushi/vec4 1601466207, 0, 32; draw_string_vec4
    %concat/vec4; draw_string_vec4
    %pushi/vec4 1330529586, 0, 32; draw_string_vec4
    %concat/vec4; draw_string_vec4
    %ret/vec4 0, 0, 256;  Assign to cmt (store_vec4_to_lval)
    %jmp T_2.27;
T_2.21 ;
    %pushi/vec4 0, 0, 32; draw_string_vec4
    %pushi/vec4 0, 0, 32; draw_string_vec4
    %concat/vec4; draw_string_vec4
    %pushi/vec4 0, 0, 32; draw_string_vec4
    %concat/vec4; draw_string_vec4
    %pushi/vec4 0, 0, 32; draw_string_vec4
    %concat/vec4; draw_string_vec4
    %pushi/vec4 79, 0, 32; draw_string_vec4
    %concat/vec4; draw_string_vec4
    %pushi/vec4 1313157471, 0, 32; draw_string_vec4
    %concat/vec4; draw_string_vec4
    %pushi/vec4 1953455962, 0, 32; draw_string_vec4
    %concat/vec4; draw_string_vec4
    %pushi/vec4 1163022129, 0, 32; draw_string_vec4
    %concat/vec4; draw_string_vec4
    %ret/vec4 0, 0, 256;  Assign to cmt (store_vec4_to_lval)
    %jmp T_2.27;
T_2.22 ;
    %pushi/vec4 0, 0, 32; draw_string_vec4
    %pushi/vec4 0, 0, 32; draw_string_vec4
    %concat/vec4; draw_string_vec4
    %pushi/vec4 0, 0, 32; draw_string_vec4
    %concat/vec4; draw_string_vec4
    %pushi/vec4 0, 0, 32; draw_string_vec4
    %concat/vec4; draw_string_vec4
    %pushi/vec4 79, 0, 32; draw_string_vec4
    %concat/vec4; draw_string_vec4
    %pushi/vec4 1313157727, 0, 32; draw_string_vec4
    %concat/vec4; draw_string_vec4
    %pushi/vec4 1953455949, 0, 32; draw_string_vec4
    %concat/vec4; draw_string_vec4
    %pushi/vec4 1096041288, 0, 32; draw_string_vec4
    %concat/vec4; draw_string_vec4
    %ret/vec4 0, 0, 256;  Assign to cmt (store_vec4_to_lval)
    %jmp T_2.27;
T_2.23 ;
    %pushi/vec4 0, 0, 32; draw_string_vec4
    %pushi/vec4 0, 0, 32; draw_string_vec4
    %concat/vec4; draw_string_vec4
    %pushi/vec4 0, 0, 32; draw_string_vec4
    %concat/vec4; draw_string_vec4
    %pushi/vec4 0, 0, 32; draw_string_vec4
    %concat/vec4; draw_string_vec4
    %pushi/vec4 79, 0, 32; draw_string_vec4
    %concat/vec4; draw_string_vec4
    %pushi/vec4 1313157727, 0, 32; draw_string_vec4
    %concat/vec4; draw_string_vec4
    %pushi/vec4 1953455955, 0, 32; draw_string_vec4
    %concat/vec4; draw_string_vec4
    %pushi/vec4 1413567060, 0, 32; draw_string_vec4
    %concat/vec4; draw_string_vec4
    %ret/vec4 0, 0, 256;  Assign to cmt (store_vec4_to_lval)
    %jmp T_2.27;
T_2.24 ;
    %pushi/vec4 0, 0, 32; draw_string_vec4
    %pushi/vec4 0, 0, 32; draw_string_vec4
    %concat/vec4; draw_string_vec4
    %pushi/vec4 0, 0, 32; draw_string_vec4
    %concat/vec4; draw_string_vec4
    %pushi/vec4 0, 0, 32; draw_string_vec4
    %concat/vec4; draw_string_vec4
    %pushi/vec4 19777, 0, 32; draw_string_vec4
    %concat/vec4; draw_string_vec4
    %pushi/vec4 1413695583, 0, 32; draw_string_vec4
    %concat/vec4; draw_string_vec4
    %pushi/vec4 1953455955, 0, 32; draw_string_vec4
    %concat/vec4; draw_string_vec4
    %pushi/vec4 1413567060, 0, 32; draw_string_vec4
    %concat/vec4; draw_string_vec4
    %ret/vec4 0, 0, 256;  Assign to cmt (store_vec4_to_lval)
    %jmp T_2.27;
T_2.25 ;
    %pushi/vec4 0, 0, 32; draw_string_vec4
    %pushi/vec4 0, 0, 32; draw_string_vec4
    %concat/vec4; draw_string_vec4
    %pushi/vec4 0, 0, 32; draw_string_vec4
    %concat/vec4; draw_string_vec4
    %pushi/vec4 0, 0, 32; draw_string_vec4
    %concat/vec4; draw_string_vec4
    %pushi/vec4 19777, 0, 32; draw_string_vec4
    %concat/vec4; draw_string_vec4
    %pushi/vec4 1413695583, 0, 32; draw_string_vec4
    %concat/vec4; draw_string_vec4
    %pushi/vec4 1953455962, 0, 32; draw_string_vec4
    %concat/vec4; draw_string_vec4
    %pushi/vec4 1163022130, 0, 32; draw_string_vec4
    %concat/vec4; draw_string_vec4
    %ret/vec4 0, 0, 256;  Assign to cmt (store_vec4_to_lval)
    %jmp T_2.27;
T_2.27 ;
    %pop/vec4 1;
T_2.13 ;
    %end;
S_0x6060601e1f80 .scope function.vec4.s120, "cmt1" "cmt1" 3 88, 3 88 0, S_0x60606019fa30;
 .timescale -9 -11;
; Variable cmt1 is vec4 return value of scope S_0x6060601e1f80
v0x6060601e2260_0 .var "j", 3 0;
TD_tb_fsm_moore.cmt1 ;
    %load/vec4 v0x6060601e2260_0;
    %dup/vec4;
    %pushi/vec4 0, 0, 4;
    %cmp/u;
    %jmp/1 T_3.28, 6;
    %dup/vec4;
    %pushi/vec4 1, 0, 4;
    %cmp/u;
    %jmp/1 T_3.29, 6;
    %dup/vec4;
    %pushi/vec4 2, 0, 4;
    %cmp/u;
    %jmp/1 T_3.30, 6;
    %dup/vec4;
    %pushi/vec4 3, 0, 4;
    %cmp/u;
    %jmp/1 T_3.31, 6;
    %dup/vec4;
    %pushi/vec4 4, 0, 4;
    %cmp/u;
    %jmp/1 T_3.32, 6;
    %dup/vec4;
    %pushi/vec4 5, 0, 4;
    %cmp/u;
    %jmp/1 T_3.33, 6;
    %dup/vec4;
    %pushi/vec4 6, 0, 4;
    %cmp/u;
    %jmp/1 T_3.34, 6;
    %dup/vec4;
    %pushi/vec4 7, 0, 4;
    %cmp/u;
    %jmp/1 T_3.35, 6;
    %dup/vec4;
    %pushi/vec4 8, 0, 4;
    %cmp/u;
    %jmp/1 T_3.36, 6;
    %dup/vec4;
    %pushi/vec4 9, 0, 4;
    %cmp/u;
    %jmp/1 T_3.37, 6;
    %dup/vec4;
    %pushi/vec4 10, 0, 4;
    %cmp/u;
    %jmp/1 T_3.38, 6;
    %dup/vec4;
    %pushi/vec4 11, 0, 4;
    %cmp/u;
    %jmp/1 T_3.39, 6;
    %pushi/vec4 0, 0, 32; draw_string_vec4
    %pushi/vec4 0, 0, 32; draw_string_vec4
    %concat/vec4; draw_string_vec4
    %pushi/vec4 0, 0, 32; draw_string_vec4
    %concat/vec4; draw_string_vec4
    %pushi/vec4 7895160, 0, 24; draw_string_vec4
    %concat/vec4; draw_string_vec4
    %ret/vec4 0, 0, 120;  Assign to cmt1 (store_vec4_to_lval)
    %jmp T_3.41;
T_3.28 ;
    %pushi/vec4 5461057, 0, 32; draw_string_vec4
    %pushi/vec4 1381261172, 0, 32; draw_string_vec4
    %concat/vec4; draw_string_vec4
    %pushi/vec4 1868520005, 0, 32; draw_string_vec4
    %concat/vec4; draw_string_vec4
    %pushi/vec4 5394225, 0, 24; draw_string_vec4
    %concat/vec4; draw_string_vec4
    %ret/vec4 0, 0, 120;  Assign to cmt1 (store_vec4_to_lval)
    %jmp T_3.41;
T_3.29 ;
    %pushi/vec4 5461057, 0, 32; draw_string_vec4
    %pushi/vec4 1381261172, 0, 32; draw_string_vec4
    %concat/vec4; draw_string_vec4
    %pushi/vec4 1868518228, 0, 32; draw_string_vec4
    %concat/vec4; draw_string_vec4
    %pushi/vec4 4280916, 0, 24; draw_string_vec4
    %concat/vec4; draw_string_vec4
    %ret/vec4 0, 0, 120;  Assign to cmt1 (store_vec4_to_lval)
    %jmp T_3.41;
T_3.30 ;
    %pushi/vec4 5915986, 0, 32; draw_string_vec4
    %pushi/vec4 1328635764, 0, 32; draw_string_vec4
    %concat/vec4; draw_string_vec4
    %pushi/vec4 1868520005, 0, 32; draw_string_vec4
    %concat/vec4; draw_string_vec4
    %pushi/vec4 5394226, 0, 24; draw_string_vec4
    %concat/vec4; draw_string_vec4
    %ret/vec4 0, 0, 120;  Assign to cmt1 (store_vec4_to_lval)
    %jmp T_3.41;
T_3.31 ;
    %pushi/vec4 5915986, 0, 32; draw_string_vec4
    %pushi/vec4 1328635764, 0, 32; draw_string_vec4
    %concat/vec4; draw_string_vec4
    %pushi/vec4 1868518228, 0, 32; draw_string_vec4
    %concat/vec4; draw_string_vec4
    %pushi/vec4 4280916, 0, 24; draw_string_vec4
    %concat/vec4; draw_string_vec4
    %ret/vec4 0, 0, 120;  Assign to cmt1 (store_vec4_to_lval)
    %jmp T_3.41;
T_3.32 ;
    %pushi/vec4 23109, 0, 32; draw_string_vec4
    %pushi/vec4 1380921951, 0, 32; draw_string_vec4
    %concat/vec4; draw_string_vec4
    %pushi/vec4 1953455951, 0, 32; draw_string_vec4
    %concat/vec4; draw_string_vec4
    %pushi/vec4 5129521, 0, 24; draw_string_vec4
    %concat/vec4; draw_string_vec4
    %ret/vec4 0, 0, 120;  Assign to cmt1 (store_vec4_to_lval)
    %jmp T_3.41;
T_3.33 ;
    %pushi/vec4 5915986, 0, 32; draw_string_vec4
    %pushi/vec4 1328701300, 0, 32; draw_string_vec4
    %concat/vec4; draw_string_vec4
    %pushi/vec4 1868520005, 0, 32; draw_string_vec4
    %concat/vec4; draw_string_vec4
    %pushi/vec4 5394226, 0, 24; draw_string_vec4
    %concat/vec4; draw_string_vec4
    %ret/vec4 0, 0, 120;  Assign to cmt1 (store_vec4_to_lval)
    %jmp T_3.41;
T_3.34 ;
    %pushi/vec4 79, 0, 32; draw_string_vec4
    %pushi/vec4 1313157471, 0, 32; draw_string_vec4
    %concat/vec4; draw_string_vec4
    %pushi/vec4 1953455951, 0, 32; draw_string_vec4
    %concat/vec4; draw_string_vec4
    %pushi/vec4 5129522, 0, 24; draw_string_vec4
    %concat/vec4; draw_string_vec4
    %ret/vec4 0, 0, 120;  Assign to cmt1 (store_vec4_to_lval)
    %jmp T_3.41;
T_3.35 ;
    %pushi/vec4 20302, 0, 32; draw_string_vec4
    %pushi/vec4 1160863604, 0, 32; draw_string_vec4
    %concat/vec4; draw_string_vec4
    %pushi/vec4 1868520005, 0, 32; draw_string_vec4
    %concat/vec4; draw_string_vec4
    %pushi/vec4 5394225, 0, 24; draw_string_vec4
    %concat/vec4; draw_string_vec4
    %ret/vec4 0, 0, 120;  Assign to cmt1 (store_vec4_to_lval)
    %jmp T_3.41;
T_3.36 ;
    %pushi/vec4 20302, 0, 32; draw_string_vec4
    %pushi/vec4 1160929140, 0, 32; draw_string_vec4
    %concat/vec4; draw_string_vec4
    %pushi/vec4 1868516673, 0, 32; draw_string_vec4
    %concat/vec4; draw_string_vec4
    %pushi/vec4 5522248, 0, 24; draw_string_vec4
    %concat/vec4; draw_string_vec4
    %ret/vec4 0, 0, 120;  Assign to cmt1 (store_vec4_to_lval)
    %jmp T_3.41;
T_3.37 ;
    %pushi/vec4 20302, 0, 32; draw_string_vec4
    %pushi/vec4 1160929140, 0, 32; draw_string_vec4
    %concat/vec4; draw_string_vec4
    %pushi/vec4 1868518228, 0, 32; draw_string_vec4
    %concat/vec4; draw_string_vec4
    %pushi/vec4 4280916, 0, 24; draw_string_vec4
    %concat/vec4; draw_string_vec4
    %ret/vec4 0, 0, 120;  Assign to cmt1 (store_vec4_to_lval)
    %jmp T_3.41;
T_3.38 ;
    %pushi/vec4 5062996, 0, 32; draw_string_vec4
    %pushi/vec4 1128816500, 0, 32; draw_string_vec4
    %concat/vec4; draw_string_vec4
    %pushi/vec4 1868518228, 0, 32; draw_string_vec4
    %concat/vec4; draw_string_vec4
    %pushi/vec4 4280916, 0, 24; draw_string_vec4
    %concat/vec4; draw_string_vec4
    %ret/vec4 0, 0, 120;  Assign to cmt1 (store_vec4_to_lval)
    %jmp T_3.41;
T_3.39 ;
    %pushi/vec4 5062996, 0, 32; draw_string_vec4
    %pushi/vec4 1128816500, 0, 32; draw_string_vec4
    %concat/vec4; draw_string_vec4
    %pushi/vec4 1868520005, 0, 32; draw_string_vec4
    %concat/vec4; draw_string_vec4
    %pushi/vec4 5394226, 0, 24; draw_string_vec4
    %concat/vec4; draw_string_vec4
    %ret/vec4 0, 0, 120;  Assign to cmt1 (store_vec4_to_lval)
    %jmp T_3.41;
T_3.41 ;
    %pop/vec4 1;
    %end;
S_0x6060601e2340 .scope task, "display_file" "display_file" 3 350, 3 350 0, S_0x60606019fa30;
 .timescale -9 -11;
TD_tb_fsm_moore.display_file ;
    %vpi_call/w 3 352 "$display", "%10d %-20s | %4d | %2b  | %1b  | %3b   | %7b        |", v0x6060601e50a0_0, v0x6060601e45d0_0, $time, v0x6060601e4e40_0, v0x6060601e4bd0_0, v0x6060601e4980_0, v0x6060601e4a70_0 {0 0 0};
    %end;
S_0x6060601e2570 .scope module, "dut_fsm_moore" "fsm_moore" 3 31, 4 1 0, S_0x60606019fa30;
 .timescale -9 -11;
    .port_info 0 /INPUT 1 "clk";
    .port_info 1 /INPUT 1 "rst";
    .port_info 2 /INPUT 1 "in";
    .port_info 3 /OUTPUT 1 "found";
P_0x6060601e2750 .param/l "MATCH" 0 4 14, C4<101>;
P_0x6060601e2790 .param/l "ONE1" 0 4 12, C4<011>;
P_0x6060601e27d0 .param/l "ONE2" 0 4 13, C4<100>;
P_0x6060601e2810 .param/l "START" 0 4 9, C4<000>;
P_0x6060601e2850 .param/l "ZERO1" 0 4 10, C4<001>;
P_0x6060601e2890 .param/l "ZERO2" 0 4 11, C4<010>;
v0x6060601e2be0_0 .net "clk", 0 0, v0x6060601e4fd0_0;  1 drivers
v0x6060601e2cc0_0 .net "found", 0 0, L_0x789c8289d018;  alias, 1 drivers
v0x6060601e2d80_0 .net "in", 0 0, v0x6060601e4bd0_0;  1 drivers
v0x6060601e2e50_0 .var "next_state", 2 0;
v0x6060601e2f30_0 .net "rst", 0 0, v0x6060601e4e40_0;  1 drivers
v0x6060601e3040_0 .var "state", 2 0;
E_0x6060601a1760 .event posedge, v0x6060601e2be0_0;
E_0x6060601a02f0 .event anyedge, v0x6060601e3040_0, v0x6060601e2d80_0;
S_0x6060601e31a0 .scope task, "errors_warnings_check" "errors_warnings_check" 3 398, 3 398 0, S_0x60606019fa30;
 .timescale -9 -11;
TD_tb_fsm_moore.errors_warnings_check ;
    %load/vec4 v0x6060601e4980_0;
    %load/vec4 v0x6060601e4a70_0;
    %cmp/ne;
    %jmp/0xz  T_5.42, 6;
    %vpi_call/w 3 403 "$display", "***ERROR: FOUND = %b, FOUND_expected = %b", v0x6060601e4980_0, v0x6060601e4a70_0 {0 0 0};
    %load/vec4 v0x6060601e47b0_0;
    %addi 1, 0, 32;
    %store/vec4 v0x6060601e47b0_0, 0, 32;
T_5.42 ;
    %load/vec4 v0x6060601e4ca0_0;
    %load/vec4 v0x6060601e53c0_0;
    %cmp/ne;
    %jmp/0xz  T_5.44, 6;
    %vpi_call/w 3 410 "$display", "***ERROR: RACING CONDITION OCCUR" {0 0 0};
    %load/vec4 v0x6060601e47b0_0;
    %addi 1, 0, 32;
    %store/vec4 v0x6060601e47b0_0, 0, 32;
T_5.44 ;
    %end;
S_0x6060601e3380 .scope task, "in_coverage_update" "in_coverage_update" 3 359, 3 359 0, S_0x60606019fa30;
 .timescale -9 -11;
TD_tb_fsm_moore.in_coverage_update ;
    ; show_stmt_assign_vector: Get l-value for compressed += operand
    %load/vec4 v0x6060601e4ca0_0;
    %pad/u 4;
    %ix/vec4 4;
    %flag_mov 8, 4;
    %load/vec4a v0x6060601e5300, 4;
    %pushi/vec4 1, 0, 32;
    %add;
    %flag_mov 4, 8;
    %store/vec4a v0x6060601e5300, 4, 0;
    %load/vec4 v0x6060601e4ca0_0;
    %cmpi/e 2, 0, 2;
    %jmp/0xz  T_6.46, 4;
    %fork t_5, S_0x6060601e3560;
    %jmp t_4;
    .scope S_0x6060601e3560;
t_5 ;
    %pushi/vec4 3, 0, 32;
    %store/vec4 v0x6060601e3760_0, 0, 32;
T_6.48 ;
    %load/vec4 v0x6060601e3760_0;
    %cmpi/s 4, 0, 32;
    %jmp/0xz T_6.49, 5;
    ; show_stmt_assign_vector: Get l-value for compressed += operand
    %ix/getv/s 4, v0x6060601e3760_0;
    %flag_mov 8, 4;
    %load/vec4a v0x6060601e5300, 4;
    %pushi/vec4 1, 0, 32;
    %add;
    %flag_mov 4, 8;
    %store/vec4a v0x6060601e5300, 4, 0;
    ; show_stmt_assign_vector: Get l-value for compressed += operand
    %load/vec4 v0x6060601e3760_0;
    %pushi/vec4 1, 0, 32;
    %add;
    %cast2;
    %store/vec4 v0x6060601e3760_0, 0, 32;
    %jmp T_6.48;
T_6.49 ;
    %end;
    .scope S_0x6060601e3380;
t_4 %join;
T_6.46 ;
    %end;
S_0x6060601e3560 .scope begin, "$ivl_for_loop2" "$ivl_for_loop2" 3 365, 3 365 0, S_0x6060601e3380;
 .timescale -9 -11;
v0x6060601e3760_0 .var/2s "j", 31 0;
S_0x6060601e3860 .scope task, "initialize" "initialize" 3 200, 3 200 0, S_0x60606019fa30;
 .timescale -9 -11;
TD_tb_fsm_moore.initialize ;
    %vpi_func 3 202 "$fopen" 32, "tb_fsm_moore.tv", "r" {0 0 0};
    %store/vec4 v0x6060601e48a0_0, 0, 32;
    %vpi_func 3 203 "$fscanf" 32, v0x6060601e48a0_0, "%s", v0x6060601e45d0_0 {0 0 0};
    %store/vec4 v0x6060601e46d0_0, 0, 32;
    %vpi_func 3 205 "$fscanf" 32, v0x6060601e48a0_0, "%s %b %b %b", v0x6060601e45d0_0, v0x6060601e4e40_0, v0x6060601e4bd0_0, v0x6060601e4b10_0 {0 0 0};
    %store/vec4 v0x6060601e46d0_0, 0, 32;
    %pushi/vec4 0, 0, 1;
    %store/vec4 v0x6060601e4fd0_0, 0, 1;
    %pushi/vec4 0, 0, 32;
    %store/vec4 v0x6060601e50a0_0, 0, 32;
    %pushi/vec4 0, 0, 32;
    %store/vec4 v0x6060601e47b0_0, 0, 32;
    %pushi/vec4 0, 0, 32;
    %store/vec4 v0x6060601e5220_0, 0, 32;
T_7.50 ;
    %load/vec4 v0x6060601e5220_0;
    %cmpi/s 4, 0, 32;
    %jmp/0xz T_7.51, 5;
    %pushi/vec4 0, 0, 32;
    %ix/getv/s 4, v0x6060601e5220_0;
    %store/vec4a v0x6060601e5300, 4, 0;
    ; show_stmt_assign_vector: Get l-value for compressed += operand
    %load/vec4 v0x6060601e5220_0;
    %pushi/vec4 1, 0, 32;
    %add;
    %cast2;
    %store/vec4 v0x6060601e5220_0, 0, 32;
    %jmp T_7.50;
T_7.51 ;
    %pushi/vec4 0, 0, 32;
    %store/vec4 v0x6060601e5220_0, 0, 32;
T_7.52 ;
    %load/vec4 v0x6060601e5220_0;
    %cmpi/s 12, 0, 32;
    %jmp/0xz T_7.53, 5;
    %pushi/vec4 0, 0, 32;
    %ix/getv/s 4, v0x6060601e5220_0;
    %store/vec4a v0x6060601e54a0, 4, 0;
    ; show_stmt_assign_vector: Get l-value for compressed += operand
    %load/vec4 v0x6060601e5220_0;
    %pushi/vec4 1, 0, 32;
    %add;
    %cast2;
    %store/vec4 v0x6060601e5220_0, 0, 32;
    %jmp T_7.52;
T_7.53 ;
    %pushi/vec4 0, 0, 1;
    %store/vec4 v0x6060601e5160_0, 0, 1;
    %vpi_call/w 3 221 "$display" {0 0 0};
    %vpi_call/w 3 222 "$display", "TEST_START-------------------------------------------------------------------------------------------------------------------------------------" {0 0 0};
    %vpi_call/w 3 223 "$display" {0 0 0};
    %vpi_call/w 3 224 "$display", "                                | TIME | RST | IN | FOUND | FOUND_EXPECTED |" {0 0 0};
    %vpi_call/w 3 225 "$display", "-----------------------------------------------------------------------------------------------------------------------------------------------" {0 0 0};
    %end;
S_0x6060601e3a40 .scope function.vec4.s3, "next_state" "next_state" 3 113, 3 113 0, S_0x60606019fa30;
 .timescale -9 -11;
v0x6060601e3bd0_0 .var "IN", 0 0;
v0x6060601e3cb0_0 .var "STATE", 2 0;
; Variable next_state is vec4 return value of scope S_0x6060601e3a40
TD_tb_fsm_moore.next_state ;
    %load/vec4 v0x6060601e3cb0_0;
    %dup/vec4;
    %pushi/vec4 0, 0, 3;
    %cmp/u;
    %jmp/1 T_8.54, 6;
    %dup/vec4;
    %pushi/vec4 1, 0, 3;
    %cmp/u;
    %jmp/1 T_8.55, 6;
    %dup/vec4;
    %pushi/vec4 2, 0, 3;
    %cmp/u;
    %jmp/1 T_8.56, 6;
    %dup/vec4;
    %pushi/vec4 3, 0, 3;
    %cmp/u;
    %jmp/1 T_8.57, 6;
    %dup/vec4;
    %pushi/vec4 4, 0, 3;
    %cmp/u;
    %jmp/1 T_8.58, 6;
    %dup/vec4;
    %pushi/vec4 5, 0, 3;
    %cmp/u;
    %jmp/1 T_8.59, 6;
    %jmp T_8.60;
T_8.54 ;
    %load/vec4 v0x6060601e3bd0_0;
    %pad/u 32;
    %cmpi/e 0, 0, 32;
    %jmp/0xz  T_8.61, 4;
    %pushi/vec4 1, 0, 3;
    %ret/vec4 0, 0, 3;  Assign to next_state (store_vec4_to_lval)
    %jmp T_8.62;
T_8.61 ;
    %pushi/vec4 0, 0, 3;
    %ret/vec4 0, 0, 3;  Assign to next_state (store_vec4_to_lval)
T_8.62 ;
    %jmp T_8.60;
T_8.55 ;
    %load/vec4 v0x6060601e3bd0_0;
    %pad/u 32;
    %cmpi/e 0, 0, 32;
    %jmp/0xz  T_8.63, 4;
    %pushi/vec4 2, 0, 3;
    %ret/vec4 0, 0, 3;  Assign to next_state (store_vec4_to_lval)
    %jmp T_8.64;
T_8.63 ;
    %pushi/vec4 0, 0, 3;
    %ret/vec4 0, 0, 3;  Assign to next_state (store_vec4_to_lval)
T_8.64 ;
    %jmp T_8.60;
T_8.56 ;
    %load/vec4 v0x6060601e3bd0_0;
    %pad/u 32;
    %cmpi/e 1, 0, 32;
    %jmp/0xz  T_8.65, 4;
    %pushi/vec4 3, 0, 3;
    %ret/vec4 0, 0, 3;  Assign to next_state (store_vec4_to_lval)
    %jmp T_8.66;
T_8.65 ;
    %pushi/vec4 2, 0, 3;
    %ret/vec4 0, 0, 3;  Assign to next_state (store_vec4_to_lval)
T_8.66 ;
    %jmp T_8.60;
T_8.57 ;
    %load/vec4 v0x6060601e3bd0_0;
    %pad/u 32;
    %cmpi/e 1, 0, 32;
    %jmp/0xz  T_8.67, 4;
    %pushi/vec4 4, 0, 3;
    %ret/vec4 0, 0, 3;  Assign to next_state (store_vec4_to_lval)
    %jmp T_8.68;
T_8.67 ;
    %pushi/vec4 1, 0, 3;
    %ret/vec4 0, 0, 3;  Assign to next_state (store_vec4_to_lval)
T_8.68 ;
    %jmp T_8.60;
T_8.58 ;
    %load/vec4 v0x6060601e3bd0_0;
    %pad/u 32;
    %cmpi/e 0, 0, 32;
    %jmp/0xz  T_8.69, 4;
    %pushi/vec4 5, 0, 3;
    %ret/vec4 0, 0, 3;  Assign to next_state (store_vec4_to_lval)
    %jmp T_8.70;
T_8.69 ;
    %pushi/vec4 0, 0, 3;
    %ret/vec4 0, 0, 3;  Assign to next_state (store_vec4_to_lval)
T_8.70 ;
    %jmp T_8.60;
T_8.59 ;
    %load/vec4 v0x6060601e3bd0_0;
    %pad/u 32;
    %cmpi/e 1, 0, 32;
    %jmp/0xz  T_8.71, 4;
    %pushi/vec4 0, 0, 3;
    %ret/vec4 0, 0, 3;  Assign to next_state (store_vec4_to_lval)
    %jmp T_8.72;
T_8.71 ;
    %pushi/vec4 2, 0, 3;
    %ret/vec4 0, 0, 3;  Assign to next_state (store_vec4_to_lval)
T_8.72 ;
    %jmp T_8.60;
T_8.60 ;
    %pop/vec4 1;
    %end;
S_0x6060601e3e50 .scope task, "random_in" "random_in" 3 245, 3 245 0, S_0x60606019fa30;
 .timescale -9 -11;
TD_tb_fsm_moore.random_in ;
    %vpi_func 3 247 "$urandom" 32 {0 0 0};
    %pushi/vec4 2, 0, 32;
    %mod;
    %pad/u 1;
    %store/vec4 v0x6060601e4e40_0, 0, 1;
    %load/vec4 v0x6060601e4e40_0;
    %cmpi/e 1, 0, 1;
    %flag_mov 8, 4;
    %jmp/0 T_9.73, 8;
    %pushi/vec4 0, 0, 32;
    %jmp/1 T_9.74, 8;
T_9.73 ; End of true expr.
    %vpi_func 3 248 "$urandom" 32 {0 0 0};
    %pushi/vec4 2, 0, 32;
    %mod;
    %jmp/0 T_9.74, 8;
 ; End of false expr.
    %blend;
T_9.74;
    %pad/u 1;
    %store/vec4 v0x6060601e4bd0_0, 0, 1;
    %pushi/real 1717986918, 4062; load=0.100000
    %pushi/real 1677722, 4040; load=0.100000
    %add/wr;
    %vpi_func 3 251 "$urandom_range" 32, W<0,r>, 32'sb00000000000000000000000000001010 {0 1 0};
    %pad/u 64;
    %muli 100, 0, 64;
    %ix/vec4 4;
    %delayx 4;
    %end;
S_0x6060601e4030 .scope task, "scan_file" "scan_file" 3 235, 3 235 0, S_0x60606019fa30;
 .timescale -9 -11;
TD_tb_fsm_moore.scan_file ;
    %vpi_func 3 237 "$fscanf" 32, v0x6060601e48a0_0, "%s %b %b %b", v0x6060601e45d0_0, v0x6060601e4e40_0, v0x6060601e4bd0_0, v0x6060601e4a70_0 {0 0 0};
    %store/vec4 v0x6060601e46d0_0, 0, 32;
    %load/vec4 v0x6060601e46d0_0;
    %pushi/vec4 4294967295, 0, 32;
    %cmp/e;
    %flag_get/vec4 4;
    %store/vec4 v0x6060601e5160_0, 0, 1;
    %end;
S_0x6060601e4210 .scope task, "state_coverage_update" "state_coverage_update" 3 375, 3 375 0, S_0x60606019fa30;
 .timescale -9 -11;
TD_tb_fsm_moore.state_coverage_update ;
    %load/vec4 v0x6060601e4f10_0;
    %load/vec4 v0x6060601e4d60_0;
    %concat/vec4; draw_concat_vec4
    %dup/vec4;
    %pushi/vec4 1, 0, 6;
    %cmp/u;
    %jmp/1 T_11.75, 6;
    %dup/vec4;
    %pushi/vec4 0, 0, 6;
    %cmp/u;
    %jmp/1 T_11.76, 6;
    %dup/vec4;
    %pushi/vec4 10, 0, 6;
    %cmp/u;
    %jmp/1 T_11.77, 6;
    %dup/vec4;
    %pushi/vec4 8, 0, 6;
    %cmp/u;
    %jmp/1 T_11.78, 6;
    %dup/vec4;
    %pushi/vec4 19, 0, 6;
    %cmp/u;
    %jmp/1 T_11.79, 6;
    %dup/vec4;
    %pushi/vec4 18, 0, 6;
    %cmp/u;
    %jmp/1 T_11.80, 6;
    %dup/vec4;
    %pushi/vec4 28, 0, 6;
    %cmp/u;
    %jmp/1 T_11.81, 6;
    %dup/vec4;
    %pushi/vec4 25, 0, 6;
    %cmp/u;
    %jmp/1 T_11.82, 6;
    %dup/vec4;
    %pushi/vec4 37, 0, 6;
    %cmp/u;
    %jmp/1 T_11.83, 6;
    %dup/vec4;
    %pushi/vec4 32, 0, 6;
    %cmp/u;
    %jmp/1 T_11.84, 6;
    %dup/vec4;
    %pushi/vec4 40, 0, 6;
    %cmp/u;
    %jmp/1 T_11.85, 6;
    %dup/vec4;
    %pushi/vec4 42, 0, 6;
    %cmp/u;
    %jmp/1 T_11.86, 6;
    %jmp T_11.87;
T_11.75 ;
    ; show_stmt_assign_vector: Get l-value for compressed += operand
    %ix/load 3, 0, 0;
    %flag_set/imm 4, 0;
    %load/vec4a v0x6060601e54a0, 3;
    %pushi/vec4 1, 0, 32;
    %add;
    %flag_set/imm 4, 0;
    %ix/load 4, 0, 0;
    %store/vec4a v0x6060601e54a0, 4, 0;
    %jmp T_11.87;
T_11.76 ;
    ; show_stmt_assign_vector: Get l-value for compressed += operand
    %ix/load 3, 1, 0;
    %flag_set/imm 4, 0;
    %load/vec4a v0x6060601e54a0, 3;
    %pushi/vec4 1, 0, 32;
    %add;
    %flag_set/imm 4, 0;
    %ix/load 4, 1, 0;
    %store/vec4a v0x6060601e54a0, 4, 0;
    %jmp T_11.87;
T_11.77 ;
    ; show_stmt_assign_vector: Get l-value for compressed += operand
    %ix/load 3, 2, 0;
    %flag_set/imm 4, 0;
    %load/vec4a v0x6060601e54a0, 3;
    %pushi/vec4 1, 0, 32;
    %add;
    %flag_set/imm 4, 0;
    %ix/load 4, 2, 0;
    %store/vec4a v0x6060601e54a0, 4, 0;
    %jmp T_11.87;
T_11.78 ;
    ; show_stmt_assign_vector: Get l-value for compressed += operand
    %ix/load 3, 3, 0;
    %flag_set/imm 4, 0;
    %load/vec4a v0x6060601e54a0, 3;
    %pushi/vec4 1, 0, 32;
    %add;
    %flag_set/imm 4, 0;
    %ix/load 4, 3, 0;
    %store/vec4a v0x6060601e54a0, 4, 0;
    %jmp T_11.87;
T_11.79 ;
    ; show_stmt_assign_vector: Get l-value for compressed += operand
    %ix/load 3, 4, 0;
    %flag_set/imm 4, 0;
    %load/vec4a v0x6060601e54a0, 3;
    %pushi/vec4 1, 0, 32;
    %add;
    %flag_set/imm 4, 0;
    %ix/load 4, 4, 0;
    %store/vec4a v0x6060601e54a0, 4, 0;
    %jmp T_11.87;
T_11.80 ;
    ; show_stmt_assign_vector: Get l-value for compressed += operand
    %ix/load 3, 5, 0;
    %flag_set/imm 4, 0;
    %load/vec4a v0x6060601e54a0, 3;
    %pushi/vec4 1, 0, 32;
    %add;
    %flag_set/imm 4, 0;
    %ix/load 4, 5, 0;
    %store/vec4a v0x6060601e54a0, 4, 0;
    %jmp T_11.87;
T_11.81 ;
    ; show_stmt_assign_vector: Get l-value for compressed += operand
    %ix/load 3, 6, 0;
    %flag_set/imm 4, 0;
    %load/vec4a v0x6060601e54a0, 3;
    %pushi/vec4 1, 0, 32;
    %add;
    %flag_set/imm 4, 0;
    %ix/load 4, 6, 0;
    %store/vec4a v0x6060601e54a0, 4, 0;
    %jmp T_11.87;
T_11.82 ;
    ; show_stmt_assign_vector: Get l-value for compressed += operand
    %ix/load 3, 7, 0;
    %flag_set/imm 4, 0;
    %load/vec4a v0x6060601e54a0, 3;
    %pushi/vec4 1, 0, 32;
    %add;
    %flag_set/imm 4, 0;
    %ix/load 4, 7, 0;
    %store/vec4a v0x6060601e54a0, 4, 0;
    %jmp T_11.87;
T_11.83 ;
    ; show_stmt_assign_vector: Get l-value for compressed += operand
    %ix/load 3, 8, 0;
    %flag_set/imm 4, 0;
    %load/vec4a v0x6060601e54a0, 3;
    %pushi/vec4 1, 0, 32;
    %add;
    %flag_set/imm 4, 0;
    %ix/load 4, 8, 0;
    %store/vec4a v0x6060601e54a0, 4, 0;
    %jmp T_11.87;
T_11.84 ;
    ; show_stmt_assign_vector: Get l-value for compressed += operand
    %ix/load 3, 9, 0;
    %flag_set/imm 4, 0;
    %load/vec4a v0x6060601e54a0, 3;
    %pushi/vec4 1, 0, 32;
    %add;
    %flag_set/imm 4, 0;
    %ix/load 4, 9, 0;
    %store/vec4a v0x6060601e54a0, 4, 0;
    %jmp T_11.87;
T_11.85 ;
    ; show_stmt_assign_vector: Get l-value for compressed += operand
    %ix/load 3, 10, 0;
    %flag_set/imm 4, 0;
    %load/vec4a v0x6060601e54a0, 3;
    %pushi/vec4 1, 0, 32;
    %add;
    %flag_set/imm 4, 0;
    %ix/load 4, 10, 0;
    %store/vec4a v0x6060601e54a0, 4, 0;
    %jmp T_11.87;
T_11.86 ;
    ; show_stmt_assign_vector: Get l-value for compressed += operand
    %ix/load 3, 11, 0;
    %flag_set/imm 4, 0;
    %load/vec4a v0x6060601e54a0, 3;
    %pushi/vec4 1, 0, 32;
    %add;
    %flag_set/imm 4, 0;
    %ix/load 4, 11, 0;
    %store/vec4a v0x6060601e54a0, 4, 0;
    %jmp T_11.87;
T_11.87 ;
    %pop/vec4 1;
    %end;
S_0x6060601e43f0 .scope task, "vectorcount" "vectorcount" 3 340, 3 340 0, S_0x60606019fa30;
 .timescale -9 -11;
TD_tb_fsm_moore.vectorcount ;
    %load/vec4 v0x6060601e50a0_0;
    %addi 1, 0, 32;
    %store/vec4 v0x6060601e50a0_0, 0, 32;
    %end;
    .scope S_0x6060601e2570;
T_13 ;
    %wait E_0x6060601a02f0;
    %load/vec4 v0x6060601e3040_0;
    %dup/vec4;
    %pushi/vec4 0, 0, 3;
    %cmp/u;
    %jmp/1 T_13.0, 6;
    %dup/vec4;
    %pushi/vec4 1, 0, 3;
    %cmp/u;
    %jmp/1 T_13.1, 6;
    %dup/vec4;
    %pushi/vec4 2, 0, 3;
    %cmp/u;
    %jmp/1 T_13.2, 6;
    %dup/vec4;
    %pushi/vec4 3, 0, 3;
    %cmp/u;
    %jmp/1 T_13.3, 6;
    %dup/vec4;
    %pushi/vec4 4, 0, 3;
    %cmp/u;
    %jmp/1 T_13.4, 6;
    %dup/vec4;
    %pushi/vec4 5, 0, 3;
    %cmp/u;
    %jmp/1 T_13.5, 6;
    %jmp T_13.6;
T_13.0 ;
    %load/vec4 v0x6060601e2d80_0;
    %pad/u 32;
    %cmpi/e 0, 0, 32;
    %jmp/0xz  T_13.7, 4;
    %pushi/vec4 1, 0, 3;
    %store/vec4 v0x6060601e2e50_0, 0, 3;
    %jmp T_13.8;
T_13.7 ;
    %pushi/vec4 0, 0, 3;
    %store/vec4 v0x6060601e2e50_0, 0, 3;
T_13.8 ;
    %jmp T_13.6;
T_13.1 ;
    %load/vec4 v0x6060601e2d80_0;
    %pad/u 32;
    %cmpi/e 0, 0, 32;
    %jmp/0xz  T_13.9, 4;
    %pushi/vec4 2, 0, 3;
    %store/vec4 v0x6060601e2e50_0, 0, 3;
    %jmp T_13.10;
T_13.9 ;
    %pushi/vec4 0, 0, 3;
    %store/vec4 v0x6060601e2e50_0, 0, 3;
T_13.10 ;
    %jmp T_13.6;
T_13.2 ;
    %load/vec4 v0x6060601e2d80_0;
    %pad/u 32;
    %cmpi/e 1, 0, 32;
    %jmp/0xz  T_13.11, 4;
    %pushi/vec4 3, 0, 3;
    %store/vec4 v0x6060601e2e50_0, 0, 3;
    %jmp T_13.12;
T_13.11 ;
    %pushi/vec4 2, 0, 3;
    %store/vec4 v0x6060601e2e50_0, 0, 3;
T_13.12 ;
    %jmp T_13.6;
T_13.3 ;
    %load/vec4 v0x6060601e2d80_0;
    %pad/u 32;
    %cmpi/e 1, 0, 32;
    %jmp/0xz  T_13.13, 4;
    %pushi/vec4 4, 0, 3;
    %store/vec4 v0x6060601e2e50_0, 0, 3;
    %jmp T_13.14;
T_13.13 ;
    %pushi/vec4 1, 0, 3;
    %store/vec4 v0x6060601e2e50_0, 0, 3;
T_13.14 ;
    %jmp T_13.6;
T_13.4 ;
    %load/vec4 v0x6060601e2d80_0;
    %pad/u 32;
    %cmpi/e 0, 0, 32;
    %jmp/0xz  T_13.15, 4;
    %pushi/vec4 5, 0, 3;
    %store/vec4 v0x6060601e2e50_0, 0, 3;
    %jmp T_13.16;
T_13.15 ;
    %pushi/vec4 0, 0, 3;
    %store/vec4 v0x6060601e2e50_0, 0, 3;
T_13.16 ;
    %jmp T_13.6;
T_13.5 ;
    %load/vec4 v0x6060601e2d80_0;
    %pad/u 32;
    %cmpi/e 1, 0, 32;
    %jmp/0xz  T_13.17, 4;
    %pushi/vec4 0, 0, 3;
    %store/vec4 v0x6060601e2e50_0, 0, 3;
    %jmp T_13.18;
T_13.17 ;
    %pushi/vec4 2, 0, 3;
    %store/vec4 v0x6060601e2e50_0, 0, 3;
T_13.18 ;
    %jmp T_13.6;
T_13.6 ;
    %pop/vec4 1;
    %jmp T_13;
    .thread T_13, $push;
    .scope S_0x6060601e2570;
T_14 ;
    %wait E_0x6060601a1760;
    %load/vec4 v0x6060601e2f30_0;
    %flag_set/vec4 8;
    %jmp/0xz  T_14.0, 8;
    %pushi/vec4 0, 0, 3;
    %assign/vec4 v0x6060601e3040_0, 0;
    %jmp T_14.1;
T_14.0 ;
    %load/vec4 v0x6060601e2e50_0;
    %assign/vec4 v0x6060601e3040_0, 0;
T_14.1 ;
    %jmp T_14;
    .thread T_14;
    .scope S_0x60606019fa30;
T_15 ;
    %vpi_call/w 3 38 "$dumpfile", "tb_fsm_moore.vcd" {0 0 0};
    %vpi_call/w 3 39 "$dumpvars", 32'sb00000000000000000000000000000000, S_0x60606019fa30 {0 0 0};
    %end;
    .thread T_15;
    .scope S_0x60606019fa30;
T_16 ;
    %delay 1000, 0;
    %load/vec4 v0x6060601e4fd0_0;
    %inv;
    %store/vec4 v0x6060601e4fd0_0, 0, 1;
    %jmp T_16;
    .thread T_16;
    .scope S_0x60606019fa30;
T_17 ;
    %fork TD_tb_fsm_moore.initialize, S_0x6060601e3860;
    %join;
    %end;
    .thread T_17;
    .scope S_0x60606019fa30;
T_18 ;
    %wait E_0x6060601a1760;
    %load/vec4 v0x6060601e5160_0;
    %nor/r;
    %flag_set/vec4 8;
    %jmp/0xz  T_18.0, 8;
    %fork TD_tb_fsm_moore.scan_file, S_0x6060601e4030;
    %join;
T_18.0 ;
    %load/vec4 v0x6060601e4e40_0;
    %load/vec4 v0x6060601e4bd0_0;
    %concat/vec4; draw_concat_vec4
    %store/vec4 v0x6060601e4ca0_0, 0, 2;
    %fork TD_tb_fsm_moore.in_coverage_update, S_0x6060601e3380;
    %join;
    %load/vec4 v0x6060601e4ca0_0;
    %store/vec4 v0x6060601e53c0_0, 0, 2;
    %jmp T_18;
    .thread T_18;
    .scope S_0x60606019fa30;
T_19 ;
    %wait E_0x6060601a1760;
    %fork TD_tb_fsm_moore.OUT_EXP, S_0x60606013a490;
    %join;
    %fork TD_tb_fsm_moore.state_coverage_update, S_0x6060601e4210;
    %join;
    %delay 10, 0;
    %load/vec4 v0x6060601e4e40_0;
    %load/vec4 v0x6060601e4bd0_0;
    %concat/vec4; draw_concat_vec4
    %pad/u 1;
    %store/vec4 v0x6060601e4bd0_0, 0, 1;
    %fork TD_tb_fsm_moore.display_file, S_0x6060601e2340;
    %join;
    %fork TD_tb_fsm_moore.errors_warnings_check, S_0x6060601e31a0;
    %join;
    %fork TD_tb_fsm_moore.vectorcount, S_0x6060601e43f0;
    %join;
    %jmp T_19;
    .thread T_19;
    .scope S_0x60606019fa30;
T_20 ;
T_20.0 ;
    %load/vec4 v0x6060601e5160_0;
    %cmpi/ne 1, 0, 1;
    %jmp/0xz T_20.1, 6;
    %wait E_0x6060601a0540;
    %jmp T_20.0;
T_20.1 ;
    %vpi_call/w 3 473 "$display" {0 0 0};
    %vpi_call/w 3 474 "$display", "%13s ***time = %0d,eof ***", "\000", $time {0 0 0};
    %vpi_call/w 3 475 "$display" {0 0 0};
    %pushi/vec4 0, 0, 32;
    %store/vec4 v0x6060601e5220_0, 0, 32;
T_20.2 ;
    %load/vec4 v0x6060601e5220_0;
    %cmpi/s 50, 0, 32;
    %jmp/0xz T_20.3, 5;
    %load/vec4 v0x6060601e4bd0_0;
    %pad/u 2;
    %cmpi/e 0, 0, 2;
    %flag_get/vec4 4;
    %jmp/0 T_20.6, 4;
    %load/vec4 v0x6060601e4f10_0;
    %pad/u 4;
    %pushi/vec4 8, 0, 4;
    %cmp/e;
    %flag_get/vec4 4;
    %and;
T_20.6;
    %flag_set/vec4 8;
    %jmp/0xz  T_20.4, 8;
    %fork TD_tb_fsm_moore.vectorcount, S_0x6060601e43f0;
    %join;
    %fork TD_tb_fsm_moore.close, S_0x60606013a670;
    %join;
    %jmp T_20.5;
T_20.4 ;
    %fork TD_tb_fsm_moore.random_in, S_0x6060601e3e50;
    %join;
T_20.5 ;
    ; show_stmt_assign_vector: Get l-value for compressed += operand
    %load/vec4 v0x6060601e5220_0;
    %pushi/vec4 1, 0, 32;
    %add;
    %cast2;
    %store/vec4 v0x6060601e5220_0, 0, 32;
    %jmp T_20.2;
T_20.3 ;
    %fork TD_tb_fsm_moore.close, S_0x60606013a670;
    %join;
    %end;
    .thread T_20;
# The file index is used to find the file name in the following table.
:file_names 5;
    "N/A";
    "<interactive>";
    "-";
    "tb_fsm_moore.v";
    "fsm_moore.v";
