#! /usr/bin/vvp
:ivl_version "12.0 (stable)";
:ivl_delay_selection "TYPICAL";
:vpi_time_precision - 11;
:vpi_module "/usr/lib/x86_64-linux-gnu/ivl/system.vpi";
:vpi_module "/usr/lib/x86_64-linux-gnu/ivl/vhdl_sys.vpi";
:vpi_module "/usr/lib/x86_64-linux-gnu/ivl/vhdl_textio.vpi";
:vpi_module "/usr/lib/x86_64-linux-gnu/ivl/v2005_math.vpi";
:vpi_module "/usr/lib/x86_64-linux-gnu/ivl/va_math.vpi";
:vpi_module "/usr/lib/x86_64-linux-gnu/ivl/v2009.vpi";
S_0x5d34d4c5a6e0 .scope package, "$unit" "$unit" 2 1;
 .timescale 0 0;
S_0x5d34d4c59ea0 .scope module, "tb_counter_4bits" "tb_counter_4bits" 3 3;
 .timescale -9 -11;
P_0x5d34d4c1e250 .param/l "TICKPERIOD" 1 3 44, +C4<00000000000000000000000000010100>;
v0x5d34d4c86d20_0 .var "CLR_BAR", 0 0;
v0x5d34d4c86de0_0 .var "COMMENT", 247 0;
v0x5d34d4c86ec0_0 .var/i "COUNT", 31 0;
v0x5d34d4c86f80_0 .net "COUT", 0 0, L_0x5d34d4c8be80;  1 drivers
v0x5d34d4c87050_0 .var "COUT_EXPECTED", 0 0;
v0x5d34d4c87140_0 .var "DATA", 3 0;
v0x5d34d4c87200_0 .var "ENP", 0 0;
v0x5d34d4c872d0_0 .var "ENT", 0 0;
v0x5d34d4c873a0_0 .var "ERRORS", 31 0;
v0x5d34d4c87440_0 .var/i "FD", 31 0;
v0x5d34d4c87500_0 .var "IN", 3 0;
v0x5d34d4c875e0_0 .var "LD_BAR", 0 0;
v0x5d34d4c876b0_0 .net "Q", 3 0, L_0x5d34d4c8b510;  1 drivers
v0x5d34d4c87780_0 .var "Q_EXPECTED", 3 0;
v0x5d34d4c87840_0 .var "Q_EXPECTED1", 3 0;
v0x5d34d4c87920_0 .var "TICK", 0 0;
v0x5d34d4c879c0_0 .var "VECTORCOUNT", 31 0;
v0x5d34d4c87aa0_0 .var "eof", 0 0;
v0x5d34d4c87b60_0 .var/2s "i", 31 0;
v0x5d34d4c87c40 .array "input_coverage", 15 0, 31 0;
v0x5d34d4c87d00_0 .var "prev_IN", 7 0;
v0x5d34d4c87de0_0 .var "prev_q", 3 0;
E_0x5d34d4c1e3c0 .event anyedge, v0x5d34d4c87aa0_0;
E_0x5d34d4c1d710 .event negedge, v0x5d34d4c7ddf0_0;
S_0x5d34d4c548d0 .scope task, "OUT_EXP" "OUT_EXP" 3 166, 3 166 0, S_0x5d34d4c59ea0;
 .timescale -9 -11;
TD_tb_counter_4bits.OUT_EXP ;
    %fork t_1, S_0x5d34d4c54090;
    %jmp t_0;
    .scope S_0x5d34d4c54090;
t_1 ;
    %load/vec4 v0x5d34d4c875e0_0;
    %inv;
    %store/vec4 v0x5d34d4c617d0_0, 0, 1;
    %load/vec4 v0x5d34d4c872d0_0;
    %load/vec4 v0x5d34d4c87200_0;
    %and;
    %ix/load 4, 0, 0;
    %flag_set/imm 4, 0;
    %store/vec4 v0x5d34d4c60f30_0, 4, 1;
    %load/vec4 v0x5d34d4c86d20_0;
    %load/vec4 v0x5d34d4c60f30_0;
    %parti/s 1, 0, 2;
    %load/vec4 v0x5d34d4c617d0_0;
    %load/vec4 v0x5d34d4c87140_0;
    %parti/s 1, 0, 2;
    %load/vec4 v0x5d34d4c87de0_0;
    %parti/s 1, 0, 2;
    %store/vec4 v0x5d34d4c86600_0, 0, 1;
    %store/vec4 v0x5d34d4c863e0_0, 0, 1;
    %store/vec4 v0x5d34d4c86540_0, 0, 1;
    %store/vec4 v0x5d34d4c864a0_0, 0, 1;
    %store/vec4 v0x5d34d4c86300_0, 0, 1;
    %callf/vec4 TD_tb_counter_4bits.q, S_0x5d34d4c85b10;
    %ix/load 4, 0, 0;
    %flag_set/imm 4, 0;
    %store/vec4 v0x5d34d4c87780_0, 4, 1;
    %load/vec4 v0x5d34d4c872d0_0;
    %load/vec4 v0x5d34d4c87200_0;
    %and;
    %load/vec4 v0x5d34d4c87de0_0;
    %parti/s 1, 0, 2;
    %and;
    %ix/load 4, 1, 0;
    %flag_set/imm 4, 0;
    %store/vec4 v0x5d34d4c60f30_0, 4, 1;
    %load/vec4 v0x5d34d4c86d20_0;
    %load/vec4 v0x5d34d4c60f30_0;
    %parti/s 1, 1, 2;
    %load/vec4 v0x5d34d4c617d0_0;
    %load/vec4 v0x5d34d4c87140_0;
    %parti/s 1, 1, 2;
    %load/vec4 v0x5d34d4c87de0_0;
    %parti/s 1, 1, 2;
    %store/vec4 v0x5d34d4c86600_0, 0, 1;
    %store/vec4 v0x5d34d4c863e0_0, 0, 1;
    %store/vec4 v0x5d34d4c86540_0, 0, 1;
    %store/vec4 v0x5d34d4c864a0_0, 0, 1;
    %store/vec4 v0x5d34d4c86300_0, 0, 1;
    %callf/vec4 TD_tb_counter_4bits.q, S_0x5d34d4c85b10;
    %ix/load 4, 1, 0;
    %flag_set/imm 4, 0;
    %store/vec4 v0x5d34d4c87780_0, 4, 1;
    %load/vec4 v0x5d34d4c872d0_0;
    %load/vec4 v0x5d34d4c87200_0;
    %and;
    %load/vec4 v0x5d34d4c87de0_0;
    %parti/s 1, 1, 2;
    %and;
    %load/vec4 v0x5d34d4c87de0_0;
    %parti/s 1, 0, 2;
    %and;
    %ix/load 4, 2, 0;
    %flag_set/imm 4, 0;
    %store/vec4 v0x5d34d4c60f30_0, 4, 1;
    %load/vec4 v0x5d34d4c86d20_0;
    %load/vec4 v0x5d34d4c60f30_0;
    %parti/s 1, 2, 3;
    %load/vec4 v0x5d34d4c617d0_0;
    %load/vec4 v0x5d34d4c87140_0;
    %parti/s 1, 2, 3;
    %load/vec4 v0x5d34d4c87de0_0;
    %parti/s 1, 2, 3;
    %store/vec4 v0x5d34d4c86600_0, 0, 1;
    %store/vec4 v0x5d34d4c863e0_0, 0, 1;
    %store/vec4 v0x5d34d4c86540_0, 0, 1;
    %store/vec4 v0x5d34d4c864a0_0, 0, 1;
    %store/vec4 v0x5d34d4c86300_0, 0, 1;
    %callf/vec4 TD_tb_counter_4bits.q, S_0x5d34d4c85b10;
    %ix/load 4, 2, 0;
    %flag_set/imm 4, 0;
    %store/vec4 v0x5d34d4c87780_0, 4, 1;
    %load/vec4 v0x5d34d4c872d0_0;
    %load/vec4 v0x5d34d4c87200_0;
    %and;
    %load/vec4 v0x5d34d4c87de0_0;
    %parti/s 1, 2, 3;
    %and;
    %load/vec4 v0x5d34d4c87de0_0;
    %parti/s 1, 1, 2;
    %and;
    %load/vec4 v0x5d34d4c87de0_0;
    %parti/s 1, 0, 2;
    %and;
    %ix/load 4, 3, 0;
    %flag_set/imm 4, 0;
    %store/vec4 v0x5d34d4c60f30_0, 4, 1;
    %load/vec4 v0x5d34d4c86d20_0;
    %load/vec4 v0x5d34d4c60f30_0;
    %parti/s 1, 3, 3;
    %load/vec4 v0x5d34d4c617d0_0;
    %load/vec4 v0x5d34d4c87140_0;
    %parti/s 1, 3, 3;
    %load/vec4 v0x5d34d4c87de0_0;
    %parti/s 1, 3, 3;
    %store/vec4 v0x5d34d4c86600_0, 0, 1;
    %store/vec4 v0x5d34d4c863e0_0, 0, 1;
    %store/vec4 v0x5d34d4c86540_0, 0, 1;
    %store/vec4 v0x5d34d4c864a0_0, 0, 1;
    %store/vec4 v0x5d34d4c86300_0, 0, 1;
    %callf/vec4 TD_tb_counter_4bits.q, S_0x5d34d4c85b10;
    %ix/load 4, 3, 0;
    %flag_set/imm 4, 0;
    %store/vec4 v0x5d34d4c87780_0, 4, 1;
    %load/vec4 v0x5d34d4c872d0_0;
    %load/vec4 v0x5d34d4c87200_0;
    %and;
    %load/vec4 v0x5d34d4c87de0_0;
    %parti/s 1, 3, 3;
    %and;
    %load/vec4 v0x5d34d4c87de0_0;
    %parti/s 1, 2, 3;
    %and;
    %load/vec4 v0x5d34d4c87de0_0;
    %parti/s 1, 1, 2;
    %and;
    %load/vec4 v0x5d34d4c87de0_0;
    %parti/s 1, 0, 2;
    %and;
    %store/vec4 v0x5d34d4c87050_0, 0, 1;
    %end;
    .scope S_0x5d34d4c548d0;
t_0 %join;
    %end;
S_0x5d34d4c54090 .scope begin, "$unm_blk_10" "$unm_blk_10" 3 166, 3 166 0, S_0x5d34d4c548d0;
 .timescale -9 -11;
v0x5d34d4c60f30_0 .var "FEEDBACK", 3 0;
v0x5d34d4c617d0_0 .var "LD", 0 0;
S_0x5d34d4c7c880 .scope task, "close" "close" 3 196, 3 196 0, S_0x5d34d4c59ea0;
 .timescale -9 -11;
TD_tb_counter_4bits.close ;
    %delay 1000, 0;
    %vpi_call/w 3 200 "$fclose", v0x5d34d4c87440_0 {0 0 0};
    %vpi_call/w 3 202 "$display" {0 0 0};
    %vpi_call/w 3 203 "$display", "COVERAGE_REPORT" {0 0 0};
    %fork t_3, S_0x5d34d4c7ca80;
    %jmp t_2;
    .scope S_0x5d34d4c7ca80;
t_3 ;
    %pushi/vec4 0, 0, 32;
    %store/vec4 v0x5d34d4c5c500_0, 0, 32;
T_1.0 ;
    %load/vec4 v0x5d34d4c5c500_0;
    %cmpi/s 16, 0, 32;
    %jmp/0xz T_1.1, 5;
    %ix/getv/s 4, v0x5d34d4c5c500_0;
    %load/vec4a v0x5d34d4c87c40, 4;
    %cmpi/e 0, 0, 32;
    %jmp/0xz  T_1.2, 4;
    %vpi_call/w 3 208 "$display", "input CLR_BAR = %b, LD_BAR = %b, ENT = %b, ENP = %b has occured %d times ***ERROR***", &PV<v0x5d34d4c5c500_0, 3, 1>, &PV<v0x5d34d4c5c500_0, 2, 1>, &PV<v0x5d34d4c5c500_0, 1, 1>, &PV<v0x5d34d4c5c500_0, 0, 1>, &A<v0x5d34d4c87c40, v0x5d34d4c5c500_0 > {0 0 0};
    %load/vec4 v0x5d34d4c873a0_0;
    %addi 1, 0, 32;
    %store/vec4 v0x5d34d4c873a0_0, 0, 32;
    %jmp T_1.3;
T_1.2 ;
    %pushi/vec4 0, 0, 32;
    %load/vec4 v0x5d34d4c5c500_0;
    %cmp/s;
    %flag_get/vec4 5;
    %load/vec4 v0x5d34d4c5c500_0;
    %cmpi/s 8, 0, 32;
    %flag_get/vec4 5;
    %and;
    %flag_set/vec4 8;
    %jmp/0xz  T_1.4, 8;
    %vpi_call/w 3 213 "$display", "input CLR_BAR = %b, LD_BAR = %b, ENT = %b, ENP = %b has occured %d times ***same logic as above while CLR_BAR = 0", &PV<v0x5d34d4c5c500_0, 3, 1>, &PV<v0x5d34d4c5c500_0, 2, 1>, &PV<v0x5d34d4c5c500_0, 1, 1>, &PV<v0x5d34d4c5c500_0, 0, 1>, &A<v0x5d34d4c87c40, v0x5d34d4c5c500_0 > {0 0 0};
    %jmp T_1.5;
T_1.4 ;
    %pushi/vec4 8, 0, 32;
    %load/vec4 v0x5d34d4c5c500_0;
    %cmp/s;
    %flag_get/vec4 5;
    %load/vec4 v0x5d34d4c5c500_0;
    %cmpi/s 12, 0, 32;
    %flag_get/vec4 5;
    %and;
    %flag_set/vec4 8;
    %jmp/0xz  T_1.6, 8;
    %vpi_call/w 3 217 "$display", "input CLR_BAR = %b, LD_BAR = %b, ENT = %b, ENP = %b has occured %d times ***same logic as above while CLR_BAR = 0", &PV<v0x5d34d4c5c500_0, 3, 1>, &PV<v0x5d34d4c5c500_0, 2, 1>, &PV<v0x5d34d4c5c500_0, 1, 1>, &PV<v0x5d34d4c5c500_0, 0, 1>, &A<v0x5d34d4c87c40, v0x5d34d4c5c500_0 > {0 0 0};
    %jmp T_1.7;
T_1.6 ;
    %vpi_call/w 3 222 "$display", "input CLR_BAR = %b, LD_BAR = %b, ENT = %b, ENP = %b has occured %d times", &PV<v0x5d34d4c5c500_0, 3, 1>, &PV<v0x5d34d4c5c500_0, 2, 1>, &PV<v0x5d34d4c5c500_0, 1, 1>, &PV<v0x5d34d4c5c500_0, 0, 1>, &A<v0x5d34d4c87c40, v0x5d34d4c5c500_0 > {0 0 0};
T_1.7 ;
T_1.5 ;
T_1.3 ;
    ; show_stmt_assign_vector: Get l-value for compressed += operand
    %load/vec4 v0x5d34d4c5c500_0;
    %pushi/vec4 1, 0, 32;
    %add;
    %cast2;
    %store/vec4 v0x5d34d4c5c500_0, 0, 32;
    %jmp T_1.0;
T_1.1 ;
    %end;
    .scope S_0x5d34d4c7c880;
t_2 %join;
    %vpi_call/w 3 228 "$display" {0 0 0};
    %vpi_call/w 3 229 "$display", "VECTORCOUNT = %d", v0x5d34d4c879c0_0 {0 0 0};
    %vpi_call/w 3 230 "$display", "ERRORS = %15d", v0x5d34d4c873a0_0 {0 0 0};
    %vpi_call/w 3 231 "$display" {0 0 0};
    %vpi_call/w 3 232 "$display", "TEST_END--------------------------------------------------------------------------------------------------------------------------" {0 0 0};
    %vpi_call/w 3 233 "$display" {0 0 0};
    %vpi_call/w 3 235 "$finish" {0 0 0};
    %end;
S_0x5d34d4c7ca80 .scope begin, "$ivl_for_loop0" "$ivl_for_loop0" 3 205, 3 205 0, S_0x5d34d4c7c880;
 .timescale -9 -11;
v0x5d34d4c5c500_0 .var/2s "j", 31 0;
S_0x5d34d4c7ccc0 .scope task, "coverage_update" "coverage_update" 3 262, 3 262 0, S_0x5d34d4c59ea0;
 .timescale -9 -11;
TD_tb_counter_4bits.coverage_update ;
    ; show_stmt_assign_vector: Get l-value for compressed += operand
    %load/vec4 v0x5d34d4c87500_0;
    %pad/u 6;
    %ix/vec4 4;
    %flag_mov 8, 4;
    %load/vec4a v0x5d34d4c87c40, 4;
    %pushi/vec4 1, 0, 32;
    %add;
    %flag_mov 4, 8;
    %store/vec4a v0x5d34d4c87c40, 4, 0;
    %load/vec4 v0x5d34d4c87500_0;
    %cmpi/e 0, 0, 4;
    %jmp/0xz  T_2.8, 4;
    %fork t_5, S_0x5d34d4c7cea0;
    %jmp t_4;
    .scope S_0x5d34d4c7cea0;
t_5 ;
    %pushi/vec4 1, 0, 32;
    %store/vec4 v0x5d34d4c566f0_0, 0, 32;
T_2.10 ;
    %load/vec4 v0x5d34d4c566f0_0;
    %cmpi/s 8, 0, 32;
    %jmp/0xz T_2.11, 5;
    ; show_stmt_assign_vector: Get l-value for compressed += operand
    %ix/getv/s 4, v0x5d34d4c566f0_0;
    %flag_mov 8, 4;
    %load/vec4a v0x5d34d4c87c40, 4;
    %pushi/vec4 1, 0, 32;
    %add;
    %flag_mov 4, 8;
    %store/vec4a v0x5d34d4c87c40, 4, 0;
    ; show_stmt_assign_vector: Get l-value for compressed += operand
    %load/vec4 v0x5d34d4c566f0_0;
    %pushi/vec4 1, 0, 32;
    %add;
    %cast2;
    %store/vec4 v0x5d34d4c566f0_0, 0, 32;
    %jmp T_2.10;
T_2.11 ;
    %end;
    .scope S_0x5d34d4c7ccc0;
t_4 %join;
T_2.8 ;
    %load/vec4 v0x5d34d4c86d20_0;
    %pad/u 32;
    %pushi/vec4 1, 0, 32;
    %cmp/e;
    %flag_get/vec4 4;
    %load/vec4 v0x5d34d4c875e0_0;
    %pad/u 32;
    %pushi/vec4 0, 0, 32;
    %cmp/e;
    %flag_get/vec4 4;
    %and;
    %flag_set/vec4 8;
    %jmp/0xz  T_2.12, 8;
    %fork t_7, S_0x5d34d4c7d0e0;
    %jmp t_6;
    .scope S_0x5d34d4c7d0e0;
t_7 ;
    %pushi/vec4 9, 0, 32;
    %store/vec4 v0x5d34d4c50f10_0, 0, 32;
T_2.14 ;
    %load/vec4 v0x5d34d4c50f10_0;
    %cmpi/s 12, 0, 32;
    %jmp/0xz T_2.15, 5;
    ; show_stmt_assign_vector: Get l-value for compressed += operand
    %ix/getv/s 4, v0x5d34d4c50f10_0;
    %flag_mov 8, 4;
    %load/vec4a v0x5d34d4c87c40, 4;
    %pushi/vec4 1, 0, 32;
    %add;
    %flag_mov 4, 8;
    %store/vec4a v0x5d34d4c87c40, 4, 0;
    ; show_stmt_assign_vector: Get l-value for compressed += operand
    %load/vec4 v0x5d34d4c50f10_0;
    %pushi/vec4 1, 0, 32;
    %add;
    %cast2;
    %store/vec4 v0x5d34d4c50f10_0, 0, 32;
    %jmp T_2.14;
T_2.15 ;
    %end;
    .scope S_0x5d34d4c7ccc0;
t_6 %join;
T_2.12 ;
    %end;
S_0x5d34d4c7cea0 .scope begin, "$ivl_for_loop1" "$ivl_for_loop1" 3 268, 3 268 0, S_0x5d34d4c7ccc0;
 .timescale -9 -11;
v0x5d34d4c566f0_0 .var/2s "j", 31 0;
S_0x5d34d4c7d0e0 .scope begin, "$ivl_for_loop2" "$ivl_for_loop2" 3 273, 3 273 0, S_0x5d34d4c7ccc0;
 .timescale -9 -11;
v0x5d34d4c50f10_0 .var/2s "j", 31 0;
S_0x5d34d4c7d320 .scope task, "display_file" "display_file" 3 253, 3 253 0, S_0x5d34d4c59ea0;
 .timescale -9 -11;
TD_tb_counter_4bits.display_file ;
    %vpi_call/w 3 255 "$display", "%10d %9s-%-2d | %4d | %4b    | %3b    | %2b  | %2b  | %4b | %2b   | %4b | %7b       | %7b    |", v0x5d34d4c879c0_0, v0x5d34d4c86de0_0, v0x5d34d4c87de0_0, $time, v0x5d34d4c86d20_0, v0x5d34d4c875e0_0, v0x5d34d4c872d0_0, v0x5d34d4c87200_0, v0x5d34d4c87140_0, v0x5d34d4c86f80_0, v0x5d34d4c876b0_0, v0x5d34d4c87050_0, v0x5d34d4c87780_0 {0 0 0};
    %end;
S_0x5d34d4c7d500 .scope module, "dut_counter_4bits" "counter_4bits" 3 29, 4 1 0, S_0x5d34d4c59ea0;
 .timescale -9 -11;
    .port_info 0 /INPUT 1 "clk";
    .port_info 1 /INPUT 1 "clrbar";
    .port_info 2 /INPUT 1 "ent";
    .port_info 3 /INPUT 1 "enp";
    .port_info 4 /INPUT 1 "ld_bar";
    .port_info 5 /INPUT 4 "data";
    .port_info 6 /OUTPUT 4 "q";
    .port_info 7 /OUTPUT 1 "cout";
L_0x5d34d4c60dd0 .functor NOT 1, v0x5d34d4c875e0_0, C4<0>, C4<0>, C4<0>;
L_0x5d34d4c616b0 .functor AND 1, v0x5d34d4c872d0_0, v0x5d34d4c87200_0, C4<1>, C4<1>;
L_0x5d34d4c88950 .functor AND 1, v0x5d34d4c872d0_0, v0x5d34d4c87200_0, C4<1>, C4<1>;
L_0x5d34d4c88ad0 .functor AND 1, L_0x5d34d4c88950, L_0x5d34d4c889e0, C4<1>, C4<1>;
L_0x5d34d4c894a0 .functor AND 1, v0x5d34d4c872d0_0, v0x5d34d4c87200_0, C4<1>, C4<1>;
L_0x5d34d4c895f0 .functor AND 1, L_0x5d34d4c894a0, L_0x5d34d4c89510, C4<1>, C4<1>;
L_0x5d34d4c897d0 .functor AND 1, L_0x5d34d4c895f0, L_0x5d34d4c896a0, C4<1>, C4<1>;
L_0x5d34d4c8a3c0 .functor AND 1, v0x5d34d4c872d0_0, v0x5d34d4c87200_0, C4<1>, C4<1>;
L_0x5d34d4c8a520 .functor AND 1, L_0x5d34d4c8a3c0, L_0x5d34d4c8a480, C4<1>, C4<1>;
L_0x5d34d4c8a6f0 .functor AND 1, L_0x5d34d4c8a520, L_0x5d34d4c8a5e0, C4<1>, C4<1>;
L_0x5d34d4c8a900 .functor AND 1, L_0x5d34d4c8a6f0, L_0x5d34d4c8a860, C4<1>, C4<1>;
L_0x5d34d4c8a680 .functor AND 1, v0x5d34d4c872d0_0, v0x5d34d4c87200_0, C4<1>, C4<1>;
L_0x5d34d4c8ba20 .functor AND 1, L_0x5d34d4c8a680, L_0x5d34d4c8b890, C4<1>, C4<1>;
L_0x5d34d4c8bbd0 .functor AND 1, L_0x5d34d4c8ba20, L_0x5d34d4c8bb30, C4<1>, C4<1>;
L_0x5d34d4c8b820 .functor AND 1, L_0x5d34d4c8bbd0, L_0x5d34d4c8bce0, C4<1>, C4<1>;
L_0x5d34d4c8be80 .functor AND 1, L_0x5d34d4c8b820, L_0x5d34d4c8b980, C4<1>, C4<1>;
v0x5d34d4c837c0_0 .net *"_ivl_16", 0 0, L_0x5d34d4c88950;  1 drivers
v0x5d34d4c838c0_0 .net *"_ivl_19", 0 0, L_0x5d34d4c889e0;  1 drivers
v0x5d34d4c839a0_0 .net *"_ivl_20", 0 0, L_0x5d34d4c88ad0;  1 drivers
v0x5d34d4c83a90_0 .net *"_ivl_32", 0 0, L_0x5d34d4c894a0;  1 drivers
v0x5d34d4c83b70_0 .net *"_ivl_35", 0 0, L_0x5d34d4c89510;  1 drivers
v0x5d34d4c83c50_0 .net *"_ivl_36", 0 0, L_0x5d34d4c895f0;  1 drivers
v0x5d34d4c83d30_0 .net *"_ivl_39", 0 0, L_0x5d34d4c896a0;  1 drivers
v0x5d34d4c83e10_0 .net *"_ivl_4", 0 0, L_0x5d34d4c616b0;  1 drivers
v0x5d34d4c83ef0_0 .net *"_ivl_40", 0 0, L_0x5d34d4c897d0;  1 drivers
v0x5d34d4c84060_0 .net *"_ivl_53", 0 0, L_0x5d34d4c8a3c0;  1 drivers
v0x5d34d4c84140_0 .net *"_ivl_56", 0 0, L_0x5d34d4c8a480;  1 drivers
v0x5d34d4c84220_0 .net *"_ivl_57", 0 0, L_0x5d34d4c8a520;  1 drivers
v0x5d34d4c84300_0 .net *"_ivl_60", 0 0, L_0x5d34d4c8a5e0;  1 drivers
v0x5d34d4c843e0_0 .net *"_ivl_61", 0 0, L_0x5d34d4c8a6f0;  1 drivers
v0x5d34d4c844c0_0 .net *"_ivl_64", 0 0, L_0x5d34d4c8a860;  1 drivers
v0x5d34d4c845a0_0 .net *"_ivl_65", 0 0, L_0x5d34d4c8a900;  1 drivers
v0x5d34d4c84680_0 .net *"_ivl_77", 0 0, L_0x5d34d4c8a680;  1 drivers
v0x5d34d4c84760_0 .net *"_ivl_80", 0 0, L_0x5d34d4c8b890;  1 drivers
v0x5d34d4c84840_0 .net *"_ivl_81", 0 0, L_0x5d34d4c8ba20;  1 drivers
v0x5d34d4c84920_0 .net *"_ivl_84", 0 0, L_0x5d34d4c8bb30;  1 drivers
v0x5d34d4c84a00_0 .net *"_ivl_85", 0 0, L_0x5d34d4c8bbd0;  1 drivers
v0x5d34d4c84ae0_0 .net *"_ivl_88", 0 0, L_0x5d34d4c8bce0;  1 drivers
v0x5d34d4c84bc0_0 .net *"_ivl_89", 0 0, L_0x5d34d4c8b820;  1 drivers
v0x5d34d4c84ca0_0 .net *"_ivl_92", 0 0, L_0x5d34d4c8b980;  1 drivers
v0x5d34d4c84d80_0 .net "clk", 0 0, v0x5d34d4c87920_0;  1 drivers
v0x5d34d4c84e20_0 .net "clrbar", 0 0, v0x5d34d4c86d20_0;  1 drivers
v0x5d34d4c84fd0_0 .net "cout", 0 0, L_0x5d34d4c8be80;  alias, 1 drivers
v0x5d34d4c85090_0 .net "data", 3 0, v0x5d34d4c87140_0;  1 drivers
v0x5d34d4c85170_0 .net "enp", 0 0, v0x5d34d4c87200_0;  1 drivers
v0x5d34d4c85230_0 .net "ent", 0 0, v0x5d34d4c872d0_0;  1 drivers
v0x5d34d4c852f0_0 .net "feedback", 3 0, L_0x5d34d4c8a1e0;  1 drivers
v0x5d34d4c853d0_0 .net "ld", 0 0, L_0x5d34d4c60dd0;  1 drivers
v0x5d34d4c85470_0 .net "ld_bar", 0 0, v0x5d34d4c875e0_0;  1 drivers
v0x5d34d4c85530_0 .net "prev_q", 3 0, L_0x5d34d4c8b640;  1 drivers
v0x5d34d4c85610_0 .net "q", 3 0, L_0x5d34d4c8b510;  alias, 1 drivers
L_0x5d34d4c88720 .part L_0x5d34d4c8a1e0, 0, 1;
L_0x5d34d4c88810 .part v0x5d34d4c87140_0, 0, 1;
L_0x5d34d4c889e0 .part L_0x5d34d4c8b510, 0, 1;
L_0x5d34d4c89270 .part L_0x5d34d4c8a1e0, 1, 1;
L_0x5d34d4c893b0 .part v0x5d34d4c87140_0, 1, 1;
L_0x5d34d4c89510 .part L_0x5d34d4c8b510, 1, 1;
L_0x5d34d4c896a0 .part L_0x5d34d4c8b510, 0, 1;
L_0x5d34d4c89f20 .part L_0x5d34d4c8a1e0, 2, 1;
L_0x5d34d4c8a060 .part v0x5d34d4c87140_0, 2, 1;
L_0x5d34d4c8a1e0 .concat8 [ 1 1 1 1], L_0x5d34d4c616b0, L_0x5d34d4c88ad0, L_0x5d34d4c897d0, L_0x5d34d4c8a900;
L_0x5d34d4c8a480 .part L_0x5d34d4c8b510, 2, 1;
L_0x5d34d4c8a5e0 .part L_0x5d34d4c8b510, 1, 1;
L_0x5d34d4c8a860 .part L_0x5d34d4c8b510, 0, 1;
L_0x5d34d4c8b2b0 .part L_0x5d34d4c8a1e0, 3, 1;
L_0x5d34d4c8b420 .part v0x5d34d4c87140_0, 3, 1;
L_0x5d34d4c8b510 .concat8 [ 1 1 1 1], v0x5d34d4c7e200_0, v0x5d34d4c7f980_0, v0x5d34d4c810c0_0, v0x5d34d4c828c0_0;
L_0x5d34d4c8b640 .concat8 [ 1 1 1 1], v0x5d34d4c7e0f0_0, v0x5d34d4c7f870_0, v0x5d34d4c81000_0, v0x5d34d4c827b0_0;
L_0x5d34d4c8b890 .part L_0x5d34d4c8b640, 3, 1;
L_0x5d34d4c8bb30 .part L_0x5d34d4c8b640, 2, 1;
L_0x5d34d4c8bce0 .part L_0x5d34d4c8b640, 1, 1;
L_0x5d34d4c8b980 .part L_0x5d34d4c8b640, 0, 1;
S_0x5d34d4c7d850 .scope module, "dut_output_section0" "output_section" 4 19, 4 40 0, S_0x5d34d4c7d500;
 .timescale -9 -11;
    .port_info 0 /INPUT 1 "clk";
    .port_info 1 /INPUT 1 "clrbar";
    .port_info 2 /INPUT 1 "feedback";
    .port_info 3 /INPUT 1 "ld";
    .port_info 4 /INPUT 1 "data";
    .port_info 5 /OUTPUT 1 "q";
    .port_info 6 /OUTPUT 1 "prev_q";
L_0x5d34d4c5c3a0 .functor OR 1, L_0x5d34d4c88720, L_0x5d34d4c60dd0, C4<0>, C4<0>;
L_0x5d34d4c56590 .functor AND 1, L_0x5d34d4c88280, L_0x5d34d4c60dd0, C4<1>, C4<1>;
L_0x5d34d4c50db0 .functor NOT 1, L_0x5d34d4c56590, C4<0>, C4<0>, C4<0>;
L_0x5d34d4c880a0 .functor AND 1, L_0x5d34d4c88810, L_0x5d34d4c60dd0, C4<1>, C4<1>;
L_0x5d34d4c88280 .functor NOT 1, L_0x5d34d4c880a0, C4<0>, C4<0>, C4<0>;
L_0x5d34d4c88390 .functor AND 1, L_0x5d34d4c50db0, L_0x5d34d4c5c3a0, C4<1>, C4<1>;
L_0x5d34d4c88530 .functor AND 1, L_0x5d34d4c88280, L_0x5d34d4c5c3a0, C4<1>, C4<1>;
v0x5d34d4c7e460_0 .net "NOTHING", 0 0, L_0x5d34d4c885f0;  1 drivers
v0x5d34d4c7e520_0 .net *"_ivl_2", 0 0, L_0x5d34d4c56590;  1 drivers
v0x5d34d4c7e5e0_0 .net *"_ivl_6", 0 0, L_0x5d34d4c880a0;  1 drivers
v0x5d34d4c7e6a0_0 .net "clk", 0 0, v0x5d34d4c87920_0;  alias, 1 drivers
v0x5d34d4c7e740_0 .net "clrbar", 0 0, v0x5d34d4c86d20_0;  alias, 1 drivers
v0x5d34d4c7e830_0 .net "data", 0 0, L_0x5d34d4c88810;  1 drivers
v0x5d34d4c7e8d0_0 .net "feedback", 0 0, L_0x5d34d4c88720;  1 drivers
v0x5d34d4c7e970_0 .net "j", 0 0, L_0x5d34d4c88390;  1 drivers
v0x5d34d4c7ea10_0 .net "k", 0 0, L_0x5d34d4c88530;  1 drivers
v0x5d34d4c7eae0_0 .net "ld", 0 0, L_0x5d34d4c60dd0;  alias, 1 drivers
v0x5d34d4c7eb80_0 .net "prev_q", 0 0, v0x5d34d4c7e0f0_0;  1 drivers
v0x5d34d4c7ec50_0 .net "q", 0 0, v0x5d34d4c7e200_0;  1 drivers
v0x5d34d4c7ed20_0 .net "to_j", 0 0, L_0x5d34d4c50db0;  1 drivers
v0x5d34d4c7edc0_0 .net "to_j_and_k", 0 0, L_0x5d34d4c5c3a0;  1 drivers
v0x5d34d4c7ee60_0 .net "to_k", 0 0, L_0x5d34d4c88280;  1 drivers
S_0x5d34d4c7db00 .scope module, "dut_jk_flip_flop" "jk_flip_flop" 4 62, 4 74 0, S_0x5d34d4c7d850;
 .timescale -9 -11;
    .port_info 0 /INPUT 1 "clk";
    .port_info 1 /INPUT 1 "clrbar";
    .port_info 2 /INPUT 1 "j";
    .port_info 3 /INPUT 1 "k";
    .port_info 4 /OUTPUT 1 "q";
    .port_info 5 /OUTPUT 1 "qbar";
    .port_info 6 /OUTPUT 1 "prev_q";
L_0x5d34d4c885f0 .functor NOT 1, v0x5d34d4c7e200_0, C4<0>, C4<0>, C4<0>;
v0x5d34d4c7ddf0_0 .net "clk", 0 0, v0x5d34d4c87920_0;  alias, 1 drivers
v0x5d34d4c7ded0_0 .net "clrbar", 0 0, v0x5d34d4c86d20_0;  alias, 1 drivers
v0x5d34d4c7df90_0 .net "j", 0 0, L_0x5d34d4c88390;  alias, 1 drivers
v0x5d34d4c7e030_0 .net "k", 0 0, L_0x5d34d4c88530;  alias, 1 drivers
v0x5d34d4c7e0f0_0 .var "prev_q", 0 0;
v0x5d34d4c7e200_0 .var "q", 0 0;
v0x5d34d4c7e2c0_0 .net "qbar", 0 0, L_0x5d34d4c885f0;  alias, 1 drivers
E_0x5d34d4be3820 .event posedge, v0x5d34d4c7ddf0_0;
S_0x5d34d4c7efe0 .scope module, "dut_output_section1" "output_section" 4 23, 4 40 0, S_0x5d34d4c7d500;
 .timescale -9 -11;
    .port_info 0 /INPUT 1 "clk";
    .port_info 1 /INPUT 1 "clrbar";
    .port_info 2 /INPUT 1 "feedback";
    .port_info 3 /INPUT 1 "ld";
    .port_info 4 /INPUT 1 "data";
    .port_info 5 /OUTPUT 1 "q";
    .port_info 6 /OUTPUT 1 "prev_q";
L_0x5d34d4c88be0 .functor OR 1, L_0x5d34d4c89270, L_0x5d34d4c60dd0, C4<0>, C4<0>;
L_0x5d34d4c88c50 .functor AND 1, L_0x5d34d4c88df0, L_0x5d34d4c60dd0, C4<1>, C4<1>;
L_0x5d34d4c88cc0 .functor NOT 1, L_0x5d34d4c88c50, C4<0>, C4<0>, C4<0>;
L_0x5d34d4c88d80 .functor AND 1, L_0x5d34d4c893b0, L_0x5d34d4c60dd0, C4<1>, C4<1>;
L_0x5d34d4c88df0 .functor NOT 1, L_0x5d34d4c88d80, C4<0>, C4<0>, C4<0>;
L_0x5d34d4c88f00 .functor AND 1, L_0x5d34d4c88cc0, L_0x5d34d4c88be0, C4<1>, C4<1>;
L_0x5d34d4c890a0 .functor AND 1, L_0x5d34d4c88df0, L_0x5d34d4c88be0, C4<1>, C4<1>;
v0x5d34d4c7fc20_0 .net "NOTHING", 0 0, L_0x5d34d4c89160;  1 drivers
v0x5d34d4c7fce0_0 .net *"_ivl_2", 0 0, L_0x5d34d4c88c50;  1 drivers
v0x5d34d4c7fda0_0 .net *"_ivl_6", 0 0, L_0x5d34d4c88d80;  1 drivers
v0x5d34d4c7fe60_0 .net "clk", 0 0, v0x5d34d4c87920_0;  alias, 1 drivers
v0x5d34d4c7ff00_0 .net "clrbar", 0 0, v0x5d34d4c86d20_0;  alias, 1 drivers
v0x5d34d4c7fff0_0 .net "data", 0 0, L_0x5d34d4c893b0;  1 drivers
v0x5d34d4c800b0_0 .net "feedback", 0 0, L_0x5d34d4c89270;  1 drivers
v0x5d34d4c80170_0 .net "j", 0 0, L_0x5d34d4c88f00;  1 drivers
v0x5d34d4c80210_0 .net "k", 0 0, L_0x5d34d4c890a0;  1 drivers
v0x5d34d4c802e0_0 .net "ld", 0 0, L_0x5d34d4c60dd0;  alias, 1 drivers
v0x5d34d4c803b0_0 .net "prev_q", 0 0, v0x5d34d4c7f870_0;  1 drivers
v0x5d34d4c80480_0 .net "q", 0 0, v0x5d34d4c7f980_0;  1 drivers
v0x5d34d4c80550_0 .net "to_j", 0 0, L_0x5d34d4c88cc0;  1 drivers
v0x5d34d4c805f0_0 .net "to_j_and_k", 0 0, L_0x5d34d4c88be0;  1 drivers
v0x5d34d4c80690_0 .net "to_k", 0 0, L_0x5d34d4c88df0;  1 drivers
S_0x5d34d4c7f240 .scope module, "dut_jk_flip_flop" "jk_flip_flop" 4 62, 4 74 0, S_0x5d34d4c7efe0;
 .timescale -9 -11;
    .port_info 0 /INPUT 1 "clk";
    .port_info 1 /INPUT 1 "clrbar";
    .port_info 2 /INPUT 1 "j";
    .port_info 3 /INPUT 1 "k";
    .port_info 4 /OUTPUT 1 "q";
    .port_info 5 /OUTPUT 1 "qbar";
    .port_info 6 /OUTPUT 1 "prev_q";
L_0x5d34d4c89160 .functor NOT 1, v0x5d34d4c7f980_0, C4<0>, C4<0>, C4<0>;
v0x5d34d4c7f510_0 .net "clk", 0 0, v0x5d34d4c87920_0;  alias, 1 drivers
v0x5d34d4c7f620_0 .net "clrbar", 0 0, v0x5d34d4c86d20_0;  alias, 1 drivers
v0x5d34d4c7f730_0 .net "j", 0 0, L_0x5d34d4c88f00;  alias, 1 drivers
v0x5d34d4c7f7d0_0 .net "k", 0 0, L_0x5d34d4c890a0;  alias, 1 drivers
v0x5d34d4c7f870_0 .var "prev_q", 0 0;
v0x5d34d4c7f980_0 .var "q", 0 0;
v0x5d34d4c7fa40_0 .net "qbar", 0 0, L_0x5d34d4c89160;  alias, 1 drivers
S_0x5d34d4c807d0 .scope module, "dut_output_section2" "output_section" 4 27, 4 40 0, S_0x5d34d4c7d500;
 .timescale -9 -11;
    .port_info 0 /INPUT 1 "clk";
    .port_info 1 /INPUT 1 "clrbar";
    .port_info 2 /INPUT 1 "feedback";
    .port_info 3 /INPUT 1 "ld";
    .port_info 4 /INPUT 1 "data";
    .port_info 5 /OUTPUT 1 "q";
    .port_info 6 /OUTPUT 1 "prev_q";
L_0x5d34d4c89890 .functor OR 1, L_0x5d34d4c89f20, L_0x5d34d4c60dd0, C4<0>, C4<0>;
L_0x5d34d4c89900 .functor AND 1, L_0x5d34d4c89aa0, L_0x5d34d4c60dd0, C4<1>, C4<1>;
L_0x5d34d4c89970 .functor NOT 1, L_0x5d34d4c89900, C4<0>, C4<0>, C4<0>;
L_0x5d34d4c89a30 .functor AND 1, L_0x5d34d4c8a060, L_0x5d34d4c60dd0, C4<1>, C4<1>;
L_0x5d34d4c89aa0 .functor NOT 1, L_0x5d34d4c89a30, C4<0>, C4<0>, C4<0>;
L_0x5d34d4c89bb0 .functor AND 1, L_0x5d34d4c89970, L_0x5d34d4c89890, C4<1>, C4<1>;
L_0x5d34d4c89d50 .functor AND 1, L_0x5d34d4c89aa0, L_0x5d34d4c89890, C4<1>, C4<1>;
v0x5d34d4c81360_0 .net "NOTHING", 0 0, L_0x5d34d4c89e10;  1 drivers
v0x5d34d4c81420_0 .net *"_ivl_2", 0 0, L_0x5d34d4c89900;  1 drivers
v0x5d34d4c814e0_0 .net *"_ivl_6", 0 0, L_0x5d34d4c89a30;  1 drivers
v0x5d34d4c815d0_0 .net "clk", 0 0, v0x5d34d4c87920_0;  alias, 1 drivers
v0x5d34d4c81670_0 .net "clrbar", 0 0, v0x5d34d4c86d20_0;  alias, 1 drivers
v0x5d34d4c81710_0 .net "data", 0 0, L_0x5d34d4c8a060;  1 drivers
v0x5d34d4c817d0_0 .net "feedback", 0 0, L_0x5d34d4c89f20;  1 drivers
v0x5d34d4c81890_0 .net "j", 0 0, L_0x5d34d4c89bb0;  1 drivers
v0x5d34d4c81930_0 .net "k", 0 0, L_0x5d34d4c89d50;  1 drivers
v0x5d34d4c81a90_0 .net "ld", 0 0, L_0x5d34d4c60dd0;  alias, 1 drivers
v0x5d34d4c81b30_0 .net "prev_q", 0 0, v0x5d34d4c81000_0;  1 drivers
v0x5d34d4c81bd0_0 .net "q", 0 0, v0x5d34d4c810c0_0;  1 drivers
v0x5d34d4c81ca0_0 .net "to_j", 0 0, L_0x5d34d4c89970;  1 drivers
v0x5d34d4c81d40_0 .net "to_j_and_k", 0 0, L_0x5d34d4c89890;  1 drivers
v0x5d34d4c81de0_0 .net "to_k", 0 0, L_0x5d34d4c89aa0;  1 drivers
S_0x5d34d4c80a40 .scope module, "dut_jk_flip_flop" "jk_flip_flop" 4 62, 4 74 0, S_0x5d34d4c807d0;
 .timescale -9 -11;
    .port_info 0 /INPUT 1 "clk";
    .port_info 1 /INPUT 1 "clrbar";
    .port_info 2 /INPUT 1 "j";
    .port_info 3 /INPUT 1 "k";
    .port_info 4 /OUTPUT 1 "q";
    .port_info 5 /OUTPUT 1 "qbar";
    .port_info 6 /OUTPUT 1 "prev_q";
L_0x5d34d4c89e10 .functor NOT 1, v0x5d34d4c810c0_0, C4<0>, C4<0>, C4<0>;
v0x5d34d4c80d10_0 .net "clk", 0 0, v0x5d34d4c87920_0;  alias, 1 drivers
v0x5d34d4c80dd0_0 .net "clrbar", 0 0, v0x5d34d4c86d20_0;  alias, 1 drivers
v0x5d34d4c80e90_0 .net "j", 0 0, L_0x5d34d4c89bb0;  alias, 1 drivers
v0x5d34d4c80f60_0 .net "k", 0 0, L_0x5d34d4c89d50;  alias, 1 drivers
v0x5d34d4c81000_0 .var "prev_q", 0 0;
v0x5d34d4c810c0_0 .var "q", 0 0;
v0x5d34d4c81180_0 .net "qbar", 0 0, L_0x5d34d4c89e10;  alias, 1 drivers
S_0x5d34d4c81f40 .scope module, "dut_output_section3" "output_section" 4 30, 4 40 0, S_0x5d34d4c7d500;
 .timescale -9 -11;
    .port_info 0 /INPUT 1 "clk";
    .port_info 1 /INPUT 1 "clrbar";
    .port_info 2 /INPUT 1 "feedback";
    .port_info 3 /INPUT 1 "ld";
    .port_info 4 /INPUT 1 "data";
    .port_info 5 /OUTPUT 1 "q";
    .port_info 6 /OUTPUT 1 "prev_q";
L_0x5d34d4c8aa10 .functor OR 1, L_0x5d34d4c8b2b0, L_0x5d34d4c60dd0, C4<0>, C4<0>;
L_0x5d34d4c8aa80 .functor AND 1, L_0x5d34d4c8ae30, L_0x5d34d4c60dd0, C4<1>, C4<1>;
L_0x5d34d4c8ad00 .functor NOT 1, L_0x5d34d4c8aa80, C4<0>, C4<0>, C4<0>;
L_0x5d34d4c8adc0 .functor AND 1, L_0x5d34d4c8b420, L_0x5d34d4c60dd0, C4<1>, C4<1>;
L_0x5d34d4c8ae30 .functor NOT 1, L_0x5d34d4c8adc0, C4<0>, C4<0>, C4<0>;
L_0x5d34d4c8af40 .functor AND 1, L_0x5d34d4c8ad00, L_0x5d34d4c8aa10, C4<1>, C4<1>;
L_0x5d34d4c8b0e0 .functor AND 1, L_0x5d34d4c8ae30, L_0x5d34d4c8aa10, C4<1>, C4<1>;
v0x5d34d4c82b60_0 .net "NOTHING", 0 0, L_0x5d34d4c8b1a0;  1 drivers
v0x5d34d4c82c20_0 .net *"_ivl_2", 0 0, L_0x5d34d4c8aa80;  1 drivers
v0x5d34d4c82ce0_0 .net *"_ivl_6", 0 0, L_0x5d34d4c8adc0;  1 drivers
v0x5d34d4c82dd0_0 .net "clk", 0 0, v0x5d34d4c87920_0;  alias, 1 drivers
v0x5d34d4c82e70_0 .net "clrbar", 0 0, v0x5d34d4c86d20_0;  alias, 1 drivers
v0x5d34d4c82f60_0 .net "data", 0 0, L_0x5d34d4c8b420;  1 drivers
v0x5d34d4c83020_0 .net "feedback", 0 0, L_0x5d34d4c8b2b0;  1 drivers
v0x5d34d4c830e0_0 .net "j", 0 0, L_0x5d34d4c8af40;  1 drivers
v0x5d34d4c83180_0 .net "k", 0 0, L_0x5d34d4c8b0e0;  1 drivers
v0x5d34d4c832e0_0 .net "ld", 0 0, L_0x5d34d4c60dd0;  alias, 1 drivers
v0x5d34d4c83380_0 .net "prev_q", 0 0, v0x5d34d4c827b0_0;  1 drivers
v0x5d34d4c83450_0 .net "q", 0 0, v0x5d34d4c828c0_0;  1 drivers
v0x5d34d4c83520_0 .net "to_j", 0 0, L_0x5d34d4c8ad00;  1 drivers
v0x5d34d4c835c0_0 .net "to_j_and_k", 0 0, L_0x5d34d4c8aa10;  1 drivers
v0x5d34d4c83660_0 .net "to_k", 0 0, L_0x5d34d4c8ae30;  1 drivers
S_0x5d34d4c821d0 .scope module, "dut_jk_flip_flop" "jk_flip_flop" 4 62, 4 74 0, S_0x5d34d4c81f40;
 .timescale -9 -11;
    .port_info 0 /INPUT 1 "clk";
    .port_info 1 /INPUT 1 "clrbar";
    .port_info 2 /INPUT 1 "j";
    .port_info 3 /INPUT 1 "k";
    .port_info 4 /OUTPUT 1 "q";
    .port_info 5 /OUTPUT 1 "qbar";
    .port_info 6 /OUTPUT 1 "prev_q";
L_0x5d34d4c8b1a0 .functor NOT 1, v0x5d34d4c828c0_0, C4<0>, C4<0>, C4<0>;
v0x5d34d4c824c0_0 .net "clk", 0 0, v0x5d34d4c87920_0;  alias, 1 drivers
v0x5d34d4c82580_0 .net "clrbar", 0 0, v0x5d34d4c86d20_0;  alias, 1 drivers
v0x5d34d4c82640_0 .net "j", 0 0, L_0x5d34d4c8af40;  alias, 1 drivers
v0x5d34d4c82710_0 .net "k", 0 0, L_0x5d34d4c8b0e0;  alias, 1 drivers
v0x5d34d4c827b0_0 .var "prev_q", 0 0;
v0x5d34d4c828c0_0 .var "q", 0 0;
v0x5d34d4c82980_0 .net "qbar", 0 0, L_0x5d34d4c8b1a0;  alias, 1 drivers
S_0x5d34d4c857f0 .scope task, "errors_warnings_check" "errors_warnings_check" 3 286, 3 286 0, S_0x5d34d4c59ea0;
 .timescale -9 -11;
TD_tb_counter_4bits.errors_warnings_check ;
    %load/vec4 v0x5d34d4c86f80_0;
    %load/vec4 v0x5d34d4c87050_0;
    %cmp/ne;
    %jmp/0xz  T_4.16, 6;
    %vpi_call/w 3 291 "$display", "***ERROR: COUT = %b, COUT_expected = %b", v0x5d34d4c86f80_0, v0x5d34d4c87050_0 {0 0 0};
    %load/vec4 v0x5d34d4c873a0_0;
    %addi 1, 0, 32;
    %store/vec4 v0x5d34d4c873a0_0, 0, 32;
T_4.16 ;
    %load/vec4 v0x5d34d4c876b0_0;
    %load/vec4 v0x5d34d4c87780_0;
    %cmp/ne;
    %jmp/0xz  T_4.18, 6;
    %vpi_call/w 3 299 "$display", "***ERROR: Q = %b, Q_expected = %b", v0x5d34d4c876b0_0, v0x5d34d4c87780_0 {0 0 0};
    %load/vec4 v0x5d34d4c873a0_0;
    %addi 1, 0, 32;
    %store/vec4 v0x5d34d4c873a0_0, 0, 32;
T_4.18 ;
    %load/vec4 v0x5d34d4c87500_0;
    %pad/u 8;
    %load/vec4 v0x5d34d4c87d00_0;
    %cmp/ne;
    %jmp/0xz  T_4.20, 6;
    %vpi_call/w 3 306 "$display", "***ERROR: RACING CONDITION OCCUR" {0 0 0};
    %load/vec4 v0x5d34d4c873a0_0;
    %addi 1, 0, 32;
    %store/vec4 v0x5d34d4c873a0_0, 0, 32;
T_4.20 ;
    %end;
S_0x5d34d4c85980 .scope task, "initialize" "initialize" 3 97, 3 97 0, S_0x5d34d4c59ea0;
 .timescale -9 -11;
TD_tb_counter_4bits.initialize ;
    %vpi_func 3 99 "$fopen" 32, "tb_counter_4bits.tv", "r" {0 0 0};
    %store/vec4 v0x5d34d4c87440_0, 0, 32;
    %vpi_func 3 100 "$fscanf" 32, v0x5d34d4c87440_0, "%s", v0x5d34d4c86de0_0 {0 0 0};
    %store/vec4 v0x5d34d4c86ec0_0, 0, 32;
    %vpi_func 3 102 "$fscanf" 32, v0x5d34d4c87440_0, "%s %b %b %b %b %b %b %b", v0x5d34d4c86de0_0, v0x5d34d4c86d20_0, v0x5d34d4c875e0_0, v0x5d34d4c872d0_0, v0x5d34d4c87200_0, v0x5d34d4c87140_0, v0x5d34d4c87050_0, v0x5d34d4c87840_0 {0 0 0};
    %store/vec4 v0x5d34d4c86ec0_0, 0, 32;
    %pushi/vec4 0, 0, 1;
    %store/vec4 v0x5d34d4c87920_0, 0, 1;
    %pushi/vec4 0, 0, 32;
    %store/vec4 v0x5d34d4c879c0_0, 0, 32;
    %pushi/vec4 0, 0, 32;
    %store/vec4 v0x5d34d4c873a0_0, 0, 32;
    %pushi/vec4 0, 0, 32;
    %store/vec4 v0x5d34d4c87b60_0, 0, 32;
T_5.22 ;
    %load/vec4 v0x5d34d4c87b60_0;
    %cmpi/s 16, 0, 32;
    %jmp/0xz T_5.23, 5;
    %pushi/vec4 0, 0, 32;
    %ix/getv/s 4, v0x5d34d4c87b60_0;
    %store/vec4a v0x5d34d4c87c40, 4, 0;
    ; show_stmt_assign_vector: Get l-value for compressed += operand
    %load/vec4 v0x5d34d4c87b60_0;
    %pushi/vec4 1, 0, 32;
    %add;
    %cast2;
    %store/vec4 v0x5d34d4c87b60_0, 0, 32;
    %jmp T_5.22;
T_5.23 ;
    %pushi/vec4 0, 0, 1;
    %store/vec4 v0x5d34d4c87aa0_0, 0, 1;
    %vpi_call/w 3 113 "$display" {0 0 0};
    %vpi_call/w 3 114 "$display", "TEST_START-------------------------------------------------------------------------------------------------------------------------------------" {0 0 0};
    %vpi_call/w 3 115 "$display" {0 0 0};
    %vpi_call/w 3 116 "$display", "                     | TIME | CLR_BAR | LD_BAR | ENT | ENP | DATA | COUT | Q  | COUT_EXPECTED | Q_EXPECTED |" {0 0 0};
    %vpi_call/w 3 117 "$display", "-----------------------------------------------------------------------------------------------------------------------------------------------" {0 0 0};
    %end;
S_0x5d34d4c85b10 .scope function.vec4.s1, "q" "q" 3 57, 3 57 0, S_0x5d34d4c59ea0;
 .timescale -9 -11;
v0x5d34d4c86300_0 .var "clrbar", 0 0;
v0x5d34d4c863e0_0 .var "data", 0 0;
v0x5d34d4c864a0_0 .var "feedback", 0 0;
v0x5d34d4c86540_0 .var "ld", 0 0;
v0x5d34d4c86600_0 .var "prev_q", 0 0;
; Variable q is vec4 return value of scope S_0x5d34d4c85b10
TD_tb_counter_4bits.q ;
    %fork t_9, S_0x5d34d4c85cf0;
    %jmp t_8;
    .scope S_0x5d34d4c85cf0;
t_9 ;
    %load/vec4 v0x5d34d4c864a0_0;
    %load/vec4 v0x5d34d4c86540_0;
    %or;
    %store/vec4 v0x5d34d4c86130_0, 0, 1;
    %load/vec4 v0x5d34d4c863e0_0;
    %load/vec4 v0x5d34d4c86540_0;
    %and;
    %inv;
    %store/vec4 v0x5d34d4c861f0_0, 0, 1;
    %load/vec4 v0x5d34d4c861f0_0;
    %load/vec4 v0x5d34d4c86540_0;
    %and;
    %inv;
    %store/vec4 v0x5d34d4c86090_0, 0, 1;
    %load/vec4 v0x5d34d4c86090_0;
    %load/vec4 v0x5d34d4c86130_0;
    %and;
    %store/vec4 v0x5d34d4c85ef0_0, 0, 1;
    %load/vec4 v0x5d34d4c861f0_0;
    %load/vec4 v0x5d34d4c86130_0;
    %and;
    %store/vec4 v0x5d34d4c85fd0_0, 0, 1;
    %load/vec4 v0x5d34d4c86300_0;
    %inv;
    %flag_set/vec4 8;
    %jmp/0xz  T_6.24, 8;
    %pushi/vec4 0, 0, 1;
    %ret/vec4 0, 0, 1;  Assign to q (store_vec4_to_lval)
    %jmp T_6.25;
T_6.24 ;
    %load/vec4 v0x5d34d4c85ef0_0;
    %load/vec4 v0x5d34d4c85fd0_0;
    %concat/vec4; draw_concat_vec4
    %dup/vec4;
    %pushi/vec4 0, 0, 2;
    %cmp/u;
    %jmp/1 T_6.26, 6;
    %dup/vec4;
    %pushi/vec4 1, 0, 2;
    %cmp/u;
    %jmp/1 T_6.27, 6;
    %dup/vec4;
    %pushi/vec4 2, 0, 2;
    %cmp/u;
    %jmp/1 T_6.28, 6;
    %dup/vec4;
    %pushi/vec4 3, 0, 2;
    %cmp/u;
    %jmp/1 T_6.29, 6;
    %jmp T_6.30;
T_6.26 ;
    %load/vec4 v0x5d34d4c86600_0;
    %ret/vec4 0, 0, 1;  Assign to q (store_vec4_to_lval)
    %jmp T_6.30;
T_6.27 ;
    %pushi/vec4 0, 0, 1;
    %ret/vec4 0, 0, 1;  Assign to q (store_vec4_to_lval)
    %jmp T_6.30;
T_6.28 ;
    %pushi/vec4 1, 0, 1;
    %ret/vec4 0, 0, 1;  Assign to q (store_vec4_to_lval)
    %jmp T_6.30;
T_6.29 ;
    %load/vec4 v0x5d34d4c86600_0;
    %inv;
    %ret/vec4 0, 0, 1;  Assign to q (store_vec4_to_lval)
    %jmp T_6.30;
T_6.30 ;
    %pop/vec4 1;
T_6.25 ;
    %end;
    .scope S_0x5d34d4c85b10;
t_8 %join;
    %end;
S_0x5d34d4c85cf0 .scope begin, "$unm_blk_3" "$unm_blk_3" 3 63, 3 63 0, S_0x5d34d4c85b10;
 .timescale -9 -11;
v0x5d34d4c85ef0_0 .var "j", 0 0;
v0x5d34d4c85fd0_0 .var "k", 0 0;
v0x5d34d4c86090_0 .var "to_j", 0 0;
v0x5d34d4c86130_0 .var "to_j_and_k", 0 0;
v0x5d34d4c861f0_0 .var "to_k", 0 0;
S_0x5d34d4c867d0 .scope task, "random_in" "random_in" 3 137, 3 137 0, S_0x5d34d4c59ea0;
 .timescale -9 -11;
TD_tb_counter_4bits.random_in ;
    %vpi_func 3 139 "$urandom" 32 {0 0 0};
    %pushi/vec4 2, 0, 32;
    %mod;
    %pad/u 1;
    %store/vec4 v0x5d34d4c86d20_0, 0, 1;
    %load/vec4 v0x5d34d4c86d20_0;
    %cmpi/e 0, 0, 1;
    %flag_mov 8, 4;
    %jmp/0 T_7.31, 8;
    %pushi/vec4 0, 0, 32;
    %jmp/1 T_7.32, 8;
T_7.31 ; End of true expr.
    %vpi_func 3 140 "$urandom" 32 {0 0 0};
    %pushi/vec4 2, 0, 32;
    %mod;
    %jmp/0 T_7.32, 8;
 ; End of false expr.
    %blend;
T_7.32;
    %pad/u 1;
    %store/vec4 v0x5d34d4c875e0_0, 0, 1;
    %load/vec4 v0x5d34d4c86d20_0;
    %cmpi/e 0, 0, 1;
    %flag_mov 8, 4;
    %jmp/0 T_7.33, 8;
    %pushi/vec4 0, 0, 32;
    %jmp/1 T_7.34, 8;
T_7.33 ; End of true expr.
    %load/vec4 v0x5d34d4c875e0_0;
    %cmpi/e 0, 0, 1;
    %flag_mov 9, 4;
    %jmp/0 T_7.35, 9;
    %pushi/vec4 0, 0, 32;
    %jmp/1 T_7.36, 9;
T_7.35 ; End of true expr.
    %vpi_func 3 141 "$urandom" 32 {0 0 0};
    %pushi/vec4 2, 0, 32;
    %mod;
    %jmp/0 T_7.36, 9;
 ; End of false expr.
    %blend;
T_7.36;
    %jmp/0 T_7.34, 8;
 ; End of false expr.
    %blend;
T_7.34;
    %pad/u 1;
    %store/vec4 v0x5d34d4c872d0_0, 0, 1;
    %load/vec4 v0x5d34d4c86d20_0;
    %cmpi/e 0, 0, 1;
    %flag_mov 8, 4;
    %jmp/0 T_7.37, 8;
    %pushi/vec4 0, 0, 32;
    %jmp/1 T_7.38, 8;
T_7.37 ; End of true expr.
    %load/vec4 v0x5d34d4c875e0_0;
    %cmpi/e 0, 0, 1;
    %flag_mov 9, 4;
    %jmp/0 T_7.39, 9;
    %pushi/vec4 0, 0, 32;
    %jmp/1 T_7.40, 9;
T_7.39 ; End of true expr.
    %vpi_func 3 142 "$urandom" 32 {0 0 0};
    %pushi/vec4 2, 0, 32;
    %mod;
    %jmp/0 T_7.40, 9;
 ; End of false expr.
    %blend;
T_7.40;
    %jmp/0 T_7.38, 8;
 ; End of false expr.
    %blend;
T_7.38;
    %pad/u 1;
    %store/vec4 v0x5d34d4c87200_0, 0, 1;
    %vpi_func 3 143 "$urandom" 32 {0 0 0};
    %pushi/vec4 16, 0, 32;
    %mod;
    %pad/u 4;
    %store/vec4 v0x5d34d4c87140_0, 0, 4;
    %load/vec4 v0x5d34d4c86d20_0;
    %pad/u 32;
    %cmpi/e 0, 0, 32;
    %jmp/0xz  T_7.41, 4;
    %pushi/vec4 0, 0, 32; draw_string_vec4
    %pushi/vec4 0, 0, 32; draw_string_vec4
    %concat/vec4; draw_string_vec4
    %pushi/vec4 0, 0, 32; draw_string_vec4
    %concat/vec4; draw_string_vec4
    %pushi/vec4 0, 0, 32; draw_string_vec4
    %concat/vec4; draw_string_vec4
    %pushi/vec4 0, 0, 32; draw_string_vec4
    %concat/vec4; draw_string_vec4
    %pushi/vec4 0, 0, 32; draw_string_vec4
    %concat/vec4; draw_string_vec4
    %pushi/vec4 17228, 0, 32; draw_string_vec4
    %concat/vec4; draw_string_vec4
    %pushi/vec4 4538706, 0, 24; draw_string_vec4
    %concat/vec4; draw_string_vec4
    %store/vec4 v0x5d34d4c86de0_0, 0, 248;
    %jmp T_7.42;
T_7.41 ;
    %load/vec4 v0x5d34d4c875e0_0;
    %pad/u 32;
    %cmpi/e 0, 0, 32;
    %jmp/0xz  T_7.43, 4;
    %pushi/vec4 0, 0, 32; draw_string_vec4
    %pushi/vec4 0, 0, 32; draw_string_vec4
    %concat/vec4; draw_string_vec4
    %pushi/vec4 0, 0, 32; draw_string_vec4
    %concat/vec4; draw_string_vec4
    %pushi/vec4 0, 0, 32; draw_string_vec4
    %concat/vec4; draw_string_vec4
    %pushi/vec4 0, 0, 32; draw_string_vec4
    %concat/vec4; draw_string_vec4
    %pushi/vec4 0, 0, 32; draw_string_vec4
    %concat/vec4; draw_string_vec4
    %pushi/vec4 76, 0, 32; draw_string_vec4
    %concat/vec4; draw_string_vec4
    %pushi/vec4 5194052, 0, 24; draw_string_vec4
    %concat/vec4; draw_string_vec4
    %store/vec4 v0x5d34d4c86de0_0, 0, 248;
    %jmp T_7.44;
T_7.43 ;
    %load/vec4 v0x5d34d4c872d0_0;
    %pad/u 32;
    %pushi/vec4 1, 0, 32;
    %cmp/e;
    %flag_get/vec4 4;
    %load/vec4 v0x5d34d4c87200_0;
    %pad/u 32;
    %pushi/vec4 1, 0, 32;
    %cmp/e;
    %flag_get/vec4 4;
    %and;
    %flag_set/vec4 8;
    %jmp/0xz  T_7.45, 8;
    %pushi/vec4 0, 0, 32; draw_string_vec4
    %pushi/vec4 0, 0, 32; draw_string_vec4
    %concat/vec4; draw_string_vec4
    %pushi/vec4 0, 0, 32; draw_string_vec4
    %concat/vec4; draw_string_vec4
    %pushi/vec4 0, 0, 32; draw_string_vec4
    %concat/vec4; draw_string_vec4
    %pushi/vec4 0, 0, 32; draw_string_vec4
    %concat/vec4; draw_string_vec4
    %pushi/vec4 0, 0, 32; draw_string_vec4
    %concat/vec4; draw_string_vec4
    %pushi/vec4 17231, 0, 32; draw_string_vec4
    %concat/vec4; draw_string_vec4
    %pushi/vec4 5590612, 0, 24; draw_string_vec4
    %concat/vec4; draw_string_vec4
    %store/vec4 v0x5d34d4c86de0_0, 0, 248;
    %jmp T_7.46;
T_7.45 ;
    %pushi/vec4 0, 0, 32; draw_string_vec4
    %pushi/vec4 0, 0, 32; draw_string_vec4
    %concat/vec4; draw_string_vec4
    %pushi/vec4 0, 0, 32; draw_string_vec4
    %concat/vec4; draw_string_vec4
    %pushi/vec4 0, 0, 32; draw_string_vec4
    %concat/vec4; draw_string_vec4
    %pushi/vec4 0, 0, 32; draw_string_vec4
    %concat/vec4; draw_string_vec4
    %pushi/vec4 0, 0, 32; draw_string_vec4
    %concat/vec4; draw_string_vec4
    %pushi/vec4 87, 0, 32; draw_string_vec4
    %concat/vec4; draw_string_vec4
    %pushi/vec4 4278612, 0, 24; draw_string_vec4
    %concat/vec4; draw_string_vec4
    %store/vec4 v0x5d34d4c86de0_0, 0, 248;
T_7.46 ;
T_7.44 ;
T_7.42 ;
    %pushi/real 1717986918, 4062; load=0.100000
    %pushi/real 1677722, 4040; load=0.100000
    %add/wr;
    %vpi_func 3 159 "$urandom_range" 32, W<0,r>, 32'sb00000000000000000000000000001010 {0 1 0};
    %pad/u 64;
    %muli 100, 0, 64;
    %ix/vec4 4;
    %delayx 4;
    %end;
S_0x5d34d4c869b0 .scope task, "scan_file" "scan_file" 3 127, 3 127 0, S_0x5d34d4c59ea0;
 .timescale -9 -11;
TD_tb_counter_4bits.scan_file ;
    %vpi_func 3 129 "$fscanf" 32, v0x5d34d4c87440_0, "%s %b %b %b %b %b %b %b", v0x5d34d4c86de0_0, v0x5d34d4c86d20_0, v0x5d34d4c875e0_0, v0x5d34d4c872d0_0, v0x5d34d4c87200_0, v0x5d34d4c87140_0, v0x5d34d4c87050_0, v0x5d34d4c87840_0 {0 0 0};
    %store/vec4 v0x5d34d4c86ec0_0, 0, 32;
    %load/vec4 v0x5d34d4c86ec0_0;
    %pushi/vec4 4294967295, 0, 32;
    %cmp/e;
    %flag_get/vec4 4;
    %store/vec4 v0x5d34d4c87aa0_0, 0, 1;
    %end;
S_0x5d34d4c86b40 .scope task, "vectorcount" "vectorcount" 3 243, 3 243 0, S_0x5d34d4c59ea0;
 .timescale -9 -11;
TD_tb_counter_4bits.vectorcount ;
    %load/vec4 v0x5d34d4c879c0_0;
    %addi 1, 0, 32;
    %store/vec4 v0x5d34d4c879c0_0, 0, 32;
    %end;
    .scope S_0x5d34d4c7db00;
T_10 ;
    %wait E_0x5d34d4be3820;
    %load/vec4 v0x5d34d4c7e200_0;
    %assign/vec4 v0x5d34d4c7e0f0_0, 0;
    %load/vec4 v0x5d34d4c7ded0_0;
    %inv;
    %flag_set/vec4 8;
    %jmp/0xz  T_10.0, 8;
    %pushi/vec4 0, 0, 1;
    %assign/vec4 v0x5d34d4c7e200_0, 0;
    %jmp T_10.1;
T_10.0 ;
    %load/vec4 v0x5d34d4c7df90_0;
    %load/vec4 v0x5d34d4c7e030_0;
    %concat/vec4; draw_concat_vec4
    %dup/vec4;
    %pushi/vec4 0, 0, 2;
    %cmp/u;
    %jmp/1 T_10.2, 6;
    %dup/vec4;
    %pushi/vec4 1, 0, 2;
    %cmp/u;
    %jmp/1 T_10.3, 6;
    %dup/vec4;
    %pushi/vec4 2, 0, 2;
    %cmp/u;
    %jmp/1 T_10.4, 6;
    %dup/vec4;
    %pushi/vec4 3, 0, 2;
    %cmp/u;
    %jmp/1 T_10.5, 6;
    %jmp T_10.6;
T_10.2 ;
    %load/vec4 v0x5d34d4c7e200_0;
    %assign/vec4 v0x5d34d4c7e200_0, 0;
    %jmp T_10.6;
T_10.3 ;
    %pushi/vec4 0, 0, 1;
    %assign/vec4 v0x5d34d4c7e200_0, 0;
    %jmp T_10.6;
T_10.4 ;
    %pushi/vec4 1, 0, 1;
    %assign/vec4 v0x5d34d4c7e200_0, 0;
    %jmp T_10.6;
T_10.5 ;
    %load/vec4 v0x5d34d4c7e200_0;
    %inv;
    %assign/vec4 v0x5d34d4c7e200_0, 0;
    %jmp T_10.6;
T_10.6 ;
    %pop/vec4 1;
T_10.1 ;
    %jmp T_10;
    .thread T_10;
    .scope S_0x5d34d4c7f240;
T_11 ;
    %wait E_0x5d34d4be3820;
    %load/vec4 v0x5d34d4c7f980_0;
    %assign/vec4 v0x5d34d4c7f870_0, 0;
    %load/vec4 v0x5d34d4c7f620_0;
    %inv;
    %flag_set/vec4 8;
    %jmp/0xz  T_11.0, 8;
    %pushi/vec4 0, 0, 1;
    %assign/vec4 v0x5d34d4c7f980_0, 0;
    %jmp T_11.1;
T_11.0 ;
    %load/vec4 v0x5d34d4c7f730_0;
    %load/vec4 v0x5d34d4c7f7d0_0;
    %concat/vec4; draw_concat_vec4
    %dup/vec4;
    %pushi/vec4 0, 0, 2;
    %cmp/u;
    %jmp/1 T_11.2, 6;
    %dup/vec4;
    %pushi/vec4 1, 0, 2;
    %cmp/u;
    %jmp/1 T_11.3, 6;
    %dup/vec4;
    %pushi/vec4 2, 0, 2;
    %cmp/u;
    %jmp/1 T_11.4, 6;
    %dup/vec4;
    %pushi/vec4 3, 0, 2;
    %cmp/u;
    %jmp/1 T_11.5, 6;
    %jmp T_11.6;
T_11.2 ;
    %load/vec4 v0x5d34d4c7f980_0;
    %assign/vec4 v0x5d34d4c7f980_0, 0;
    %jmp T_11.6;
T_11.3 ;
    %pushi/vec4 0, 0, 1;
    %assign/vec4 v0x5d34d4c7f980_0, 0;
    %jmp T_11.6;
T_11.4 ;
    %pushi/vec4 1, 0, 1;
    %assign/vec4 v0x5d34d4c7f980_0, 0;
    %jmp T_11.6;
T_11.5 ;
    %load/vec4 v0x5d34d4c7f980_0;
    %inv;
    %assign/vec4 v0x5d34d4c7f980_0, 0;
    %jmp T_11.6;
T_11.6 ;
    %pop/vec4 1;
T_11.1 ;
    %jmp T_11;
    .thread T_11;
    .scope S_0x5d34d4c80a40;
T_12 ;
    %wait E_0x5d34d4be3820;
    %load/vec4 v0x5d34d4c810c0_0;
    %assign/vec4 v0x5d34d4c81000_0, 0;
    %load/vec4 v0x5d34d4c80dd0_0;
    %inv;
    %flag_set/vec4 8;
    %jmp/0xz  T_12.0, 8;
    %pushi/vec4 0, 0, 1;
    %assign/vec4 v0x5d34d4c810c0_0, 0;
    %jmp T_12.1;
T_12.0 ;
    %load/vec4 v0x5d34d4c80e90_0;
    %load/vec4 v0x5d34d4c80f60_0;
    %concat/vec4; draw_concat_vec4
    %dup/vec4;
    %pushi/vec4 0, 0, 2;
    %cmp/u;
    %jmp/1 T_12.2, 6;
    %dup/vec4;
    %pushi/vec4 1, 0, 2;
    %cmp/u;
    %jmp/1 T_12.3, 6;
    %dup/vec4;
    %pushi/vec4 2, 0, 2;
    %cmp/u;
    %jmp/1 T_12.4, 6;
    %dup/vec4;
    %pushi/vec4 3, 0, 2;
    %cmp/u;
    %jmp/1 T_12.5, 6;
    %jmp T_12.6;
T_12.2 ;
    %load/vec4 v0x5d34d4c810c0_0;
    %assign/vec4 v0x5d34d4c810c0_0, 0;
    %jmp T_12.6;
T_12.3 ;
    %pushi/vec4 0, 0, 1;
    %assign/vec4 v0x5d34d4c810c0_0, 0;
    %jmp T_12.6;
T_12.4 ;
    %pushi/vec4 1, 0, 1;
    %assign/vec4 v0x5d34d4c810c0_0, 0;
    %jmp T_12.6;
T_12.5 ;
    %load/vec4 v0x5d34d4c810c0_0;
    %inv;
    %assign/vec4 v0x5d34d4c810c0_0, 0;
    %jmp T_12.6;
T_12.6 ;
    %pop/vec4 1;
T_12.1 ;
    %jmp T_12;
    .thread T_12;
    .scope S_0x5d34d4c821d0;
T_13 ;
    %wait E_0x5d34d4be3820;
    %load/vec4 v0x5d34d4c828c0_0;
    %assign/vec4 v0x5d34d4c827b0_0, 0;
    %load/vec4 v0x5d34d4c82580_0;
    %inv;
    %flag_set/vec4 8;
    %jmp/0xz  T_13.0, 8;
    %pushi/vec4 0, 0, 1;
    %assign/vec4 v0x5d34d4c828c0_0, 0;
    %jmp T_13.1;
T_13.0 ;
    %load/vec4 v0x5d34d4c82640_0;
    %load/vec4 v0x5d34d4c82710_0;
    %concat/vec4; draw_concat_vec4
    %dup/vec4;
    %pushi/vec4 0, 0, 2;
    %cmp/u;
    %jmp/1 T_13.2, 6;
    %dup/vec4;
    %pushi/vec4 1, 0, 2;
    %cmp/u;
    %jmp/1 T_13.3, 6;
    %dup/vec4;
    %pushi/vec4 2, 0, 2;
    %cmp/u;
    %jmp/1 T_13.4, 6;
    %dup/vec4;
    %pushi/vec4 3, 0, 2;
    %cmp/u;
    %jmp/1 T_13.5, 6;
    %jmp T_13.6;
T_13.2 ;
    %load/vec4 v0x5d34d4c828c0_0;
    %assign/vec4 v0x5d34d4c828c0_0, 0;
    %jmp T_13.6;
T_13.3 ;
    %pushi/vec4 0, 0, 1;
    %assign/vec4 v0x5d34d4c828c0_0, 0;
    %jmp T_13.6;
T_13.4 ;
    %pushi/vec4 1, 0, 1;
    %assign/vec4 v0x5d34d4c828c0_0, 0;
    %jmp T_13.6;
T_13.5 ;
    %load/vec4 v0x5d34d4c828c0_0;
    %inv;
    %assign/vec4 v0x5d34d4c828c0_0, 0;
    %jmp T_13.6;
T_13.6 ;
    %pop/vec4 1;
T_13.1 ;
    %jmp T_13;
    .thread T_13;
    .scope S_0x5d34d4c59ea0;
T_14 ;
    %vpi_call/w 3 36 "$dumpfile", "tb_counter_4bits.vcd" {0 0 0};
    %vpi_call/w 3 37 "$dumpvars", 32'sb00000000000000000000000000000000, S_0x5d34d4c59ea0 {0 0 0};
    %end;
    .thread T_14;
    .scope S_0x5d34d4c59ea0;
T_15 ;
    %delay 1000, 0;
    %load/vec4 v0x5d34d4c87920_0;
    %inv;
    %store/vec4 v0x5d34d4c87920_0, 0, 1;
    %jmp T_15;
    .thread T_15;
    .scope S_0x5d34d4c59ea0;
T_16 ;
    %fork TD_tb_counter_4bits.initialize, S_0x5d34d4c85980;
    %join;
    %end;
    .thread T_16;
    .scope S_0x5d34d4c59ea0;
T_17 ;
    %wait E_0x5d34d4c1d710;
    %delay 120, 0;
    %load/vec4 v0x5d34d4c87aa0_0;
    %nor/r;
    %flag_set/vec4 8;
    %jmp/0xz  T_17.0, 8;
    %fork TD_tb_counter_4bits.scan_file, S_0x5d34d4c869b0;
    %join;
T_17.0 ;
    %jmp T_17;
    .thread T_17;
    .scope S_0x5d34d4c59ea0;
T_18 ;
    %wait E_0x5d34d4be3820;
    %fork TD_tb_counter_4bits.OUT_EXP, S_0x5d34d4c548d0;
    %join;
    %jmp T_18;
    .thread T_18;
    .scope S_0x5d34d4c59ea0;
T_19 ;
    %wait E_0x5d34d4be3820;
    %load/vec4 v0x5d34d4c86d20_0;
    %load/vec4 v0x5d34d4c875e0_0;
    %concat/vec4; draw_concat_vec4
    %load/vec4 v0x5d34d4c872d0_0;
    %concat/vec4; draw_concat_vec4
    %load/vec4 v0x5d34d4c87200_0;
    %concat/vec4; draw_concat_vec4
    %store/vec4 v0x5d34d4c87500_0, 0, 4;
    %fork TD_tb_counter_4bits.coverage_update, S_0x5d34d4c7ccc0;
    %join;
    %load/vec4 v0x5d34d4c87500_0;
    %pad/u 8;
    %store/vec4 v0x5d34d4c87d00_0, 0, 8;
    %delay 10, 0;
    %fork TD_tb_counter_4bits.display_file, S_0x5d34d4c7d320;
    %join;
    %fork TD_tb_counter_4bits.errors_warnings_check, S_0x5d34d4c857f0;
    %join;
    %fork TD_tb_counter_4bits.vectorcount, S_0x5d34d4c86b40;
    %join;
    %delay 10, 0;
    %load/vec4 v0x5d34d4c87780_0;
    %store/vec4 v0x5d34d4c87de0_0, 0, 4;
    %jmp T_19;
    .thread T_19;
    .scope S_0x5d34d4c59ea0;
T_20 ;
T_20.0 ;
    %load/vec4 v0x5d34d4c87aa0_0;
    %cmpi/ne 1, 0, 1;
    %jmp/0xz T_20.1, 6;
    %wait E_0x5d34d4c1e3c0;
    %jmp T_20.0;
T_20.1 ;
    %vpi_call/w 3 373 "$display" {0 0 0};
    %vpi_call/w 3 374 "$display", "%13s ***time = %0d,eof ***", "\000", $time {0 0 0};
    %vpi_call/w 3 375 "$display" {0 0 0};
    %pushi/vec4 0, 0, 32;
    %store/vec4 v0x5d34d4c87b60_0, 0, 32;
T_20.2 ;
    %load/vec4 v0x5d34d4c87b60_0;
    %cmpi/s 50, 0, 32;
    %jmp/0xz T_20.3, 5;
    %load/vec4 v0x5d34d4c87500_0;
    %pad/u 5;
    %cmpi/e 16, 0, 5;
    %jmp/0xz  T_20.4, 4;
    %fork TD_tb_counter_4bits.vectorcount, S_0x5d34d4c86b40;
    %join;
    %fork TD_tb_counter_4bits.close, S_0x5d34d4c7c880;
    %join;
    %jmp T_20.5;
T_20.4 ;
    %fork TD_tb_counter_4bits.random_in, S_0x5d34d4c867d0;
    %join;
T_20.5 ;
    ; show_stmt_assign_vector: Get l-value for compressed += operand
    %load/vec4 v0x5d34d4c87b60_0;
    %pushi/vec4 1, 0, 32;
    %add;
    %cast2;
    %store/vec4 v0x5d34d4c87b60_0, 0, 32;
    %jmp T_20.2;
T_20.3 ;
    %fork TD_tb_counter_4bits.close, S_0x5d34d4c7c880;
    %join;
    %end;
    .thread T_20;
# The file index is used to find the file name in the following table.
:file_names 5;
    "N/A";
    "<interactive>";
    "-";
    "tb_counter_4bits.v";
    "counter_4bits.v";
