#! /usr/bin/vvp
:ivl_version "12.0 (stable)";
:ivl_delay_selection "TYPICAL";
:vpi_time_precision + 0;
:vpi_module "/usr/lib/x86_64-linux-gnu/ivl/system.vpi";
:vpi_module "/usr/lib/x86_64-linux-gnu/ivl/vhdl_sys.vpi";
:vpi_module "/usr/lib/x86_64-linux-gnu/ivl/vhdl_textio.vpi";
:vpi_module "/usr/lib/x86_64-linux-gnu/ivl/v2005_math.vpi";
:vpi_module "/usr/lib/x86_64-linux-gnu/ivl/va_math.vpi";
:vpi_module "/usr/lib/x86_64-linux-gnu/ivl/v2009.vpi";
S_0x5e3291b52490 .scope package, "$unit" "$unit" 2 1;
 .timescale 0 0;
S_0x5e3291b52620 .scope module, "tb_multiplexer_4bits_2to1" "tb_multiplexer_4bits_2to1" 3 1;
 .timescale 0 0;
P_0x5e3291b527b0 .param/l "TICKPERIOD" 1 3 38, +C4<00000000000000000000000000010100>;
v0x5e3291bc9c70_0 .var "A", 3 0;
v0x5e3291bc9d50_0 .var "B", 3 0;
v0x5e3291bc9e20_0 .var "COMMENT", 247 0;
v0x5e3291bc9ef0_0 .var/i "COUNT", 31 0;
v0x5e3291bc9fd0_0 .var "EN", 0 0;
v0x5e3291bca0c0_0 .var "ERRORS", 31 0;
v0x5e3291bca180_0 .var/i "FD", 31 0;
v0x5e3291bca260_0 .var "SEL", 0 0;
v0x5e3291bca330_0 .var "TICK", 0 0;
v0x5e3291bca3d0_0 .var "VECTORCOUNT", 31 0;
v0x5e3291bca4b0_0 .net "Y", 3 0, v0x5e3291bc9190_0;  1 drivers
v0x5e3291bca5a0_0 .var "Y_EXPECTED", 3 0;
v0x5e3291bca660_0 .var "eof", 0 0;
v0x5e3291bca720_0 .var/2s "i", 31 0;
v0x5e3291bca800 .array "input_coverage", 3 0, 31 0;
E_0x5e3291ba11b0 .event anyedge, v0x5e3291bca660_0;
E_0x5e3291ba16a0 .event posedge, v0x5e3291bca330_0;
E_0x5e3291ba1440 .event negedge, v0x5e3291bca330_0;
S_0x5e3291ba06c0 .scope task, "OUT_EXP" "OUT_EXP" 3 109, 3 109 0, S_0x5e3291b52620;
 .timescale 0 0;
TD_tb_multiplexer_4bits_2to1.OUT_EXP ;
    %load/vec4 v0x5e3291bc9fd0_0;
    %nor/r;
    %flag_set/vec4 8;
    %jmp/0xz  T_0.0, 8;
    %pushi/vec4 0, 0, 4;
    %store/vec4 v0x5e3291bca5a0_0, 0, 4;
    %jmp T_0.1;
T_0.0 ;
    %load/vec4 v0x5e3291bca260_0;
    %dup/vec4;
    %pushi/vec4 0, 0, 1;
    %cmp/u;
    %jmp/1 T_0.2, 6;
    %dup/vec4;
    %pushi/vec4 1, 0, 1;
    %cmp/u;
    %jmp/1 T_0.3, 6;
    %jmp T_0.4;
T_0.2 ;
    %load/vec4 v0x5e3291bc9c70_0;
    %store/vec4 v0x5e3291bca5a0_0, 0, 4;
    %jmp T_0.4;
T_0.3 ;
    %load/vec4 v0x5e3291bc9d50_0;
    %store/vec4 v0x5e3291bca5a0_0, 0, 4;
    %jmp T_0.4;
T_0.4 ;
    %pop/vec4 1;
T_0.1 ;
    %end;
S_0x5e3291ba08a0 .scope task, "close" "close" 3 132, 3 132 0, S_0x5e3291b52620;
 .timescale 0 0;
TD_tb_multiplexer_4bits_2to1.close ;
    %delay 10, 0;
    %vpi_call/w 3 136 "$fclose", v0x5e3291bca180_0 {0 0 0};
    %vpi_call/w 3 138 "$display" {0 0 0};
    %vpi_call/w 3 139 "$display", "COVERAGE_REPORT" {0 0 0};
    %fork t_1, S_0x5e3291ba91c0;
    %jmp t_0;
    .scope S_0x5e3291ba91c0;
t_1 ;
    %pushi/vec4 0, 0, 32;
    %store/vec4 v0x5e3291ba0a80_0, 0, 32;
T_1.5 ;
    %load/vec4 v0x5e3291ba0a80_0;
    %cmpi/s 4, 0, 32;
    %jmp/0xz T_1.6, 5;
    %ix/getv/s 4, v0x5e3291ba0a80_0;
    %load/vec4a v0x5e3291bca800, 4;
    %cmpi/e 0, 0, 32;
    %jmp/0xz  T_1.7, 4;
    %vpi_call/w 3 145 "$display", "input EN = %b with SEL = %b has occured %d times ***ERROR***", &PV<v0x5e3291ba0a80_0, 1, 1>, &PV<v0x5e3291ba0a80_0, 0, 1>, &A<v0x5e3291bca800, v0x5e3291ba0a80_0 > {0 0 0};
    %load/vec4 v0x5e3291bca0c0_0;
    %addi 1, 0, 32;
    %store/vec4 v0x5e3291bca0c0_0, 0, 32;
    %jmp T_1.8;
T_1.7 ;
    %load/vec4 v0x5e3291ba0a80_0;
    %cmpi/e 1, 0, 32;
    %jmp/0xz  T_1.9, 4;
    %vpi_call/w 3 150 "$display", "input EN = %b with SEL = %b has occured %d times ***LOGIC SAME AS EN = 0 WITH SEL = 0***", &PV<v0x5e3291ba0a80_0, 1, 1>, &PV<v0x5e3291ba0a80_0, 0, 1>, &A<v0x5e3291bca800, v0x5e3291ba0a80_0 > {0 0 0};
    %jmp T_1.10;
T_1.9 ;
    %vpi_call/w 3 155 "$display", "input EN = %b with SEL = %b has occured %d times", &PV<v0x5e3291ba0a80_0, 1, 1>, &PV<v0x5e3291ba0a80_0, 0, 1>, &A<v0x5e3291bca800, v0x5e3291ba0a80_0 > {0 0 0};
T_1.10 ;
T_1.8 ;
    ; show_stmt_assign_vector: Get l-value for compressed += operand
    %load/vec4 v0x5e3291ba0a80_0;
    %pushi/vec4 1, 0, 32;
    %add;
    %cast2;
    %store/vec4 v0x5e3291ba0a80_0, 0, 32;
    %jmp T_1.5;
T_1.6 ;
    %end;
    .scope S_0x5e3291ba08a0;
t_0 %join;
    %vpi_call/w 3 161 "$display" {0 0 0};
    %vpi_call/w 3 162 "$display", "VECTORCOUNT = %d", v0x5e3291bca3d0_0 {0 0 0};
    %vpi_call/w 3 163 "$display", "ERRORS = %15d", v0x5e3291bca0c0_0 {0 0 0};
    %vpi_call/w 3 164 "$display" {0 0 0};
    %vpi_call/w 3 165 "$display", "TEST_END--------------------------------------------------------------------------------------------------------------------------" {0 0 0};
    %vpi_call/w 3 166 "$display" {0 0 0};
    %vpi_call/w 3 168 "$finish" {0 0 0};
    %end;
S_0x5e3291ba91c0 .scope begin, "$ivl_for_loop0" "$ivl_for_loop0" 3 141, 3 141 0, S_0x5e3291ba08a0;
 .timescale 0 0;
v0x5e3291ba0a80_0 .var/2s "j", 31 0;
S_0x5e3291bc87d0 .scope task, "coverage_update" "coverage_update" 3 195, 3 195 0, S_0x5e3291b52620;
 .timescale 0 0;
TD_tb_multiplexer_4bits_2to1.coverage_update ;
    ; show_stmt_assign_vector: Get l-value for compressed += operand
    %load/vec4 v0x5e3291bc9fd0_0;
    %load/vec4 v0x5e3291bca260_0;
    %concat/vec4; draw_concat_vec4
    %pad/u 4;
    %ix/vec4 4;
    %flag_mov 8, 4;
    %load/vec4a v0x5e3291bca800, 4;
    %pushi/vec4 1, 0, 32;
    %add;
    %flag_mov 4, 8;
    %store/vec4a v0x5e3291bca800, 4, 0;
    %load/vec4 v0x5e3291bc9fd0_0;
    %cmpi/e 0, 0, 1;
    %flag_get/vec4 4;
    %jmp/0 T_2.13, 4;
    %load/vec4 v0x5e3291bca260_0;
    %pushi/vec4 0, 0, 1;
    %cmp/e;
    %flag_get/vec4 4;
    %and;
T_2.13;
    %flag_set/vec4 8;
    %jmp/0xz  T_2.11, 8;
    ; show_stmt_assign_vector: Get l-value for compressed += operand
    %ix/load 3, 1, 0;
    %flag_set/imm 4, 0;
    %load/vec4a v0x5e3291bca800, 3;
    %pushi/vec4 1, 0, 32;
    %add;
    %flag_set/imm 4, 0;
    %ix/load 4, 1, 0;
    %store/vec4a v0x5e3291bca800, 4, 0;
T_2.11 ;
    %end;
S_0x5e3291bc89e0 .scope task, "display_file" "display_file" 3 186, 3 186 0, S_0x5e3291b52620;
 .timescale 0 0;
TD_tb_multiplexer_4bits_2to1.display_file ;
    %vpi_call/w 3 188 "$display", "%10d %9s | %4d | %1b  |  %1b  | %4b | %4b | %4b | %7b    |", v0x5e3291bca3d0_0, v0x5e3291bc9e20_0, $time, v0x5e3291bc9fd0_0, v0x5e3291bca260_0, v0x5e3291bc9c70_0, v0x5e3291bc9d50_0, v0x5e3291bca4b0_0, v0x5e3291bca5a0_0 {0 0 0};
    %end;
S_0x5e3291bc8bc0 .scope module, "dut_multiplexer_4bits_2to1" "multiplexer_4bits_2to1" 3 23, 4 2 0, S_0x5e3291b52620;
 .timescale 0 0;
    .port_info 0 /INPUT 4 "a";
    .port_info 1 /INPUT 4 "b";
    .port_info 2 /INPUT 1 "sel";
    .port_info 3 /INPUT 1 "en";
    .port_info 4 /OUTPUT 4 "y";
v0x5e3291bc8e20_0 .net "a", 3 0, v0x5e3291bc9c70_0;  1 drivers
v0x5e3291bc8f20_0 .net "b", 3 0, v0x5e3291bc9d50_0;  1 drivers
v0x5e3291bc9000_0 .net "en", 0 0, v0x5e3291bc9fd0_0;  1 drivers
v0x5e3291bc90d0_0 .net "sel", 0 0, v0x5e3291bca260_0;  1 drivers
v0x5e3291bc9190_0 .var "y", 3 0;
E_0x5e3291ba1ab0 .event anyedge, v0x5e3291bc9000_0, v0x5e3291bc90d0_0, v0x5e3291bc8f20_0, v0x5e3291bc8e20_0;
S_0x5e3291bc9360 .scope task, "errors_warnings_check" "errors_warnings_check" 3 211, 3 211 0, S_0x5e3291b52620;
 .timescale 0 0;
TD_tb_multiplexer_4bits_2to1.errors_warnings_check ;
    %load/vec4 v0x5e3291bca4b0_0;
    %load/vec4 v0x5e3291bca5a0_0;
    %cmp/ne;
    %jmp/0xz  T_4.14, 6;
    %vpi_call/w 3 216 "$display", "***ERROR: Y = %b, Y_expected = %b", v0x5e3291bca4b0_0, v0x5e3291bca5a0_0 {0 0 0};
    %load/vec4 v0x5e3291bca0c0_0;
    %addi 1, 0, 32;
    %store/vec4 v0x5e3291bca0c0_0, 0, 32;
T_4.14 ;
    %end;
S_0x5e3291bc9540 .scope task, "initialize" "initialize" 3 52, 3 52 0, S_0x5e3291b52620;
 .timescale 0 0;
TD_tb_multiplexer_4bits_2to1.initialize ;
    %vpi_func 3 54 "$fopen" 32, "tb_multiplexer_4bits_2to1.tv", "r" {0 0 0};
    %store/vec4 v0x5e3291bca180_0, 0, 32;
    %vpi_func 3 55 "$fscanf" 32, v0x5e3291bca180_0, "%s", v0x5e3291bc9e20_0 {0 0 0};
    %store/vec4 v0x5e3291bc9ef0_0, 0, 32;
    %vpi_func 3 57 "$fscanf" 32, v0x5e3291bca180_0, "%s %b %b %b %b %b ", v0x5e3291bc9e20_0, v0x5e3291bc9fd0_0, v0x5e3291bca260_0, v0x5e3291bc9c70_0, v0x5e3291bc9d50_0, v0x5e3291bca5a0_0 {0 0 0};
    %store/vec4 v0x5e3291bc9ef0_0, 0, 32;
    %pushi/vec4 0, 0, 1;
    %store/vec4 v0x5e3291bca330_0, 0, 1;
    %pushi/vec4 0, 0, 32;
    %store/vec4 v0x5e3291bca3d0_0, 0, 32;
    %pushi/vec4 0, 0, 32;
    %store/vec4 v0x5e3291bca0c0_0, 0, 32;
    %pushi/vec4 0, 0, 32;
    %store/vec4 v0x5e3291bca720_0, 0, 32;
T_5.16 ;
    %load/vec4 v0x5e3291bca720_0;
    %cmpi/s 4, 0, 32;
    %jmp/0xz T_5.17, 5;
    %pushi/vec4 0, 0, 32;
    %ix/getv/s 4, v0x5e3291bca720_0;
    %store/vec4a v0x5e3291bca800, 4, 0;
    ; show_stmt_assign_vector: Get l-value for compressed += operand
    %load/vec4 v0x5e3291bca720_0;
    %pushi/vec4 1, 0, 32;
    %add;
    %cast2;
    %store/vec4 v0x5e3291bca720_0, 0, 32;
    %jmp T_5.16;
T_5.17 ;
    %pushi/vec4 0, 0, 1;
    %store/vec4 v0x5e3291bca660_0, 0, 1;
    %vpi_call/w 3 69 "$display" {0 0 0};
    %vpi_call/w 3 70 "$display", "TEST_START-------------------------------------------------------------------------------------------------------------------------------------" {0 0 0};
    %vpi_call/w 3 71 "$display" {0 0 0};
    %vpi_call/w 3 72 "$display", "                     | TIME | EN | SEL |  A   |  B   |  Y   | Y_EXPECTED |" {0 0 0};
    %vpi_call/w 3 73 "$display", "-----------------------------------------------------------------------------------------------------------------------------------------------" {0 0 0};
    %end;
S_0x5e3291bc9720 .scope task, "random_in" "random_in" 3 93, 3 93 0, S_0x5e3291b52620;
 .timescale 0 0;
TD_tb_multiplexer_4bits_2to1.random_in ;
    %vpi_func 3 95 "$urandom" 32 {0 0 0};
    %pushi/vec4 2, 0, 32;
    %mod;
    %pad/u 1;
    %store/vec4 v0x5e3291bc9fd0_0, 0, 1;
    %load/vec4 v0x5e3291bc9fd0_0;
    %pad/u 32;
    %cmpi/e 0, 0, 32;
    %flag_mov 8, 4;
    %jmp/0 T_6.18, 8;
    %pushi/vec4 0, 0, 32;
    %jmp/1 T_6.19, 8;
T_6.18 ; End of true expr.
    %vpi_func 3 96 "$urandom" 32 {0 0 0};
    %pushi/vec4 2, 0, 32;
    %mod;
    %jmp/0 T_6.19, 8;
 ; End of false expr.
    %blend;
T_6.19;
    %pad/u 1;
    %store/vec4 v0x5e3291bca260_0, 0, 1;
    %vpi_func 3 97 "$urandom" 32 {0 0 0};
    %pushi/vec4 16, 0, 32;
    %mod;
    %pad/u 4;
    %store/vec4 v0x5e3291bc9c70_0, 0, 4;
    %vpi_func 3 98 "$urandom" 32 {0 0 0};
    %pushi/vec4 16, 0, 32;
    %mod;
    %pad/u 4;
    %store/vec4 v0x5e3291bc9d50_0, 0, 4;
    %pushi/vec4 0, 0, 32; draw_string_vec4
    %pushi/vec4 0, 0, 32; draw_string_vec4
    %concat/vec4; draw_string_vec4
    %pushi/vec4 0, 0, 32; draw_string_vec4
    %concat/vec4; draw_string_vec4
    %pushi/vec4 0, 0, 32; draw_string_vec4
    %concat/vec4; draw_string_vec4
    %pushi/vec4 0, 0, 32; draw_string_vec4
    %concat/vec4; draw_string_vec4
    %pushi/vec4 0, 0, 32; draw_string_vec4
    %concat/vec4; draw_string_vec4
    %pushi/vec4 0, 0, 32; draw_string_vec4
    %concat/vec4; draw_string_vec4
    %pushi/vec4 45, 0, 24; draw_string_vec4
    %concat/vec4; draw_string_vec4
    %store/vec4 v0x5e3291bc9e20_0, 0, 248;
    %pushi/real 1717986918, 4062; load=0.100000
    %pushi/real 1677722, 4040; load=0.100000
    %add/wr;
    %vpi_func 3 102 "$urandom_range" 32, W<0,r>, 32'sb00000000000000000000000000001010 {0 1 0};
    %pad/u 64;
    %muli 1, 0, 64;
    %ix/vec4 4;
    %delayx 4;
    %end;
S_0x5e3291bc9900 .scope task, "scan_file" "scan_file" 3 83, 3 83 0, S_0x5e3291b52620;
 .timescale 0 0;
TD_tb_multiplexer_4bits_2to1.scan_file ;
    %vpi_func 3 85 "$fscanf" 32, v0x5e3291bca180_0, "%s %b %b %b %b %b ", v0x5e3291bc9e20_0, v0x5e3291bc9fd0_0, v0x5e3291bca260_0, v0x5e3291bc9c70_0, v0x5e3291bc9d50_0, v0x5e3291bca5a0_0 {0 0 0};
    %store/vec4 v0x5e3291bc9ef0_0, 0, 32;
    %load/vec4 v0x5e3291bc9ef0_0;
    %pushi/vec4 4294967295, 0, 32;
    %cmp/e;
    %flag_get/vec4 4;
    %store/vec4 v0x5e3291bca660_0, 0, 1;
    %end;
S_0x5e3291bc9ae0 .scope task, "vectorcount" "vectorcount" 3 176, 3 176 0, S_0x5e3291b52620;
 .timescale 0 0;
TD_tb_multiplexer_4bits_2to1.vectorcount ;
    %load/vec4 v0x5e3291bca3d0_0;
    %addi 1, 0, 32;
    %store/vec4 v0x5e3291bca3d0_0, 0, 32;
    %end;
    .scope S_0x5e3291bc8bc0;
T_9 ;
    %wait E_0x5e3291ba1ab0;
    %load/vec4 v0x5e3291bc9000_0;
    %nor/r;
    %flag_set/vec4 8;
    %jmp/0xz  T_9.0, 8;
    %pushi/vec4 0, 0, 4;
    %store/vec4 v0x5e3291bc9190_0, 0, 4;
    %jmp T_9.1;
T_9.0 ;
    %load/vec4 v0x5e3291bc90d0_0;
    %dup/vec4;
    %pushi/vec4 0, 0, 1;
    %cmp/u;
    %jmp/1 T_9.2, 6;
    %dup/vec4;
    %pushi/vec4 1, 0, 1;
    %cmp/u;
    %jmp/1 T_9.3, 6;
    %jmp T_9.4;
T_9.2 ;
    %load/vec4 v0x5e3291bc8e20_0;
    %store/vec4 v0x5e3291bc9190_0, 0, 4;
    %jmp T_9.4;
T_9.3 ;
    %load/vec4 v0x5e3291bc8f20_0;
    %store/vec4 v0x5e3291bc9190_0, 0, 4;
    %jmp T_9.4;
T_9.4 ;
    %pop/vec4 1;
T_9.1 ;
    %jmp T_9;
    .thread T_9, $push;
    .scope S_0x5e3291b52620;
T_10 ;
    %vpi_call/w 3 31 "$dumpfile", "tb_multiplexer_4bits_2to1.vcd" {0 0 0};
    %vpi_call/w 3 32 "$dumpvars", 32'sb00000000000000000000000000000000, S_0x5e3291b52620 {0 0 0};
    %end;
    .thread T_10;
    .scope S_0x5e3291b52620;
T_11 ;
    %delay 10, 0;
    %load/vec4 v0x5e3291bca330_0;
    %inv;
    %store/vec4 v0x5e3291bca330_0, 0, 1;
    %jmp T_11;
    .thread T_11;
    .scope S_0x5e3291b52620;
T_12 ;
    %fork TD_tb_multiplexer_4bits_2to1.initialize, S_0x5e3291bc9540;
    %join;
    %end;
    .thread T_12;
    .scope S_0x5e3291b52620;
T_13 ;
    %wait E_0x5e3291ba1440;
    %delay 1, 0;
    %load/vec4 v0x5e3291bca660_0;
    %nor/r;
    %flag_set/vec4 8;
    %jmp/0xz  T_13.0, 8;
    %fork TD_tb_multiplexer_4bits_2to1.scan_file, S_0x5e3291bc9900;
    %join;
T_13.0 ;
    %jmp T_13;
    .thread T_13;
    .scope S_0x5e3291b52620;
T_14 ;
    %wait E_0x5e3291ba16a0;
    %fork TD_tb_multiplexer_4bits_2to1.coverage_update, S_0x5e3291bc87d0;
    %join;
    %delay 0, 0;
    %fork TD_tb_multiplexer_4bits_2to1.OUT_EXP, S_0x5e3291ba06c0;
    %join;
    %fork TD_tb_multiplexer_4bits_2to1.display_file, S_0x5e3291bc89e0;
    %join;
    %fork TD_tb_multiplexer_4bits_2to1.errors_warnings_check, S_0x5e3291bc9360;
    %join;
    %fork TD_tb_multiplexer_4bits_2to1.vectorcount, S_0x5e3291bc9ae0;
    %join;
    %jmp T_14;
    .thread T_14;
    .scope S_0x5e3291b52620;
T_15 ;
T_15.0 ;
    %load/vec4 v0x5e3291bca660_0;
    %cmpi/ne 1, 0, 1;
    %jmp/0xz T_15.1, 6;
    %wait E_0x5e3291ba11b0;
    %jmp T_15.0;
T_15.1 ;
    %vpi_call/w 3 274 "$display" {0 0 0};
    %vpi_call/w 3 275 "$display", "%13s ***time = %0d,eof ***", "\000", $time {0 0 0};
    %vpi_call/w 3 276 "$display" {0 0 0};
    %pushi/vec4 0, 0, 32;
    %store/vec4 v0x5e3291bca720_0, 0, 32;
T_15.2 ;
    %load/vec4 v0x5e3291bca720_0;
    %cmpi/s 50, 0, 32;
    %jmp/0xz T_15.3, 5;
    %load/vec4 v0x5e3291bc9fd0_0;
    %cmpi/e 1, 0, 1;
    %flag_get/vec4 4;
    %jmp/0 T_15.6, 4;
    %load/vec4 v0x5e3291bca260_0;
    %pad/u 2;
    %pushi/vec4 2, 0, 2;
    %cmp/e;
    %flag_get/vec4 4;
    %and;
T_15.6;
    %flag_set/vec4 8;
    %jmp/0xz  T_15.4, 8;
    %fork TD_tb_multiplexer_4bits_2to1.vectorcount, S_0x5e3291bc9ae0;
    %join;
    %fork TD_tb_multiplexer_4bits_2to1.close, S_0x5e3291ba08a0;
    %join;
    %jmp T_15.5;
T_15.4 ;
    %fork TD_tb_multiplexer_4bits_2to1.random_in, S_0x5e3291bc9720;
    %join;
T_15.5 ;
    ; show_stmt_assign_vector: Get l-value for compressed += operand
    %load/vec4 v0x5e3291bca720_0;
    %pushi/vec4 1, 0, 32;
    %add;
    %cast2;
    %store/vec4 v0x5e3291bca720_0, 0, 32;
    %jmp T_15.2;
T_15.3 ;
    %fork TD_tb_multiplexer_4bits_2to1.close, S_0x5e3291ba08a0;
    %join;
    %end;
    .thread T_15;
# The file index is used to find the file name in the following table.
:file_names 5;
    "N/A";
    "<interactive>";
    "-";
    "tb_multiplexer_4bits_2to1.v";
    "multiplexer_4bits_2to1.v";
