#! /usr/bin/vvp
:ivl_version "12.0 (stable)";
:ivl_delay_selection "TYPICAL";
:vpi_time_precision - 12;
:vpi_module "/usr/lib/x86_64-linux-gnu/ivl/system.vpi";
:vpi_module "/usr/lib/x86_64-linux-gnu/ivl/vhdl_sys.vpi";
:vpi_module "/usr/lib/x86_64-linux-gnu/ivl/vhdl_textio.vpi";
:vpi_module "/usr/lib/x86_64-linux-gnu/ivl/v2005_math.vpi";
:vpi_module "/usr/lib/x86_64-linux-gnu/ivl/va_math.vpi";
:vpi_module "/usr/lib/x86_64-linux-gnu/ivl/v2009.vpi";
S_0x5bf385662b10 .scope package, "$unit" "$unit" 2 1;
 .timescale 0 0;
S_0x5bf385689070 .scope module, "tb_register_8_bit_posedge_sync_enable" "tb_register_8_bit_posedge_sync_enable" 3 2;
 .timescale -9 -12;
P_0x5bf38565c120 .param/l "ADDR_WIDTH" 0 3 39, +C4<00000000000000000000000000000100>;
P_0x5bf38565c160 .param/l "DATA_WIDTH" 0 3 39, +C4<00000000000000000000000000001000>;
P_0x5bf38565c1a0 .param/l "MEM_DEPTH" 0 3 39, +C4<00000000000000000000000000010000>;
P_0x5bf38565c1e0 .param/l "TICKPERIOD" 0 3 39, +C4<00000000000000000000000000010100>;
v0x5bf3856ad7c0_0 .var "COMMENT", 247 0;
v0x5bf3856ad8c0_0 .net "D", 7 0, v0x5bf3856a8440_0;  1 drivers
v0x5bf3856ad9d0_0 .net "EN", 0 0, v0x5bf3856a8500_0;  1 drivers
v0x5bf3856ada70_0 .var "ERRORS", 31 0;
RS_0x7ced3b489138 .resolv tri, L_0x5bf3856bfa30, L_0x5bf3856bfb40, L_0x5bf3856bfc50, L_0x5bf3856bfd60, L_0x5bf3856bfea0, L_0x5bf3856bffe0, L_0x5bf3856c03a0, L_0x5bf3856c04e0;
v0x5bf3856adb30_0 .net8 "NOTHING", 0 0, RS_0x7ced3b489138;  8 drivers
v0x5bf3856adc20_0 .net "Q", 7 0, L_0x5bf3856bf710;  1 drivers
v0x5bf3856adce0_0 .net "Q_EXPECTED", 7 0, L_0x5bf3856c08b0;  1 drivers
v0x5bf3856adda0_0 .var "TICK", 0 0;
v0x5bf3856ade40_0 .var "VECTORCOUNT", 31 0;
v0x5bf3856adf20_0 .var "c", 4 0;
v0x5bf3856ae000_0 .net "done", 0 0, v0x5bf3856a8940_0;  1 drivers
v0x5bf3856ae0a0_0 .net "eof", 0 0, v0x5bf3856a8a00_0;  1 drivers
v0x5bf3856ae170_0 .net "flag_00", 0 0, v0x5bf3856a8ac0_0;  1 drivers
v0x5bf3856ae240_0 .net "flag_01", 0 0, v0x5bf3856a8b80_0;  1 drivers
v0x5bf3856ae310_0 .net "flag_10", 0 0, v0x5bf3856a8c40_0;  1 drivers
v0x5bf3856ae3e0_0 .net "flag_11", 0 0, v0x5bf3856a8d00_0;  1 drivers
v0x5bf3856ae4b0_0 .net "flag_freq", 0 0, v0x5bf3856a8dc0_0;  1 drivers
v0x5bf3856ae580_0 .net "flag_init", 0 0, v0x5bf3856a8e80_0;  1 drivers
v0x5bf3856ae650_0 .var/2s "i", 31 0;
v0x5bf3856ae6f0 .array "prev_en", 3 0, 0 0;
v0x5bf3856ae790 .array "prev_state_input_coverage", 23 0, 31 0;
v0x5bf3856ae830_0 .net "start_test", 4 0, v0x5bf3856a9020_0;  1 drivers
v0x5bf3856ae900 .array "state_input_coverage", 23 0, 31 0;
L_0x5bf3856bfaa0 .part v0x5bf3856a8440_0, 0, 1;
L_0x5bf3856bfbb0 .part v0x5bf3856a8440_0, 1, 1;
L_0x5bf3856bfcc0 .part v0x5bf3856a8440_0, 2, 1;
L_0x5bf3856bfdd0 .part v0x5bf3856a8440_0, 3, 1;
L_0x5bf3856bff10 .part v0x5bf3856a8440_0, 4, 1;
L_0x5bf3856c0080 .part v0x5bf3856a8440_0, 5, 1;
L_0x5bf3856c0410 .part v0x5bf3856a8440_0, 6, 1;
L_0x5bf3856c0790 .part v0x5bf3856a8440_0, 7, 1;
LS_0x5bf3856c08b0_0_0 .concat8 [ 1 1 1 1], v0x5bf385684d40_0, v0x5bf3856a4bc0_0, v0x5bf3856a5280_0, v0x5bf3856a5900_0;
LS_0x5bf3856c08b0_0_4 .concat8 [ 1 1 1 1], v0x5bf3856a5fc0_0, v0x5bf3856a6610_0, v0x5bf3856a6bd0_0, v0x5bf3856a72b0_0;
L_0x5bf3856c08b0 .concat8 [ 4 4 0 0], LS_0x5bf3856c08b0_0_0, LS_0x5bf3856c08b0_0_4;
S_0x5bf385681ad0 .scope begin, "$ivl_for_loop1" "$ivl_for_loop1" 3 302, 3 302 0, S_0x5bf385689070;
 .timescale -9 -12;
v0x5bf3856867f0_0 .var/2s "j", 31 0;
S_0x5bf38567c290 .scope task, "close" "close" 3 153, 3 153 0, S_0x5bf385689070;
 .timescale -9 -12;
TD_tb_register_8_bit_posedge_sync_enable.close ;
    %delay 10000, 0;
    %vpi_call/w 3 157 "$display" {0 0 0};
    %vpi_call/w 3 158 "$display", "COVERAGE_REPORT" {0 0 0};
    %vpi_call/w 3 159 "$display" {0 0 0};
    %vpi_call/w 3 160 "$display" {0 0 0};
    %vpi_call/w 3 161 "$display" {0 0 0};
    %fork t_1, S_0x5bf385684970;
    %jmp t_0;
    .scope S_0x5bf385684970;
t_1 ;
    %pushi/vec4 0, 0, 32;
    %store/vec4 v0x5bf385685630_0, 0, 32;
T_0.0 ;
    %load/vec4 v0x5bf385685630_0;
    %cmpi/s 5, 0, 32;
    %jmp/0xz T_0.1, 5;
    %load/vec4 v0x5bf385685630_0;
    %cmpi/s 2, 0, 32;
    %jmp/0xz  T_0.2, 5;
    %ix/getv/s 4, v0x5bf385685630_0;
    %load/vec4a v0x5bf3856ae900, 4;
    %cmpi/e 0, 0, 32;
    %jmp/0xz  T_0.4, 4;
    %load/vec4 v0x5bf385685630_0;
    %parti/s 1, 0, 2;
    %inv;
    %vpi_call/w 3 169 "$display", "state of en = %b to en = %b has occured %d times ***ERROR***", &PV<v0x5bf385685630_0, 0, 1>, S<0,vec4,u1>, &A<v0x5bf3856ae900, v0x5bf385685630_0 > {1 0 0};
    %load/vec4 v0x5bf3856ada70_0;
    %addi 1, 0, 32;
    %store/vec4 v0x5bf3856ada70_0, 0, 32;
    %jmp T_0.5;
T_0.4 ;
    %load/vec4 v0x5bf385685630_0;
    %parti/s 1, 0, 2;
    %inv;
    %vpi_call/w 3 173 "$display", "state of en = %b to en = %b has occured %d times ", &PV<v0x5bf385685630_0, 0, 1>, S<0,vec4,u1>, &A<v0x5bf3856ae900, v0x5bf385685630_0 > {1 0 0};
T_0.5 ;
    %jmp T_0.3;
T_0.2 ;
    %load/vec4 v0x5bf385685630_0;
    %cmpi/s 4, 0, 32;
    %jmp/0xz  T_0.6, 5;
    %ix/getv/s 4, v0x5bf385685630_0;
    %load/vec4a v0x5bf3856ae900, 4;
    %cmpi/e 0, 0, 32;
    %jmp/0xz  T_0.8, 4;
    %vpi_call/w 3 178 "$display", "state of en maintain %b has occured %d times ***ERROR***", &PV<v0x5bf385685630_0, 0, 1>, &A<v0x5bf3856ae900, v0x5bf385685630_0 > {0 0 0};
    %load/vec4 v0x5bf3856ada70_0;
    %addi 1, 0, 32;
    %store/vec4 v0x5bf3856ada70_0, 0, 32;
    %jmp T_0.9;
T_0.8 ;
    %vpi_call/w 3 182 "$display", "state of en maintain %b has occured %d times", &PV<v0x5bf385685630_0, 0, 1>, &A<v0x5bf3856ae900, v0x5bf385685630_0 > {0 0 0};
T_0.9 ;
    %jmp T_0.7;
T_0.6 ;
    %load/vec4 v0x5bf385685630_0;
    %cmpi/e 4, 0, 32;
    %jmp/0xz  T_0.10, 4;
    %ix/getv/s 4, v0x5bf385685630_0;
    %load/vec4a v0x5bf3856ae900, 4;
    %cmpi/e 0, 0, 32;
    %jmp/0xz  T_0.12, 4;
    %vpi_call/w 3 187 "$display", "state of en changes freqly has occured %d times ***ERROR*** ", &A<v0x5bf3856ae900, v0x5bf385685630_0 > {0 0 0};
    %load/vec4 v0x5bf3856ada70_0;
    %addi 1, 0, 32;
    %store/vec4 v0x5bf3856ada70_0, 0, 32;
    %jmp T_0.13;
T_0.12 ;
    %vpi_call/w 3 191 "$display", "state of en changes freqly has occured %d times ", &A<v0x5bf3856ae900, v0x5bf385685630_0 > {0 0 0};
T_0.13 ;
T_0.10 ;
T_0.7 ;
T_0.3 ;
    ; show_stmt_assign_vector: Get l-value for compressed += operand
    %load/vec4 v0x5bf385685630_0;
    %pushi/vec4 1, 0, 32;
    %add;
    %cast2;
    %store/vec4 v0x5bf385685630_0, 0, 32;
    %jmp T_0.0;
T_0.1 ;
    %end;
    .scope S_0x5bf38567c290;
t_0 %join;
    %vpi_call/w 3 197 "$display" {0 0 0};
    %vpi_call/w 3 198 "$display", "VECTORCOUNT = %d", v0x5bf3856ade40_0 {0 0 0};
    %vpi_call/w 3 199 "$display", "ERRORS = %15d", v0x5bf3856ada70_0 {0 0 0};
    %vpi_call/w 3 200 "$display" {0 0 0};
    %vpi_call/w 3 201 "$display", "TEST_END--------------------------------------------------------------------------------------------------------------------------" {0 0 0};
    %vpi_call/w 3 202 "$display" {0 0 0};
    %vpi_call/w 3 204 "$finish" {0 0 0};
    %end;
S_0x5bf385684970 .scope begin, "$ivl_for_loop0" "$ivl_for_loop0" 3 165, 3 165 0, S_0x5bf38567c290;
 .timescale -9 -12;
v0x5bf385685630_0 .var/2s "j", 31 0;
S_0x5bf38568a230 .scope task, "comment" "comment" 3 117, 3 117 0, S_0x5bf385689070;
 .timescale -9 -12;
TD_tb_register_8_bit_posedge_sync_enable.comment ;
    %load/vec4 v0x5bf3856ae0a0_0;
    %flag_set/vec4 8;
    %jmp/0xz  T_1.14, 8;
    %pushi/vec4 0, 0, 32; draw_string_vec4
    %pushi/vec4 0, 0, 32; draw_string_vec4
    %concat/vec4; draw_string_vec4
    %pushi/vec4 0, 0, 32; draw_string_vec4
    %concat/vec4; draw_string_vec4
    %pushi/vec4 0, 0, 32; draw_string_vec4
    %concat/vec4; draw_string_vec4
    %pushi/vec4 82, 0, 32; draw_string_vec4
    %concat/vec4; draw_string_vec4
    %pushi/vec4 1095648335, 0, 32; draw_string_vec4
    %concat/vec4; draw_string_vec4
    %pushi/vec4 1298090318, 0, 32; draw_string_vec4
    %concat/vec4; draw_string_vec4
    %pushi/vec4 5264724, 0, 24; draw_string_vec4
    %concat/vec4; draw_string_vec4
    %store/vec4 v0x5bf3856ad7c0_0, 0, 248;
    %jmp T_1.15;
T_1.14 ;
    %load/vec4 v0x5bf3856ae830_0;
    %parti/s 1, 4, 4;
    %flag_set/vec4 8;
    %jmp/0xz  T_1.16, 8;
    %pushi/vec4 0, 0, 32; draw_string_vec4
    %pushi/vec4 0, 0, 32; draw_string_vec4
    %concat/vec4; draw_string_vec4
    %pushi/vec4 0, 0, 32; draw_string_vec4
    %concat/vec4; draw_string_vec4
    %pushi/vec4 25448, 0, 32; draw_string_vec4
    %concat/vec4; draw_string_vec4
    %pushi/vec4 1634625381, 0, 32; draw_string_vec4
    %concat/vec4; draw_string_vec4
    %pushi/vec4 1600549477, 0, 32; draw_string_vec4
    %concat/vec4; draw_string_vec4
    %pushi/vec4 1903519086, 0, 32; draw_string_vec4
    %concat/vec4; draw_string_vec4
    %pushi/vec4 7629945, 0, 24; draw_string_vec4
    %concat/vec4; draw_string_vec4
    %store/vec4 v0x5bf3856ad7c0_0, 0, 248;
    %pushi/vec4 1, 0, 1;
    %ix/load 4, 3, 0;
    %flag_set/imm 4, 0;
    %store/vec4 v0x5bf3856adf20_0, 4, 1;
    %jmp T_1.17;
T_1.16 ;
    %load/vec4 v0x5bf3856ae830_0;
    %parti/s 1, 3, 3;
    %flag_set/vec4 8;
    %jmp/0xz  T_1.18, 8;
    %pushi/vec4 0, 0, 32; draw_string_vec4
    %pushi/vec4 0, 0, 32; draw_string_vec4
    %concat/vec4; draw_string_vec4
    %pushi/vec4 0, 0, 32; draw_string_vec4
    %concat/vec4; draw_string_vec4
    %pushi/vec4 0, 0, 32; draw_string_vec4
    %concat/vec4; draw_string_vec4
    %pushi/vec4 0, 0, 32; draw_string_vec4
    %concat/vec4; draw_string_vec4
    %pushi/vec4 28001, 0, 32; draw_string_vec4
    %concat/vec4; draw_string_vec4
    %pushi/vec4 1853120873, 0, 32; draw_string_vec4
    %concat/vec4; draw_string_vec4
    %pushi/vec4 7233329, 0, 24; draw_string_vec4
    %concat/vec4; draw_string_vec4
    %store/vec4 v0x5bf3856ad7c0_0, 0, 248;
    %pushi/vec4 1, 0, 1;
    %ix/load 4, 2, 0;
    %flag_set/imm 4, 0;
    %store/vec4 v0x5bf3856adf20_0, 4, 1;
    %jmp T_1.19;
T_1.18 ;
    %load/vec4 v0x5bf3856ae830_0;
    %parti/s 1, 2, 3;
    %flag_set/vec4 8;
    %jmp/0xz  T_1.20, 8;
    %pushi/vec4 0, 0, 32; draw_string_vec4
    %pushi/vec4 0, 0, 32; draw_string_vec4
    %concat/vec4; draw_string_vec4
    %pushi/vec4 0, 0, 32; draw_string_vec4
    %concat/vec4; draw_string_vec4
    %pushi/vec4 0, 0, 32; draw_string_vec4
    %concat/vec4; draw_string_vec4
    %pushi/vec4 0, 0, 32; draw_string_vec4
    %concat/vec4; draw_string_vec4
    %pushi/vec4 28001, 0, 32; draw_string_vec4
    %concat/vec4; draw_string_vec4
    %pushi/vec4 1853120873, 0, 32; draw_string_vec4
    %concat/vec4; draw_string_vec4
    %pushi/vec4 7233328, 0, 24; draw_string_vec4
    %concat/vec4; draw_string_vec4
    %store/vec4 v0x5bf3856ad7c0_0, 0, 248;
    %pushi/vec4 1, 0, 1;
    %ix/load 4, 1, 0;
    %flag_set/imm 4, 0;
    %store/vec4 v0x5bf3856adf20_0, 4, 1;
    %jmp T_1.21;
T_1.20 ;
    %load/vec4 v0x5bf3856ae830_0;
    %parti/s 1, 1, 2;
    %flag_set/vec4 8;
    %jmp/0xz  T_1.22, 8;
    %pushi/vec4 0, 0, 32; draw_string_vec4
    %pushi/vec4 0, 0, 32; draw_string_vec4
    %concat/vec4; draw_string_vec4
    %pushi/vec4 0, 0, 32; draw_string_vec4
    %concat/vec4; draw_string_vec4
    %pushi/vec4 0, 0, 32; draw_string_vec4
    %concat/vec4; draw_string_vec4
    %pushi/vec4 0, 0, 32; draw_string_vec4
    %concat/vec4; draw_string_vec4
    %pushi/vec4 0, 0, 32; draw_string_vec4
    %concat/vec4; draw_string_vec4
    %pushi/vec4 3235700, 0, 32; draw_string_vec4
    %concat/vec4; draw_string_vec4
    %pushi/vec4 7298864, 0, 24; draw_string_vec4
    %concat/vec4; draw_string_vec4
    %store/vec4 v0x5bf3856ad7c0_0, 0, 248;
    %pushi/vec4 1, 0, 1;
    %ix/load 4, 0, 0;
    %flag_set/imm 4, 0;
    %store/vec4 v0x5bf3856adf20_0, 4, 1;
    %jmp T_1.23;
T_1.22 ;
    %load/vec4 v0x5bf3856ae830_0;
    %parti/s 1, 0, 2;
    %flag_set/vec4 8;
    %jmp/0xz  T_1.24, 8;
    %pushi/vec4 0, 0, 32; draw_string_vec4
    %pushi/vec4 0, 0, 32; draw_string_vec4
    %concat/vec4; draw_string_vec4
    %pushi/vec4 0, 0, 32; draw_string_vec4
    %concat/vec4; draw_string_vec4
    %pushi/vec4 0, 0, 32; draw_string_vec4
    %concat/vec4; draw_string_vec4
    %pushi/vec4 0, 0, 32; draw_string_vec4
    %concat/vec4; draw_string_vec4
    %pushi/vec4 0, 0, 32; draw_string_vec4
    %concat/vec4; draw_string_vec4
    %pushi/vec4 3170164, 0, 32; draw_string_vec4
    %concat/vec4; draw_string_vec4
    %pushi/vec4 7298865, 0, 24; draw_string_vec4
    %concat/vec4; draw_string_vec4
    %store/vec4 v0x5bf3856ad7c0_0, 0, 248;
    %jmp T_1.25;
T_1.24 ;
    %load/vec4 v0x5bf3856ae580_0;
    %vpi_func 3 142 "$time" 64 {0 0 0};
    %cmpi/u 20, 0, 64;
    %flag_get/vec4 5;
    %and;
    %flag_set/vec4 8;
    %jmp/0xz  T_1.26, 8;
    %pushi/vec4 0, 0, 32; draw_string_vec4
    %pushi/vec4 0, 0, 32; draw_string_vec4
    %concat/vec4; draw_string_vec4
    %pushi/vec4 0, 0, 32; draw_string_vec4
    %concat/vec4; draw_string_vec4
    %pushi/vec4 0, 0, 32; draw_string_vec4
    %concat/vec4; draw_string_vec4
    %pushi/vec4 0, 0, 32; draw_string_vec4
    %concat/vec4; draw_string_vec4
    %pushi/vec4 0, 0, 32; draw_string_vec4
    %concat/vec4; draw_string_vec4
    %pushi/vec4 73, 0, 32; draw_string_vec4
    %concat/vec4; draw_string_vec4
    %pushi/vec4 5130580, 0, 24; draw_string_vec4
    %concat/vec4; draw_string_vec4
    %store/vec4 v0x5bf3856ad7c0_0, 0, 248;
T_1.26 ;
T_1.25 ;
T_1.23 ;
T_1.21 ;
T_1.19 ;
T_1.17 ;
T_1.15 ;
    %end;
S_0x5bf38568b3f0 .scope task, "coverage_update" "coverage_update" 3 232, 3 232 0, S_0x5bf385689070;
 .timescale -9 -12;
TD_tb_register_8_bit_posedge_sync_enable.coverage_update ;
    %load/vec4 v0x5bf3856ae240_0;
    %flag_set/vec4 8;
    %jmp/0xz  T_2.28, 8;
    ; show_stmt_assign_vector: Get l-value for compressed += operand
    %ix/load 3, 0, 0;
    %flag_set/imm 4, 0;
    %load/vec4a v0x5bf3856ae900, 3;
    %pushi/vec4 1, 0, 32;
    %add;
    %flag_set/imm 4, 0;
    %ix/load 4, 0, 0;
    %store/vec4a v0x5bf3856ae900, 4, 0;
T_2.28 ;
    %load/vec4 v0x5bf3856ae310_0;
    %flag_set/vec4 8;
    %jmp/0xz  T_2.30, 8;
    ; show_stmt_assign_vector: Get l-value for compressed += operand
    %ix/load 3, 1, 0;
    %flag_set/imm 4, 0;
    %load/vec4a v0x5bf3856ae900, 3;
    %pushi/vec4 1, 0, 32;
    %add;
    %flag_set/imm 4, 0;
    %ix/load 4, 1, 0;
    %store/vec4a v0x5bf3856ae900, 4, 0;
T_2.30 ;
    %load/vec4 v0x5bf3856ae170_0;
    %flag_set/vec4 8;
    %jmp/0xz  T_2.32, 8;
    ; show_stmt_assign_vector: Get l-value for compressed += operand
    %ix/load 3, 2, 0;
    %flag_set/imm 4, 0;
    %load/vec4a v0x5bf3856ae900, 3;
    %pushi/vec4 1, 0, 32;
    %add;
    %flag_set/imm 4, 0;
    %ix/load 4, 2, 0;
    %store/vec4a v0x5bf3856ae900, 4, 0;
T_2.32 ;
    %load/vec4 v0x5bf3856ae3e0_0;
    %flag_set/vec4 8;
    %jmp/0xz  T_2.34, 8;
    ; show_stmt_assign_vector: Get l-value for compressed += operand
    %ix/load 3, 3, 0;
    %flag_set/imm 4, 0;
    %load/vec4a v0x5bf3856ae900, 3;
    %pushi/vec4 1, 0, 32;
    %add;
    %flag_set/imm 4, 0;
    %ix/load 4, 3, 0;
    %store/vec4a v0x5bf3856ae900, 4, 0;
T_2.34 ;
    %load/vec4 v0x5bf3856ae4b0_0;
    %flag_set/vec4 8;
    %jmp/0xz  T_2.36, 8;
    ; show_stmt_assign_vector: Get l-value for compressed += operand
    %ix/load 3, 4, 0;
    %flag_set/imm 4, 0;
    %load/vec4a v0x5bf3856ae900, 3;
    %pushi/vec4 1, 0, 32;
    %add;
    %flag_set/imm 4, 0;
    %ix/load 4, 4, 0;
    %store/vec4a v0x5bf3856ae900, 4, 0;
T_2.36 ;
    %end;
S_0x5bf385686cf0 .scope module, "dff_posedge_sync_enable1_0" "dff_posedge_sync_enable1" 3 54, 4 5 0, S_0x5bf385689070;
 .timescale -9 -12;
    .port_info 0 /INPUT 1 "clk";
    .port_info 1 /INPUT 1 "enable";
    .port_info 2 /INPUT 1 "d";
    .port_info 3 /OUTPUT 1 "q";
    .port_info 4 /OUTPUT 1 "qbar";
L_0x5bf3856bfa30 .functor NOT 1, v0x5bf385684d40_0, C4<0>, C4<0>, C4<0>;
v0x5bf38567c660_0 .net "clk", 0 0, v0x5bf3856adda0_0;  1 drivers
v0x5bf3856870c0_0 .net "d", 0 0, L_0x5bf3856bfaa0;  1 drivers
v0x5bf385685f00_0 .net "enable", 0 0, v0x5bf3856a8500_0;  alias, 1 drivers
v0x5bf385684d40_0 .var "q", 0 0;
v0x5bf38567e960_0 .net8 "qbar", 0 0, RS_0x7ced3b489138;  alias, 8 drivers
E_0x5bf385652ec0 .event posedge, v0x5bf38567c660_0;
S_0x5bf385685b30 .scope module, "dff_posedge_sync_enable1_1" "dff_posedge_sync_enable1" 3 55, 4 5 0, S_0x5bf385689070;
 .timescale -9 -12;
    .port_info 0 /INPUT 1 "clk";
    .port_info 1 /INPUT 1 "enable";
    .port_info 2 /INPUT 1 "d";
    .port_info 3 /OUTPUT 1 "q";
    .port_info 4 /OUTPUT 1 "qbar";
L_0x5bf3856bfb40 .functor NOT 1, v0x5bf3856a4bc0_0, C4<0>, C4<0>, C4<0>;
v0x5bf3856a4930_0 .net "clk", 0 0, v0x5bf3856adda0_0;  alias, 1 drivers
v0x5bf3856a4a20_0 .net "d", 0 0, L_0x5bf3856bfbb0;  1 drivers
v0x5bf3856a4ac0_0 .net "enable", 0 0, v0x5bf3856a8500_0;  alias, 1 drivers
v0x5bf3856a4bc0_0 .var "q", 0 0;
v0x5bf3856a4c60_0 .net8 "qbar", 0 0, RS_0x7ced3b489138;  alias, 8 drivers
S_0x5bf3856a4de0 .scope module, "dff_posedge_sync_enable1_2" "dff_posedge_sync_enable1" 3 56, 4 5 0, S_0x5bf385689070;
 .timescale -9 -12;
    .port_info 0 /INPUT 1 "clk";
    .port_info 1 /INPUT 1 "enable";
    .port_info 2 /INPUT 1 "d";
    .port_info 3 /OUTPUT 1 "q";
    .port_info 4 /OUTPUT 1 "qbar";
L_0x5bf3856bfc50 .functor NOT 1, v0x5bf3856a5280_0, C4<0>, C4<0>, C4<0>;
v0x5bf3856a4fc0_0 .net "clk", 0 0, v0x5bf3856adda0_0;  alias, 1 drivers
v0x5bf3856a50d0_0 .net "d", 0 0, L_0x5bf3856bfcc0;  1 drivers
v0x5bf3856a5190_0 .net "enable", 0 0, v0x5bf3856a8500_0;  alias, 1 drivers
v0x5bf3856a5280_0 .var "q", 0 0;
v0x5bf3856a5320_0 .net8 "qbar", 0 0, RS_0x7ced3b489138;  alias, 8 drivers
S_0x5bf3856a5500 .scope module, "dff_posedge_sync_enable1_3" "dff_posedge_sync_enable1" 3 57, 4 5 0, S_0x5bf385689070;
 .timescale -9 -12;
    .port_info 0 /INPUT 1 "clk";
    .port_info 1 /INPUT 1 "enable";
    .port_info 2 /INPUT 1 "d";
    .port_info 3 /OUTPUT 1 "q";
    .port_info 4 /OUTPUT 1 "qbar";
L_0x5bf3856bfd60 .functor NOT 1, v0x5bf3856a5900_0, C4<0>, C4<0>, C4<0>;
v0x5bf3856a56e0_0 .net "clk", 0 0, v0x5bf3856adda0_0;  alias, 1 drivers
v0x5bf3856a57a0_0 .net "d", 0 0, L_0x5bf3856bfdd0;  1 drivers
v0x5bf3856a5860_0 .net "enable", 0 0, v0x5bf3856a8500_0;  alias, 1 drivers
v0x5bf3856a5900_0 .var "q", 0 0;
v0x5bf3856a59a0_0 .net8 "qbar", 0 0, RS_0x7ced3b489138;  alias, 8 drivers
S_0x5bf3856a5b30 .scope module, "dff_posedge_sync_enable1_4" "dff_posedge_sync_enable1" 3 58, 4 5 0, S_0x5bf385689070;
 .timescale -9 -12;
    .port_info 0 /INPUT 1 "clk";
    .port_info 1 /INPUT 1 "enable";
    .port_info 2 /INPUT 1 "d";
    .port_info 3 /OUTPUT 1 "q";
    .port_info 4 /OUTPUT 1 "qbar";
L_0x5bf3856bfea0 .functor NOT 1, v0x5bf3856a5fc0_0, C4<0>, C4<0>, C4<0>;
v0x5bf3856a5d10_0 .net "clk", 0 0, v0x5bf3856adda0_0;  alias, 1 drivers
v0x5bf3856a5dd0_0 .net "d", 0 0, L_0x5bf3856bff10;  1 drivers
v0x5bf3856a5e90_0 .net "enable", 0 0, v0x5bf3856a8500_0;  alias, 1 drivers
v0x5bf3856a5fc0_0 .var "q", 0 0;
v0x5bf3856a6060_0 .net8 "qbar", 0 0, RS_0x7ced3b489138;  alias, 8 drivers
S_0x5bf3856a6230 .scope module, "dff_posedge_sync_enable1_5" "dff_posedge_sync_enable1" 3 59, 4 5 0, S_0x5bf385689070;
 .timescale -9 -12;
    .port_info 0 /INPUT 1 "clk";
    .port_info 1 /INPUT 1 "enable";
    .port_info 2 /INPUT 1 "d";
    .port_info 3 /OUTPUT 1 "q";
    .port_info 4 /OUTPUT 1 "qbar";
L_0x5bf3856bffe0 .functor NOT 1, v0x5bf3856a6610_0, C4<0>, C4<0>, C4<0>;
v0x5bf3856a63c0_0 .net "clk", 0 0, v0x5bf3856adda0_0;  alias, 1 drivers
v0x5bf3856a6480_0 .net "d", 0 0, L_0x5bf3856c0080;  1 drivers
v0x5bf3856a6540_0 .net "enable", 0 0, v0x5bf3856a8500_0;  alias, 1 drivers
v0x5bf3856a6610_0 .var "q", 0 0;
v0x5bf3856a66b0_0 .net8 "qbar", 0 0, RS_0x7ced3b489138;  alias, 8 drivers
S_0x5bf3856a67f0 .scope module, "dff_posedge_sync_enable1_6" "dff_posedge_sync_enable1" 3 60, 4 5 0, S_0x5bf385689070;
 .timescale -9 -12;
    .port_info 0 /INPUT 1 "clk";
    .port_info 1 /INPUT 1 "enable";
    .port_info 2 /INPUT 1 "d";
    .port_info 3 /OUTPUT 1 "q";
    .port_info 4 /OUTPUT 1 "qbar";
L_0x5bf3856c03a0 .functor NOT 1, v0x5bf3856a6bd0_0, C4<0>, C4<0>, C4<0>;
v0x5bf3856a6980_0 .net "clk", 0 0, v0x5bf3856adda0_0;  alias, 1 drivers
v0x5bf3856a6a40_0 .net "d", 0 0, L_0x5bf3856c0410;  1 drivers
v0x5bf3856a6b00_0 .net "enable", 0 0, v0x5bf3856a8500_0;  alias, 1 drivers
v0x5bf3856a6bd0_0 .var "q", 0 0;
v0x5bf3856a6c70_0 .net8 "qbar", 0 0, RS_0x7ced3b489138;  alias, 8 drivers
S_0x5bf3856a6e00 .scope module, "dff_posedge_sync_enable1_7" "dff_posedge_sync_enable1" 3 61, 4 5 0, S_0x5bf385689070;
 .timescale -9 -12;
    .port_info 0 /INPUT 1 "clk";
    .port_info 1 /INPUT 1 "enable";
    .port_info 2 /INPUT 1 "d";
    .port_info 3 /OUTPUT 1 "q";
    .port_info 4 /OUTPUT 1 "qbar";
L_0x5bf3856c04e0 .functor NOT 1, v0x5bf3856a72b0_0, C4<0>, C4<0>, C4<0>;
v0x5bf3856a7060_0 .net "clk", 0 0, v0x5bf3856adda0_0;  alias, 1 drivers
v0x5bf3856a7120_0 .net "d", 0 0, L_0x5bf3856c0790;  1 drivers
v0x5bf3856a71e0_0 .net "enable", 0 0, v0x5bf3856a8500_0;  alias, 1 drivers
v0x5bf3856a72b0_0 .var "q", 0 0;
v0x5bf3856a7350_0 .net8 "qbar", 0 0, RS_0x7ced3b489138;  alias, 8 drivers
S_0x5bf3856a74e0 .scope task, "display_file" "display_file" 3 222, 3 222 0, S_0x5bf385689070;
 .timescale -9 -12;
TD_tb_register_8_bit_posedge_sync_enable.display_file ;
    %vpi_call/w 3 224 "$display", "%10d %20s | %4d | %2b | %8b | %8b |  %8b  |", v0x5bf3856ade40_0, v0x5bf3856ad7c0_0, $time, v0x5bf3856ad9d0_0, v0x5bf3856ad8c0_0, v0x5bf3856adc20_0, v0x5bf3856adce0_0 {0 0 0};
    %end;
S_0x5bf3856a76c0 .scope module, "dut_input_register" "input_register" 3 44, 5 1 0, S_0x5bf385689070;
 .timescale -9 -12;
    .port_info 0 /INPUT 32 "TICKPERIOD";
    .port_info 1 /INPUT 1 "TICK";
    .port_info 2 /OUTPUT 1 "EN";
    .port_info 3 /OUTPUT 8 "D";
    .port_info 4 /OUTPUT 1 "eof";
    .port_info 5 /OUTPUT 1 "done";
    .port_info 6 /OUTPUT 1 "flag_init";
    .port_info 7 /OUTPUT 1 "flag_01";
    .port_info 8 /OUTPUT 1 "flag_10";
    .port_info 9 /OUTPUT 1 "flag_00";
    .port_info 10 /OUTPUT 1 "flag_11";
    .port_info 11 /OUTPUT 1 "flag_freq";
    .port_info 12 /OUTPUT 5 "start_test";
P_0x5bf3856a78a0 .param/l "DATA_WIDTH" 0 5 18, +C4<00000000000000000000000000001000>;
v0x5bf3856a8440_0 .var "D", 7 0;
v0x5bf3856a8500_0 .var "EN", 0 0;
v0x5bf3856a85c0_0 .net "TICK", 0 0, v0x5bf3856adda0_0;  alias, 1 drivers
L_0x7ced3b440018 .functor BUFT 1, C4<00000000000000000000000000010100>, C4<0>, C4<0>, C4<0>;
v0x5bf3856a8690_0 .net/2s "TICKPERIOD", 31 0, L_0x7ced3b440018;  1 drivers
v0x5bf3856a8730_0 .var/2s "burst", 31 0;
v0x5bf3856a8860_0 .var "ch", 7 0;
v0x5bf3856a8940_0 .var "done", 0 0;
v0x5bf3856a8a00_0 .var "eof", 0 0;
v0x5bf3856a8ac0_0 .var "flag_00", 0 0;
v0x5bf3856a8b80_0 .var "flag_01", 0 0;
v0x5bf3856a8c40_0 .var "flag_10", 0 0;
v0x5bf3856a8d00_0 .var "flag_11", 0 0;
v0x5bf3856a8dc0_0 .var "flag_freq", 0 0;
v0x5bf3856a8e80_0 .var "flag_init", 0 0;
v0x5bf3856a8f40_0 .var/2s "mode", 31 0;
v0x5bf3856a9020_0 .var "start_test", 4 0;
E_0x5bf3856533e0 .event anyedge, v0x5bf3856a8a00_0;
S_0x5bf3856a7b50 .scope begin, "$ivl_for_loop2" "$ivl_for_loop2" 5 213, 5 213 0, S_0x5bf3856a76c0;
 .timescale -9 -12;
v0x5bf3856a7d50_0 .var/2s "i", 31 0;
S_0x5bf3856a7e50 .scope task, "general_input" "general_input" 5 38, 5 38 0, S_0x5bf3856a76c0;
 .timescale -9 -12;
TD_tb_register_8_bit_posedge_sync_enable.dut_input_register.general_input ;
    %vpi_func 5 40 "$urandom_range" 32, 32'sb00000000000000000000000000100000, 32'sb00000000000000000000000001111110 {0 0 0};
    %pad/u 8;
    %store/vec4 v0x5bf3856a8860_0, 0, 8;
    %load/vec4 v0x5bf3856a8dc0_0;
    %flag_set/vec4 8;
    %jmp/0xz  T_4.38, 8;
    %pushi/vec4 1, 0, 1;
    %store/vec4 v0x5bf3856a8a00_0, 0, 1;
    %jmp T_4.39;
T_4.38 ;
    %load/vec4 v0x5bf3856a8d00_0;
    %flag_set/vec4 8;
    %jmp/0xz  T_4.40, 8;
    %load/vec4 v0x5bf3856a9020_0;
    %parti/s 1, 4, 4;
    %pad/u 32;
    %cmpi/ne 1, 0, 32;
    %jmp/0xz  T_4.42, 6;
    %vpi_call/w 5 53 "$display" {0 0 0};
    %vpi_call/w 5 54 "$display", "%12s ***time = %0d, TEST of ENABLE changes frequently***", "\000", $time {0 0 0};
    %vpi_call/w 5 55 "$display" {0 0 0};
    %pushi/vec4 1, 0, 1;
    %ix/load 4, 4, 0;
    %flag_set/imm 4, 0;
    %store/vec4 v0x5bf3856a9020_0, 4, 1;
T_4.42 ;
    %pushi/vec4 4, 0, 32;
T_4.44 %dup/vec4;
    %pushi/vec4 0, 0, 32;
    %cmp/s;
    %jmp/1xz T_4.45, 5;
    %jmp/1 T_4.45, 4;
    %pushi/vec4 1, 0, 32;
    %sub;
    %load/vec4 v0x5bf3856a8500_0;
    %inv;
    %load/vec4 v0x5bf3856a8860_0;
    %concat/vec4; draw_concat_vec4
    %split/vec4 8;
    %store/vec4 v0x5bf3856a8440_0, 0, 8;
    %store/vec4 v0x5bf3856a8500_0, 0, 1;
    %wait E_0x5bf385652ec0;
    %jmp T_4.44;
T_4.45 ;
    %pop/vec4 1;
    %pushi/vec4 1, 0, 1;
    %store/vec4 v0x5bf3856a8dc0_0, 0, 1;
    %jmp T_4.41;
T_4.40 ;
    %load/vec4 v0x5bf3856a8ac0_0;
    %flag_set/vec4 8;
    %jmp/0xz  T_4.46, 8;
    %load/vec4 v0x5bf3856a9020_0;
    %parti/s 1, 3, 3;
    %pad/u 32;
    %cmpi/ne 1, 0, 32;
    %jmp/0xz  T_4.48, 6;
    %vpi_call/w 5 73 "$display" {0 0 0};
    %vpi_call/w 5 74 "$display", "%12s ***time = %0d, TEST of ENABLE maintains 1***", "\000", $time {0 0 0};
    %vpi_call/w 5 75 "$display" {0 0 0};
    %pushi/vec4 1, 0, 1;
    %ix/load 4, 3, 0;
    %flag_set/imm 4, 0;
    %store/vec4 v0x5bf3856a9020_0, 4, 1;
T_4.48 ;
    %pushi/vec4 4, 0, 32;
T_4.50 %dup/vec4;
    %pushi/vec4 0, 0, 32;
    %cmp/s;
    %jmp/1xz T_4.51, 5;
    %jmp/1 T_4.51, 4;
    %pushi/vec4 1, 0, 32;
    %sub;
    %pushi/vec4 1, 0, 1;
    %load/vec4 v0x5bf3856a8860_0;
    %inv;
    %concat/vec4; draw_concat_vec4
    %split/vec4 8;
    %store/vec4 v0x5bf3856a8440_0, 0, 8;
    %store/vec4 v0x5bf3856a8500_0, 0, 1;
    %wait E_0x5bf385652ec0;
    %jmp T_4.50;
T_4.51 ;
    %pop/vec4 1;
    %pushi/vec4 1, 0, 1;
    %store/vec4 v0x5bf3856a8d00_0, 0, 1;
    %jmp T_4.47;
T_4.46 ;
    %load/vec4 v0x5bf3856a8c40_0;
    %flag_set/vec4 8;
    %jmp/0xz  T_4.52, 8;
    %load/vec4 v0x5bf3856a9020_0;
    %parti/s 1, 2, 3;
    %pad/u 32;
    %cmpi/ne 1, 0, 32;
    %jmp/0xz  T_4.54, 6;
    %vpi_call/w 5 94 "$display" {0 0 0};
    %vpi_call/w 5 95 "$display", "%12s ***time = %0d, TEST of ENABLE maintains 0***", "\000", $time {0 0 0};
    %vpi_call/w 5 96 "$display" {0 0 0};
    %pushi/vec4 1, 0, 1;
    %ix/load 4, 2, 0;
    %flag_set/imm 4, 0;
    %store/vec4 v0x5bf3856a9020_0, 4, 1;
T_4.54 ;
    %pushi/vec4 4, 0, 32;
T_4.56 %dup/vec4;
    %pushi/vec4 0, 0, 32;
    %cmp/s;
    %jmp/1xz T_4.57, 5;
    %jmp/1 T_4.57, 4;
    %pushi/vec4 1, 0, 32;
    %sub;
    %pushi/vec4 0, 0, 1;
    %load/vec4 v0x5bf3856a8860_0;
    %concat/vec4; draw_concat_vec4
    %split/vec4 8;
    %store/vec4 v0x5bf3856a8440_0, 0, 8;
    %store/vec4 v0x5bf3856a8500_0, 0, 1;
    %wait E_0x5bf385652ec0;
    %jmp T_4.56;
T_4.57 ;
    %pop/vec4 1;
    %pushi/vec4 1, 0, 1;
    %store/vec4 v0x5bf3856a8ac0_0, 0, 1;
    %jmp T_4.53;
T_4.52 ;
    %load/vec4 v0x5bf3856a8b80_0;
    %flag_set/vec4 8;
    %jmp/0xz  T_4.58, 8;
    %load/vec4 v0x5bf3856a9020_0;
    %parti/s 1, 1, 2;
    %pad/u 32;
    %cmpi/ne 1, 0, 32;
    %jmp/0xz  T_4.60, 6;
    %vpi_call/w 5 115 "$display" {0 0 0};
    %vpi_call/w 5 116 "$display", "%12s ***time = %0d, TEST of ENABLE changes from 1 to 0***", "\000", $time {0 0 0};
    %vpi_call/w 5 117 "$display" {0 0 0};
    %pushi/vec4 1, 0, 1;
    %ix/load 4, 1, 0;
    %flag_set/imm 4, 0;
    %store/vec4 v0x5bf3856a9020_0, 4, 1;
T_4.60 ;
    %pushi/vec4 0, 0, 1;
    %load/vec4 v0x5bf3856a8860_0;
    %concat/vec4; draw_concat_vec4
    %split/vec4 8;
    %store/vec4 v0x5bf3856a8440_0, 0, 8;
    %store/vec4 v0x5bf3856a8500_0, 0, 1;
    %pushi/vec4 1, 0, 1;
    %store/vec4 v0x5bf3856a8c40_0, 0, 1;
    %jmp T_4.59;
T_4.58 ;
    %load/vec4 v0x5bf3856a8e80_0;
    %flag_set/vec4 8;
    %jmp/0xz  T_4.62, 8;
    %load/vec4 v0x5bf3856a9020_0;
    %parti/s 1, 0, 2;
    %pad/u 32;
    %cmpi/ne 1, 0, 32;
    %jmp/0xz  T_4.64, 6;
    %vpi_call/w 5 134 "$display" {0 0 0};
    %vpi_call/w 5 135 "$display", "%12s ***time = %0d, TEST of ENABLE changes from 0 to 1***", "\000", $time {0 0 0};
    %vpi_call/w 5 136 "$display" {0 0 0};
    %pushi/vec4 1, 0, 1;
    %ix/load 4, 0, 0;
    %flag_set/imm 4, 0;
    %store/vec4 v0x5bf3856a9020_0, 4, 1;
T_4.64 ;
    %pushi/vec4 1, 0, 1;
    %load/vec4 v0x5bf3856a8860_0;
    %concat/vec4; draw_concat_vec4
    %split/vec4 8;
    %store/vec4 v0x5bf3856a8440_0, 0, 8;
    %store/vec4 v0x5bf3856a8500_0, 0, 1;
    %pushi/vec4 1, 0, 1;
    %store/vec4 v0x5bf3856a8b80_0, 0, 1;
    %jmp T_4.63;
T_4.62 ;
    %pushi/vec4 1, 0, 1;
    %store/vec4 v0x5bf3856a8e80_0, 0, 1;
T_4.63 ;
T_4.59 ;
T_4.53 ;
T_4.47 ;
T_4.41 ;
T_4.39 ;
    %end;
S_0x5bf3856a8050 .scope task, "initialize" "initialize" 5 23, 5 23 0, S_0x5bf3856a76c0;
 .timescale -9 -12;
TD_tb_register_8_bit_posedge_sync_enable.dut_input_register.initialize ;
    %vpi_func 5 24 "$urandom_range" 32, 32'sb00000000000000000000000000100000, 32'sb00000000000000000000000001111110 {0 0 0};
    %pad/u 8;
    %store/vec4 v0x5bf3856a8860_0, 0, 8;
    %pushi/vec4 0, 0, 1;
    %load/vec4 v0x5bf3856a8860_0;
    %concat/vec4; draw_concat_vec4
    %split/vec4 8;
    %store/vec4 v0x5bf3856a8440_0, 0, 8;
    %store/vec4 v0x5bf3856a8500_0, 0, 1;
    %pushi/vec4 0, 0, 1;
    %store/vec4 v0x5bf3856a8a00_0, 0, 1;
    %end;
S_0x5bf3856a8260 .scope task, "random_in" "random_in" 5 158, 5 158 0, S_0x5bf3856a76c0;
 .timescale -9 -12;
TD_tb_register_8_bit_posedge_sync_enable.dut_input_register.random_in ;
    %vpi_func 5 160 "$urandom_range" 32, 32'sb00000000000000000000000000100000, 32'sb00000000000000000000000001111110 {0 0 0};
    %pad/u 8;
    %store/vec4 v0x5bf3856a8860_0, 0, 8;
    %vpi_func 5 162 "$urandom_range" 32, 32'sb00000000000000000000000000000000, 32'sb00000000000000000000000000000010 {0 0 0};
    %cast2;
    %store/vec4 v0x5bf3856a8f40_0, 0, 32;
    %vpi_func 5 163 "$urandom_range" 32, 32'sb00000000000000000000000000000001, 32'sb00000000000000000000000000000101 {0 0 0};
    %cast2;
    %store/vec4 v0x5bf3856a8730_0, 0, 32;
    %load/vec4 v0x5bf3856a8730_0;
T_6.66 %dup/vec4;
    %pushi/vec4 0, 0, 32;
    %cmp/s;
    %jmp/1xz T_6.67, 5;
    %jmp/1 T_6.67, 4;
    %pushi/vec4 1, 0, 32;
    %sub;
    %wait E_0x5bf385652ec0;
    %pushi/real 1717986918, 4062; load=0.100000
    %pushi/real 1677722, 4040; load=0.100000
    %add/wr;
    %vpi_func 5 169 "$urandom_range" 32, W<0,r>, 32'sb00000000000000000000000000001010 {0 1 0};
    %pad/u 64;
    %muli 1000, 0, 64;
    %ix/vec4 4;
    %delayx 4;
    %load/vec4 v0x5bf3856a8f40_0;
    %dup/vec4;
    %pushi/vec4 0, 0, 32;
    %cmp/u;
    %jmp/1 T_6.68, 6;
    %dup/vec4;
    %pushi/vec4 1, 0, 32;
    %cmp/u;
    %jmp/1 T_6.69, 6;
    %dup/vec4;
    %pushi/vec4 2, 0, 32;
    %cmp/u;
    %jmp/1 T_6.70, 6;
    %jmp T_6.71;
T_6.68 ;
    %pushi/vec4 0, 0, 1;
    %store/vec4 v0x5bf3856a8500_0, 0, 1;
    %load/vec4 v0x5bf3856a8860_0;
    %store/vec4 v0x5bf3856a8440_0, 0, 8;
    %jmp T_6.71;
T_6.69 ;
    %pushi/vec4 1, 0, 1;
    %store/vec4 v0x5bf3856a8500_0, 0, 1;
    %load/vec4 v0x5bf3856a8860_0;
    %store/vec4 v0x5bf3856a8440_0, 0, 8;
    %jmp T_6.71;
T_6.70 ;
    %load/vec4 v0x5bf3856a8500_0;
    %inv;
    %store/vec4 v0x5bf3856a8500_0, 0, 1;
    %load/vec4 v0x5bf3856a8860_0;
    %store/vec4 v0x5bf3856a8440_0, 0, 8;
    %jmp T_6.71;
T_6.71 ;
    %pop/vec4 1;
    %jmp T_6.66;
T_6.67 ;
    %pop/vec4 1;
    %end;
S_0x5bf3856a92a0 .scope module, "dut_register_8_bit_posedge_sync_enable" "register_8_bit_posedge_sync_enable" 3 48, 6 1 0, S_0x5bf385689070;
 .timescale -9 -12;
    .port_info 0 /INPUT 1 "clk";
    .port_info 1 /INPUT 1 "en";
    .port_info 2 /INPUT 8 "d";
    .port_info 3 /OUTPUT 8 "q";
RS_0x7ced3b48a128 .resolv tri, L_0x5bf385687890, L_0x5bf3856866d0, L_0x5bf385685510, L_0x5bf385684490, L_0x5bf385642020, L_0x5bf3856bef40, L_0x5bf3856bf200, L_0x5bf3856bf340;
v0x5bf3856acdc0_0 .net8 "NOTHING", 0 0, RS_0x7ced3b48a128;  8 drivers
v0x5bf3856ace80_0 .net "clk", 0 0, v0x5bf3856adda0_0;  alias, 1 drivers
v0x5bf3856acf40_0 .net "d", 7 0, v0x5bf3856a8440_0;  alias, 1 drivers
v0x5bf3856ad010_0 .net "en", 0 0, v0x5bf3856a8500_0;  alias, 1 drivers
v0x5bf3856ad0b0_0 .net "q", 7 0, L_0x5bf3856bf710;  alias, 1 drivers
L_0x5bf3856bea40 .part v0x5bf3856a8440_0, 0, 1;
L_0x5bf3856beb40 .part v0x5bf3856a8440_0, 1, 1;
L_0x5bf3856bec40 .part v0x5bf3856a8440_0, 2, 1;
L_0x5bf3856bed40 .part v0x5bf3856a8440_0, 3, 1;
L_0x5bf3856bee70 .part v0x5bf3856a8440_0, 4, 1;
L_0x5bf3856befe0 .part v0x5bf3856a8440_0, 5, 1;
L_0x5bf3856bf270 .part v0x5bf3856a8440_0, 6, 1;
L_0x5bf3856bf5f0 .part v0x5bf3856a8440_0, 7, 1;
LS_0x5bf3856bf710_0_0 .concat8 [ 1 1 1 1], v0x5bf3856a9930_0, v0x5bf3856aa030_0, v0x5bf3856aa730_0, v0x5bf3856aae30_0;
LS_0x5bf3856bf710_0_4 .concat8 [ 1 1 1 1], v0x5bf3856ab530_0, v0x5bf3856abbc0_0, v0x5bf3856ac2a0_0, v0x5bf3856acb90_0;
L_0x5bf3856bf710 .concat8 [ 4 4 0 0], LS_0x5bf3856bf710_0_0, LS_0x5bf3856bf710_0_4;
S_0x5bf3856a9430 .scope module, "dff_posedge_sync_enable0" "dff_posedge_sync_enable" 6 10, 7 5 0, S_0x5bf3856a92a0;
 .timescale -9 -12;
    .port_info 0 /INPUT 1 "clk";
    .port_info 1 /INPUT 1 "enable";
    .port_info 2 /INPUT 1 "d";
    .port_info 3 /OUTPUT 1 "q";
    .port_info 4 /OUTPUT 1 "qbar";
L_0x5bf385687890 .functor NOT 1, v0x5bf3856a9930_0, C4<0>, C4<0>, C4<0>;
v0x5bf3856a96e0_0 .net "clk", 0 0, v0x5bf3856adda0_0;  alias, 1 drivers
v0x5bf3856a97a0_0 .net "d", 0 0, L_0x5bf3856bea40;  1 drivers
v0x5bf3856a9860_0 .net "enable", 0 0, v0x5bf3856a8500_0;  alias, 1 drivers
v0x5bf3856a9930_0 .var "q", 0 0;
v0x5bf3856a99d0_0 .net8 "qbar", 0 0, RS_0x7ced3b48a128;  alias, 8 drivers
S_0x5bf3856a9b80 .scope module, "dff_posedge_sync_enable1" "dff_posedge_sync_enable" 6 11, 7 5 0, S_0x5bf3856a92a0;
 .timescale -9 -12;
    .port_info 0 /INPUT 1 "clk";
    .port_info 1 /INPUT 1 "enable";
    .port_info 2 /INPUT 1 "d";
    .port_info 3 /OUTPUT 1 "q";
    .port_info 4 /OUTPUT 1 "qbar";
L_0x5bf3856866d0 .functor NOT 1, v0x5bf3856aa030_0, C4<0>, C4<0>, C4<0>;
v0x5bf3856a9e00_0 .net "clk", 0 0, v0x5bf3856adda0_0;  alias, 1 drivers
v0x5bf3856a9ea0_0 .net "d", 0 0, L_0x5bf3856beb40;  1 drivers
v0x5bf3856a9f60_0 .net "enable", 0 0, v0x5bf3856a8500_0;  alias, 1 drivers
v0x5bf3856aa030_0 .var "q", 0 0;
v0x5bf3856aa0d0_0 .net8 "qbar", 0 0, RS_0x7ced3b48a128;  alias, 8 drivers
S_0x5bf3856aa270 .scope module, "dff_posedge_sync_enable2" "dff_posedge_sync_enable" 6 12, 7 5 0, S_0x5bf3856a92a0;
 .timescale -9 -12;
    .port_info 0 /INPUT 1 "clk";
    .port_info 1 /INPUT 1 "enable";
    .port_info 2 /INPUT 1 "d";
    .port_info 3 /OUTPUT 1 "q";
    .port_info 4 /OUTPUT 1 "qbar";
L_0x5bf385685510 .functor NOT 1, v0x5bf3856aa730_0, C4<0>, C4<0>, C4<0>;
v0x5bf3856aa500_0 .net "clk", 0 0, v0x5bf3856adda0_0;  alias, 1 drivers
v0x5bf3856aa5a0_0 .net "d", 0 0, L_0x5bf3856bec40;  1 drivers
v0x5bf3856aa660_0 .net "enable", 0 0, v0x5bf3856a8500_0;  alias, 1 drivers
v0x5bf3856aa730_0 .var "q", 0 0;
v0x5bf3856aa7d0_0 .net8 "qbar", 0 0, RS_0x7ced3b48a128;  alias, 8 drivers
S_0x5bf3856aa9b0 .scope module, "dff_posedge_sync_enable3" "dff_posedge_sync_enable" 6 13, 7 5 0, S_0x5bf3856a92a0;
 .timescale -9 -12;
    .port_info 0 /INPUT 1 "clk";
    .port_info 1 /INPUT 1 "enable";
    .port_info 2 /INPUT 1 "d";
    .port_info 3 /OUTPUT 1 "q";
    .port_info 4 /OUTPUT 1 "qbar";
L_0x5bf385684490 .functor NOT 1, v0x5bf3856aae30_0, C4<0>, C4<0>, C4<0>;
v0x5bf3856aac10_0 .net "clk", 0 0, v0x5bf3856adda0_0;  alias, 1 drivers
v0x5bf3856aacd0_0 .net "d", 0 0, L_0x5bf3856bed40;  1 drivers
v0x5bf3856aad90_0 .net "enable", 0 0, v0x5bf3856a8500_0;  alias, 1 drivers
v0x5bf3856aae30_0 .var "q", 0 0;
v0x5bf3856aaed0_0 .net8 "qbar", 0 0, RS_0x7ced3b48a128;  alias, 8 drivers
S_0x5bf3856ab060 .scope module, "dff_posedge_sync_enable4" "dff_posedge_sync_enable" 6 14, 7 5 0, S_0x5bf3856a92a0;
 .timescale -9 -12;
    .port_info 0 /INPUT 1 "clk";
    .port_info 1 /INPUT 1 "enable";
    .port_info 2 /INPUT 1 "d";
    .port_info 3 /OUTPUT 1 "q";
    .port_info 4 /OUTPUT 1 "qbar";
L_0x5bf385642020 .functor NOT 1, v0x5bf3856ab530_0, C4<0>, C4<0>, C4<0>;
v0x5bf3856ab310_0 .net "clk", 0 0, v0x5bf3856adda0_0;  alias, 1 drivers
v0x5bf3856ab3d0_0 .net "d", 0 0, L_0x5bf3856bee70;  1 drivers
v0x5bf3856ab490_0 .net "enable", 0 0, v0x5bf3856a8500_0;  alias, 1 drivers
v0x5bf3856ab530_0 .var "q", 0 0;
v0x5bf3856ab5d0_0 .net8 "qbar", 0 0, RS_0x7ced3b48a128;  alias, 8 drivers
S_0x5bf3856ab760 .scope module, "dff_posedge_sync_enable5" "dff_posedge_sync_enable" 6 15, 7 5 0, S_0x5bf3856a92a0;
 .timescale -9 -12;
    .port_info 0 /INPUT 1 "clk";
    .port_info 1 /INPUT 1 "enable";
    .port_info 2 /INPUT 1 "d";
    .port_info 3 /OUTPUT 1 "q";
    .port_info 4 /OUTPUT 1 "qbar";
L_0x5bf3856bef40 .functor NOT 1, v0x5bf3856abbc0_0, C4<0>, C4<0>, C4<0>;
v0x5bf3856ab970_0 .net "clk", 0 0, v0x5bf3856adda0_0;  alias, 1 drivers
v0x5bf3856aba30_0 .net "d", 0 0, L_0x5bf3856befe0;  1 drivers
v0x5bf3856abaf0_0 .net "enable", 0 0, v0x5bf3856a8500_0;  alias, 1 drivers
v0x5bf3856abbc0_0 .var "q", 0 0;
v0x5bf3856abc60_0 .net8 "qbar", 0 0, RS_0x7ced3b48a128;  alias, 8 drivers
S_0x5bf3856abdf0 .scope module, "dff_posedge_sync_enable6" "dff_posedge_sync_enable" 6 16, 7 5 0, S_0x5bf3856a92a0;
 .timescale -9 -12;
    .port_info 0 /INPUT 1 "clk";
    .port_info 1 /INPUT 1 "enable";
    .port_info 2 /INPUT 1 "d";
    .port_info 3 /OUTPUT 1 "q";
    .port_info 4 /OUTPUT 1 "qbar";
L_0x5bf3856bf200 .functor NOT 1, v0x5bf3856ac2a0_0, C4<0>, C4<0>, C4<0>;
v0x5bf3856ac050_0 .net "clk", 0 0, v0x5bf3856adda0_0;  alias, 1 drivers
v0x5bf3856ac110_0 .net "d", 0 0, L_0x5bf3856bf270;  1 drivers
v0x5bf3856ac1d0_0 .net "enable", 0 0, v0x5bf3856a8500_0;  alias, 1 drivers
v0x5bf3856ac2a0_0 .var "q", 0 0;
v0x5bf3856ac340_0 .net8 "qbar", 0 0, RS_0x7ced3b48a128;  alias, 8 drivers
S_0x5bf3856ac4d0 .scope module, "dff_posedge_sync_enable7" "dff_posedge_sync_enable" 6 17, 7 5 0, S_0x5bf3856a92a0;
 .timescale -9 -12;
    .port_info 0 /INPUT 1 "clk";
    .port_info 1 /INPUT 1 "enable";
    .port_info 2 /INPUT 1 "d";
    .port_info 3 /OUTPUT 1 "q";
    .port_info 4 /OUTPUT 1 "qbar";
L_0x5bf3856bf340 .functor NOT 1, v0x5bf3856acb90_0, C4<0>, C4<0>, C4<0>;
v0x5bf3856ac730_0 .net "clk", 0 0, v0x5bf3856adda0_0;  alias, 1 drivers
v0x5bf3856ac7f0_0 .net "d", 0 0, L_0x5bf3856bf5f0;  1 drivers
v0x5bf3856ac8b0_0 .net "enable", 0 0, v0x5bf3856a8500_0;  alias, 1 drivers
v0x5bf3856acb90_0 .var "q", 0 0;
v0x5bf3856acc30_0 .net8 "qbar", 0 0, RS_0x7ced3b48a128;  alias, 8 drivers
S_0x5bf3856ad220 .scope task, "errors_warnings_check" "errors_warnings_check" 3 260, 3 260 0, S_0x5bf385689070;
 .timescale -9 -12;
TD_tb_register_8_bit_posedge_sync_enable.errors_warnings_check ;
    %load/vec4 v0x5bf3856adc20_0;
    %load/vec4 v0x5bf3856adce0_0;
    %cmp/ne;
    %jmp/0xz  T_7.72, 6;
    %vpi_call/w 3 263 "$display", "***ERROR: Q = %b, Q_expected = %b", v0x5bf3856adc20_0, v0x5bf3856adce0_0 {0 0 0};
    %load/vec4 v0x5bf3856ada70_0;
    %addi 1, 0, 32;
    %store/vec4 v0x5bf3856ada70_0, 0, 32;
T_7.72 ;
    %end;
S_0x5bf3856ad400 .scope task, "initialize" "initialize" 3 89, 3 89 0, S_0x5bf385689070;
 .timescale -9 -12;
TD_tb_register_8_bit_posedge_sync_enable.initialize ;
    %pushi/vec4 0, 0, 1;
    %store/vec4 v0x5bf3856adda0_0, 0, 1;
    %pushi/vec4 0, 0, 32;
    %store/vec4 v0x5bf3856ade40_0, 0, 32;
    %pushi/vec4 0, 0, 32;
    %store/vec4 v0x5bf3856ada70_0, 0, 32;
    %pushi/vec4 0, 0, 32;
    %store/vec4 v0x5bf3856ae650_0, 0, 32;
T_8.74 ;
    %load/vec4 v0x5bf3856ae650_0;
    %cmpi/s 5, 0, 32;
    %jmp/0xz T_8.75, 5;
    %pushi/vec4 0, 0, 32;
    %ix/getv/s 4, v0x5bf3856ae650_0;
    %store/vec4a v0x5bf3856ae790, 4, 0;
    %pushi/vec4 0, 0, 32;
    %ix/getv/s 4, v0x5bf3856ae650_0;
    %store/vec4a v0x5bf3856ae900, 4, 0;
    ; show_stmt_assign_vector: Get l-value for compressed += operand
    %load/vec4 v0x5bf3856ae650_0;
    %pushi/vec4 1, 0, 32;
    %add;
    %cast2;
    %store/vec4 v0x5bf3856ae650_0, 0, 32;
    %jmp T_8.74;
T_8.75 ;
    %vpi_call/w 3 101 "$display" {0 0 0};
    %vpi_call/w 3 102 "$display", "I apply both inputs and computations simutaneously on the posedge of the clock, so the output is delayed by one cycle" {0 0 0};
    %vpi_call/w 3 103 "$display" {0 0 0};
    %vpi_call/w 3 104 "$display", "TEST_START------------------------------------------------------------------------" {0 0 0};
    %vpi_call/w 3 105 "$display" {0 0 0};
    %vpi_call/w 3 106 "$display", "                                | TIME | EN |    D     |    Q     | Q_EXPECTED |" {0 0 0};
    %vpi_call/w 3 107 "$display", "----------------------------------------------------------------------------------" {0 0 0};
    %end;
S_0x5bf3856ad5e0 .scope task, "vectorcount" "vectorcount" 3 212, 3 212 0, S_0x5bf385689070;
 .timescale -9 -12;
TD_tb_register_8_bit_posedge_sync_enable.vectorcount ;
    %load/vec4 v0x5bf3856ade40_0;
    %addi 1, 0, 32;
    %store/vec4 v0x5bf3856ade40_0, 0, 32;
    %end;
    .scope S_0x5bf3856a76c0;
T_10 ;
    %fork TD_tb_register_8_bit_posedge_sync_enable.dut_input_register.initialize, S_0x5bf3856a8050;
    %join;
    %end;
    .thread T_10;
    .scope S_0x5bf3856a76c0;
T_11 ;
    %wait E_0x5bf385652ec0;
    %load/vec4 v0x5bf3856a8a00_0;
    %nor/r;
    %flag_set/vec4 8;
    %jmp/0xz  T_11.0, 8;
    %fork TD_tb_register_8_bit_posedge_sync_enable.dut_input_register.general_input, S_0x5bf3856a7e50;
    %join;
T_11.0 ;
    %jmp T_11;
    .thread T_11;
    .scope S_0x5bf3856a76c0;
T_12 ;
T_12.0 ;
    %load/vec4 v0x5bf3856a8a00_0;
    %cmpi/ne 1, 0, 1;
    %jmp/0xz T_12.1, 6;
    %wait E_0x5bf3856533e0;
    %jmp T_12.0;
T_12.1 ;
    %fork t_3, S_0x5bf3856a7b50;
    %jmp t_2;
    .scope S_0x5bf3856a7b50;
t_3 ;
    %pushi/vec4 0, 0, 32;
    %store/vec4 v0x5bf3856a7d50_0, 0, 32;
T_12.2 ;
    %load/vec4 v0x5bf3856a7d50_0;
    %cmpi/s 50, 0, 32;
    %jmp/0xz T_12.3, 5;
    %load/vec4 v0x5bf3856a7d50_0;
    %cmpi/e 49, 0, 32;
    %jmp/0xz  T_12.4, 4;
    %fork TD_tb_register_8_bit_posedge_sync_enable.dut_input_register.random_in, S_0x5bf3856a8260;
    %join;
    %pushi/vec4 1, 0, 1;
    %store/vec4 v0x5bf3856a8940_0, 0, 1;
    %jmp T_12.5;
T_12.4 ;
    %fork TD_tb_register_8_bit_posedge_sync_enable.dut_input_register.random_in, S_0x5bf3856a8260;
    %join;
T_12.5 ;
    ; show_stmt_assign_vector: Get l-value for compressed += operand
    %load/vec4 v0x5bf3856a7d50_0;
    %pushi/vec4 1, 0, 32;
    %add;
    %cast2;
    %store/vec4 v0x5bf3856a7d50_0, 0, 32;
    %jmp T_12.2;
T_12.3 ;
    %end;
    .scope S_0x5bf3856a76c0;
t_2 %join;
    %end;
    .thread T_12;
    .scope S_0x5bf3856a9430;
T_13 ;
    %wait E_0x5bf385652ec0;
    %load/vec4 v0x5bf3856a9860_0;
    %flag_set/vec4 8;
    %jmp/0xz  T_13.0, 8;
    %load/vec4 v0x5bf3856a97a0_0;
    %assign/vec4 v0x5bf3856a9930_0, 0;
    %jmp T_13.1;
T_13.0 ;
    %load/vec4 v0x5bf3856a9930_0;
    %assign/vec4 v0x5bf3856a9930_0, 0;
T_13.1 ;
    %jmp T_13;
    .thread T_13;
    .scope S_0x5bf3856a9b80;
T_14 ;
    %wait E_0x5bf385652ec0;
    %load/vec4 v0x5bf3856a9f60_0;
    %flag_set/vec4 8;
    %jmp/0xz  T_14.0, 8;
    %load/vec4 v0x5bf3856a9ea0_0;
    %assign/vec4 v0x5bf3856aa030_0, 0;
    %jmp T_14.1;
T_14.0 ;
    %load/vec4 v0x5bf3856aa030_0;
    %assign/vec4 v0x5bf3856aa030_0, 0;
T_14.1 ;
    %jmp T_14;
    .thread T_14;
    .scope S_0x5bf3856aa270;
T_15 ;
    %wait E_0x5bf385652ec0;
    %load/vec4 v0x5bf3856aa660_0;
    %flag_set/vec4 8;
    %jmp/0xz  T_15.0, 8;
    %load/vec4 v0x5bf3856aa5a0_0;
    %assign/vec4 v0x5bf3856aa730_0, 0;
    %jmp T_15.1;
T_15.0 ;
    %load/vec4 v0x5bf3856aa730_0;
    %assign/vec4 v0x5bf3856aa730_0, 0;
T_15.1 ;
    %jmp T_15;
    .thread T_15;
    .scope S_0x5bf3856aa9b0;
T_16 ;
    %wait E_0x5bf385652ec0;
    %load/vec4 v0x5bf3856aad90_0;
    %flag_set/vec4 8;
    %jmp/0xz  T_16.0, 8;
    %load/vec4 v0x5bf3856aacd0_0;
    %assign/vec4 v0x5bf3856aae30_0, 0;
    %jmp T_16.1;
T_16.0 ;
    %load/vec4 v0x5bf3856aae30_0;
    %assign/vec4 v0x5bf3856aae30_0, 0;
T_16.1 ;
    %jmp T_16;
    .thread T_16;
    .scope S_0x5bf3856ab060;
T_17 ;
    %wait E_0x5bf385652ec0;
    %load/vec4 v0x5bf3856ab490_0;
    %flag_set/vec4 8;
    %jmp/0xz  T_17.0, 8;
    %load/vec4 v0x5bf3856ab3d0_0;
    %assign/vec4 v0x5bf3856ab530_0, 0;
    %jmp T_17.1;
T_17.0 ;
    %load/vec4 v0x5bf3856ab530_0;
    %assign/vec4 v0x5bf3856ab530_0, 0;
T_17.1 ;
    %jmp T_17;
    .thread T_17;
    .scope S_0x5bf3856ab760;
T_18 ;
    %wait E_0x5bf385652ec0;
    %load/vec4 v0x5bf3856abaf0_0;
    %flag_set/vec4 8;
    %jmp/0xz  T_18.0, 8;
    %load/vec4 v0x5bf3856aba30_0;
    %assign/vec4 v0x5bf3856abbc0_0, 0;
    %jmp T_18.1;
T_18.0 ;
    %load/vec4 v0x5bf3856abbc0_0;
    %assign/vec4 v0x5bf3856abbc0_0, 0;
T_18.1 ;
    %jmp T_18;
    .thread T_18;
    .scope S_0x5bf3856abdf0;
T_19 ;
    %wait E_0x5bf385652ec0;
    %load/vec4 v0x5bf3856ac1d0_0;
    %flag_set/vec4 8;
    %jmp/0xz  T_19.0, 8;
    %load/vec4 v0x5bf3856ac110_0;
    %assign/vec4 v0x5bf3856ac2a0_0, 0;
    %jmp T_19.1;
T_19.0 ;
    %load/vec4 v0x5bf3856ac2a0_0;
    %assign/vec4 v0x5bf3856ac2a0_0, 0;
T_19.1 ;
    %jmp T_19;
    .thread T_19;
    .scope S_0x5bf3856ac4d0;
T_20 ;
    %wait E_0x5bf385652ec0;
    %load/vec4 v0x5bf3856ac8b0_0;
    %flag_set/vec4 8;
    %jmp/0xz  T_20.0, 8;
    %load/vec4 v0x5bf3856ac7f0_0;
    %assign/vec4 v0x5bf3856acb90_0, 0;
    %jmp T_20.1;
T_20.0 ;
    %load/vec4 v0x5bf3856acb90_0;
    %assign/vec4 v0x5bf3856acb90_0, 0;
T_20.1 ;
    %jmp T_20;
    .thread T_20;
    .scope S_0x5bf385686cf0;
T_21 ;
    %wait E_0x5bf385652ec0;
    %load/vec4 v0x5bf385685f00_0;
    %flag_set/vec4 8;
    %jmp/0xz  T_21.0, 8;
    %load/vec4 v0x5bf3856870c0_0;
    %assign/vec4 v0x5bf385684d40_0, 0;
    %jmp T_21.1;
T_21.0 ;
    %load/vec4 v0x5bf385684d40_0;
    %assign/vec4 v0x5bf385684d40_0, 0;
T_21.1 ;
    %jmp T_21;
    .thread T_21;
    .scope S_0x5bf385685b30;
T_22 ;
    %wait E_0x5bf385652ec0;
    %load/vec4 v0x5bf3856a4ac0_0;
    %flag_set/vec4 8;
    %jmp/0xz  T_22.0, 8;
    %load/vec4 v0x5bf3856a4a20_0;
    %assign/vec4 v0x5bf3856a4bc0_0, 0;
    %jmp T_22.1;
T_22.0 ;
    %load/vec4 v0x5bf3856a4bc0_0;
    %assign/vec4 v0x5bf3856a4bc0_0, 0;
T_22.1 ;
    %jmp T_22;
    .thread T_22;
    .scope S_0x5bf3856a4de0;
T_23 ;
    %wait E_0x5bf385652ec0;
    %load/vec4 v0x5bf3856a5190_0;
    %flag_set/vec4 8;
    %jmp/0xz  T_23.0, 8;
    %load/vec4 v0x5bf3856a50d0_0;
    %assign/vec4 v0x5bf3856a5280_0, 0;
    %jmp T_23.1;
T_23.0 ;
    %load/vec4 v0x5bf3856a5280_0;
    %assign/vec4 v0x5bf3856a5280_0, 0;
T_23.1 ;
    %jmp T_23;
    .thread T_23;
    .scope S_0x5bf3856a5500;
T_24 ;
    %wait E_0x5bf385652ec0;
    %load/vec4 v0x5bf3856a5860_0;
    %flag_set/vec4 8;
    %jmp/0xz  T_24.0, 8;
    %load/vec4 v0x5bf3856a57a0_0;
    %assign/vec4 v0x5bf3856a5900_0, 0;
    %jmp T_24.1;
T_24.0 ;
    %load/vec4 v0x5bf3856a5900_0;
    %assign/vec4 v0x5bf3856a5900_0, 0;
T_24.1 ;
    %jmp T_24;
    .thread T_24;
    .scope S_0x5bf3856a5b30;
T_25 ;
    %wait E_0x5bf385652ec0;
    %load/vec4 v0x5bf3856a5e90_0;
    %flag_set/vec4 8;
    %jmp/0xz  T_25.0, 8;
    %load/vec4 v0x5bf3856a5dd0_0;
    %assign/vec4 v0x5bf3856a5fc0_0, 0;
    %jmp T_25.1;
T_25.0 ;
    %load/vec4 v0x5bf3856a5fc0_0;
    %assign/vec4 v0x5bf3856a5fc0_0, 0;
T_25.1 ;
    %jmp T_25;
    .thread T_25;
    .scope S_0x5bf3856a6230;
T_26 ;
    %wait E_0x5bf385652ec0;
    %load/vec4 v0x5bf3856a6540_0;
    %flag_set/vec4 8;
    %jmp/0xz  T_26.0, 8;
    %load/vec4 v0x5bf3856a6480_0;
    %assign/vec4 v0x5bf3856a6610_0, 0;
    %jmp T_26.1;
T_26.0 ;
    %load/vec4 v0x5bf3856a6610_0;
    %assign/vec4 v0x5bf3856a6610_0, 0;
T_26.1 ;
    %jmp T_26;
    .thread T_26;
    .scope S_0x5bf3856a67f0;
T_27 ;
    %wait E_0x5bf385652ec0;
    %load/vec4 v0x5bf3856a6b00_0;
    %flag_set/vec4 8;
    %jmp/0xz  T_27.0, 8;
    %load/vec4 v0x5bf3856a6a40_0;
    %assign/vec4 v0x5bf3856a6bd0_0, 0;
    %jmp T_27.1;
T_27.0 ;
    %load/vec4 v0x5bf3856a6bd0_0;
    %assign/vec4 v0x5bf3856a6bd0_0, 0;
T_27.1 ;
    %jmp T_27;
    .thread T_27;
    .scope S_0x5bf3856a6e00;
T_28 ;
    %wait E_0x5bf385652ec0;
    %load/vec4 v0x5bf3856a71e0_0;
    %flag_set/vec4 8;
    %jmp/0xz  T_28.0, 8;
    %load/vec4 v0x5bf3856a7120_0;
    %assign/vec4 v0x5bf3856a72b0_0, 0;
    %jmp T_28.1;
T_28.0 ;
    %load/vec4 v0x5bf3856a72b0_0;
    %assign/vec4 v0x5bf3856a72b0_0, 0;
T_28.1 ;
    %jmp T_28;
    .thread T_28;
    .scope S_0x5bf385689070;
T_29 ;
    %vpi_call/w 3 70 "$dumpfile", "tb_register_8_bit_posedge_sync_enable.vcd" {0 0 0};
    %vpi_call/w 3 71 "$dumpvars", 32'sb00000000000000000000000000000000, S_0x5bf385689070 {0 0 0};
    %end;
    .thread T_29;
    .scope S_0x5bf385689070;
T_30 ;
    %delay 10000, 0;
    %load/vec4 v0x5bf3856adda0_0;
    %inv;
    %assign/vec4 v0x5bf3856adda0_0, 0;
    %jmp T_30;
    .thread T_30;
    .scope S_0x5bf385689070;
T_31 ;
    %fork TD_tb_register_8_bit_posedge_sync_enable.initialize, S_0x5bf3856ad400;
    %join;
    %end;
    .thread T_31;
    .scope S_0x5bf385689070;
T_32 ;
    %wait E_0x5bf385652ec0;
    %fork TD_tb_register_8_bit_posedge_sync_enable.coverage_update, S_0x5bf38568b3f0;
    %join;
    %delay 100, 0;
    %fork TD_tb_register_8_bit_posedge_sync_enable.comment, S_0x5bf38568a230;
    %join;
    %fork TD_tb_register_8_bit_posedge_sync_enable.display_file, S_0x5bf3856a74e0;
    %join;
    %fork TD_tb_register_8_bit_posedge_sync_enable.errors_warnings_check, S_0x5bf3856ad220;
    %join;
    %fork TD_tb_register_8_bit_posedge_sync_enable.vectorcount, S_0x5bf3856ad5e0;
    %join;
    %delay 100, 0;
    %load/vec4 v0x5bf3856ad9d0_0;
    %ix/load 3, 0, 0;
    %flag_set/imm 4, 0;
    %ix/load 4, 0, 0; Constant delay
    %assign/vec4/a/d v0x5bf3856ae6f0, 0, 4;
    %ix/load 4, 0, 0;
    %flag_set/imm 4, 0;
    %load/vec4a v0x5bf3856ae6f0, 4;
    %ix/load 3, 1, 0;
    %flag_set/imm 4, 0;
    %ix/load 4, 0, 0; Constant delay
    %assign/vec4/a/d v0x5bf3856ae6f0, 0, 4;
    %ix/load 4, 1, 0;
    %flag_set/imm 4, 0;
    %load/vec4a v0x5bf3856ae6f0, 4;
    %ix/load 3, 2, 0;
    %flag_set/imm 4, 0;
    %ix/load 4, 0, 0; Constant delay
    %assign/vec4/a/d v0x5bf3856ae6f0, 0, 4;
    %ix/load 4, 2, 0;
    %flag_set/imm 4, 0;
    %load/vec4a v0x5bf3856ae6f0, 4;
    %ix/load 3, 3, 0;
    %flag_set/imm 4, 0;
    %ix/load 4, 0, 0; Constant delay
    %assign/vec4/a/d v0x5bf3856ae6f0, 0, 4;
    %fork t_5, S_0x5bf385681ad0;
    %jmp t_4;
    .scope S_0x5bf385681ad0;
t_5 ;
    %pushi/vec4 0, 0, 32;
    %store/vec4 v0x5bf3856867f0_0, 0, 32;
T_32.0 ;
    %load/vec4 v0x5bf3856867f0_0;
    %cmpi/s 5, 0, 32;
    %jmp/0xz T_32.1, 5;
    %ix/getv/s 4, v0x5bf3856867f0_0;
    %load/vec4a v0x5bf3856ae900, 4;
    %ix/getv/s 3, v0x5bf3856867f0_0;
    %ix/load 4, 0, 0; Constant delay
    %assign/vec4/a/d v0x5bf3856ae790, 0, 4;
    ; show_stmt_assign_vector: Get l-value for compressed += operand
    %load/vec4 v0x5bf3856867f0_0;
    %pushi/vec4 1, 0, 32;
    %add;
    %cast2;
    %store/vec4 v0x5bf3856867f0_0, 0, 32;
    %jmp T_32.0;
T_32.1 ;
    %end;
    .scope S_0x5bf385689070;
t_4 %join;
    %jmp T_32;
    .thread T_32;
    .scope S_0x5bf385689070;
T_33 ;
T_33.0 ;
    %load/vec4 v0x5bf3856ae0a0_0;
    %cmpi/ne 1, 0, 1;
    %jmp/0xz T_33.1, 6;
    %wait E_0x5bf3856533e0;
    %jmp T_33.0;
T_33.1 ;
    %vpi_call/w 3 315 "$display" {0 0 0};
    %vpi_call/w 3 316 "$display", "%13s ***time = %0d,eof ***", "\000", $time {0 0 0};
    %vpi_call/w 3 317 "$display" {0 0 0};
    %vpi_call/w 3 318 "$display", "random stimulus to improve coverage" {0 0 0};
    %end;
    .thread T_33;
    .scope S_0x5bf385689070;
T_34 ;
    %wait E_0x5bf385652ec0;
    %load/vec4 v0x5bf3856adce0_0;
    %pad/u 9;
    %cmpi/e 256, 0, 9;
    %jmp/0xz  T_34.0, 6;
    %fork TD_tb_register_8_bit_posedge_sync_enable.vectorcount, S_0x5bf3856ad5e0;
    %join;
    %fork TD_tb_register_8_bit_posedge_sync_enable.close, S_0x5bf38567c290;
    %join;
    %jmp T_34.1;
T_34.0 ;
    %load/vec4 v0x5bf3856ae000_0;
    %flag_set/vec4 8;
    %jmp/0xz  T_34.2, 8;
    %fork TD_tb_register_8_bit_posedge_sync_enable.close, S_0x5bf38567c290;
    %join;
T_34.2 ;
T_34.1 ;
    %jmp T_34;
    .thread T_34;
# The file index is used to find the file name in the following table.
:file_names 8;
    "N/A";
    "<interactive>";
    "-";
    "tb_8_bit_register_posedge_sync_enable.v";
    "dff_posedge_sync_enable1.v";
    "input_register.v";
    "8_bit_register_posedge_sync_enable.v";
    "dff_posedge_sync_enable.v";
