#! /usr/bin/vvp
:ivl_version "12.0 (stable)";
:ivl_delay_selection "TYPICAL";
:vpi_time_precision - 11;
:vpi_module "/usr/lib/x86_64-linux-gnu/ivl/system.vpi";
:vpi_module "/usr/lib/x86_64-linux-gnu/ivl/vhdl_sys.vpi";
:vpi_module "/usr/lib/x86_64-linux-gnu/ivl/vhdl_textio.vpi";
:vpi_module "/usr/lib/x86_64-linux-gnu/ivl/v2005_math.vpi";
:vpi_module "/usr/lib/x86_64-linux-gnu/ivl/va_math.vpi";
:vpi_module "/usr/lib/x86_64-linux-gnu/ivl/v2009.vpi";
S_0x64d3bbf5cd70 .scope package, "$unit" "$unit" 2 1;
 .timescale 0 0;
S_0x64d3bbf5cf00 .scope module, "tb_sr_latch" "tb_sr_latch" 3 3;
 .timescale -9 -11;
P_0x64d3bbf5d090 .param/l "TICKPERIOD" 1 3 51, +C4<00000000000000000000000000010100>;
v0x64d3bbf9a6e0_0 .var "COMMENT", 71 0;
v0x64d3bbf9a7e0_0 .var "COMMENT1", 71 0;
v0x64d3bbf9a8c0_0 .var "COMMENT2", 71 0;
v0x64d3bbf9a980_0 .var/i "COUNT", 31 0;
v0x64d3bbf9aa60_0 .var "ERRORS", 31 0;
v0x64d3bbf9ab90_0 .var/i "FD", 31 0;
v0x64d3bbf9ac70_0 .var "QBAREXPECTED", 0 0;
v0x64d3bbf9ad30_0 .net "QBAR_beh", 0 0, L_0x64d3bbf9c8d0;  1 drivers
v0x64d3bbf9add0_0 .net "QBAR_data", 0 0, L_0x64d3bbf9c770;  1 drivers
v0x64d3bbf9af00_0 .net "QBAR_gate", 0 0, L_0x64d3bbf9c0f0;  1 drivers
v0x64d3bbf9afa0_0 .var "QEXPECTED", 0 0;
v0x64d3bbf9b040_0 .net "Q_beh", 0 0, v0x64d3bbf982b0_0;  1 drivers
v0x64d3bbf9b110_0 .net "Q_data", 0 0, L_0x64d3bbf9c560;  1 drivers
v0x64d3bbf9b1e0_0 .net "Q_gate", 0 0, L_0x64d3bbf9c080;  1 drivers
v0x64d3bbf9b2b0_0 .var "R", 0 0;
v0x64d3bbf9b350_0 .var "S", 0 0;
v0x64d3bbf9b3f0_0 .var "TICK", 0 0;
v0x64d3bbf9b490_0 .var "VECTORCOUNT", 31 0;
v0x64d3bbf9b530_0 .var "eof", 0 0;
v0x64d3bbf9b5d0_0 .var/2s "i", 31 0;
v0x64d3bbf9b690 .array "input_coverage", 15 0, 31 0;
v0x64d3bbf9b750_0 .var "prev_QEx", 0 0;
v0x64d3bbf9b810_0 .var "prev_QExbar", 0 0;
v0x64d3bbf9b8d0_0 .var "prev_Qbarbeh", 0 0;
v0x64d3bbf9b990_0 .var "prev_Qbardata", 0 0;
v0x64d3bbf9ba50_0 .var "prev_Qbargate", 0 0;
v0x64d3bbf9bb10_0 .var "prev_Qbeh", 0 0;
v0x64d3bbf9bbd0_0 .var "prev_Qdata", 0 0;
v0x64d3bbf9bc90_0 .var "prev_Qgate", 0 0;
v0x64d3bbf9bd50_0 .var "prev_SR", 1 0;
E_0x64d3bbf60900 .event anyedge, v0x64d3bbf9b530_0;
E_0x64d3bbf5ff90 .event posedge, v0x64d3bbf9b3f0_0;
E_0x64d3bbf5fd10 .event negedge, v0x64d3bbf9b3f0_0;
S_0x64d3bbf5a630 .scope task, "QEXP" "QEXP" 3 162, 3 162 0, S_0x64d3bbf5cf00;
 .timescale -9 -11;
TD_tb_sr_latch.QEXP ;
    %load/vec4 v0x64d3bbf9bc90_0;
    %load/vec4 v0x64d3bbf9ba50_0;
    %concat/vec4; draw_concat_vec4
    %cmpi/e 0, 0, 2;
    %jmp/1 T_0.5, 4;
    %flag_mov 9, 4;
    %load/vec4 v0x64d3bbf9bbd0_0;
    %load/vec4 v0x64d3bbf9b990_0;
    %concat/vec4; draw_concat_vec4
    %cmpi/e 0, 0, 2;
    %flag_or 4, 9;
T_0.5;
    %jmp/1 T_0.4, 4;
    %flag_mov 9, 4;
    %load/vec4 v0x64d3bbf9bb10_0;
    %load/vec4 v0x64d3bbf9b8d0_0;
    %concat/vec4; draw_concat_vec4
    %cmpi/e 0, 0, 2;
    %flag_or 4, 9;
T_0.4;
    %jmp/1 T_0.3, 4;
    %flag_mov 9, 4;
    %load/vec4 v0x64d3bbf9bc90_0;
    %load/vec4 v0x64d3bbf9ba50_0;
    %concat/vec4; draw_concat_vec4
    %cmpi/e 3, 0, 2;
    %jmp/1 T_0.6, 4;
    %flag_mov 10, 4;
    %load/vec4 v0x64d3bbf9bbd0_0;
    %load/vec4 v0x64d3bbf9b990_0;
    %concat/vec4; draw_concat_vec4
    %cmpi/e 3, 0, 2;
    %jmp/1 T_0.7, 4;
    %flag_mov 11, 4;
    %load/vec4 v0x64d3bbf9bb10_0;
    %load/vec4 v0x64d3bbf9b8d0_0;
    %concat/vec4; draw_concat_vec4
    %cmpi/e 3, 0, 2;
    %flag_or 4, 11;
T_0.7;
    %flag_or 4, 10;
T_0.6;
    %flag_or 4, 9;
T_0.3;
    %flag_get/vec4 4;
    %jmp/0 T_0.2, 4;
    %load/vec4 v0x64d3bbf9b350_0;
    %load/vec4 v0x64d3bbf9b2b0_0;
    %concat/vec4; draw_concat_vec4
    %pushi/vec4 3, 0, 2;
    %cmp/e;
    %flag_get/vec4 4;
    %and;
T_0.2;
    %flag_set/vec4 8;
    %jmp/0xz  T_0.0, 8;
    %pushi/vec4 1, 1, 1;
    %store/vec4 v0x64d3bbf9afa0_0, 0, 1;
    %pushi/vec4 1, 1, 1;
    %store/vec4 v0x64d3bbf9ac70_0, 0, 1;
    %jmp T_0.1;
T_0.0 ;
    %load/vec4 v0x64d3bbf9b350_0;
    %load/vec4 v0x64d3bbf9b2b0_0;
    %concat/vec4; draw_concat_vec4
    %dup/vec4;
    %pushi/vec4 0, 0, 2;
    %cmp/u;
    %jmp/1 T_0.8, 6;
    %dup/vec4;
    %pushi/vec4 1, 0, 2;
    %cmp/u;
    %jmp/1 T_0.9, 6;
    %dup/vec4;
    %pushi/vec4 2, 0, 2;
    %cmp/u;
    %jmp/1 T_0.10, 6;
    %dup/vec4;
    %pushi/vec4 3, 0, 2;
    %cmp/u;
    %jmp/1 T_0.11, 6;
    %jmp T_0.12;
T_0.8 ;
    %pushi/vec4 1, 1, 1;
    %store/vec4 v0x64d3bbf9afa0_0, 0, 1;
    %pushi/vec4 1, 1, 1;
    %store/vec4 v0x64d3bbf9ac70_0, 0, 1;
    %jmp T_0.12;
T_0.9 ;
    %pushi/vec4 1, 0, 1;
    %store/vec4 v0x64d3bbf9afa0_0, 0, 1;
    %pushi/vec4 0, 0, 1;
    %store/vec4 v0x64d3bbf9ac70_0, 0, 1;
    %jmp T_0.12;
T_0.10 ;
    %pushi/vec4 0, 0, 1;
    %store/vec4 v0x64d3bbf9afa0_0, 0, 1;
    %pushi/vec4 1, 0, 1;
    %store/vec4 v0x64d3bbf9ac70_0, 0, 1;
    %jmp T_0.12;
T_0.11 ;
    %load/vec4 v0x64d3bbf9b750_0;
    %store/vec4 v0x64d3bbf9afa0_0, 0, 1;
    %load/vec4 v0x64d3bbf9b810_0;
    %store/vec4 v0x64d3bbf9ac70_0, 0, 1;
    %jmp T_0.12;
T_0.12 ;
    %pop/vec4 1;
T_0.1 ;
    %end;
S_0x64d3bbf5a810 .scope task, "close" "close" 3 205, 3 205 0, S_0x64d3bbf5cf00;
 .timescale -9 -11;
TD_tb_sr_latch.close ;
    %delay 1000, 0;
    %vpi_call/w 3 208 "$fclose", v0x64d3bbf9ab90_0 {0 0 0};
    %vpi_call/w 3 210 "$display" {0 0 0};
    %vpi_call/w 3 211 "$display", "COVERAGE_REPORT" {0 0 0};
    %pushi/vec4 0, 0, 32;
    %store/vec4 v0x64d3bbf9b5d0_0, 0, 32;
T_1.13 ;
    %load/vec4 v0x64d3bbf9b5d0_0;
    %cmpi/s 16, 0, 32;
    %jmp/0xz T_1.14, 5;
    %ix/getv/s 4, v0x64d3bbf9b5d0_0;
    %load/vec4a v0x64d3bbf9b690, 4;
    %cmpi/e 0, 0, 32;
    %jmp/0xz  T_1.15, 4;
    %vpi_call/w 3 217 "$display", "input %b to input %b has occured %d times (***ERROR***)", &PV<v0x64d3bbf9b5d0_0, 2, 2>, &PV<v0x64d3bbf9b5d0_0, 0, 2>, &A<v0x64d3bbf9b690, v0x64d3bbf9b5d0_0 > {0 0 0};
    %load/vec4 v0x64d3bbf9aa60_0;
    %addi 1, 0, 32;
    %store/vec4 v0x64d3bbf9aa60_0, 0, 32;
    %jmp T_1.16;
T_1.15 ;
    %vpi_call/w 3 224 "$display", "input %b to input %b has occured %d times", &PV<v0x64d3bbf9b5d0_0, 2, 2>, &PV<v0x64d3bbf9b5d0_0, 0, 2>, &A<v0x64d3bbf9b690, v0x64d3bbf9b5d0_0 > {0 0 0};
T_1.16 ;
    ; show_stmt_assign_vector: Get l-value for compressed += operand
    %load/vec4 v0x64d3bbf9b5d0_0;
    %pushi/vec4 1, 0, 32;
    %add;
    %cast2;
    %store/vec4 v0x64d3bbf9b5d0_0, 0, 32;
    %jmp T_1.13;
T_1.14 ;
    %vpi_call/w 3 230 "$display" {0 0 0};
    %vpi_call/w 3 231 "$display", "VECTORCOUNT = %d", v0x64d3bbf9b490_0 {0 0 0};
    %vpi_call/w 3 232 "$display", "ERRORS = %15d", v0x64d3bbf9aa60_0 {0 0 0};
    %vpi_call/w 3 233 "$display" {0 0 0};
    %vpi_call/w 3 234 "$display", "TEST_END--------------------------------------------------------------------------------------------------------------------------" {0 0 0};
    %vpi_call/w 3 235 "$display" {0 0 0};
    %vpi_call/w 3 237 "$finish" {0 0 0};
    %end;
S_0x64d3bbf5f690 .scope task, "coverage_update" "coverage_update" 3 263, 3 263 0, S_0x64d3bbf5cf00;
 .timescale -9 -11;
TD_tb_sr_latch.coverage_update ;
    ; show_stmt_assign_vector: Get l-value for compressed += operand
    %load/vec4 v0x64d3bbf9bd50_0;
    %load/vec4 v0x64d3bbf9b350_0;
    %concat/vec4; draw_concat_vec4
    %load/vec4 v0x64d3bbf9b2b0_0;
    %concat/vec4; draw_concat_vec4
    %pad/u 6;
    %ix/vec4 4;
    %flag_mov 8, 4;
    %load/vec4a v0x64d3bbf9b690, 4;
    %pushi/vec4 1, 0, 32;
    %add;
    %flag_mov 4, 8;
    %store/vec4a v0x64d3bbf9b690, 4, 0;
    %end;
S_0x64d3bbf5f870 .scope task, "display_file" "display_file" 3 254, 3 254 0, S_0x64d3bbf5cf00;
 .timescale -9 -11;
TD_tb_sr_latch.display_file ;
    %vpi_call/w 3 256 "$display", "%10d %9s | %4d | %1d | %1d | %4d     | %4d     | %4d    | %5d     | %5d     | %5d     | %6d       |", v0x64d3bbf9b490_0, v0x64d3bbf9a6e0_0, $time, v0x64d3bbf9b350_0, v0x64d3bbf9b2b0_0, v0x64d3bbf9b1e0_0, v0x64d3bbf9b110_0, v0x64d3bbf9b040_0, v0x64d3bbf9af00_0, v0x64d3bbf9add0_0, v0x64d3bbf9afa0_0, v0x64d3bbf9ac70_0 {0 0 0};
    %end;
S_0x64d3bbef8490 .scope task, "display_prev" "display_prev" 3 151, 3 151 0, S_0x64d3bbf5cf00;
 .timescale -9 -11;
TD_tb_sr_latch.display_prev ;
    %vpi_call/w 3 153 "$display", "prev_Qgate = %b, prev_Qbargate= %b ", v0x64d3bbf9bc90_0, v0x64d3bbf9ba50_0 {0 0 0};
    %vpi_call/w 3 154 "$display", "prev_Qdata = %b, prev_Qbardata= %b ", v0x64d3bbf9bbd0_0, v0x64d3bbf9b990_0 {0 0 0};
    %vpi_call/w 3 155 "$display", "prev_Qbeh = %b, prev_Qbarbeh= %b ", v0x64d3bbf9bb10_0, v0x64d3bbf9b8d0_0 {0 0 0};
    %end;
S_0x64d3bbef86c0 .scope module, "dut_sr_latch_behavioral" "sr_latch_behavioral" 3 36, 4 50 0, S_0x64d3bbf5cf00;
 .timescale -9 -11;
    .port_info 0 /INPUT 1 "s";
    .port_info 1 /INPUT 1 "r";
    .port_info 2 /OUTPUT 1 "prev_q";
    .port_info 3 /OUTPUT 1 "prev_qbar";
    .port_info 4 /OUTPUT 1 "q";
    .port_info 5 /OUTPUT 1 "qbar";
L_0x64d3bbf9c8d0 .functor NOT 1, v0x64d3bbf982b0_0, C4<0>, C4<0>, C4<0>;
o0x72dc964f7018 .functor BUFZ 1, C4<z>; HiZ drive
v0x64d3bbf34cf0_0 .net "prev_q", 0 0, o0x72dc964f7018;  0 drivers
o0x72dc964f7048 .functor BUFZ 1, C4<z>; HiZ drive
v0x64d3bbf5b5d0_0 .net "prev_qbar", 0 0, o0x72dc964f7048;  0 drivers
v0x64d3bbf982b0_0 .var "q", 0 0;
v0x64d3bbf98350_0 .net "qbar", 0 0, L_0x64d3bbf9c8d0;  alias, 1 drivers
v0x64d3bbf98410_0 .net "r", 0 0, v0x64d3bbf9b2b0_0;  1 drivers
v0x64d3bbf98520_0 .net "s", 0 0, v0x64d3bbf9b350_0;  1 drivers
E_0x64d3bbf1c780 .event anyedge, v0x64d3bbf98520_0, v0x64d3bbf98410_0, v0x64d3bbf982b0_0;
S_0x64d3bbf986a0 .scope module, "dut_sr_latch_dataflow" "sr_latch_dataflow" 3 35, 4 25 0, S_0x64d3bbf5cf00;
 .timescale -9 -11;
    .port_info 0 /INPUT 1 "s";
    .port_info 1 /INPUT 1 "r";
    .port_info 2 /OUTPUT 1 "q";
    .port_info 3 /OUTPUT 1 "qbar";
L_0x64d3bbf9c1e0 .functor AND 1, v0x64d3bbf9b350_0, v0x64d3bbf98cd0_0, C4<1>, C4<1>;
L_0x64d3bbf9c250 .functor NOT 1, L_0x64d3bbf9c1e0, C4<0>, C4<0>, C4<0>;
L_0x64d3bbf9c310 .functor AND 1, v0x64d3bbf9b2b0_0, v0x64d3bbf98bc0_0, C4<1>, C4<1>;
L_0x64d3bbf9c380 .functor NOT 1, L_0x64d3bbf9c310, C4<0>, C4<0>, C4<0>;
L_0x64d3bbf9c4a0 .functor AND 1, v0x64d3bbf9b350_0, L_0x64d3bbf9c380, C4<1>, C4<1>;
L_0x64d3bbf9c560 .functor NOT 1, L_0x64d3bbf9c4a0, C4<0>, C4<0>, C4<0>;
L_0x64d3bbf9c6b0 .functor AND 1, v0x64d3bbf9b2b0_0, L_0x64d3bbf9c250, C4<1>, C4<1>;
L_0x64d3bbf9c770 .functor NOT 1, L_0x64d3bbf9c6b0, C4<0>, C4<0>, C4<0>;
v0x64d3bbf988c0_0 .net *"_ivl_1", 0 0, L_0x64d3bbf9c1e0;  1 drivers
v0x64d3bbf989a0_0 .net *"_ivl_13", 0 0, L_0x64d3bbf9c6b0;  1 drivers
v0x64d3bbf98a60_0 .net *"_ivl_5", 0 0, L_0x64d3bbf9c310;  1 drivers
v0x64d3bbf98b00_0 .net *"_ivl_9", 0 0, L_0x64d3bbf9c4a0;  1 drivers
v0x64d3bbf98bc0_0 .var "prev_q", 0 0;
v0x64d3bbf98cd0_0 .var "prev_qbar", 0 0;
v0x64d3bbf98d90_0 .net "q", 0 0, L_0x64d3bbf9c560;  alias, 1 drivers
v0x64d3bbf98e50_0 .net "q1", 0 0, L_0x64d3bbf9c250;  1 drivers
v0x64d3bbf98f10_0 .net "qbar", 0 0, L_0x64d3bbf9c770;  alias, 1 drivers
v0x64d3bbf98fd0_0 .net "qbar1", 0 0, L_0x64d3bbf9c380;  1 drivers
v0x64d3bbf99090_0 .net "r", 0 0, v0x64d3bbf9b2b0_0;  alias, 1 drivers
v0x64d3bbf99130_0 .net "s", 0 0, v0x64d3bbf9b350_0;  alias, 1 drivers
E_0x64d3bbf60940 .event anyedge, v0x64d3bbf98d90_0, v0x64d3bbf98f10_0;
S_0x64d3bbf99210 .scope module, "dut_sr_latch_gate" "sr_latch_gate" 3 34, 4 1 0, S_0x64d3bbf5cf00;
 .timescale -9 -11;
    .port_info 0 /INPUT 1 "s";
    .port_info 1 /INPUT 1 "r";
    .port_info 2 /OUTPUT 1 "q";
    .port_info 3 /OUTPUT 1 "qbar";
L_0x64d3bbf9be30 .functor NAND 1, v0x64d3bbf9b350_0, v0x64d3bbf99570_0, C4<1>, C4<1>;
L_0x64d3bbf9bf20 .functor NAND 1, v0x64d3bbf9b2b0_0, v0x64d3bbf99490_0, C4<1>, C4<1>;
L_0x64d3bbf9c080 .functor NAND 1, v0x64d3bbf9b350_0, L_0x64d3bbf9bf20, C4<1>, C4<1>;
L_0x64d3bbf9c0f0 .functor NAND 1, v0x64d3bbf9b2b0_0, L_0x64d3bbf9be30, C4<1>, C4<1>;
v0x64d3bbf99490_0 .var "prev_q", 0 0;
v0x64d3bbf99570_0 .var "prev_qbar", 0 0;
v0x64d3bbf99630_0 .net "q", 0 0, L_0x64d3bbf9c080;  alias, 1 drivers
v0x64d3bbf99700_0 .net "q1", 0 0, L_0x64d3bbf9be30;  1 drivers
v0x64d3bbf997c0_0 .net "qbar", 0 0, L_0x64d3bbf9c0f0;  alias, 1 drivers
v0x64d3bbf998d0_0 .net "qbar1", 0 0, L_0x64d3bbf9bf20;  1 drivers
v0x64d3bbf99990_0 .net "r", 0 0, v0x64d3bbf9b2b0_0;  alias, 1 drivers
v0x64d3bbf99a80_0 .net "s", 0 0, v0x64d3bbf9b350_0;  alias, 1 drivers
E_0x64d3bbf99410 .event anyedge, v0x64d3bbf99630_0, v0x64d3bbf997c0_0;
S_0x64d3bbf99bf0 .scope task, "errors_warnings_check" "errors_warnings_check" 3 272, 3 272 0, S_0x64d3bbf5cf00;
 .timescale -9 -11;
TD_tb_sr_latch.errors_warnings_check ;
    %load/vec4 v0x64d3bbf9bc90_0;
    %load/vec4 v0x64d3bbf9ba50_0;
    %concat/vec4; draw_concat_vec4
    %cmpi/e 0, 0, 2;
    %jmp/1 T_5.23, 4;
    %flag_mov 9, 4;
    %load/vec4 v0x64d3bbf9bbd0_0;
    %load/vec4 v0x64d3bbf9b990_0;
    %concat/vec4; draw_concat_vec4
    %cmpi/e 0, 0, 2;
    %flag_or 4, 9;
T_5.23;
    %jmp/1 T_5.22, 4;
    %flag_mov 9, 4;
    %load/vec4 v0x64d3bbf9bb10_0;
    %load/vec4 v0x64d3bbf9b8d0_0;
    %concat/vec4; draw_concat_vec4
    %cmpi/e 0, 0, 2;
    %flag_or 4, 9;
T_5.22;
    %jmp/1 T_5.21, 4;
    %flag_mov 9, 4;
    %load/vec4 v0x64d3bbf9bc90_0;
    %load/vec4 v0x64d3bbf9ba50_0;
    %concat/vec4; draw_concat_vec4
    %cmpi/e 3, 0, 2;
    %jmp/1 T_5.24, 4;
    %flag_mov 10, 4;
    %load/vec4 v0x64d3bbf9bbd0_0;
    %load/vec4 v0x64d3bbf9b990_0;
    %concat/vec4; draw_concat_vec4
    %cmpi/e 3, 0, 2;
    %jmp/1 T_5.25, 4;
    %flag_mov 11, 4;
    %load/vec4 v0x64d3bbf9bb10_0;
    %load/vec4 v0x64d3bbf9b8d0_0;
    %concat/vec4; draw_concat_vec4
    %cmpi/e 3, 0, 2;
    %flag_or 4, 11;
T_5.25;
    %flag_or 4, 10;
T_5.24;
    %flag_or 4, 9;
T_5.21;
    %flag_get/vec4 4;
    %jmp/0 T_5.20, 4;
    %load/vec4 v0x64d3bbf9b350_0;
    %load/vec4 v0x64d3bbf9b2b0_0;
    %concat/vec4; draw_concat_vec4
    %pushi/vec4 3, 0, 2;
    %cmp/e;
    %flag_get/vec4 4;
    %and;
T_5.20;
    %flag_set/vec4 8;
    %jmp/1 T_5.19, 8;
    %load/vec4 v0x64d3bbf9b350_0;
    %load/vec4 v0x64d3bbf9b2b0_0;
    %concat/vec4; draw_concat_vec4
    %cmpi/e 0, 0, 2;
    %flag_or 8, 4;
T_5.19;
    %jmp/0xz  T_5.17, 8;
    %load/vec4 v0x64d3bbf9bc90_0;
    %load/vec4 v0x64d3bbf9ba50_0;
    %concat/vec4; draw_concat_vec4
    %cmpi/e 0, 0, 2;
    %jmp/1 T_5.30, 4;
    %flag_mov 9, 4;
    %load/vec4 v0x64d3bbf9bbd0_0;
    %load/vec4 v0x64d3bbf9b990_0;
    %concat/vec4; draw_concat_vec4
    %cmpi/e 0, 0, 2;
    %flag_or 4, 9;
T_5.30;
    %jmp/1 T_5.29, 4;
    %flag_mov 9, 4;
    %load/vec4 v0x64d3bbf9bb10_0;
    %load/vec4 v0x64d3bbf9b8d0_0;
    %concat/vec4; draw_concat_vec4
    %cmpi/e 0, 0, 2;
    %flag_or 4, 9;
T_5.29;
    %flag_get/vec4 4;
    %jmp/0 T_5.28, 4;
    %load/vec4 v0x64d3bbf9b350_0;
    %load/vec4 v0x64d3bbf9b2b0_0;
    %concat/vec4; draw_concat_vec4
    %cmpi/e 0, 0, 2;
    %flag_get/vec4 4;
    %jmp/1 T_5.31, 4;
    %load/vec4 v0x64d3bbf9b350_0;
    %load/vec4 v0x64d3bbf9b2b0_0;
    %concat/vec4; draw_concat_vec4
    %pushi/vec4 3, 0, 2;
    %cmp/e;
    %flag_get/vec4 4;
    %or;
T_5.31;
    %and;
T_5.28;
    %flag_set/vec4 8;
    %jmp/0xz  T_5.26, 8;
    %vpi_call/w 3 279 "$display", "***WARNING: ILLEGAL CONDITION,RACING CONDITION" {0 0 0};
T_5.26 ;
    %load/vec4 v0x64d3bbf9bc90_0;
    %load/vec4 v0x64d3bbf9ba50_0;
    %concat/vec4; draw_concat_vec4
    %cmpi/e 3, 0, 2;
    %jmp/1 T_5.40, 4;
    %flag_mov 9, 4;
    %load/vec4 v0x64d3bbf9bbd0_0;
    %load/vec4 v0x64d3bbf9b990_0;
    %concat/vec4; draw_concat_vec4
    %cmpi/e 3, 0, 2;
    %flag_or 4, 9;
T_5.40;
    %jmp/1 T_5.39, 4;
    %flag_mov 9, 4;
    %load/vec4 v0x64d3bbf9bb10_0;
    %load/vec4 v0x64d3bbf9b8d0_0;
    %concat/vec4; draw_concat_vec4
    %cmpi/e 3, 0, 2;
    %flag_or 4, 9;
T_5.39;
    %jmp/1 T_5.38, 4;
    %flag_mov 9, 4;
    %load/vec4 v0x64d3bbf9bc90_0;
    %load/vec4 v0x64d3bbf9ba50_0;
    %concat/vec4; draw_concat_vec4
    %cmpi/e 3, 3, 2;
    %jmp/1 T_5.42, 6;
    %flag_mov 10, 6;
    %load/vec4 v0x64d3bbf9bbd0_0;
    %load/vec4 v0x64d3bbf9b990_0;
    %concat/vec4; draw_concat_vec4
    %cmpi/e 3, 3, 2;
    %flag_or 6, 10;
T_5.42;
    %jmp/1 T_5.41, 6;
    %flag_mov 10, 6;
    %load/vec4 v0x64d3bbf9bb10_0;
    %load/vec4 v0x64d3bbf9b8d0_0;
    %concat/vec4; draw_concat_vec4
    %cmpi/e 3, 3, 2;
    %flag_or 6, 10;
T_5.41;
    %flag_or 6, 9;
    %flag_mov 4, 6;
T_5.38;
    %jmp/1 T_5.37, 4;
    %flag_mov 9, 4;
    %load/vec4 v0x64d3bbf9bc90_0;
    %load/vec4 v0x64d3bbf9ba50_0;
    %concat/vec4; draw_concat_vec4
    %cmpi/e 1, 0, 2;
    %jmp/1 T_5.44, 4;
    %flag_mov 10, 4;
    %load/vec4 v0x64d3bbf9bbd0_0;
    %load/vec4 v0x64d3bbf9b990_0;
    %concat/vec4; draw_concat_vec4
    %cmpi/e 1, 0, 2;
    %flag_or 4, 10;
T_5.44;
    %jmp/1 T_5.43, 4;
    %flag_mov 10, 4;
    %load/vec4 v0x64d3bbf9bb10_0;
    %load/vec4 v0x64d3bbf9b8d0_0;
    %concat/vec4; draw_concat_vec4
    %cmpi/e 1, 0, 2;
    %flag_or 4, 10;
T_5.43;
    %flag_or 4, 9;
T_5.37;
    %jmp/1 T_5.36, 4;
    %flag_mov 9, 4;
    %load/vec4 v0x64d3bbf9bc90_0;
    %load/vec4 v0x64d3bbf9ba50_0;
    %concat/vec4; draw_concat_vec4
    %cmpi/e 2, 0, 2;
    %jmp/1 T_5.46, 4;
    %flag_mov 10, 4;
    %load/vec4 v0x64d3bbf9bbd0_0;
    %load/vec4 v0x64d3bbf9b990_0;
    %concat/vec4; draw_concat_vec4
    %cmpi/e 2, 0, 2;
    %flag_or 4, 10;
T_5.46;
    %jmp/1 T_5.45, 4;
    %flag_mov 10, 4;
    %load/vec4 v0x64d3bbf9bb10_0;
    %load/vec4 v0x64d3bbf9b8d0_0;
    %concat/vec4; draw_concat_vec4
    %cmpi/e 2, 0, 2;
    %flag_or 4, 10;
T_5.45;
    %flag_or 4, 9;
T_5.36;
    %flag_get/vec4 4;
    %jmp/0 T_5.35, 4;
    %load/vec4 v0x64d3bbf9b350_0;
    %load/vec4 v0x64d3bbf9b2b0_0;
    %concat/vec4; draw_concat_vec4
    %pushi/vec4 0, 0, 2;
    %cmp/e;
    %flag_get/vec4 4;
    %and;
T_5.35;
    %flag_set/vec4 8;
    %jmp/1 T_5.34, 8;
    %load/vec4 v0x64d3bbf9bc90_0;
    %load/vec4 v0x64d3bbf9ba50_0;
    %concat/vec4; draw_concat_vec4
    %cmpi/e 3, 0, 2;
    %jmp/1 T_5.49, 4;
    %flag_mov 10, 4;
    %load/vec4 v0x64d3bbf9bbd0_0;
    %load/vec4 v0x64d3bbf9b990_0;
    %concat/vec4; draw_concat_vec4
    %cmpi/e 3, 0, 2;
    %flag_or 4, 10;
T_5.49;
    %jmp/1 T_5.48, 4;
    %flag_mov 10, 4;
    %load/vec4 v0x64d3bbf9bb10_0;
    %load/vec4 v0x64d3bbf9b8d0_0;
    %concat/vec4; draw_concat_vec4
    %cmpi/e 3, 0, 2;
    %flag_or 4, 10;
T_5.48;
    %flag_get/vec4 4;
    %jmp/0 T_5.47, 4;
    %load/vec4 v0x64d3bbf9b350_0;
    %load/vec4 v0x64d3bbf9b2b0_0;
    %concat/vec4; draw_concat_vec4
    %pushi/vec4 3, 0, 2;
    %cmp/e;
    %flag_get/vec4 4;
    %and;
T_5.47;
    %flag_set/vec4 9;
    %flag_or 8, 9;
T_5.34;
    %jmp/0xz  T_5.32, 8;
    %vpi_call/w 3 292 "$display", "***WARNING: ILLEGAL CONDITION, q = qbar" {0 0 0};
T_5.32 ;
    %jmp T_5.18;
T_5.17 ;
    %load/vec4 v0x64d3bbf9b1e0_0;
    %load/vec4 v0x64d3bbf9afa0_0;
    %cmp/ne;
    %jmp/0xz  T_5.50, 6;
    %vpi_call/w 3 301 "$display", "***ERROR: Q_gate = %b, Q_expected = %b", v0x64d3bbf9b1e0_0, v0x64d3bbf9afa0_0 {0 0 0};
    %load/vec4 v0x64d3bbf9aa60_0;
    %addi 1, 0, 32;
    %store/vec4 v0x64d3bbf9aa60_0, 0, 32;
T_5.50 ;
    %load/vec4 v0x64d3bbf9b110_0;
    %load/vec4 v0x64d3bbf9afa0_0;
    %cmp/ne;
    %jmp/0xz  T_5.52, 6;
    %vpi_call/w 3 308 "$display", "***ERROR: Q_dataflow = %b, Q_expected = %b", v0x64d3bbf9b110_0, v0x64d3bbf9afa0_0 {0 0 0};
    %load/vec4 v0x64d3bbf9aa60_0;
    %addi 1, 0, 32;
    %store/vec4 v0x64d3bbf9aa60_0, 0, 32;
T_5.52 ;
    %load/vec4 v0x64d3bbf9b040_0;
    %load/vec4 v0x64d3bbf9afa0_0;
    %cmp/ne;
    %jmp/0xz  T_5.54, 6;
    %vpi_call/w 3 315 "$display", "***ERROR: Q_behavioral = %b, Q_expected = %b", v0x64d3bbf9b040_0, v0x64d3bbf9afa0_0 {0 0 0};
    %load/vec4 v0x64d3bbf9aa60_0;
    %addi 1, 0, 32;
    %store/vec4 v0x64d3bbf9aa60_0, 0, 32;
T_5.54 ;
    %load/vec4 v0x64d3bbf9af00_0;
    %load/vec4 v0x64d3bbf9ac70_0;
    %cmp/ne;
    %jmp/0xz  T_5.56, 6;
    %vpi_call/w 3 322 "$display", "***ERROR: QBAR_gate = %b, QBAR_expected = %b", v0x64d3bbf9af00_0, v0x64d3bbf9ac70_0 {0 0 0};
    %load/vec4 v0x64d3bbf9aa60_0;
    %addi 1, 0, 32;
    %store/vec4 v0x64d3bbf9aa60_0, 0, 32;
T_5.56 ;
    %load/vec4 v0x64d3bbf9add0_0;
    %load/vec4 v0x64d3bbf9ac70_0;
    %cmp/ne;
    %jmp/0xz  T_5.58, 6;
    %vpi_call/w 3 329 "$display", "***ERROR: QBAR_dataflow = %b, QBAR_expected = %b", v0x64d3bbf9add0_0, v0x64d3bbf9ac70_0 {0 0 0};
    %load/vec4 v0x64d3bbf9aa60_0;
    %addi 1, 0, 32;
    %store/vec4 v0x64d3bbf9aa60_0, 0, 32;
T_5.58 ;
    %load/vec4 v0x64d3bbf9b350_0;
    %load/vec4 v0x64d3bbf9b2b0_0;
    %concat/vec4; draw_concat_vec4
    %load/vec4 v0x64d3bbf9bd50_0;
    %cmp/ne;
    %jmp/0xz  T_5.60, 6;
    %vpi_call/w 3 336 "$display", "***ERROR: Racing Condition Occur" {0 0 0};
    %load/vec4 v0x64d3bbf9aa60_0;
    %addi 1, 0, 32;
    %store/vec4 v0x64d3bbf9aa60_0, 0, 32;
T_5.60 ;
T_5.18 ;
    %end;
S_0x64d3bbf99dd0 .scope task, "force_release" "force_release" 3 93, 3 93 0, S_0x64d3bbf5cf00;
 .timescale -9 -11;
TD_tb_sr_latch.force_release ;
    %delay 11, 0;
    %pushi/vec4 0, 0, 1;
    %force/vec4 v0x64d3bbf9b1e0_0;
    %pushi/vec4 1, 0, 1;
    %force/vec4 v0x64d3bbf9af00_0;
    %pushi/vec4 0, 0, 1;
    %force/vec4 v0x64d3bbf9b110_0;
    %pushi/vec4 1, 0, 1;
    %force/vec4 v0x64d3bbf9add0_0;
    %pushi/vec4 0, 0, 1;
    %force/vec4 v0x64d3bbf9b040_0;
    %pushi/vec4 1, 0, 1;
    %force/vec4 v0x64d3bbf9ad30_0;
    %delay 1000, 0;
    %release/net v0x64d3bbf9b1e0_0, 0, 1;
    %release/net v0x64d3bbf9af00_0, 0, 1;
    %release/net v0x64d3bbf9b110_0, 0, 1;
    %release/net v0x64d3bbf9add0_0, 0, 1;
    %release/net v0x64d3bbf9b040_0, 0, 1;
    %release/net v0x64d3bbf9ad30_0, 0, 1;
    %end;
S_0x64d3bbf99f60 .scope task, "initialize" "initialize" 3 64, 3 64 0, S_0x64d3bbf5cf00;
 .timescale -9 -11;
TD_tb_sr_latch.initialize ;
    %vpi_func 3 66 "$fopen" 32, "tb_sr_latch.tv", "r" {0 0 0};
    %store/vec4 v0x64d3bbf9ab90_0, 0, 32;
    %vpi_func 3 67 "$fscanf" 32, v0x64d3bbf9ab90_0, "%s", v0x64d3bbf9a6e0_0 {0 0 0};
    %store/vec4 v0x64d3bbf9a980_0, 0, 32;
    %vpi_func 3 69 "$fscanf" 32, v0x64d3bbf9ab90_0, "%s %b %b %s %s", v0x64d3bbf9a6e0_0, v0x64d3bbf9b350_0, v0x64d3bbf9b2b0_0, v0x64d3bbf9a7e0_0, v0x64d3bbf9a8c0_0 {0 0 0};
    %store/vec4 v0x64d3bbf9a980_0, 0, 32;
    %pushi/vec4 0, 0, 1;
    %store/vec4 v0x64d3bbf9b3f0_0, 0, 1;
    %pushi/vec4 0, 0, 32;
    %store/vec4 v0x64d3bbf9b490_0, 0, 32;
    %pushi/vec4 0, 0, 32;
    %store/vec4 v0x64d3bbf9aa60_0, 0, 32;
    %pushi/vec4 0, 0, 32;
    %store/vec4 v0x64d3bbf9b5d0_0, 0, 32;
T_7.62 ;
    %load/vec4 v0x64d3bbf9b5d0_0;
    %cmpi/s 16, 0, 32;
    %jmp/0xz T_7.63, 5;
    %pushi/vec4 0, 0, 32;
    %ix/getv/s 4, v0x64d3bbf9b5d0_0;
    %store/vec4a v0x64d3bbf9b690, 4, 0;
    ; show_stmt_assign_vector: Get l-value for compressed += operand
    %load/vec4 v0x64d3bbf9b5d0_0;
    %pushi/vec4 1, 0, 32;
    %add;
    %cast2;
    %store/vec4 v0x64d3bbf9b5d0_0, 0, 32;
    %jmp T_7.62;
T_7.63 ;
    %pushi/vec4 0, 0, 1;
    %store/vec4 v0x64d3bbf9b530_0, 0, 1;
    %vpi_call/w 3 80 "$display" {0 0 0};
    %vpi_call/w 3 81 "$display", "TEST_START------------------------------------------------------------------------------------------------------------------------" {0 0 0};
    %vpi_call/w 3 82 "$display" {0 0 0};
    %vpi_call/w 3 83 "$display", "                     | TIME | S | R |  Q_gate  |  Q_data  |  Q_beh  | QBAR_gate | QBAR_data | QEXPECTED | QBAREXPECTED |" {0 0 0};
    %vpi_call/w 3 84 "$display", "----------------------------------------------------------------------------------------------------------------------------------" {0 0 0};
    %end;
S_0x64d3bbf9a140 .scope task, "random_in" "random_in" 3 129, 3 129 0, S_0x64d3bbf5cf00;
 .timescale -9 -11;
TD_tb_sr_latch.random_in ;
    %vpi_func 3 131 "$urandom" 32 {0 0 0};
    %pushi/vec4 5, 0, 32;
    %mod;
    %pad/u 1;
    %store/vec4 v0x64d3bbf9b350_0, 0, 1;
    %vpi_func 3 132 "$urandom" 32 {0 0 0};
    %pushi/vec4 9, 0, 32;
    %mod;
    %pad/u 1;
    %store/vec4 v0x64d3bbf9b2b0_0, 0, 1;
    %load/vec4 v0x64d3bbf9b350_0;
    %load/vec4 v0x64d3bbf9b2b0_0;
    %concat/vec4; draw_concat_vec4
    %dup/vec4;
    %pushi/vec4 0, 0, 2;
    %cmp/u;
    %jmp/1 T_8.64, 6;
    %dup/vec4;
    %pushi/vec4 1, 0, 2;
    %cmp/u;
    %jmp/1 T_8.65, 6;
    %dup/vec4;
    %pushi/vec4 2, 0, 2;
    %cmp/u;
    %jmp/1 T_8.66, 6;
    %dup/vec4;
    %pushi/vec4 3, 0, 2;
    %cmp/u;
    %jmp/1 T_8.67, 6;
    %jmp T_8.68;
T_8.64 ;
    %pushi/vec4 18764, 0, 32; draw_string_vec4
    %pushi/vec4 1279608641, 0, 32; draw_string_vec4
    %concat/vec4; draw_string_vec4
    %pushi/vec4 76, 0, 8; draw_string_vec4
    %concat/vec4; draw_string_vec4
    %store/vec4 v0x64d3bbf9a6e0_0, 0, 72;
    %jmp T_8.68;
T_8.65 ;
    %pushi/vec4 0, 0, 32; draw_string_vec4
    %pushi/vec4 21317, 0, 32; draw_string_vec4
    %concat/vec4; draw_string_vec4
    %pushi/vec4 84, 0, 8; draw_string_vec4
    %concat/vec4; draw_string_vec4
    %store/vec4 v0x64d3bbf9a6e0_0, 0, 72;
    %jmp T_8.68;
T_8.66 ;
    %pushi/vec4 0, 0, 32; draw_string_vec4
    %pushi/vec4 1380275013, 0, 32; draw_string_vec4
    %concat/vec4; draw_string_vec4
    %pushi/vec4 84, 0, 8; draw_string_vec4
    %concat/vec4; draw_string_vec4
    %store/vec4 v0x64d3bbf9a6e0_0, 0, 72;
    %jmp T_8.68;
T_8.67 ;
    %load/vec4 v0x64d3bbf9bc90_0;
    %load/vec4 v0x64d3bbf9ba50_0;
    %concat/vec4; draw_concat_vec4
    %cmpi/e 0, 0, 2;
    %jmp/1 T_8.73, 4;
    %flag_mov 8, 4;
    %load/vec4 v0x64d3bbf9bbd0_0;
    %load/vec4 v0x64d3bbf9b990_0;
    %concat/vec4; draw_concat_vec4
    %cmpi/e 0, 0, 2;
    %flag_or 4, 8;
T_8.73;
    %jmp/1 T_8.72, 4;
    %flag_mov 8, 4;
    %load/vec4 v0x64d3bbf9bb10_0;
    %load/vec4 v0x64d3bbf9b8d0_0;
    %concat/vec4; draw_concat_vec4
    %cmpi/e 0, 0, 2;
    %flag_or 4, 8;
T_8.72;
    %jmp/1 T_8.71, 4;
    %flag_mov 8, 4;
    %load/vec4 v0x64d3bbf9bc90_0;
    %load/vec4 v0x64d3bbf9ba50_0;
    %concat/vec4; draw_concat_vec4
    %cmpi/e 3, 0, 2;
    %jmp/1 T_8.75, 4;
    %flag_mov 9, 4;
    %load/vec4 v0x64d3bbf9bbd0_0;
    %load/vec4 v0x64d3bbf9b990_0;
    %concat/vec4; draw_concat_vec4
    %cmpi/e 3, 0, 2;
    %flag_or 4, 9;
T_8.75;
    %jmp/1 T_8.74, 4;
    %flag_mov 9, 4;
    %load/vec4 v0x64d3bbf9bb10_0;
    %load/vec4 v0x64d3bbf9b8d0_0;
    %concat/vec4; draw_concat_vec4
    %cmpi/e 3, 0, 2;
    %flag_or 4, 9;
T_8.74;
    %flag_or 4, 8;
T_8.71;
    %flag_mov 8, 4;
    %jmp/0 T_8.69, 8;
    %pushi/vec4 18764, 0, 32; draw_string_vec4
    %pushi/vec4 1279608641, 0, 32; draw_string_vec4
    %concat/vec4; draw_string_vec4
    %pushi/vec4 76, 0, 8; draw_string_vec4
    %concat/vec4; draw_string_vec4
    %jmp/1 T_8.70, 8;
T_8.69 ; End of true expr.
    %pushi/vec4 0, 0, 32; draw_string_vec4
    %pushi/vec4 4738892, 0, 32; draw_string_vec4
    %concat/vec4; draw_string_vec4
    %pushi/vec4 68, 0, 8; draw_string_vec4
    %concat/vec4; draw_string_vec4
    %jmp/0 T_8.70, 8;
 ; End of false expr.
    %blend;
T_8.70;
    %store/vec4 v0x64d3bbf9a6e0_0, 0, 72;
    %jmp T_8.68;
T_8.68 ;
    %pop/vec4 1;
    %pushi/real 1717986918, 4062; load=0.100000
    %pushi/real 1677722, 4040; load=0.100000
    %add/wr;
    %vpi_func 3 144 "$urandom_range" 32, W<0,r>, 32'sb00000000000000000000000000001010 {0 1 0};
    %pad/u 64;
    %muli 100, 0, 64;
    %ix/vec4 4;
    %delayx 4;
    %end;
S_0x64d3bbf9a320 .scope task, "scan_file" "scan_file" 3 118, 3 118 0, S_0x64d3bbf5cf00;
 .timescale -9 -11;
TD_tb_sr_latch.scan_file ;
    %vpi_func 3 121 "$fscanf" 32, v0x64d3bbf9ab90_0, "%s %b %b %b %b", v0x64d3bbf9a6e0_0, v0x64d3bbf9b350_0, v0x64d3bbf9b2b0_0, v0x64d3bbf9afa0_0, v0x64d3bbf9ac70_0 {0 0 0};
    %store/vec4 v0x64d3bbf9a980_0, 0, 32;
    %load/vec4 v0x64d3bbf9a980_0;
    %pushi/vec4 4294967295, 0, 32;
    %cmp/e;
    %flag_get/vec4 4;
    %store/vec4 v0x64d3bbf9b530_0, 0, 1;
    %end;
S_0x64d3bbf9a500 .scope task, "vectorcount" "vectorcount" 3 244, 3 244 0, S_0x64d3bbf5cf00;
 .timescale -9 -11;
TD_tb_sr_latch.vectorcount ;
    %load/vec4 v0x64d3bbf9b490_0;
    %addi 1, 0, 32;
    %store/vec4 v0x64d3bbf9b490_0, 0, 32;
    %end;
    .scope S_0x64d3bbf99210;
T_11 ;
    %wait E_0x64d3bbf99410;
    %delay 12, 0;
    %load/vec4 v0x64d3bbf99630_0;
    %store/vec4 v0x64d3bbf99490_0, 0, 1;
    %load/vec4 v0x64d3bbf997c0_0;
    %store/vec4 v0x64d3bbf99570_0, 0, 1;
    %jmp T_11;
    .thread T_11, $push;
    .scope S_0x64d3bbf986a0;
T_12 ;
    %wait E_0x64d3bbf60940;
    %delay 12, 0;
    %load/vec4 v0x64d3bbf98d90_0;
    %store/vec4 v0x64d3bbf98bc0_0, 0, 1;
    %load/vec4 v0x64d3bbf98f10_0;
    %store/vec4 v0x64d3bbf98cd0_0, 0, 1;
    %jmp T_12;
    .thread T_12, $push;
    .scope S_0x64d3bbef86c0;
T_13 ;
    %wait E_0x64d3bbf1c780;
    %load/vec4 v0x64d3bbf98520_0;
    %load/vec4 v0x64d3bbf98410_0;
    %concat/vec4; draw_concat_vec4
    %dup/vec4;
    %pushi/vec4 0, 0, 2;
    %cmp/u;
    %jmp/1 T_13.0, 6;
    %dup/vec4;
    %pushi/vec4 1, 0, 2;
    %cmp/u;
    %jmp/1 T_13.1, 6;
    %dup/vec4;
    %pushi/vec4 2, 0, 2;
    %cmp/u;
    %jmp/1 T_13.2, 6;
    %dup/vec4;
    %pushi/vec4 3, 0, 2;
    %cmp/u;
    %jmp/1 T_13.3, 6;
    %jmp T_13.4;
T_13.0 ;
    %pushi/vec4 1, 1, 1;
    %assign/vec4 v0x64d3bbf982b0_0, 0;
    %jmp T_13.4;
T_13.1 ;
    %pushi/vec4 1, 0, 1;
    %assign/vec4 v0x64d3bbf982b0_0, 0;
    %jmp T_13.4;
T_13.2 ;
    %pushi/vec4 0, 0, 1;
    %assign/vec4 v0x64d3bbf982b0_0, 0;
    %jmp T_13.4;
T_13.3 ;
    %load/vec4 v0x64d3bbf982b0_0;
    %assign/vec4 v0x64d3bbf982b0_0, 0;
    %jmp T_13.4;
T_13.4 ;
    %pop/vec4 1;
    %jmp T_13;
    .thread T_13, $push;
    .scope S_0x64d3bbf5cf00;
T_14 ;
    %vpi_call/w 3 44 "$dumpfile", "tb_sr_latch.vcd" {0 0 0};
    %vpi_call/w 3 45 "$dumpvars", 32'sb00000000000000000000000000000000, S_0x64d3bbf5cf00 {0 0 0};
    %end;
    .thread T_14;
    .scope S_0x64d3bbf5cf00;
T_15 ;
    %delay 1000, 0;
    %load/vec4 v0x64d3bbf9b3f0_0;
    %inv;
    %store/vec4 v0x64d3bbf9b3f0_0, 0, 1;
    %jmp T_15;
    .thread T_15;
    .scope S_0x64d3bbf5cf00;
T_16 ;
    %fork TD_tb_sr_latch.initialize, S_0x64d3bbf99f60;
    %join;
    %wait E_0x64d3bbf5ff90;
    %fork TD_tb_sr_latch.force_release, S_0x64d3bbf99dd0;
    %join;
    %end;
    .thread T_16;
    .scope S_0x64d3bbf5cf00;
T_17 ;
    %wait E_0x64d3bbf5fd10;
    %delay 120, 0;
    %load/vec4 v0x64d3bbf9b530_0;
    %nor/r;
    %flag_set/vec4 8;
    %jmp/0xz  T_17.0, 8;
    %load/vec4 v0x64d3bbf9b1e0_0;
    %store/vec4 v0x64d3bbf9bc90_0, 0, 1;
    %load/vec4 v0x64d3bbf9af00_0;
    %store/vec4 v0x64d3bbf9ba50_0, 0, 1;
    %load/vec4 v0x64d3bbf9b110_0;
    %store/vec4 v0x64d3bbf9bbd0_0, 0, 1;
    %load/vec4 v0x64d3bbf9add0_0;
    %store/vec4 v0x64d3bbf9b990_0, 0, 1;
    %load/vec4 v0x64d3bbf9b040_0;
    %store/vec4 v0x64d3bbf9bb10_0, 0, 1;
    %load/vec4 v0x64d3bbf9ad30_0;
    %store/vec4 v0x64d3bbf9b8d0_0, 0, 1;
    %load/vec4 v0x64d3bbf9afa0_0;
    %store/vec4 v0x64d3bbf9b750_0, 0, 1;
    %load/vec4 v0x64d3bbf9ac70_0;
    %store/vec4 v0x64d3bbf9b810_0, 0, 1;
    %delay 1, 0;
    %fork TD_tb_sr_latch.scan_file, S_0x64d3bbf9a320;
    %join;
T_17.0 ;
    %jmp T_17;
    .thread T_17;
    .scope S_0x64d3bbf5cf00;
T_18 ;
    %wait E_0x64d3bbf5ff90;
    %fork TD_tb_sr_latch.coverage_update, S_0x64d3bbf5f690;
    %join;
    %load/vec4 v0x64d3bbf9b350_0;
    %load/vec4 v0x64d3bbf9b2b0_0;
    %concat/vec4; draw_concat_vec4
    %store/vec4 v0x64d3bbf9bd50_0, 0, 2;
    %delay 10, 0;
    %fork TD_tb_sr_latch.QEXP, S_0x64d3bbf5a630;
    %join;
    %fork TD_tb_sr_latch.display_file, S_0x64d3bbf5f870;
    %join;
    %load/vec4 v0x64d3bbf9b530_0;
    %flag_set/vec4 9;
    %flag_get/vec4 9;
    %jmp/0 T_18.2, 9;
    %load/vec4 v0x64d3bbf9b350_0;
    %load/vec4 v0x64d3bbf9b2b0_0;
    %concat/vec4; draw_concat_vec4
    %pushi/vec4 0, 0, 2;
    %cmp/e;
    %flag_get/vec4 4;
    %and;
T_18.2;
    %flag_set/vec4 8;
    %jmp/0xz  T_18.0, 8;
    %fork TD_tb_sr_latch.display_prev, S_0x64d3bbef8490;
    %join;
T_18.0 ;
    %fork TD_tb_sr_latch.errors_warnings_check, S_0x64d3bbf99bf0;
    %join;
    %fork TD_tb_sr_latch.vectorcount, S_0x64d3bbf9a500;
    %join;
    %jmp T_18;
    .thread T_18;
    .scope S_0x64d3bbf5cf00;
T_19 ;
T_19.0 ;
    %load/vec4 v0x64d3bbf9b530_0;
    %cmpi/ne 1, 0, 1;
    %jmp/0xz T_19.1, 6;
    %wait E_0x64d3bbf60900;
    %jmp T_19.0;
T_19.1 ;
    %vpi_call/w 3 424 "$display" {0 0 0};
    %vpi_call/w 3 425 "$display", "%13s ***time = %0d,eof ***", "\000", $time {0 0 0};
    %vpi_call/w 3 426 "$display" {0 0 0};
    %pushi/vec4 0, 0, 32;
    %store/vec4 v0x64d3bbf9b5d0_0, 0, 32;
T_19.2 ;
    %load/vec4 v0x64d3bbf9b5d0_0;
    %cmpi/s 50, 0, 32;
    %jmp/0xz T_19.3, 5;
    %load/vec4 v0x64d3bbf9b350_0;
    %pad/u 32;
    %cmpi/e 1, 0, 32;
    %flag_get/vec4 4;
    %jmp/0 T_19.6, 4;
    %load/vec4 v0x64d3bbf9b2b0_0;
    %pad/u 32;
    %pushi/vec4 2, 0, 32;
    %cmp/e;
    %flag_get/vec4 4;
    %and;
T_19.6;
    %flag_set/vec4 8;
    %jmp/0xz  T_19.4, 8;
    %fork TD_tb_sr_latch.vectorcount, S_0x64d3bbf9a500;
    %join;
    %fork TD_tb_sr_latch.close, S_0x64d3bbf5a810;
    %join;
    %jmp T_19.5;
T_19.4 ;
    %fork TD_tb_sr_latch.random_in, S_0x64d3bbf9a140;
    %join;
    %delay 2, 0;
    %load/vec4 v0x64d3bbf9b1e0_0;
    %store/vec4 v0x64d3bbf9bc90_0, 0, 1;
    %load/vec4 v0x64d3bbf9af00_0;
    %store/vec4 v0x64d3bbf9ba50_0, 0, 1;
    %load/vec4 v0x64d3bbf9b110_0;
    %store/vec4 v0x64d3bbf9bbd0_0, 0, 1;
    %load/vec4 v0x64d3bbf9add0_0;
    %store/vec4 v0x64d3bbf9b990_0, 0, 1;
    %load/vec4 v0x64d3bbf9b040_0;
    %store/vec4 v0x64d3bbf9bb10_0, 0, 1;
    %load/vec4 v0x64d3bbf9ad30_0;
    %store/vec4 v0x64d3bbf9b8d0_0, 0, 1;
    %load/vec4 v0x64d3bbf9afa0_0;
    %store/vec4 v0x64d3bbf9b750_0, 0, 1;
    %load/vec4 v0x64d3bbf9ac70_0;
    %store/vec4 v0x64d3bbf9b810_0, 0, 1;
T_19.5 ;
    ; show_stmt_assign_vector: Get l-value for compressed += operand
    %load/vec4 v0x64d3bbf9b5d0_0;
    %pushi/vec4 1, 0, 32;
    %add;
    %cast2;
    %store/vec4 v0x64d3bbf9b5d0_0, 0, 32;
    %jmp T_19.2;
T_19.3 ;
    %fork TD_tb_sr_latch.close, S_0x64d3bbf5a810;
    %join;
    %end;
    .thread T_19;
# The file index is used to find the file name in the following table.
:file_names 5;
    "N/A";
    "<interactive>";
    "-";
    "tb_sr_latch.v";
    "sr_latch.v";
