#! /usr/bin/vvp
:ivl_version "12.0 (stable)";
:ivl_delay_selection "TYPICAL";
:vpi_time_precision - 10;
:vpi_module "/usr/lib/x86_64-linux-gnu/ivl/system.vpi";
:vpi_module "/usr/lib/x86_64-linux-gnu/ivl/vhdl_sys.vpi";
:vpi_module "/usr/lib/x86_64-linux-gnu/ivl/vhdl_textio.vpi";
:vpi_module "/usr/lib/x86_64-linux-gnu/ivl/v2005_math.vpi";
:vpi_module "/usr/lib/x86_64-linux-gnu/ivl/va_math.vpi";
:vpi_module "/usr/lib/x86_64-linux-gnu/ivl/v2009.vpi";
S_0x5908b59b7c60 .scope package, "$unit" "$unit" 2 1;
 .timescale 0 0;
S_0x5908b59b74a0 .scope module, "tb_jkff_rst" "tb_jkff_rst" 3 3;
 .timescale -9 -10;
P_0x5908b59719a0 .param/l "TICKPERIOD" 1 3 54, +C4<00000000000000000000000000010100>;
v0x5908b59dca60_0 .var "COMMENT", 71 0;
v0x5908b59dcb60_0 .var "COMMENT1", 71 0;
v0x5908b59dcc40_0 .var "COMMENT2", 71 0;
v0x5908b59dcd00_0 .var/i "COUNT", 31 0;
v0x5908b59dcde0_0 .var "ERRORS", 31 0;
v0x5908b59dcf10_0 .var/i "FD", 31 0;
v0x5908b59dcff0_0 .var "J", 0 0;
v0x5908b59dd090_0 .var "K", 0 0;
v0x5908b59dd130_0 .net "Q3_data", 0 0, L_0x5908b59e0560;  1 drivers
v0x5908b59dd1d0_0 .net "Q3_gate", 0 0, L_0x5908b59defe0;  1 drivers
v0x5908b59dd270_0 .net "QBAR3_data", 0 0, L_0x5908b59e0800;  1 drivers
v0x5908b59dd310_0 .net "QBAR3_gate", 0 0, L_0x5908b59df130;  1 drivers
v0x5908b59dd3b0_0 .var "QBAREXPECTED", 0 0;
v0x5908b59dd450_0 .net "QBAR_beh", 0 0, L_0x5908b59e17c0;  1 drivers
v0x5908b59dd520_0 .net "QBAR_data", 0 0, L_0x5908b59e15b0;  1 drivers
v0x5908b59dd5f0_0 .net "QBAR_gate", 0 0, L_0x5908b59df700;  1 drivers
v0x5908b59dd6c0_0 .var "QEXPECTED", 0 0;
v0x5908b59dd760_0 .net "Q_beh", 0 0, v0x5908b59d8500_0;  1 drivers
v0x5908b59dd830_0 .net "Q_data", 0 0, L_0x5908b59e12f0;  1 drivers
v0x5908b59dd900_0 .net "Q_gate", 0 0, L_0x5908b59df5f0;  1 drivers
v0x5908b59dd9d0_0 .var "TICK", 0 0;
v0x5908b59dda70_0 .var "TICK2", 0 0;
v0x5908b59ddb10_0 .var "VECTORCOUNT", 31 0;
v0x5908b59ddbb0_0 .var "eof", 0 0;
v0x5908b59ddc50_0 .var/2s "i", 31 0;
v0x5908b59ddcf0_0 .var "input_coverage0", 31 0;
v0x5908b59ddd90_0 .var "input_coverage1", 31 0;
v0x5908b59dde50_0 .var "input_coverage2", 31 0;
v0x5908b59ddf30_0 .var "input_coverage3", 31 0;
v0x5908b59de010_0 .var "prev_JK", 1 0;
v0x5908b59de0f0_0 .var "prev_Q3data", 0 0;
v0x5908b59de1c0_0 .var "prev_Q3gate", 0 0;
v0x5908b59de290_0 .var "prev_QEx", 0 0;
v0x5908b59de540_0 .var "prev_QExbar", 0 0;
v0x5908b59de5e0_0 .var "prev_Qbar3data", 0 0;
v0x5908b59de6b0_0 .var "prev_Qbar3gate", 0 0;
v0x5908b59de780_0 .var "prev_Qbardata", 0 0;
v0x5908b59de850_0 .var "prev_Qbargate", 0 0;
v0x5908b59de920_0 .var "prev_Qdata", 0 0;
v0x5908b59de9f0_0 .var "prev_Qgate", 0 0;
E_0x5908b599c890 .event anyedge, v0x5908b59ddbb0_0;
E_0x5908b599d000 .event negedge, v0x5908b59bb610_0;
S_0x5908b59b6ce0 .scope task, "QEXP" "QEXP" 3 173, 3 173 0, S_0x5908b59b74a0;
 .timescale -9 -10;
TD_tb_jkff_rst.QEXP ;
    %load/vec4 v0x5908b59de290_0;
    %load/vec4 v0x5908b59de540_0;
    %concat/vec4; draw_concat_vec4
    %cmpi/e 0, 0, 2;
    %flag_get/vec4 4;
    %jmp/0 T_0.3, 4;
    %load/vec4 v0x5908b59dcff0_0;
    %load/vec4 v0x5908b59dd090_0;
    %concat/vec4; draw_concat_vec4
    %pushi/vec4 0, 0, 2;
    %cmp/e;
    %flag_get/vec4 4;
    %and;
T_0.3;
    %flag_set/vec4 8;
    %jmp/1 T_0.2, 8;
    %load/vec4 v0x5908b59de290_0;
    %load/vec4 v0x5908b59de540_0;
    %concat/vec4; draw_concat_vec4
    %cmpi/e 3, 0, 2;
    %flag_get/vec4 4;
    %jmp/0 T_0.5, 4;
    %load/vec4 v0x5908b59dcff0_0;
    %load/vec4 v0x5908b59dd090_0;
    %concat/vec4; draw_concat_vec4
    %pushi/vec4 0, 0, 2;
    %cmp/e;
    %flag_get/vec4 4;
    %and;
T_0.5;
    %flag_set/vec4 10;
    %flag_get/vec4 10;
    %jmp/0 T_0.4, 10;
    %load/vec4 v0x5908b59dda70_0;
    %and;
T_0.4;
    %flag_set/vec4 9;
    %flag_or 8, 9;
T_0.2;
    %jmp/0xz  T_0.0, 8;
    %pushi/vec4 1, 1, 1;
    %store/vec4 v0x5908b59dd6c0_0, 0, 1;
    %pushi/vec4 1, 1, 1;
    %store/vec4 v0x5908b59dd3b0_0, 0, 1;
    %jmp T_0.1;
T_0.0 ;
    %load/vec4 v0x5908b59de290_0;
    %load/vec4 v0x5908b59de540_0;
    %concat/vec4; draw_concat_vec4
    %cmpi/e 0, 0, 2;
    %flag_get/vec4 4;
    %jmp/0 T_0.9, 4;
    %load/vec4 v0x5908b59dcff0_0;
    %load/vec4 v0x5908b59dd090_0;
    %concat/vec4; draw_concat_vec4
    %pushi/vec4 3, 0, 2;
    %cmp/e;
    %flag_get/vec4 4;
    %and;
T_0.9;
    %flag_set/vec4 8;
    %jmp/1 T_0.8, 8;
    %load/vec4 v0x5908b59de290_0;
    %load/vec4 v0x5908b59de540_0;
    %concat/vec4; draw_concat_vec4
    %cmpi/e 3, 0, 2;
    %flag_get/vec4 4;
    %jmp/0 T_0.11, 4;
    %load/vec4 v0x5908b59dcff0_0;
    %load/vec4 v0x5908b59dd090_0;
    %concat/vec4; draw_concat_vec4
    %pushi/vec4 3, 0, 2;
    %cmp/e;
    %flag_get/vec4 4;
    %and;
T_0.11;
    %flag_set/vec4 10;
    %flag_get/vec4 10;
    %jmp/0 T_0.10, 10;
    %load/vec4 v0x5908b59dda70_0;
    %and;
T_0.10;
    %flag_set/vec4 9;
    %flag_or 8, 9;
T_0.8;
    %jmp/0xz  T_0.6, 8;
    %pushi/vec4 1, 0, 1;
    %store/vec4 v0x5908b59dd6c0_0, 0, 1;
    %pushi/vec4 1, 0, 1;
    %store/vec4 v0x5908b59dd3b0_0, 0, 1;
    %jmp T_0.7;
T_0.6 ;
    %load/vec4 v0x5908b59dcff0_0;
    %load/vec4 v0x5908b59dd090_0;
    %concat/vec4; draw_concat_vec4
    %load/vec4 v0x5908b59dda70_0;
    %concat/vec4; draw_concat_vec4
    %dup/vec4;
    %pushi/vec4 1, 0, 3;
    %cmp/u;
    %jmp/1 T_0.12, 6;
    %dup/vec4;
    %pushi/vec4 3, 0, 3;
    %cmp/u;
    %jmp/1 T_0.13, 6;
    %dup/vec4;
    %pushi/vec4 5, 0, 3;
    %cmp/u;
    %jmp/1 T_0.14, 6;
    %dup/vec4;
    %pushi/vec4 7, 0, 3;
    %cmp/u;
    %jmp/1 T_0.15, 6;
    %load/vec4 v0x5908b59de290_0;
    %store/vec4 v0x5908b59dd6c0_0, 0, 1;
    %load/vec4 v0x5908b59de540_0;
    %store/vec4 v0x5908b59dd3b0_0, 0, 1;
    %jmp T_0.17;
T_0.12 ;
    %load/vec4 v0x5908b59de290_0;
    %store/vec4 v0x5908b59dd6c0_0, 0, 1;
    %load/vec4 v0x5908b59de540_0;
    %store/vec4 v0x5908b59dd3b0_0, 0, 1;
    %jmp T_0.17;
T_0.13 ;
    %pushi/vec4 0, 0, 1;
    %store/vec4 v0x5908b59dd6c0_0, 0, 1;
    %pushi/vec4 1, 0, 1;
    %store/vec4 v0x5908b59dd3b0_0, 0, 1;
    %jmp T_0.17;
T_0.14 ;
    %pushi/vec4 1, 0, 1;
    %store/vec4 v0x5908b59dd6c0_0, 0, 1;
    %pushi/vec4 0, 0, 1;
    %store/vec4 v0x5908b59dd3b0_0, 0, 1;
    %jmp T_0.17;
T_0.15 ;
    %load/vec4 v0x5908b59de290_0;
    %inv;
    %store/vec4 v0x5908b59dd6c0_0, 0, 1;
    %load/vec4 v0x5908b59de540_0;
    %inv;
    %store/vec4 v0x5908b59dd3b0_0, 0, 1;
    %jmp T_0.17;
T_0.17 ;
    %pop/vec4 1;
T_0.7 ;
T_0.1 ;
    %end;
S_0x5908b59b6520 .scope task, "close" "close" 3 226, 3 226 0, S_0x5908b59b74a0;
 .timescale -9 -10;
TD_tb_jkff_rst.close ;
    %delay 100, 0;
    %vpi_call/w 3 229 "$fclose", v0x5908b59dcf10_0 {0 0 0};
    %vpi_call/w 3 231 "$display" {0 0 0};
    %vpi_call/w 3 232 "$display", "COVERAGE_REPORT" {0 0 0};
    %vpi_call/w 3 233 "$display", "input 00 has been hit %d times", v0x5908b59ddcf0_0 {0 0 0};
    %vpi_call/w 3 234 "$display", "input 01 has been hit %d times", v0x5908b59ddd90_0 {0 0 0};
    %vpi_call/w 3 235 "$display", "input 10 has been hit %d times", v0x5908b59dde50_0 {0 0 0};
    %vpi_call/w 3 236 "$display", "input 11 has been hit %d times", v0x5908b59ddf30_0 {0 0 0};
    %vpi_call/w 3 237 "$display" {0 0 0};
    %vpi_call/w 3 238 "$display", "VECTORCOUNT = %d", v0x5908b59ddb10_0 {0 0 0};
    %vpi_call/w 3 239 "$display", "ERRORS = %15d", v0x5908b59dcde0_0 {0 0 0};
    %vpi_call/w 3 240 "$display" {0 0 0};
    %vpi_call/w 3 241 "$display", "TEST_END--------------------------------------------------------------------------------------------------------------------------" {0 0 0};
    %vpi_call/w 3 242 "$display" {0 0 0};
    %vpi_call/w 3 244 "$finish" {0 0 0};
    %end;
S_0x5908b59b5d60 .scope task, "coverage_update" "coverage_update" 3 271, 3 271 0, S_0x5908b59b74a0;
 .timescale -9 -10;
TD_tb_jkff_rst.coverage_update ;
    %load/vec4 v0x5908b59dcff0_0;
    %load/vec4 v0x5908b59dd090_0;
    %concat/vec4; draw_concat_vec4
    %dup/vec4;
    %pushi/vec4 0, 0, 2;
    %cmp/u;
    %jmp/1 T_2.18, 6;
    %dup/vec4;
    %pushi/vec4 1, 0, 2;
    %cmp/u;
    %jmp/1 T_2.19, 6;
    %dup/vec4;
    %pushi/vec4 2, 0, 2;
    %cmp/u;
    %jmp/1 T_2.20, 6;
    %dup/vec4;
    %pushi/vec4 3, 0, 2;
    %cmp/u;
    %jmp/1 T_2.21, 6;
    %jmp T_2.22;
T_2.18 ;
    %load/vec4 v0x5908b59ddcf0_0;
    %addi 1, 0, 32;
    %store/vec4 v0x5908b59ddcf0_0, 0, 32;
    %jmp T_2.22;
T_2.19 ;
    %load/vec4 v0x5908b59ddd90_0;
    %addi 1, 0, 32;
    %store/vec4 v0x5908b59ddd90_0, 0, 32;
    %jmp T_2.22;
T_2.20 ;
    %load/vec4 v0x5908b59dde50_0;
    %addi 1, 0, 32;
    %store/vec4 v0x5908b59dde50_0, 0, 32;
    %jmp T_2.22;
T_2.21 ;
    %load/vec4 v0x5908b59ddf30_0;
    %addi 1, 0, 32;
    %store/vec4 v0x5908b59ddf30_0, 0, 32;
    %jmp T_2.22;
T_2.22 ;
    %pop/vec4 1;
    %end;
S_0x5908b59b12c0 .scope task, "display_file" "display_file" 3 262, 3 262 0, S_0x5908b59b74a0;
 .timescale -9 -10;
TD_tb_jkff_rst.display_file ;
    %vpi_call/w 3 264 "$display", "%10d %9s | %4d | %1d | %1d | %4d     | %4d     | %4d    | %5d     | %5d     | %5d     | %6d       | %2d   |", v0x5908b59ddb10_0, v0x5908b59dca60_0, $time, v0x5908b59dcff0_0, v0x5908b59dd090_0, v0x5908b59dd900_0, v0x5908b59dd830_0, v0x5908b59dd760_0, v0x5908b59dd5f0_0, v0x5908b59dd520_0, v0x5908b59dd6c0_0, v0x5908b59dd3b0_0, v0x5908b59dda70_0 {0 0 0};
    %end;
S_0x5908b59b55a0 .scope module, "dut_jk_flip_flop_behavioral" "jk_flip_flop_behavioral" 3 39, 4 112 0, S_0x5908b59b74a0;
 .timescale -9 -10;
    .port_info 0 /INPUT 1 "j";
    .port_info 1 /INPUT 1 "k";
    .port_info 2 /INPUT 1 "clk";
    .port_info 3 /INPUT 1 "clk2";
    .port_info 4 /OUTPUT 1 "q";
    .port_info 5 /OUTPUT 1 "qbar";
L_0x5908b59e17c0 .functor NOT 1, v0x5908b59d8500_0, C4<0>, C4<0>, C4<0>;
v0x5908b59bb610_0 .net "clk", 0 0, v0x5908b59dd9d0_0;  1 drivers
v0x5908b59d82e0_0 .net "clk2", 0 0, v0x5908b59dda70_0;  1 drivers
v0x5908b59d83a0_0 .net "j", 0 0, v0x5908b59dcff0_0;  1 drivers
v0x5908b59d8440_0 .net "k", 0 0, v0x5908b59dd090_0;  1 drivers
v0x5908b59d8500_0 .var "q", 0 0;
v0x5908b59d8610_0 .net "qbar", 0 0, L_0x5908b59e17c0;  alias, 1 drivers
E_0x5908b599d260 .event posedge, v0x5908b59bb610_0;
S_0x5908b59d8790 .scope module, "dut_jk_flip_flop_dataflow" "jk_flip_flop_dataflow" 3 38, 4 57 0, S_0x5908b59b74a0;
 .timescale -9 -10;
    .port_info 0 /INPUT 1 "j";
    .port_info 1 /INPUT 1 "k";
    .port_info 2 /INPUT 1 "clk";
    .port_info 3 /INPUT 1 "clk2";
    .port_info 4 /INPUT 1 "q_prev";
    .port_info 5 /INPUT 1 "qbar_prev";
    .port_info 6 /INPUT 1 "q3_prev";
    .port_info 7 /INPUT 1 "qbar3_prev";
    .port_info 8 /OUTPUT 1 "q3";
    .port_info 9 /OUTPUT 1 "qbar3";
    .port_info 10 /OUTPUT 1 "q";
    .port_info 11 /OUTPUT 1 "qbar";
L_0x5908b59df580 .functor AND 1, v0x5908b59dcff0_0, v0x5908b59dd9d0_0, C4<1>, C4<1>;
L_0x5908b59df890 .functor AND 1, L_0x5908b59df580, v0x5908b59de780_0, C4<1>, C4<1>;
L_0x5908b59df9a0 .functor NOT 1, L_0x5908b59df890, C4<0>, C4<0>, C4<0>;
L_0x5908b59dfa60 .functor AND 1, v0x5908b59dd090_0, v0x5908b59dd9d0_0, C4<1>, C4<1>;
L_0x5908b59dfad0 .functor AND 1, L_0x5908b59dfa60, v0x5908b59de920_0, C4<1>, C4<1>;
L_0x5908b59dfbe0 .functor NOT 1, L_0x5908b59dfad0, C4<0>, C4<0>, C4<0>;
L_0x5908b59dfce0 .functor AND 1, L_0x5908b59df9a0, v0x5908b59de5e0_0, C4<1>, C4<1>;
L_0x5908b59dfdf0 .functor NOT 1, L_0x5908b59dfce0, C4<0>, C4<0>, C4<0>;
L_0x5908b59dff00 .functor AND 1, L_0x5908b59dfbe0, v0x5908b59de0f0_0, C4<1>, C4<1>;
L_0x5908b59e0010 .functor NOT 1, L_0x5908b59dff00, C4<0>, C4<0>, C4<0>;
L_0x5908b59e0130 .functor AND 1, L_0x5908b59df9a0, L_0x5908b59e0010, C4<1>, C4<1>;
L_0x5908b59e01a0 .functor NOT 1, L_0x5908b59e0130, C4<0>, C4<0>, C4<0>;
L_0x5908b59e02d0 .functor AND 1, L_0x5908b59dfbe0, L_0x5908b59dfdf0, C4<1>, C4<1>;
L_0x5908b59e0390 .functor NOT 1, L_0x5908b59e02d0, C4<0>, C4<0>, C4<0>;
L_0x5908b59e0260 .functor AND 1, L_0x5908b59df9a0, L_0x5908b59e0390, C4<1>, C4<1>;
L_0x5908b59e0560 .functor NOT 1, L_0x5908b59e0260, C4<0>, C4<0>, C4<0>;
L_0x5908b59e0700 .functor AND 1, L_0x5908b59dfbe0, L_0x5908b59e01a0, C4<1>, C4<1>;
L_0x5908b59e0800 .functor NOT 1, L_0x5908b59e0700, C4<0>, C4<0>, C4<0>;
L_0x5908b59e09b0 .functor AND 1, L_0x5908b59e0560, v0x5908b59dda70_0, C4<1>, C4<1>;
L_0x5908b59e0a20 .functor NOT 1, L_0x5908b59e09b0, C4<0>, C4<0>, C4<0>;
L_0x5908b59e0b90 .functor AND 1, L_0x5908b59e0800, v0x5908b59dda70_0, C4<1>, C4<1>;
L_0x5908b59e0c00 .functor NOT 1, L_0x5908b59e0b90, C4<0>, C4<0>, C4<0>;
L_0x5908b59e0d80 .functor AND 1, L_0x5908b59e0a20, v0x5908b59de780_0, C4<1>, C4<1>;
L_0x5908b59e0e40 .functor NOT 1, L_0x5908b59e0d80, C4<0>, C4<0>, C4<0>;
L_0x5908b59e0fd0 .functor AND 1, L_0x5908b59e0c00, v0x5908b59de920_0, C4<1>, C4<1>;
L_0x5908b59e1090 .functor NOT 1, L_0x5908b59e0fd0, C4<0>, C4<0>, C4<0>;
L_0x5908b59e1230 .functor AND 1, L_0x5908b59e0a20, L_0x5908b59e1090, C4<1>, C4<1>;
L_0x5908b59e12f0 .functor NOT 1, L_0x5908b59e1230, C4<0>, C4<0>, C4<0>;
L_0x5908b59e14f0 .functor AND 1, L_0x5908b59e0c00, L_0x5908b59e0e40, C4<1>, C4<1>;
L_0x5908b59e15b0 .functor NOT 1, L_0x5908b59e14f0, C4<0>, C4<0>, C4<0>;
v0x5908b59d8aa0_0 .net *"_ivl_0", 0 0, L_0x5908b59df580;  1 drivers
v0x5908b59d8ba0_0 .net *"_ivl_12", 0 0, L_0x5908b59dfce0;  1 drivers
v0x5908b59d8c80_0 .net *"_ivl_16", 0 0, L_0x5908b59dff00;  1 drivers
v0x5908b59d8d40_0 .net *"_ivl_2", 0 0, L_0x5908b59df890;  1 drivers
v0x5908b59d8e20_0 .net *"_ivl_20", 0 0, L_0x5908b59e0130;  1 drivers
v0x5908b59d8f50_0 .net *"_ivl_24", 0 0, L_0x5908b59e02d0;  1 drivers
v0x5908b59d9030_0 .net *"_ivl_28", 0 0, L_0x5908b59e0260;  1 drivers
v0x5908b59d9110_0 .net *"_ivl_32", 0 0, L_0x5908b59e0700;  1 drivers
v0x5908b59d91f0_0 .net *"_ivl_36", 0 0, L_0x5908b59e09b0;  1 drivers
v0x5908b59d92d0_0 .net *"_ivl_40", 0 0, L_0x5908b59e0b90;  1 drivers
v0x5908b59d93b0_0 .net *"_ivl_44", 0 0, L_0x5908b59e0d80;  1 drivers
v0x5908b59d9490_0 .net *"_ivl_48", 0 0, L_0x5908b59e0fd0;  1 drivers
v0x5908b59d9570_0 .net *"_ivl_52", 0 0, L_0x5908b59e1230;  1 drivers
v0x5908b59d9650_0 .net *"_ivl_56", 0 0, L_0x5908b59e14f0;  1 drivers
v0x5908b59d9730_0 .net *"_ivl_6", 0 0, L_0x5908b59dfa60;  1 drivers
v0x5908b59d9810_0 .net *"_ivl_8", 0 0, L_0x5908b59dfad0;  1 drivers
v0x5908b59d98f0_0 .net "clk", 0 0, v0x5908b59dd9d0_0;  alias, 1 drivers
v0x5908b59d9990_0 .net "clk2", 0 0, v0x5908b59dda70_0;  alias, 1 drivers
v0x5908b59d9a30_0 .net "j", 0 0, v0x5908b59dcff0_0;  alias, 1 drivers
v0x5908b59d9ad0_0 .net "k", 0 0, v0x5908b59dd090_0;  alias, 1 drivers
v0x5908b59d9b70_0 .net "q", 0 0, L_0x5908b59e12f0;  alias, 1 drivers
v0x5908b59d9c10_0 .net "q1", 0 0, L_0x5908b59dfdf0;  1 drivers
v0x5908b59d9cb0_0 .net "q2", 0 0, L_0x5908b59e01a0;  1 drivers
v0x5908b59d9d50_0 .net "q3", 0 0, L_0x5908b59e0560;  alias, 1 drivers
v0x5908b59d9df0_0 .net "q3_prev", 0 0, v0x5908b59de0f0_0;  1 drivers
v0x5908b59d9eb0_0 .net "q4", 0 0, L_0x5908b59e0e40;  1 drivers
v0x5908b59d9f70_0 .net "q_prev", 0 0, v0x5908b59de920_0;  1 drivers
v0x5908b59da030_0 .net "qbar", 0 0, L_0x5908b59e15b0;  alias, 1 drivers
v0x5908b59da0f0_0 .net "qbar1", 0 0, L_0x5908b59e0010;  1 drivers
v0x5908b59da1b0_0 .net "qbar2", 0 0, L_0x5908b59e0390;  1 drivers
v0x5908b59da270_0 .net "qbar3", 0 0, L_0x5908b59e0800;  alias, 1 drivers
v0x5908b59da330_0 .net "qbar3_prev", 0 0, v0x5908b59de5e0_0;  1 drivers
v0x5908b59da3f0_0 .net "qbar4", 0 0, L_0x5908b59e1090;  1 drivers
v0x5908b59da4b0_0 .net "qbar_prev", 0 0, v0x5908b59de780_0;  1 drivers
v0x5908b59da570_0 .net "r", 0 0, L_0x5908b59e0c00;  1 drivers
v0x5908b59da630_0 .net "r1", 0 0, L_0x5908b59dfbe0;  1 drivers
v0x5908b59da6f0_0 .net "s", 0 0, L_0x5908b59e0a20;  1 drivers
v0x5908b59da7b0_0 .net "s1", 0 0, L_0x5908b59df9a0;  1 drivers
S_0x5908b59da9f0 .scope module, "dut_jk_flip_flop_gate" "jk_flip_flop_gate" 3 37, 4 3 0, S_0x5908b59b74a0;
 .timescale -9 -10;
    .port_info 0 /INPUT 1 "j";
    .port_info 1 /INPUT 1 "k";
    .port_info 2 /INPUT 1 "clk";
    .port_info 3 /INPUT 1 "clk2";
    .port_info 4 /INPUT 1 "q_prev";
    .port_info 5 /INPUT 1 "qbar_prev";
    .port_info 6 /INPUT 1 "q3_prev";
    .port_info 7 /INPUT 1 "qbar3_prev";
    .port_info 8 /OUTPUT 1 "q3";
    .port_info 9 /OUTPUT 1 "qbar3";
    .port_info 10 /OUTPUT 1 "q";
    .port_info 11 /OUTPUT 1 "qbar";
L_0x5908b59ba160 .functor NAND 1, v0x5908b59dcff0_0, v0x5908b59dd9d0_0, v0x5908b59de850_0, C4<1>;
L_0x5908b5997e20 .functor NAND 1, v0x5908b59dd090_0, v0x5908b59dd9d0_0, v0x5908b59de9f0_0, C4<1>;
L_0x5908b59dec70 .functor NAND 1, L_0x5908b59ba160, v0x5908b59de6b0_0, C4<1>, C4<1>;
L_0x5908b59dece0 .functor NAND 1, L_0x5908b5997e20, v0x5908b59de1c0_0, C4<1>, C4<1>;
L_0x5908b59dee20 .functor NAND 1, L_0x5908b59ba160, L_0x5908b59dece0, C4<1>, C4<1>;
L_0x5908b59deee0 .functor NAND 1, L_0x5908b5997e20, L_0x5908b59dec70, C4<1>, C4<1>;
L_0x5908b59defe0 .functor NAND 1, L_0x5908b59ba160, L_0x5908b59deee0, C4<1>, C4<1>;
L_0x5908b59df130 .functor NAND 1, L_0x5908b5997e20, L_0x5908b59dee20, C4<1>, C4<1>;
L_0x5908b59df2d0 .functor NAND 1, L_0x5908b59defe0, v0x5908b59dda70_0, C4<1>, C4<1>;
L_0x5908b59df3d0 .functor NAND 1, L_0x5908b59df130, v0x5908b59dda70_0, C4<1>, C4<1>;
L_0x5908b59df4a0 .functor NAND 1, L_0x5908b59df2d0, v0x5908b59de850_0, C4<1>, C4<1>;
L_0x5908b59df510 .functor NAND 1, L_0x5908b59df3d0, v0x5908b59de9f0_0, C4<1>, C4<1>;
L_0x5908b59df5f0 .functor NAND 1, L_0x5908b59df2d0, L_0x5908b59df510, C4<1>, C4<1>;
L_0x5908b59df700 .functor NAND 1, L_0x5908b59df3d0, L_0x5908b59df4a0, C4<1>, C4<1>;
v0x5908b59dacb0_0 .net "clk", 0 0, v0x5908b59dd9d0_0;  alias, 1 drivers
v0x5908b59dadc0_0 .net "clk2", 0 0, v0x5908b59dda70_0;  alias, 1 drivers
v0x5908b59daed0_0 .net "j", 0 0, v0x5908b59dcff0_0;  alias, 1 drivers
v0x5908b59dafc0_0 .net "k", 0 0, v0x5908b59dd090_0;  alias, 1 drivers
v0x5908b59db0b0_0 .net "q", 0 0, L_0x5908b59df5f0;  alias, 1 drivers
v0x5908b59db1a0_0 .net "q1", 0 0, L_0x5908b59dec70;  1 drivers
v0x5908b59db240_0 .net "q2", 0 0, L_0x5908b59dee20;  1 drivers
v0x5908b59db300_0 .net "q3", 0 0, L_0x5908b59defe0;  alias, 1 drivers
v0x5908b59db3c0_0 .net "q3_prev", 0 0, v0x5908b59de1c0_0;  1 drivers
v0x5908b59db480_0 .net "q4", 0 0, L_0x5908b59df4a0;  1 drivers
v0x5908b59db540_0 .net "q_prev", 0 0, v0x5908b59de9f0_0;  1 drivers
v0x5908b59db600_0 .net "qbar", 0 0, L_0x5908b59df700;  alias, 1 drivers
v0x5908b59db6c0_0 .net "qbar1", 0 0, L_0x5908b59dece0;  1 drivers
v0x5908b59db780_0 .net "qbar2", 0 0, L_0x5908b59deee0;  1 drivers
v0x5908b59db840_0 .net "qbar3", 0 0, L_0x5908b59df130;  alias, 1 drivers
v0x5908b59db900_0 .net "qbar3_prev", 0 0, v0x5908b59de6b0_0;  1 drivers
v0x5908b59db9c0_0 .net "qbar4", 0 0, L_0x5908b59df510;  1 drivers
v0x5908b59dba80_0 .net "qbar_prev", 0 0, v0x5908b59de850_0;  1 drivers
v0x5908b59dbb40_0 .net "r", 0 0, L_0x5908b59df3d0;  1 drivers
v0x5908b59dbc00_0 .net "r1", 0 0, L_0x5908b5997e20;  1 drivers
v0x5908b59dbcc0_0 .net "s", 0 0, L_0x5908b59df2d0;  1 drivers
v0x5908b59dbd80_0 .net "s1", 0 0, L_0x5908b59ba160;  1 drivers
S_0x5908b59dbfc0 .scope task, "errors_check" "errors_check" 3 287, 3 287 0, S_0x5908b59b74a0;
 .timescale -9 -10;
TD_tb_jkff_rst.errors_check ;
    %load/vec4 v0x5908b59de290_0;
    %load/vec4 v0x5908b59de540_0;
    %concat/vec4; draw_concat_vec4
    %cmpi/e 0, 0, 2;
    %flag_get/vec4 4;
    %jmp/0 T_4.26, 4;
    %load/vec4 v0x5908b59dcff0_0;
    %load/vec4 v0x5908b59dd090_0;
    %concat/vec4; draw_concat_vec4
    %pushi/vec4 0, 0, 2;
    %cmp/e;
    %flag_get/vec4 4;
    %and;
T_4.26;
    %flag_set/vec4 8;
    %jmp/1 T_4.25, 8;
    %load/vec4 v0x5908b59de290_0;
    %load/vec4 v0x5908b59de540_0;
    %concat/vec4; draw_concat_vec4
    %cmpi/e 3, 0, 2;
    %flag_get/vec4 4;
    %jmp/0 T_4.27, 4;
    %load/vec4 v0x5908b59dcff0_0;
    %load/vec4 v0x5908b59dd090_0;
    %concat/vec4; draw_concat_vec4
    %pushi/vec4 0, 0, 2;
    %cmp/e;
    %flag_get/vec4 4;
    %and;
T_4.27;
    %flag_set/vec4 9;
    %flag_or 8, 9;
T_4.25;
    %jmp/0xz  T_4.23, 8;
    %vpi_call/w 3 292 "$display", "***ERROR: ILLEGAL CONDITION,RACING CONDITION" {0 0 0};
    %load/vec4 v0x5908b59dcde0_0;
    %addi 1, 0, 32;
    %store/vec4 v0x5908b59dcde0_0, 0, 32;
T_4.23 ;
    %load/vec4 v0x5908b59de290_0;
    %load/vec4 v0x5908b59de540_0;
    %concat/vec4; draw_concat_vec4
    %cmpi/e 0, 0, 2;
    %flag_get/vec4 4;
    %jmp/0 T_4.31, 4;
    %load/vec4 v0x5908b59dcff0_0;
    %load/vec4 v0x5908b59dd090_0;
    %concat/vec4; draw_concat_vec4
    %pushi/vec4 3, 0, 2;
    %cmp/e;
    %flag_get/vec4 4;
    %and;
T_4.31;
    %flag_set/vec4 8;
    %jmp/1 T_4.30, 8;
    %load/vec4 v0x5908b59de290_0;
    %load/vec4 v0x5908b59de540_0;
    %concat/vec4; draw_concat_vec4
    %cmpi/e 3, 0, 2;
    %flag_get/vec4 4;
    %jmp/0 T_4.32, 4;
    %load/vec4 v0x5908b59dcff0_0;
    %load/vec4 v0x5908b59dd090_0;
    %concat/vec4; draw_concat_vec4
    %pushi/vec4 3, 0, 2;
    %cmp/e;
    %flag_get/vec4 4;
    %and;
T_4.32;
    %flag_set/vec4 9;
    %flag_or 8, 9;
T_4.30;
    %jmp/0xz  T_4.28, 8;
    %vpi_call/w 3 299 "$display", "***ERROR: ILLEGAL CONDITION, q = %b and qbar = %b", v0x5908b59dd6c0_0, v0x5908b59dd3b0_0 {0 0 0};
    %load/vec4 v0x5908b59dcde0_0;
    %addi 1, 0, 32;
    %store/vec4 v0x5908b59dcde0_0, 0, 32;
T_4.28 ;
    %load/vec4 v0x5908b59dd900_0;
    %load/vec4 v0x5908b59dd6c0_0;
    %cmp/ne;
    %jmp/0xz  T_4.33, 6;
    %vpi_call/w 3 308 "$display", "***ERROR: Q_gate = %b, Q_expected = %b", v0x5908b59dd900_0, v0x5908b59dd6c0_0 {0 0 0};
    %load/vec4 v0x5908b59dcde0_0;
    %addi 1, 0, 32;
    %store/vec4 v0x5908b59dcde0_0, 0, 32;
T_4.33 ;
    %load/vec4 v0x5908b59dd830_0;
    %load/vec4 v0x5908b59dd6c0_0;
    %cmp/ne;
    %jmp/0xz  T_4.35, 6;
    %vpi_call/w 3 315 "$display", "***ERROR: Q_dataflow = %b, Q_expected = %b", v0x5908b59dd830_0, v0x5908b59dd6c0_0 {0 0 0};
    %load/vec4 v0x5908b59dcde0_0;
    %addi 1, 0, 32;
    %store/vec4 v0x5908b59dcde0_0, 0, 32;
T_4.35 ;
    %load/vec4 v0x5908b59dd760_0;
    %load/vec4 v0x5908b59dd6c0_0;
    %cmp/ne;
    %jmp/0xz  T_4.37, 6;
    %vpi_call/w 3 322 "$display", "***ERROR: Q_behavioral = %b, Q_expected = %b", v0x5908b59dd760_0, v0x5908b59dd6c0_0 {0 0 0};
    %load/vec4 v0x5908b59dcde0_0;
    %addi 1, 0, 32;
    %store/vec4 v0x5908b59dcde0_0, 0, 32;
T_4.37 ;
    %load/vec4 v0x5908b59dd5f0_0;
    %load/vec4 v0x5908b59dd3b0_0;
    %cmp/ne;
    %jmp/0xz  T_4.39, 6;
    %vpi_call/w 3 329 "$display", "***ERROR: QBAR_gate = %b, QBAR_expected = %b", v0x5908b59dd5f0_0, v0x5908b59dd3b0_0 {0 0 0};
    %load/vec4 v0x5908b59dcde0_0;
    %addi 1, 0, 32;
    %store/vec4 v0x5908b59dcde0_0, 0, 32;
T_4.39 ;
    %load/vec4 v0x5908b59dd520_0;
    %load/vec4 v0x5908b59dd3b0_0;
    %cmp/ne;
    %jmp/0xz  T_4.41, 6;
    %vpi_call/w 3 336 "$display", "***ERROR: QBAR_dataflow = %b, QBAR_expected = %b", v0x5908b59dd520_0, v0x5908b59dd3b0_0 {0 0 0};
    %load/vec4 v0x5908b59dcde0_0;
    %addi 1, 0, 32;
    %store/vec4 v0x5908b59dcde0_0, 0, 32;
T_4.41 ;
    %end;
S_0x5908b59dc150 .scope task, "force_release" "force_release" 3 104, 3 104 0, S_0x5908b59b74a0;
 .timescale -9 -10;
TD_tb_jkff_rst.force_release ;
    %delay 50, 0;
    %pushi/vec4 0, 0, 1;
    %force/vec4 v0x5908b59dd900_0;
    %pushi/vec4 1, 0, 1;
    %force/vec4 v0x5908b59dd5f0_0;
    %pushi/vec4 0, 0, 1;
    %force/vec4 v0x5908b59dd1d0_0;
    %pushi/vec4 1, 0, 1;
    %force/vec4 v0x5908b59dd310_0;
    %pushi/vec4 0, 0, 1;
    %force/vec4 v0x5908b59dd830_0;
    %pushi/vec4 1, 0, 1;
    %force/vec4 v0x5908b59dd520_0;
    %pushi/vec4 0, 0, 1;
    %force/vec4 v0x5908b59dd130_0;
    %pushi/vec4 1, 0, 1;
    %force/vec4 v0x5908b59dd270_0;
    %pushi/vec4 0, 0, 1;
    %force/vec4 v0x5908b59dd760_0;
    %pushi/vec4 1, 0, 1;
    %force/vec4 v0x5908b59dd450_0;
    %delay 100, 0;
    %release/net v0x5908b59dd900_0, 0, 1;
    %release/net v0x5908b59dd5f0_0, 0, 1;
    %release/net v0x5908b59dd1d0_0, 0, 1;
    %release/net v0x5908b59dd310_0, 0, 1;
    %release/net v0x5908b59dd830_0, 0, 1;
    %release/net v0x5908b59dd520_0, 0, 1;
    %release/net v0x5908b59dd130_0, 0, 1;
    %release/net v0x5908b59dd270_0, 0, 1;
    %release/net v0x5908b59dd760_0, 0, 1;
    %release/net v0x5908b59dd450_0, 0, 1;
    %end;
S_0x5908b59dc330 .scope task, "initialize" "initialize" 3 75, 3 75 0, S_0x5908b59b74a0;
 .timescale -9 -10;
TD_tb_jkff_rst.initialize ;
    %vpi_func 3 77 "$fopen" 32, "tb_jkff_rst.tv", "r" {0 0 0};
    %store/vec4 v0x5908b59dcf10_0, 0, 32;
    %vpi_func 3 78 "$fscanf" 32, v0x5908b59dcf10_0, "%s", v0x5908b59dca60_0 {0 0 0};
    %store/vec4 v0x5908b59dcd00_0, 0, 32;
    %vpi_func 3 80 "$fscanf" 32, v0x5908b59dcf10_0, "%s %b %b %s %s", v0x5908b59dca60_0, v0x5908b59dcff0_0, v0x5908b59dd090_0, v0x5908b59dcb60_0, v0x5908b59dcc40_0 {0 0 0};
    %store/vec4 v0x5908b59dcd00_0, 0, 32;
    %pushi/vec4 0, 0, 1;
    %store/vec4 v0x5908b59dd9d0_0, 0, 1;
    %pushi/vec4 0, 0, 32;
    %store/vec4 v0x5908b59ddb10_0, 0, 32;
    %pushi/vec4 0, 0, 32;
    %store/vec4 v0x5908b59dcde0_0, 0, 32;
    %pushi/vec4 0, 0, 32;
    %store/vec4 v0x5908b59ddcf0_0, 0, 32;
    %pushi/vec4 0, 0, 32;
    %store/vec4 v0x5908b59ddd90_0, 0, 32;
    %pushi/vec4 0, 0, 32;
    %store/vec4 v0x5908b59dde50_0, 0, 32;
    %pushi/vec4 0, 0, 32;
    %store/vec4 v0x5908b59ddf30_0, 0, 32;
    %pushi/vec4 0, 0, 1;
    %store/vec4 v0x5908b59ddbb0_0, 0, 1;
    %pushi/vec4 0, 0, 1;
    %store/vec4 v0x5908b59dda70_0, 0, 1;
    %vpi_call/w 3 91 "$display" {0 0 0};
    %vpi_call/w 3 92 "$display", "TEST_START------------------------------------------------------------------------------------------------------------------------" {0 0 0};
    %vpi_call/w 3 93 "$display" {0 0 0};
    %vpi_call/w 3 94 "$display", "                     | TIME | J | K |  Q_gate  |  Q_data  |  Q_beh  | QBAR_gate | QBAR_data | QEXPECTED | QBAREXPECTED | CLK2 |" {0 0 0};
    %vpi_call/w 3 95 "$display", "----------------------------------------------------------------------------------------------------------------------------------" {0 0 0};
    %end;
S_0x5908b59dc4c0 .scope task, "random_in" "random_in" 3 150, 3 150 0, S_0x5908b59b74a0;
 .timescale -9 -10;
TD_tb_jkff_rst.random_in ;
    %vpi_func 3 153 "$urandom" 32 {0 0 0};
    %pushi/vec4 2, 0, 32;
    %mod;
    %pad/u 1;
    %store/vec4 v0x5908b59dcff0_0, 0, 1;
    %vpi_func 3 154 "$urandom" 32 {0 0 0};
    %pushi/vec4 2, 0, 32;
    %mod;
    %pad/u 1;
    %store/vec4 v0x5908b59dd090_0, 0, 1;
    %load/vec4 v0x5908b59dcff0_0;
    %load/vec4 v0x5908b59dd090_0;
    %concat/vec4; draw_concat_vec4
    %dup/vec4;
    %pushi/vec4 0, 0, 2;
    %cmp/u;
    %jmp/1 T_7.43, 6;
    %dup/vec4;
    %pushi/vec4 1, 0, 2;
    %cmp/u;
    %jmp/1 T_7.44, 6;
    %dup/vec4;
    %pushi/vec4 2, 0, 2;
    %cmp/u;
    %jmp/1 T_7.45, 6;
    %dup/vec4;
    %pushi/vec4 3, 0, 2;
    %cmp/u;
    %jmp/1 T_7.46, 6;
    %jmp T_7.47;
T_7.43 ;
    %load/vec4 v0x5908b59de290_0;
    %load/vec4 v0x5908b59de540_0;
    %concat/vec4; draw_concat_vec4
    %cmpi/e 0, 0, 2;
    %jmp/1 T_7.50, 4;
    %flag_mov 8, 4;
    %load/vec4 v0x5908b59de290_0;
    %load/vec4 v0x5908b59de540_0;
    %concat/vec4; draw_concat_vec4
    %cmpi/e 3, 0, 2;
    %flag_or 4, 8;
T_7.50;
    %flag_mov 8, 4;
    %jmp/0 T_7.48, 8;
    %pushi/vec4 18764, 0, 32; draw_string_vec4
    %pushi/vec4 1279608641, 0, 32; draw_string_vec4
    %concat/vec4; draw_string_vec4
    %pushi/vec4 76, 0, 8; draw_string_vec4
    %concat/vec4; draw_string_vec4
    %jmp/1 T_7.49, 8;
T_7.48 ; End of true expr.
    %pushi/vec4 1313824579, 0, 32; draw_string_vec4
    %pushi/vec4 1212239431, 0, 32; draw_string_vec4
    %concat/vec4; draw_string_vec4
    %pushi/vec4 69, 0, 8; draw_string_vec4
    %concat/vec4; draw_string_vec4
    %jmp/0 T_7.49, 8;
 ; End of false expr.
    %blend;
T_7.49;
    %store/vec4 v0x5908b59dca60_0, 0, 72;
    %jmp T_7.47;
T_7.44 ;
    %pushi/vec4 0, 0, 32; draw_string_vec4
    %pushi/vec4 1380275013, 0, 32; draw_string_vec4
    %concat/vec4; draw_string_vec4
    %pushi/vec4 84, 0, 8; draw_string_vec4
    %concat/vec4; draw_string_vec4
    %store/vec4 v0x5908b59dca60_0, 0, 72;
    %jmp T_7.47;
T_7.45 ;
    %pushi/vec4 0, 0, 32; draw_string_vec4
    %pushi/vec4 21317, 0, 32; draw_string_vec4
    %concat/vec4; draw_string_vec4
    %pushi/vec4 84, 0, 8; draw_string_vec4
    %concat/vec4; draw_string_vec4
    %store/vec4 v0x5908b59dca60_0, 0, 72;
    %jmp T_7.47;
T_7.46 ;
    %load/vec4 v0x5908b59de290_0;
    %load/vec4 v0x5908b59de540_0;
    %concat/vec4; draw_concat_vec4
    %cmpi/e 3, 0, 2;
    %jmp/1 T_7.53, 4;
    %flag_mov 8, 4;
    %load/vec4 v0x5908b59de290_0;
    %load/vec4 v0x5908b59de540_0;
    %concat/vec4; draw_concat_vec4
    %cmpi/e 0, 0, 2;
    %flag_or 4, 8;
T_7.53;
    %flag_mov 8, 4;
    %jmp/0 T_7.51, 8;
    %pushi/vec4 18764, 0, 32; draw_string_vec4
    %pushi/vec4 1279608641, 0, 32; draw_string_vec4
    %concat/vec4; draw_string_vec4
    %pushi/vec4 76, 0, 8; draw_string_vec4
    %concat/vec4; draw_string_vec4
    %jmp/1 T_7.52, 8;
T_7.51 ; End of true expr.
    %pushi/vec4 21061, 0, 32; draw_string_vec4
    %pushi/vec4 1447383635, 0, 32; draw_string_vec4
    %concat/vec4; draw_string_vec4
    %pushi/vec4 69, 0, 8; draw_string_vec4
    %concat/vec4; draw_string_vec4
    %jmp/0 T_7.52, 8;
 ; End of false expr.
    %blend;
T_7.52;
    %store/vec4 v0x5908b59dca60_0, 0, 72;
    %jmp T_7.47;
T_7.47 ;
    %pop/vec4 1;
    %vpi_func 3 166 "$urandom_range" 32, 32'sb00000000000000000000000000000001, 32'sb00000000000000000000000000001010 {0 0 0};
    %pad/u 64;
    %muli 10, 0, 64;
    %ix/vec4 4;
    %delayx 4;
    %end;
S_0x5908b59dc6a0 .scope task, "scan_file" "scan_file" 3 139, 3 139 0, S_0x5908b59b74a0;
 .timescale -9 -10;
TD_tb_jkff_rst.scan_file ;
    %vpi_func 3 142 "$fscanf" 32, v0x5908b59dcf10_0, "%s %b %b %b %b", v0x5908b59dca60_0, v0x5908b59dcff0_0, v0x5908b59dd090_0, v0x5908b59dd6c0_0, v0x5908b59dd3b0_0 {0 0 0};
    %store/vec4 v0x5908b59dcd00_0, 0, 32;
    %load/vec4 v0x5908b59dcd00_0;
    %pushi/vec4 4294967295, 0, 32;
    %cmp/e;
    %flag_get/vec4 4;
    %store/vec4 v0x5908b59ddbb0_0, 0, 1;
    %end;
S_0x5908b59dc880 .scope task, "vectorcount" "vectorcount" 3 252, 3 252 0, S_0x5908b59b74a0;
 .timescale -9 -10;
TD_tb_jkff_rst.vectorcount ;
    %load/vec4 v0x5908b59ddb10_0;
    %addi 1, 0, 32;
    %store/vec4 v0x5908b59ddb10_0, 0, 32;
    %end;
    .scope S_0x5908b59b55a0;
T_10 ;
    %wait E_0x5908b599d260;
    %load/vec4 v0x5908b59d83a0_0;
    %load/vec4 v0x5908b59d8440_0;
    %concat/vec4; draw_concat_vec4
    %load/vec4 v0x5908b59d82e0_0;
    %concat/vec4; draw_concat_vec4
    %dup/vec4;
    %pushi/vec4 1, 0, 3;
    %cmp/u;
    %jmp/1 T_10.0, 6;
    %dup/vec4;
    %pushi/vec4 3, 0, 3;
    %cmp/u;
    %jmp/1 T_10.1, 6;
    %dup/vec4;
    %pushi/vec4 5, 0, 3;
    %cmp/u;
    %jmp/1 T_10.2, 6;
    %dup/vec4;
    %pushi/vec4 7, 0, 3;
    %cmp/u;
    %jmp/1 T_10.3, 6;
    %load/vec4 v0x5908b59d8500_0;
    %assign/vec4 v0x5908b59d8500_0, 0;
    %jmp T_10.5;
T_10.0 ;
    %load/vec4 v0x5908b59d8500_0;
    %assign/vec4 v0x5908b59d8500_0, 0;
    %jmp T_10.5;
T_10.1 ;
    %pushi/vec4 0, 0, 1;
    %assign/vec4 v0x5908b59d8500_0, 0;
    %jmp T_10.5;
T_10.2 ;
    %pushi/vec4 1, 0, 1;
    %assign/vec4 v0x5908b59d8500_0, 0;
    %jmp T_10.5;
T_10.3 ;
    %load/vec4 v0x5908b59d8500_0;
    %inv;
    %assign/vec4 v0x5908b59d8500_0, 0;
    %jmp T_10.5;
T_10.5 ;
    %pop/vec4 1;
    %jmp T_10;
    .thread T_10;
    .scope S_0x5908b59b74a0;
T_11 ;
    %vpi_call/w 3 47 "$dumpfile", "tb_jkff_rst.vcd" {0 0 0};
    %vpi_call/w 3 48 "$dumpvars", 32'sb00000000000000000000000000000000, S_0x5908b59b74a0 {0 0 0};
    %end;
    .thread T_11;
    .scope S_0x5908b59b74a0;
T_12 ;
    %delay 100, 0;
    %load/vec4 v0x5908b59dd9d0_0;
    %inv;
    %store/vec4 v0x5908b59dd9d0_0, 0, 1;
    %jmp T_12;
    .thread T_12;
    .scope S_0x5908b59b74a0;
T_13 ;
    %delay 100, 0;
    %load/vec4 v0x5908b59dda70_0;
    %inv;
    %store/vec4 v0x5908b59dda70_0, 0, 1;
    %jmp T_13;
    .thread T_13;
    .scope S_0x5908b59b74a0;
T_14 ;
    %fork TD_tb_jkff_rst.initialize, S_0x5908b59dc330;
    %join;
    %wait E_0x5908b599d260;
    %fork TD_tb_jkff_rst.force_release, S_0x5908b59dc150;
    %join;
    %end;
    .thread T_14;
    .scope S_0x5908b59b74a0;
T_15 ;
    %wait E_0x5908b599d000;
    %delay 50, 0;
    %load/vec4 v0x5908b59ddbb0_0;
    %nor/r;
    %flag_set/vec4 8;
    %jmp/0xz  T_15.0, 8;
    %fork TD_tb_jkff_rst.scan_file, S_0x5908b59dc6a0;
    %join;
T_15.0 ;
    %jmp T_15;
    .thread T_15;
    .scope S_0x5908b59b74a0;
T_16 ;
    %wait E_0x5908b599d260;
    %delay 50, 0;
    %fork TD_tb_jkff_rst.QEXP, S_0x5908b59b6ce0;
    %join;
    %fork TD_tb_jkff_rst.display_file, S_0x5908b59b12c0;
    %join;
    %fork TD_tb_jkff_rst.coverage_update, S_0x5908b59b5d60;
    %join;
    %fork TD_tb_jkff_rst.errors_check, S_0x5908b59dbfc0;
    %join;
    %fork TD_tb_jkff_rst.vectorcount, S_0x5908b59dc880;
    %join;
    %delay 10, 0;
    %load/vec4 v0x5908b59dd900_0;
    %store/vec4 v0x5908b59de9f0_0, 0, 1;
    %load/vec4 v0x5908b59dd5f0_0;
    %store/vec4 v0x5908b59de850_0, 0, 1;
    %load/vec4 v0x5908b59dd1d0_0;
    %store/vec4 v0x5908b59de1c0_0, 0, 1;
    %load/vec4 v0x5908b59dd310_0;
    %store/vec4 v0x5908b59de6b0_0, 0, 1;
    %load/vec4 v0x5908b59dd830_0;
    %store/vec4 v0x5908b59de920_0, 0, 1;
    %load/vec4 v0x5908b59dd520_0;
    %store/vec4 v0x5908b59de780_0, 0, 1;
    %load/vec4 v0x5908b59dd130_0;
    %store/vec4 v0x5908b59de0f0_0, 0, 1;
    %load/vec4 v0x5908b59dd270_0;
    %store/vec4 v0x5908b59de5e0_0, 0, 1;
    %load/vec4 v0x5908b59dcff0_0;
    %load/vec4 v0x5908b59dd090_0;
    %concat/vec4; draw_concat_vec4
    %store/vec4 v0x5908b59de010_0, 0, 2;
    %load/vec4 v0x5908b59dd6c0_0;
    %store/vec4 v0x5908b59de290_0, 0, 1;
    %load/vec4 v0x5908b59dd3b0_0;
    %store/vec4 v0x5908b59de540_0, 0, 1;
    %jmp T_16;
    .thread T_16;
    .scope S_0x5908b59b74a0;
T_17 ;
T_17.0 ;
    %load/vec4 v0x5908b59ddbb0_0;
    %cmpi/ne 1, 0, 1;
    %jmp/0xz T_17.1, 6;
    %wait E_0x5908b599c890;
    %jmp T_17.0;
T_17.1 ;
    %pushi/vec4 0, 0, 32;
    %store/vec4 v0x5908b59ddc50_0, 0, 32;
T_17.2 ;
    %load/vec4 v0x5908b59ddc50_0;
    %cmpi/s 10, 0, 32;
    %jmp/0xz T_17.3, 5;
    %load/vec4 v0x5908b59dcff0_0;
    %pad/u 32;
    %cmpi/e 1, 0, 32;
    %flag_get/vec4 4;
    %jmp/0 T_17.6, 4;
    %load/vec4 v0x5908b59dd090_0;
    %pad/u 32;
    %pushi/vec4 2, 0, 32;
    %cmp/e;
    %flag_get/vec4 4;
    %and;
T_17.6;
    %flag_set/vec4 8;
    %jmp/0xz  T_17.4, 8;
    %fork TD_tb_jkff_rst.vectorcount, S_0x5908b59dc880;
    %join;
    %fork TD_tb_jkff_rst.close, S_0x5908b59b6520;
    %join;
    %jmp T_17.5;
T_17.4 ;
    %fork TD_tb_jkff_rst.random_in, S_0x5908b59dc4c0;
    %join;
T_17.5 ;
    ; show_stmt_assign_vector: Get l-value for compressed += operand
    %load/vec4 v0x5908b59ddc50_0;
    %pushi/vec4 1, 0, 32;
    %add;
    %cast2;
    %store/vec4 v0x5908b59ddc50_0, 0, 32;
    %jmp T_17.2;
T_17.3 ;
    %fork TD_tb_jkff_rst.close, S_0x5908b59b6520;
    %join;
    %end;
    .thread T_17;
# The file index is used to find the file name in the following table.
:file_names 5;
    "N/A";
    "<interactive>";
    "-";
    "tb_jkff_rst.v";
    "jkff_rst.v";
